Java HotSpot(TM) 64-Bit Server VM (25.121-b13) for linux-amd64 JRE (1.8.0_121-b13), built on Dec 12 2016 16:36:53 by "java_re" with gcc 4.3.0 20080428 (Red Hat 4.3.0-8)
Memory: 4k page, physical 3991764k(520504k free), swap 1999868k(1999868k free)
CommandLine flags: -XX:CMSInitiatingOccupancyFraction=50 -XX:CMSMaxAbortablePrecleanTime=6000 -XX:+CMSParallelRemarkEnabled -XX:+CMSScavengeBeforeRemark -XX:ConcGCThreads=4 -XX:GCLogFileSize=20971520 -XX:InitialHeapSize=536870912 -XX:MaxHeapSize=536870912 -XX:MaxTenuringThreshold=8 -XX:NewRatio=3 -XX:NumberOfGCLogFiles=9 -XX:OldPLABSize=16 -XX:-OmitStackTraceInFastThrow -XX:OnOutOfMemoryError=/home/harbouj/mycode/project/solr2/bin/oom_solr.sh 8983 /home/harbouj/mycode/project/solr2/server/logs -XX:ParallelGCThreads=4 -XX:+ParallelRefProcEnabled -XX:PretenureSizeThreshold=67108864 -XX:+PrintGC -XX:+PrintGCApplicationStoppedTime -XX:+PrintGCDateStamps -XX:+PrintGCDetails -XX:+PrintGCTimeStamps -XX:+PrintHeapAtGC -XX:+PrintTenuringDistribution -XX:SurvivorRatio=4 -XX:TargetSurvivorRatio=90 -XX:ThreadStackSize=256 -XX:+UseCMSInitiatingOccupancyOnly -XX:+UseCompressedClassPointers -XX:+UseCompressedOops -XX:+UseConcMarkSweepGC -XX:+UseGCLogFileRotation -XX:+UseParNewGC 
2017-05-22T09:02:04.278+0000: 0.309: Total time for which application threads were stopped: 0.0001897 seconds, Stopping threads took: 0.0000354 seconds
2017-05-22T09:02:04.683+0000: 0.715: Total time for which application threads were stopped: 0.0001269 seconds, Stopping threads took: 0.0000250 seconds
2017-05-22T09:02:05.683+0000: 1.715: Total time for which application threads were stopped: 0.0001342 seconds, Stopping threads took: 0.0000426 seconds
2017-05-22T09:02:06.147+0000: 2.179: Total time for which application threads were stopped: 0.0001525 seconds, Stopping threads took: 0.0000145 seconds
2017-05-22T09:02:06.343+0000: 2.375: Total time for which application threads were stopped: 0.0001659 seconds, Stopping threads took: 0.0000132 seconds
2017-05-22T09:02:06.410+0000: 2.442: Total time for which application threads were stopped: 0.0001587 seconds, Stopping threads took: 0.0000193 seconds
2017-05-22T09:02:06.697+0000: 2.728: Total time for which application threads were stopped: 0.0002180 seconds, Stopping threads took: 0.0000193 seconds
2017-05-22T09:02:06.845+0000: 2.876: Total time for which application threads were stopped: 0.0003624 seconds, Stopping threads took: 0.0000296 seconds
2017-05-22T09:02:07.547+0000: 3.579: Total time for which application threads were stopped: 0.0002995 seconds, Stopping threads took: 0.0000370 seconds
2017-05-22T09:02:08.043+0000: 4.075: Total time for which application threads were stopped: 0.0002253 seconds, Stopping threads took: 0.0000192 seconds
2017-05-22T09:02:08.301+0000: 4.332: Total time for which application threads were stopped: 0.0005058 seconds, Stopping threads took: 0.0000407 seconds
2017-05-22T09:02:08.304+0000: 4.335: Total time for which application threads were stopped: 0.0003327 seconds, Stopping threads took: 0.0000175 seconds
2017-05-22T09:02:08.330+0000: 4.361: Total time for which application threads were stopped: 0.0004683 seconds, Stopping threads took: 0.0000345 seconds
2017-05-22T09:02:08.398+0000: 4.430: Total time for which application threads were stopped: 0.0005152 seconds, Stopping threads took: 0.0000492 seconds
2017-05-22T09:02:08.644+0000: 4.675: Total time for which application threads were stopped: 0.0001399 seconds, Stopping threads took: 0.0000182 seconds
2017-05-22T09:02:08.710+0000: 4.741: Total time for which application threads were stopped: 0.0002731 seconds, Stopping threads took: 0.0000457 seconds
2017-05-22T09:02:09.643+0000: 5.675: Total time for which application threads were stopped: 0.0006688 seconds, Stopping threads took: 0.0004764 seconds
2017-05-22T09:02:09.647+0000: 5.679: Total time for which application threads were stopped: 0.0002149 seconds, Stopping threads took: 0.0000787 seconds
2017-05-22T09:02:09.648+0000: 5.679: Total time for which application threads were stopped: 0.0001411 seconds, Stopping threads took: 0.0000434 seconds
2017-05-22T09:02:09.662+0000: 5.693: Total time for which application threads were stopped: 0.0001738 seconds, Stopping threads took: 0.0000328 seconds
2017-05-22T09:02:09.675+0000: 5.706: Total time for which application threads were stopped: 0.0001584 seconds, Stopping threads took: 0.0000364 seconds
2017-05-22T09:02:09.678+0000: 5.709: Total time for which application threads were stopped: 0.0001522 seconds, Stopping threads took: 0.0000214 seconds
2017-05-22T09:02:09.678+0000: 5.709: Total time for which application threads were stopped: 0.0001882 seconds, Stopping threads took: 0.0000977 seconds
2017-05-22T09:02:09.708+0000: 5.740: Total time for which application threads were stopped: 0.0002547 seconds, Stopping threads took: 0.0001249 seconds
2017-05-22T09:02:09.708+0000: 5.740: Total time for which application threads were stopped: 0.0001136 seconds, Stopping threads took: 0.0000583 seconds
2017-05-22T09:02:09.767+0000: 5.799: Total time for which application threads were stopped: 0.0004335 seconds, Stopping threads took: 0.0000385 seconds
2017-05-22T09:02:09.855+0000: 5.887: Total time for which application threads were stopped: 0.0001958 seconds, Stopping threads took: 0.0000643 seconds
2017-05-22T09:02:09.865+0000: 5.896: Total time for which application threads were stopped: 0.0009307 seconds, Stopping threads took: 0.0008345 seconds
2017-05-22T09:02:09.872+0000: 5.903: Total time for which application threads were stopped: 0.0023493 seconds, Stopping threads took: 0.0022443 seconds
2017-05-22T09:02:09.876+0000: 5.907: Total time for which application threads were stopped: 0.0001672 seconds, Stopping threads took: 0.0000599 seconds
2017-05-22T09:02:09.919+0000: 5.950: Total time for which application threads were stopped: 0.0002031 seconds, Stopping threads took: 0.0001001 seconds
2017-05-22T09:02:09.954+0000: 5.986: Total time for which application threads were stopped: 0.0002070 seconds, Stopping threads took: 0.0001088 seconds
2017-05-22T09:02:09.955+0000: 5.986: Total time for which application threads were stopped: 0.0000856 seconds, Stopping threads took: 0.0000242 seconds
{Heap before GC invocations=0 (full 0):
 par new generation   total 109248K, used 87424K [0x00000000e0000000, 0x00000000e8000000, 0x00000000e8000000)
  eden space 87424K, 100% used [0x00000000e0000000, 0x00000000e5560000, 0x00000000e5560000)
  from space 21824K,   0% used [0x00000000e5560000, 0x00000000e5560000, 0x00000000e6ab0000)
  to   space 21824K,   0% used [0x00000000e6ab0000, 0x00000000e6ab0000, 0x00000000e8000000)
 concurrent mark-sweep generation total 393216K, used 0K [0x00000000e8000000, 0x0000000100000000, 0x0000000100000000)
 Metaspace       used 19962K, capacity 20366K, committed 20736K, reserved 1067008K
  class space    used 2315K, capacity 2483K, committed 2560K, reserved 1048576K
2017-05-22T09:02:09.955+0000: 5.987: [GC (Allocation Failure) 2017-05-22T09:02:09.955+0000: 5.987: [ParNew
Desired survivor size 20112992 bytes, new threshold 8 (max 8)
- age   1:   13287256 bytes,   13287256 total
: 87424K->13095K(109248K), 0.0198442 secs] 87424K->13095K(502464K), 0.0199280 secs] [Times: user=0.08 sys=0.00, real=0.02 secs] 
Heap after GC invocations=1 (full 0):
 par new generation   total 109248K, used 13095K [0x00000000e0000000, 0x00000000e8000000, 0x00000000e8000000)
  eden space 87424K,   0% used [0x00000000e0000000, 0x00000000e0000000, 0x00000000e5560000)
  from space 21824K,  60% used [0x00000000e6ab0000, 0x00000000e7779c00, 0x00000000e8000000)
  to   space 21824K,   0% used [0x00000000e5560000, 0x00000000e5560000, 0x00000000e6ab0000)
 concurrent mark-sweep generation total 393216K, used 0K [0x00000000e8000000, 0x0000000100000000, 0x0000000100000000)
 Metaspace       used 19962K, capacity 20366K, committed 20736K, reserved 1067008K
  class space    used 2315K, capacity 2483K, committed 2560K, reserved 1048576K
}
2017-05-22T09:02:09.975+0000: 6.007: Total time for which application threads were stopped: 0.0201078 seconds, Stopping threads took: 0.0000480 seconds
2017-05-22T09:02:09.983+0000: 6.015: Total time for which application threads were stopped: 0.0001909 seconds, Stopping threads took: 0.0000458 seconds
2017-05-22T09:02:09.984+0000: 6.015: Total time for which application threads were stopped: 0.0000901 seconds, Stopping threads took: 0.0000269 seconds
2017-05-22T09:02:09.984+0000: 6.015: Total time for which application threads were stopped: 0.0000638 seconds, Stopping threads took: 0.0000135 seconds
2017-05-22T09:02:09.984+0000: 6.015: Total time for which application threads were stopped: 0.0000674 seconds, Stopping threads took: 0.0000199 seconds
2017-05-22T09:02:09.984+0000: 6.015: Total time for which application threads were stopped: 0.0000674 seconds, Stopping threads took: 0.0000204 seconds
2017-05-22T09:02:09.984+0000: 6.015: Total time for which application threads were stopped: 0.0000600 seconds, Stopping threads took: 0.0000174 seconds
2017-05-22T09:02:10.042+0000: 6.073: Total time for which application threads were stopped: 0.0001684 seconds, Stopping threads took: 0.0000450 seconds
2017-05-22T09:02:10.042+0000: 6.074: Total time for which application threads were stopped: 0.0001084 seconds, Stopping threads took: 0.0000396 seconds
2017-05-22T09:02:10.042+0000: 6.074: Total time for which application threads were stopped: 0.0000809 seconds, Stopping threads took: 0.0000263 seconds
2017-05-22T09:02:10.048+0000: 6.079: Total time for which application threads were stopped: 0.0022664 seconds, Stopping threads took: 0.0021547 seconds
2017-05-22T09:02:10.049+0000: 6.081: Total time for which application threads were stopped: 0.0013507 seconds, Stopping threads took: 0.0012564 seconds
2017-05-22T09:02:10.069+0000: 6.100: Total time for which application threads were stopped: 0.0001255 seconds, Stopping threads took: 0.0000173 seconds
2017-05-22T09:02:10.069+0000: 6.101: Total time for which application threads were stopped: 0.0000743 seconds, Stopping threads took: 0.0000147 seconds
2017-05-22T09:02:10.070+0000: 6.101: Total time for which application threads were stopped: 0.0000597 seconds, Stopping threads took: 0.0000143 seconds
2017-05-22T09:02:10.097+0000: 6.128: Total time for which application threads were stopped: 0.0001282 seconds, Stopping threads took: 0.0000244 seconds
2017-05-22T09:02:10.206+0000: 6.238: Total time for which application threads were stopped: 0.0002541 seconds, Stopping threads took: 0.0001486 seconds
2017-05-22T09:02:10.229+0000: 6.261: Total time for which application threads were stopped: 0.0001978 seconds, Stopping threads took: 0.0000308 seconds
2017-05-22T09:02:10.240+0000: 6.271: Total time for which application threads were stopped: 0.0001888 seconds, Stopping threads took: 0.0000402 seconds
2017-05-22T09:02:10.250+0000: 6.281: Total time for which application threads were stopped: 0.0001600 seconds, Stopping threads took: 0.0000294 seconds
2017-05-22T09:02:10.265+0000: 6.297: Total time for which application threads were stopped: 0.0001681 seconds, Stopping threads took: 0.0000261 seconds
2017-05-22T09:02:10.313+0000: 6.344: Total time for which application threads were stopped: 0.0002663 seconds, Stopping threads took: 0.0000652 seconds
2017-05-22T09:02:10.313+0000: 6.345: Total time for which application threads were stopped: 0.0001790 seconds, Stopping threads took: 0.0000503 seconds
2017-05-22T09:02:10.314+0000: 6.345: Total time for which application threads were stopped: 0.0003849 seconds, Stopping threads took: 0.0000239 seconds
2017-05-22T09:02:10.314+0000: 6.346: Total time for which application threads were stopped: 0.0001723 seconds, Stopping threads took: 0.0000343 seconds
2017-05-22T09:02:10.314+0000: 6.346: Total time for which application threads were stopped: 0.0001815 seconds, Stopping threads took: 0.0000759 seconds
2017-05-22T09:02:10.315+0000: 6.346: Total time for which application threads were stopped: 0.0003719 seconds, Stopping threads took: 0.0000372 seconds
2017-05-22T09:02:10.316+0000: 6.348: Total time for which application threads were stopped: 0.0002532 seconds, Stopping threads took: 0.0001565 seconds
2017-05-22T09:02:10.317+0000: 6.348: Total time for which application threads were stopped: 0.0002042 seconds, Stopping threads took: 0.0001195 seconds
2017-05-22T09:02:10.319+0000: 6.350: Total time for which application threads were stopped: 0.0001410 seconds, Stopping threads took: 0.0000295 seconds
2017-05-22T09:02:10.320+0000: 6.351: Total time for which application threads were stopped: 0.0001639 seconds, Stopping threads took: 0.0000207 seconds
2017-05-22T09:02:10.322+0000: 6.353: Total time for which application threads were stopped: 0.0002043 seconds, Stopping threads took: 0.0000558 seconds
2017-05-22T09:02:10.322+0000: 6.354: Total time for which application threads were stopped: 0.0001533 seconds, Stopping threads took: 0.0000426 seconds
2017-05-22T09:02:10.322+0000: 6.354: Total time for which application threads were stopped: 0.0001401 seconds, Stopping threads took: 0.0000167 seconds
2017-05-22T09:02:10.323+0000: 6.354: Total time for which application threads were stopped: 0.0001312 seconds, Stopping threads took: 0.0000300 seconds
2017-05-22T09:02:10.323+0000: 6.354: Total time for which application threads were stopped: 0.0001121 seconds, Stopping threads took: 0.0000168 seconds
2017-05-22T09:02:10.323+0000: 6.354: Total time for which application threads were stopped: 0.0001084 seconds, Stopping threads took: 0.0000142 seconds
2017-05-22T09:02:10.323+0000: 6.355: Total time for which application threads were stopped: 0.0001084 seconds, Stopping threads took: 0.0000151 seconds
2017-05-22T09:02:10.323+0000: 6.355: Total time for which application threads were stopped: 0.0001101 seconds, Stopping threads took: 0.0000156 seconds
2017-05-22T09:02:10.324+0000: 6.355: Total time for which application threads were stopped: 0.0001104 seconds, Stopping threads took: 0.0000151 seconds
2017-05-22T09:02:10.324+0000: 6.355: Total time for which application threads were stopped: 0.0001087 seconds, Stopping threads took: 0.0000153 seconds
2017-05-22T09:02:10.324+0000: 6.355: Total time for which application threads were stopped: 0.0001079 seconds, Stopping threads took: 0.0000139 seconds
2017-05-22T09:02:10.324+0000: 6.355: Total time for which application threads were stopped: 0.0001033 seconds, Stopping threads took: 0.0000137 seconds
2017-05-22T09:02:10.324+0000: 6.356: Total time for which application threads were stopped: 0.0001024 seconds, Stopping threads took: 0.0000140 seconds
2017-05-22T09:02:10.325+0000: 6.356: Total time for which application threads were stopped: 0.0001291 seconds, Stopping threads took: 0.0000190 seconds
2017-05-22T09:02:10.325+0000: 6.356: Total time for which application threads were stopped: 0.0001029 seconds, Stopping threads took: 0.0000139 seconds
2017-05-22T09:02:10.325+0000: 6.357: Total time for which application threads were stopped: 0.0001089 seconds, Stopping threads took: 0.0000140 seconds
2017-05-22T09:02:10.325+0000: 6.357: Total time for which application threads were stopped: 0.0001260 seconds, Stopping threads took: 0.0000132 seconds
2017-05-22T09:02:10.326+0000: 6.357: Total time for which application threads were stopped: 0.0001462 seconds, Stopping threads took: 0.0000333 seconds
2017-05-22T09:02:10.326+0000: 6.357: Total time for which application threads were stopped: 0.0001161 seconds, Stopping threads took: 0.0000266 seconds
2017-05-22T09:02:10.327+0000: 6.358: Total time for which application threads were stopped: 0.0006783 seconds, Stopping threads took: 0.0005761 seconds
2017-05-22T09:02:10.329+0000: 6.361: Total time for which application threads were stopped: 0.0001975 seconds, Stopping threads took: 0.0000358 seconds
2017-05-22T09:02:10.330+0000: 6.362: Total time for which application threads were stopped: 0.0001722 seconds, Stopping threads took: 0.0000461 seconds
2017-05-22T09:02:10.330+0000: 6.362: Total time for which application threads were stopped: 0.0001013 seconds, Stopping threads took: 0.0000142 seconds
2017-05-22T09:02:10.330+0000: 6.362: Total time for which application threads were stopped: 0.0000962 seconds, Stopping threads took: 0.0000128 seconds
2017-05-22T09:02:10.333+0000: 6.365: Total time for which application threads were stopped: 0.0001874 seconds, Stopping threads took: 0.0000482 seconds
2017-05-22T09:02:10.434+0000: 6.465: Total time for which application threads were stopped: 0.0002098 seconds, Stopping threads took: 0.0000770 seconds
2017-05-22T09:02:10.435+0000: 6.466: Total time for which application threads were stopped: 0.0004672 seconds, Stopping threads took: 0.0001060 seconds
2017-05-22T09:02:11.270+0000: 7.301: Total time for which application threads were stopped: 0.0001339 seconds, Stopping threads took: 0.0000265 seconds
2017-05-22T09:02:11.280+0000: 7.311: Total time for which application threads were stopped: 0.0001560 seconds, Stopping threads took: 0.0000524 seconds
2017-05-22T09:02:11.295+0000: 7.326: Total time for which application threads were stopped: 0.0001208 seconds, Stopping threads took: 0.0000193 seconds
2017-05-22T09:02:11.296+0000: 7.328: Total time for which application threads were stopped: 0.0001872 seconds, Stopping threads took: 0.0000895 seconds
2017-05-22T09:02:11.297+0000: 7.328: Total time for which application threads were stopped: 0.0000694 seconds, Stopping threads took: 0.0000119 seconds
2017-05-22T09:02:11.298+0000: 7.329: Total time for which application threads were stopped: 0.0002103 seconds, Stopping threads took: 0.0000189 seconds
2017-05-22T09:02:11.327+0000: 7.359: Total time for which application threads were stopped: 0.0002455 seconds, Stopping threads took: 0.0000497 seconds
2017-05-22T09:02:11.397+0000: 7.428: Total time for which application threads were stopped: 0.0002256 seconds, Stopping threads took: 0.0000383 seconds
2017-05-22T09:02:11.398+0000: 7.430: Total time for which application threads were stopped: 0.0001991 seconds, Stopping threads took: 0.0000814 seconds
2017-05-22T09:02:11.401+0000: 7.433: Total time for which application threads were stopped: 0.0001555 seconds, Stopping threads took: 0.0000231 seconds
2017-05-22T09:02:11.418+0000: 7.450: Total time for which application threads were stopped: 0.0001273 seconds, Stopping threads took: 0.0000473 seconds
2017-05-22T09:02:11.443+0000: 7.475: Total time for which application threads were stopped: 0.0001138 seconds, Stopping threads took: 0.0000457 seconds
2017-05-22T09:02:11.447+0000: 7.478: Total time for which application threads were stopped: 0.0001431 seconds, Stopping threads took: 0.0000511 seconds
2017-05-22T09:02:11.454+0000: 7.485: Total time for which application threads were stopped: 0.0006353 seconds, Stopping threads took: 0.0005643 seconds
2017-05-22T09:02:11.454+0000: 7.486: Total time for which application threads were stopped: 0.0001413 seconds, Stopping threads took: 0.0000551 seconds
2017-05-22T09:02:11.604+0000: 7.636: Total time for which application threads were stopped: 0.0002055 seconds, Stopping threads took: 0.0000405 seconds
2017-05-22T09:02:11.606+0000: 7.637: Total time for which application threads were stopped: 0.0001132 seconds, Stopping threads took: 0.0000260 seconds
2017-05-22T09:02:11.652+0000: 7.683: Total time for which application threads were stopped: 0.0001231 seconds, Stopping threads took: 0.0000249 seconds
2017-05-22T09:02:11.661+0000: 7.693: Total time for which application threads were stopped: 0.0003688 seconds, Stopping threads took: 0.0000270 seconds
2017-05-22T09:02:11.662+0000: 7.693: Total time for which application threads were stopped: 0.0001217 seconds, Stopping threads took: 0.0000406 seconds
{Heap before GC invocations=1 (full 0):
 par new generation   total 109248K, used 100519K [0x00000000e0000000, 0x00000000e8000000, 0x00000000e8000000)
  eden space 87424K, 100% used [0x00000000e0000000, 0x00000000e5560000, 0x00000000e5560000)
  from space 21824K,  60% used [0x00000000e6ab0000, 0x00000000e7779c00, 0x00000000e8000000)
  to   space 21824K,   0% used [0x00000000e5560000, 0x00000000e5560000, 0x00000000e6ab0000)
 concurrent mark-sweep generation total 393216K, used 0K [0x00000000e8000000, 0x0000000100000000, 0x0000000100000000)
 Metaspace       used 22858K, capacity 23278K, committed 23620K, reserved 1071104K
  class space    used 2709K, capacity 2881K, committed 2916K, reserved 1048576K
2017-05-22T09:02:11.709+0000: 7.741: [GC (Allocation Failure) 2017-05-22T09:02:11.709+0000: 7.741: [ParNew
Desired survivor size 20112992 bytes, new threshold 8 (max 8)
- age   1:    4084160 bytes,    4084160 total
- age   2:    6777096 bytes,   10861256 total
: 100519K->16858K(109248K), 0.0158521 secs] 100519K->16858K(502464K), 0.0159799 secs] [Times: user=0.05 sys=0.01, real=0.02 secs] 
Heap after GC invocations=2 (full 0):
 par new generation   total 109248K, used 16858K [0x00000000e0000000, 0x00000000e8000000, 0x00000000e8000000)
  eden space 87424K,   0% used [0x00000000e0000000, 0x00000000e0000000, 0x00000000e5560000)
  from space 21824K,  77% used [0x00000000e5560000, 0x00000000e65d6800, 0x00000000e6ab0000)
  to   space 21824K,   0% used [0x00000000e6ab0000, 0x00000000e6ab0000, 0x00000000e8000000)
 concurrent mark-sweep generation total 393216K, used 0K [0x00000000e8000000, 0x0000000100000000, 0x0000000100000000)
 Metaspace       used 22858K, capacity 23278K, committed 23620K, reserved 1071104K
  class space    used 2709K, capacity 2881K, committed 2916K, reserved 1048576K
}
2017-05-22T09:02:11.725+0000: 7.757: Total time for which application threads were stopped: 0.0161840 seconds, Stopping threads took: 0.0000289 seconds
2017-05-22T09:02:11.729+0000: 7.761: [GC (CMS Initial Mark) [1 CMS-initial-mark: 0K(393216K)] 21249K(502464K), 0.0058152 secs] [Times: user=0.02 sys=0.00, real=0.00 secs] 
2017-05-22T09:02:11.735+0000: 7.767: Total time for which application threads were stopped: 0.0060200 seconds, Stopping threads took: 0.0000624 seconds
2017-05-22T09:02:11.735+0000: 7.767: [CMS-concurrent-mark-start]
2017-05-22T09:02:11.736+0000: 7.767: Total time for which application threads were stopped: 0.0000817 seconds, Stopping threads took: 0.0000145 seconds
2017-05-22T09:02:11.736+0000: 7.767: Total time for which application threads were stopped: 0.0000490 seconds, Stopping threads took: 0.0000100 seconds
2017-05-22T09:02:11.736+0000: 7.767: Total time for which application threads were stopped: 0.0000471 seconds, Stopping threads took: 0.0000093 seconds
2017-05-22T09:02:11.737+0000: 7.768: [CMS-concurrent-mark: 0.000/0.002 secs] [Times: user=0.00 sys=0.00, real=0.00 secs] 
2017-05-22T09:02:11.737+0000: 7.768: [CMS-concurrent-preclean-start]
2017-05-22T09:02:11.738+0000: 7.770: [CMS-concurrent-preclean: 0.001/0.001 secs] [Times: user=0.01 sys=0.00, real=0.01 secs] 
2017-05-22T09:02:11.738+0000: 7.770: [CMS-concurrent-abortable-preclean-start]
2017-05-22T09:02:11.742+0000: 7.773: Total time for which application threads were stopped: 0.0003375 seconds, Stopping threads took: 0.0000415 seconds
2017-05-22T09:02:11.760+0000: 7.791: Total time for which application threads were stopped: 0.0028160 seconds, Stopping threads took: 0.0027104 seconds
2017-05-22T09:02:11.817+0000: 7.849: Total time for which application threads were stopped: 0.0001879 seconds, Stopping threads took: 0.0000440 seconds
2017-05-22T09:02:11.818+0000: 7.850: Total time for which application threads were stopped: 0.0004287 seconds, Stopping threads took: 0.0003714 seconds
2017-05-22T09:02:11.998+0000: 8.029: Total time for which application threads were stopped: 0.0001818 seconds, Stopping threads took: 0.0000421 seconds
2017-05-22T09:02:12.074+0000: 8.106: Total time for which application threads were stopped: 0.0001954 seconds, Stopping threads took: 0.0000569 seconds
2017-05-22T09:02:12.163+0000: 8.195: Total time for which application threads were stopped: 0.0001935 seconds, Stopping threads took: 0.0000734 seconds
2017-05-22T09:02:12.163+0000: 8.195: [CMS-concurrent-abortable-preclean: 0.233/0.425 secs] [Times: user=1.34 sys=0.01, real=0.42 secs] 
2017-05-22T09:02:12.164+0000: 8.195: [GC (CMS Final Remark) [YG occupancy: 88147 K (109248 K)]{Heap before GC invocations=2 (full 1):
 par new generation   total 109248K, used 88147K [0x00000000e0000000, 0x00000000e8000000, 0x00000000e8000000)
  eden space 87424K,  81% used [0x00000000e0000000, 0x00000000e459e6f8, 0x00000000e5560000)
  from space 21824K,  77% used [0x00000000e5560000, 0x00000000e65d6800, 0x00000000e6ab0000)
  to   space 21824K,   0% used [0x00000000e6ab0000, 0x00000000e6ab0000, 0x00000000e8000000)
 concurrent mark-sweep generation total 393216K, used 0K [0x00000000e8000000, 0x0000000100000000, 0x0000000100000000)
 Metaspace       used 23645K, capacity 24026K, committed 24208K, reserved 1071104K
  class space    used 2801K, capacity 2963K, committed 2992K, reserved 1048576K
2017-05-22T09:02:12.164+0000: 8.195: [GC (CMS Final Remark) 2017-05-22T09:02:12.164+0000: 8.195: [ParNew
Desired survivor size 20112992 bytes, new threshold 8 (max 8)
- age   1:    2742360 bytes,    2742360 total
- age   2:    1194360 bytes,    3936720 total
- age   3:    6781808 bytes,   10718528 total
: 88147K->11897K(109248K), 0.0127678 secs] 88147K->11897K(502464K), 0.0128509 secs] [Times: user=0.05 sys=0.00, real=0.01 secs] 
Heap after GC invocations=3 (full 1):
 par new generation   total 109248K, used 11897K [0x00000000e0000000, 0x00000000e8000000, 0x00000000e8000000)
  eden space 87424K,   0% used [0x00000000e0000000, 0x00000000e0000000, 0x00000000e5560000)
  from space 21824K,  54% used [0x00000000e6ab0000, 0x00000000e764e4c0, 0x00000000e8000000)
  to   space 21824K,   0% used [0x00000000e5560000, 0x00000000e5560000, 0x00000000e6ab0000)
 concurrent mark-sweep generation total 393216K, used 0K [0x00000000e8000000, 0x0000000100000000, 0x0000000100000000)
 Metaspace       used 23645K, capacity 24026K, committed 24208K, reserved 1071104K
  class space    used 2801K, capacity 2963K, committed 2992K, reserved 1048576K
}
2017-05-22T09:02:12.176+0000: 8.208: [Rescan (parallel) , 0.0056500 secs]2017-05-22T09:02:12.182+0000: 8.214: [weak refs processing, 0.0008175 secs]2017-05-22T09:02:12.183+0000: 8.214: [class unloading, 0.0035795 secs]2017-05-22T09:02:12.187+0000: 8.218: [scrub symbol table, 0.0033239 secs]2017-05-22T09:02:12.190+0000: 8.221: [scrub string table, 0.0004285 secs][1 CMS-remark: 0K(393216K)] 11897K(502464K), 0.0275203 secs] [Times: user=0.08 sys=0.00, real=0.03 secs] 
2017-05-22T09:02:12.191+0000: 8.223: Total time for which application threads were stopped: 0.0276605 seconds, Stopping threads took: 0.0000493 seconds
2017-05-22T09:02:12.191+0000: 8.223: [CMS-concurrent-sweep-start]
2017-05-22T09:02:12.191+0000: 8.223: [CMS-concurrent-sweep: 0.000/0.000 secs] [Times: user=0.00 sys=0.00, real=0.00 secs] 
2017-05-22T09:02:12.191+0000: 8.223: [CMS-concurrent-reset-start]
2017-05-22T09:02:12.194+0000: 8.225: [CMS-concurrent-reset: 0.003/0.003 secs] [Times: user=0.00 sys=0.01, real=0.00 secs] 
2017-05-22T09:02:12.194+0000: 8.226: Total time for which application threads were stopped: 0.0001487 seconds, Stopping threads took: 0.0000675 seconds
2017-05-22T09:02:12.195+0000: 8.226: Total time for which application threads were stopped: 0.0001220 seconds, Stopping threads took: 0.0000453 seconds
2017-05-22T09:02:12.195+0000: 8.227: Total time for which application threads were stopped: 0.0001350 seconds, Stopping threads took: 0.0000816 seconds
2017-05-22T09:02:12.233+0000: 8.265: Total time for which application threads were stopped: 0.0000918 seconds, Stopping threads took: 0.0000294 seconds
2017-05-22T09:02:12.234+0000: 8.265: Total time for which application threads were stopped: 0.0000439 seconds, Stopping threads took: 0.0000099 seconds
2017-05-22T09:02:12.234+0000: 8.265: Total time for which application threads were stopped: 0.0000362 seconds, Stopping threads took: 0.0000085 seconds
2017-05-22T09:02:12.236+0000: 8.267: Total time for which application threads were stopped: 0.0001638 seconds, Stopping threads took: 0.0000418 seconds
2017-05-22T09:02:12.238+0000: 8.269: Total time for which application threads were stopped: 0.0001048 seconds, Stopping threads took: 0.0000364 seconds
2017-05-22T09:02:12.238+0000: 8.269: Total time for which application threads were stopped: 0.0000624 seconds, Stopping threads took: 0.0000263 seconds
2017-05-22T09:02:12.238+0000: 8.269: Total time for which application threads were stopped: 0.0000548 seconds, Stopping threads took: 0.0000207 seconds
2017-05-22T09:02:12.238+0000: 8.270: Total time for which application threads were stopped: 0.0000625 seconds, Stopping threads took: 0.0000288 seconds
2017-05-22T09:02:12.238+0000: 8.270: Total time for which application threads were stopped: 0.0000783 seconds, Stopping threads took: 0.0000412 seconds
2017-05-22T09:02:12.239+0000: 8.270: Total time for which application threads were stopped: 0.0000644 seconds, Stopping threads took: 0.0000256 seconds
2017-05-22T09:02:12.241+0000: 8.273: Total time for which application threads were stopped: 0.0026476 seconds, Stopping threads took: 0.0025965 seconds
2017-05-22T09:02:12.241+0000: 8.273: Total time for which application threads were stopped: 0.0000457 seconds, Stopping threads took: 0.0000155 seconds
2017-05-22T09:02:12.243+0000: 8.274: Total time for which application threads were stopped: 0.0001332 seconds, Stopping threads took: 0.0000204 seconds
2017-05-22T09:02:12.246+0000: 8.277: Total time for which application threads were stopped: 0.0001043 seconds, Stopping threads took: 0.0000263 seconds
2017-05-22T09:02:12.269+0000: 8.301: Total time for which application threads were stopped: 0.0000808 seconds, Stopping threads took: 0.0000217 seconds
2017-05-22T09:02:12.269+0000: 8.301: Total time for which application threads were stopped: 0.0000396 seconds, Stopping threads took: 0.0000116 seconds
2017-05-22T09:02:12.269+0000: 8.301: Total time for which application threads were stopped: 0.0000676 seconds, Stopping threads took: 0.0000294 seconds
2017-05-22T09:02:12.297+0000: 8.328: Total time for which application threads were stopped: 0.0001974 seconds, Stopping threads took: 0.0000930 seconds
2017-05-22T09:02:12.306+0000: 8.337: Total time for which application threads were stopped: 0.0001740 seconds, Stopping threads took: 0.0000661 seconds
2017-05-22T09:02:12.312+0000: 8.344: Total time for which application threads were stopped: 0.0001712 seconds, Stopping threads took: 0.0000728 seconds
{Heap before GC invocations=3 (full 1):
 par new generation   total 109248K, used 99321K [0x00000000e0000000, 0x00000000e8000000, 0x00000000e8000000)
  eden space 87424K, 100% used [0x00000000e0000000, 0x00000000e5560000, 0x00000000e5560000)
  from space 21824K,  54% used [0x00000000e6ab0000, 0x00000000e764e4c0, 0x00000000e8000000)
  to   space 21824K,   0% used [0x00000000e5560000, 0x00000000e5560000, 0x00000000e6ab0000)
 concurrent mark-sweep generation total 393216K, used 0K [0x00000000e8000000, 0x0000000100000000, 0x0000000100000000)
 Metaspace       used 24118K, capacity 24486K, committed 24848K, reserved 1071104K
  class space    used 2877K, capacity 3029K, committed 3120K, reserved 1048576K
2017-05-22T09:02:12.353+0000: 8.385: [GC (Allocation Failure) 2017-05-22T09:02:12.353+0000: 8.385: [ParNew
Desired survivor size 20112992 bytes, new threshold 8 (max 8)
- age   1:     791608 bytes,     791608 total
- age   2:    2039384 bytes,    2830992 total
- age   3:    1158088 bytes,    3989080 total
- age   4:    6772696 bytes,   10761776 total
: 99321K->15809K(109248K), 0.0159885 secs] 99321K->15809K(502464K), 0.0160564 secs] [Times: user=0.05 sys=0.00, real=0.02 secs] 
Heap after GC invocations=4 (full 1):
 par new generation   total 109248K, used 15809K [0x00000000e0000000, 0x00000000e8000000, 0x00000000e8000000)
  eden space 87424K,   0% used [0x00000000e0000000, 0x00000000e0000000, 0x00000000e5560000)
  from space 21824K,  72% used [0x00000000e5560000, 0x00000000e64d0590, 0x00000000e6ab0000)
  to   space 21824K,   0% used [0x00000000e6ab0000, 0x00000000e6ab0000, 0x00000000e8000000)
 concurrent mark-sweep generation total 393216K, used 0K [0x00000000e8000000, 0x0000000100000000, 0x0000000100000000)
 Metaspace       used 24118K, capacity 24486K, committed 24848K, reserved 1071104K
  class space    used 2877K, capacity 3029K, committed 3120K, reserved 1048576K
}
2017-05-22T09:02:12.369+0000: 8.401: Total time for which application threads were stopped: 0.0167282 seconds, Stopping threads took: 0.0001085 seconds
{Heap before GC invocations=4 (full 1):
 par new generation   total 109248K, used 103233K [0x00000000e0000000, 0x00000000e8000000, 0x00000000e8000000)
  eden space 87424K, 100% used [0x00000000e0000000, 0x00000000e5560000, 0x00000000e5560000)
  from space 21824K,  72% used [0x00000000e5560000, 0x00000000e64d0590, 0x00000000e6ab0000)
  to   space 21824K,   0% used [0x00000000e6ab0000, 0x00000000e6ab0000, 0x00000000e8000000)
 concurrent mark-sweep generation total 393216K, used 0K [0x00000000e8000000, 0x0000000100000000, 0x0000000100000000)
 Metaspace       used 24276K, capacity 24670K, committed 24848K, reserved 1071104K
  class space    used 2897K, capacity 3065K, committed 3120K, reserved 1048576K
2017-05-22T09:02:12.465+0000: 8.496: [GC (Allocation Failure) 2017-05-22T09:02:12.465+0000: 8.496: [ParNew
Desired survivor size 20112992 bytes, new threshold 8 (max 8)
- age   1:     645920 bytes,     645920 total
- age   2:     259696 bytes,     905616 total
- age   3:    2039096 bytes,    2944712 total
- age   4:    1157720 bytes,    4102432 total
- age   5:    6772688 bytes,   10875120 total
: 103233K->13436K(109248K), 0.0118644 secs] 103233K->13436K(502464K), 0.0119693 secs] [Times: user=0.04 sys=0.00, real=0.01 secs] 
Heap after GC invocations=5 (full 1):
 par new generation   total 109248K, used 13436K [0x00000000e0000000, 0x00000000e8000000, 0x00000000e8000000)
  eden space 87424K,   0% used [0x00000000e0000000, 0x00000000e0000000, 0x00000000e5560000)
  from space 21824K,  61% used [0x00000000e6ab0000, 0x00000000e77cf048, 0x00000000e8000000)
  to   space 21824K,   0% used [0x00000000e5560000, 0x00000000e5560000, 0x00000000e6ab0000)
 concurrent mark-sweep generation total 393216K, used 0K [0x00000000e8000000, 0x0000000100000000, 0x0000000100000000)
 Metaspace       used 24276K, capacity 24670K, committed 24848K, reserved 1071104K
  class space    used 2897K, capacity 3065K, committed 3120K, reserved 1048576K
}
2017-05-22T09:02:12.477+0000: 8.508: Total time for which application threads were stopped: 0.0122893 seconds, Stopping threads took: 0.0001246 seconds
{Heap before GC invocations=5 (full 1):
 par new generation   total 109248K, used 100860K [0x00000000e0000000, 0x00000000e8000000, 0x00000000e8000000)
  eden space 87424K, 100% used [0x00000000e0000000, 0x00000000e5560000, 0x00000000e5560000)
  from space 21824K,  61% used [0x00000000e6ab0000, 0x00000000e77cf048, 0x00000000e8000000)
  to   space 21824K,   0% used [0x00000000e5560000, 0x00000000e5560000, 0x00000000e6ab0000)
 concurrent mark-sweep generation total 393216K, used 0K [0x00000000e8000000, 0x0000000100000000, 0x0000000100000000)
 Metaspace       used 24343K, capacity 24740K, committed 25104K, reserved 1071104K
  class space    used 2906K, capacity 3066K, committed 3120K, reserved 1048576K
2017-05-22T09:02:12.548+0000: 8.580: [GC (Allocation Failure) 2017-05-22T09:02:12.548+0000: 8.580: [ParNew
Desired survivor size 20112992 bytes, new threshold 8 (max 8)
- age   1:    1105464 bytes,    1105464 total
- age   2:     132248 bytes,    1237712 total
- age   3:     259360 bytes,    1497072 total
- age   4:    2038960 bytes,    3536032 total
- age   5:    1157448 bytes,    4693480 total
- age   6:    6772560 bytes,   11466040 total
: 100860K->13779K(109248K), 0.0162811 secs] 100860K->13779K(502464K), 0.0163651 secs] [Times: user=0.06 sys=0.00, real=0.01 secs] 
Heap after GC invocations=6 (full 1):
 par new generation   total 109248K, used 13779K [0x00000000e0000000, 0x00000000e8000000, 0x00000000e8000000)
  eden space 87424K,   0% used [0x00000000e0000000, 0x00000000e0000000, 0x00000000e5560000)
  from space 21824K,  63% used [0x00000000e5560000, 0x00000000e62d4f30, 0x00000000e6ab0000)
  to   space 21824K,   0% used [0x00000000e6ab0000, 0x00000000e6ab0000, 0x00000000e8000000)
 concurrent mark-sweep generation total 393216K, used 0K [0x00000000e8000000, 0x0000000100000000, 0x0000000100000000)
 Metaspace       used 24343K, capacity 24740K, committed 25104K, reserved 1071104K
  class space    used 2906K, capacity 3066K, committed 3120K, reserved 1048576K
}
2017-05-22T09:02:12.565+0000: 8.596: Total time for which application threads were stopped: 0.0166236 seconds, Stopping threads took: 0.0000761 seconds
{Heap before GC invocations=6 (full 1):
 par new generation   total 109248K, used 101203K [0x00000000e0000000, 0x00000000e8000000, 0x00000000e8000000)
  eden space 87424K, 100% used [0x00000000e0000000, 0x00000000e5560000, 0x00000000e5560000)
  from space 21824K,  63% used [0x00000000e5560000, 0x00000000e62d4f30, 0x00000000e6ab0000)
  to   space 21824K,   0% used [0x00000000e6ab0000, 0x00000000e6ab0000, 0x00000000e8000000)
 concurrent mark-sweep generation total 393216K, used 0K [0x00000000e8000000, 0x0000000100000000, 0x0000000100000000)
 Metaspace       used 24499K, capacity 24964K, committed 25104K, reserved 1071104K
  class space    used 2924K, capacity 3098K, committed 3120K, reserved 1048576K
2017-05-22T09:02:12.669+0000: 8.701: [GC (Allocation Failure) 2017-05-22T09:02:12.669+0000: 8.701: [ParNew
Desired survivor size 20112992 bytes, new threshold 8 (max 8)
- age   1:     683656 bytes,     683656 total
- age   2:     138504 bytes,     822160 total
- age   3:     132032 bytes,     954192 total
- age   4:     259088 bytes,    1213280 total
- age   5:    2038528 bytes,    3251808 total
- age   6:    1157096 bytes,    4408904 total
- age   7:    6773152 bytes,   11182056 total
: 101203K->18715K(109248K), 0.0121542 secs] 101203K->18715K(502464K), 0.0122539 secs] [Times: user=0.04 sys=0.01, real=0.01 secs] 
Heap after GC invocations=7 (full 1):
 par new generation   total 109248K, used 18715K [0x00000000e0000000, 0x00000000e8000000, 0x00000000e8000000)
  eden space 87424K,   0% used [0x00000000e0000000, 0x00000000e0000000, 0x00000000e5560000)
  from space 21824K,  85% used [0x00000000e6ab0000, 0x00000000e7cf6e60, 0x00000000e8000000)
  to   space 21824K,   0% used [0x00000000e5560000, 0x00000000e5560000, 0x00000000e6ab0000)
 concurrent mark-sweep generation total 393216K, used 0K [0x00000000e8000000, 0x0000000100000000, 0x0000000100000000)
 Metaspace       used 24499K, capacity 24964K, committed 25104K, reserved 1071104K
  class space    used 2924K, capacity 3098K, committed 3120K, reserved 1048576K
}
2017-05-22T09:02:12.682+0000: 8.713: Total time for which application threads were stopped: 0.0154128 seconds, Stopping threads took: 0.0029862 seconds
2017-05-22T09:02:12.722+0000: 8.753: Total time for which application threads were stopped: 0.0001250 seconds, Stopping threads took: 0.0000307 seconds
2017-05-22T09:02:12.722+0000: 8.754: Total time for which application threads were stopped: 0.0000972 seconds, Stopping threads took: 0.0000154 seconds
2017-05-22T09:02:12.864+0000: 8.896: Total time for which application threads were stopped: 0.0001561 seconds, Stopping threads took: 0.0000307 seconds
2017-05-22T09:02:12.987+0000: 9.019: Total time for which application threads were stopped: 0.0009023 seconds, Stopping threads took: 0.0000387 seconds
2017-05-22T09:02:12.997+0000: 9.028: Total time for which application threads were stopped: 0.0000979 seconds, Stopping threads took: 0.0000250 seconds
2017-05-22T09:02:13.007+0000: 9.039: Total time for which application threads were stopped: 0.0001482 seconds, Stopping threads took: 0.0000543 seconds
2017-05-22T09:02:13.008+0000: 9.040: Total time for which application threads were stopped: 0.0001145 seconds, Stopping threads took: 0.0000316 seconds
2017-05-22T09:02:13.016+0000: 9.047: Total time for which application threads were stopped: 0.0001374 seconds, Stopping threads took: 0.0000268 seconds
2017-05-22T09:02:13.016+0000: 9.047: Total time for which application threads were stopped: 0.0000573 seconds, Stopping threads took: 0.0000123 seconds
2017-05-22T09:02:13.028+0000: 9.059: Total time for which application threads were stopped: 0.0000898 seconds, Stopping threads took: 0.0000222 seconds
2017-05-22T09:02:13.108+0000: 9.139: Total time for which application threads were stopped: 0.0005358 seconds, Stopping threads took: 0.0000543 seconds
2017-05-22T09:02:13.497+0000: 9.529: Total time for which application threads were stopped: 0.0040970 seconds, Stopping threads took: 0.0039553 seconds
2017-05-22T09:02:13.499+0000: 9.530: Total time for which application threads were stopped: 0.0003479 seconds, Stopping threads took: 0.0000222 seconds
2017-05-22T09:02:13.500+0000: 9.531: Total time for which application threads were stopped: 0.0000807 seconds, Stopping threads took: 0.0000446 seconds
2017-05-22T09:02:13.500+0000: 9.531: Total time for which application threads were stopped: 0.0000888 seconds, Stopping threads took: 0.0000481 seconds
2017-05-22T09:02:13.536+0000: 9.567: Total time for which application threads were stopped: 0.0001082 seconds, Stopping threads took: 0.0000335 seconds
2017-05-22T09:02:13.537+0000: 9.568: Total time for which application threads were stopped: 0.0000667 seconds, Stopping threads took: 0.0000140 seconds
2017-05-22T09:02:13.537+0000: 9.568: Total time for which application threads were stopped: 0.0000595 seconds, Stopping threads took: 0.0000196 seconds
2017-05-22T09:02:13.537+0000: 9.568: Total time for which application threads were stopped: 0.0000472 seconds, Stopping threads took: 0.0000146 seconds
2017-05-22T09:02:13.537+0000: 9.568: Total time for which application threads were stopped: 0.0000457 seconds, Stopping threads took: 0.0000152 seconds
2017-05-22T09:02:13.537+0000: 9.568: Total time for which application threads were stopped: 0.0000434 seconds, Stopping threads took: 0.0000094 seconds
2017-05-22T09:02:13.538+0000: 9.570: Total time for which application threads were stopped: 0.0001085 seconds, Stopping threads took: 0.0000421 seconds
2017-05-22T09:02:13.538+0000: 9.570: Total time for which application threads were stopped: 0.0000705 seconds, Stopping threads took: 0.0000247 seconds
{Heap before GC invocations=7 (full 1):
 par new generation   total 109248K, used 106139K [0x00000000e0000000, 0x00000000e8000000, 0x00000000e8000000)
  eden space 87424K, 100% used [0x00000000e0000000, 0x00000000e5560000, 0x00000000e5560000)
  from space 21824K,  85% used [0x00000000e6ab0000, 0x00000000e7cf6e60, 0x00000000e8000000)
  to   space 21824K,   0% used [0x00000000e5560000, 0x00000000e5560000, 0x00000000e6ab0000)
 concurrent mark-sweep generation total 393216K, used 0K [0x00000000e8000000, 0x0000000100000000, 0x0000000100000000)
 Metaspace       used 26748K, capacity 27234K, committed 27408K, reserved 1073152K
  class space    used 3181K, capacity 3363K, committed 3376K, reserved 1048576K
2017-05-22T09:02:13.564+0000: 9.596: [GC (Allocation Failure) 2017-05-22T09:02:13.564+0000: 9.596: [ParNew
Desired survivor size 20112992 bytes, new threshold 8 (max 8)
- age   1:    3667560 bytes,    3667560 total
- age   2:     102272 bytes,    3769832 total
- age   3:     111104 bytes,    3880936 total
- age   4:     130792 bytes,    4011728 total
- age   5:     249960 bytes,    4261688 total
- age   6:     363360 bytes,    4625048 total
- age   7:    1132344 bytes,    5757392 total
- age   8:    6767392 bytes,   12524784 total
: 106139K->14859K(109248K), 0.0137431 secs] 106139K->14859K(502464K), 0.0138227 secs] [Times: user=0.04 sys=0.00, real=0.02 secs] 
Heap after GC invocations=8 (full 1):
 par new generation   total 109248K, used 14859K [0x00000000e0000000, 0x00000000e8000000, 0x00000000e8000000)
  eden space 87424K,   0% used [0x00000000e0000000, 0x00000000e0000000, 0x00000000e5560000)
  from space 21824K,  68% used [0x00000000e5560000, 0x00000000e63e2e28, 0x00000000e6ab0000)
  to   space 21824K,   0% used [0x00000000e6ab0000, 0x00000000e6ab0000, 0x00000000e8000000)
 concurrent mark-sweep generation total 393216K, used 0K [0x00000000e8000000, 0x0000000100000000, 0x0000000100000000)
 Metaspace       used 26748K, capacity 27234K, committed 27408K, reserved 1073152K
  class space    used 3181K, capacity 3363K, committed 3376K, reserved 1048576K
}
2017-05-22T09:02:13.578+0000: 9.610: Total time for which application threads were stopped: 0.0140448 seconds, Stopping threads took: 0.0000617 seconds
2017-05-22T09:02:13.586+0000: 9.617: Total time for which application threads were stopped: 0.0004105 seconds, Stopping threads took: 0.0000399 seconds
2017-05-22T09:02:13.650+0000: 9.681: Total time for which application threads were stopped: 0.0004107 seconds, Stopping threads took: 0.0000247 seconds
2017-05-22T09:02:13.652+0000: 9.683: Total time for which application threads were stopped: 0.0000936 seconds, Stopping threads took: 0.0000310 seconds
2017-05-22T09:02:13.660+0000: 9.691: Total time for which application threads were stopped: 0.0001936 seconds, Stopping threads took: 0.0000395 seconds
2017-05-22T09:02:13.664+0000: 9.696: Total time for which application threads were stopped: 0.0000911 seconds, Stopping threads took: 0.0000237 seconds
2017-05-22T09:02:13.870+0000: 9.902: Total time for which application threads were stopped: 0.0000951 seconds, Stopping threads took: 0.0000184 seconds
2017-05-22T09:02:13.870+0000: 9.902: Total time for which application threads were stopped: 0.0000763 seconds, Stopping threads took: 0.0000188 seconds
2017-05-22T09:02:13.957+0000: 9.988: Total time for which application threads were stopped: 0.0002043 seconds, Stopping threads took: 0.0000728 seconds
2017-05-22T09:02:14.023+0000: 10.054: Total time for which application threads were stopped: 0.0001859 seconds, Stopping threads took: 0.0000551 seconds
2017-05-22T09:02:14.115+0000: 10.146: Total time for which application threads were stopped: 0.0001650 seconds, Stopping threads took: 0.0000552 seconds
2017-05-22T09:02:14.116+0000: 10.148: Total time for which application threads were stopped: 0.0001695 seconds, Stopping threads took: 0.0000376 seconds
2017-05-22T09:02:14.166+0000: 10.197: Total time for which application threads were stopped: 0.0001356 seconds, Stopping threads took: 0.0000405 seconds
2017-05-22T09:02:14.181+0000: 10.213: Total time for which application threads were stopped: 0.0046394 seconds, Stopping threads took: 0.0045284 seconds
2017-05-22T09:02:14.182+0000: 10.213: Total time for which application threads were stopped: 0.0001216 seconds, Stopping threads took: 0.0000508 seconds
2017-05-22T09:02:14.252+0000: 10.283: Total time for which application threads were stopped: 0.0001211 seconds, Stopping threads took: 0.0000430 seconds
2017-05-22T09:02:14.276+0000: 10.308: Total time for which application threads were stopped: 0.0001873 seconds, Stopping threads took: 0.0000716 seconds
{Heap before GC invocations=8 (full 1):
 par new generation   total 109248K, used 102283K [0x00000000e0000000, 0x00000000e8000000, 0x00000000e8000000)
  eden space 87424K, 100% used [0x00000000e0000000, 0x00000000e5560000, 0x00000000e5560000)
  from space 21824K,  68% used [0x00000000e5560000, 0x00000000e63e2e28, 0x00000000e6ab0000)
  to   space 21824K,   0% used [0x00000000e6ab0000, 0x00000000e6ab0000, 0x00000000e8000000)
 concurrent mark-sweep generation total 393216K, used 0K [0x00000000e8000000, 0x0000000100000000, 0x0000000100000000)
 Metaspace       used 29139K, capacity 29566K, committed 29840K, reserved 1075200K
  class space    used 3497K, capacity 3671K, committed 3760K, reserved 1048576K
2017-05-22T09:02:14.332+0000: 10.364: [GC (Allocation Failure) 2017-05-22T09:02:14.332+0000: 10.364: [ParNew
Desired survivor size 20112992 bytes, new threshold 8 (max 8)
- age   1:    3637416 bytes,    3637416 total
- age   2:    2025344 bytes,    5662760 total
- age   3:     102272 bytes,    5765032 total
- age   4:     110448 bytes,    5875480 total
- age   5:     130632 bytes,    6006112 total
- age   6:     241968 bytes,    6248080 total
- age   7:     358504 bytes,    6606584 total
- age   8:    1125960 bytes,    7732544 total
: 102283K->13155K(109248K), 0.0542608 secs] 102283K->20421K(502464K), 0.0543687 secs] [Times: user=0.18 sys=0.00, real=0.06 secs] 
Heap after GC invocations=9 (full 1):
 par new generation   total 109248K, used 13155K [0x00000000e0000000, 0x00000000e8000000, 0x00000000e8000000)
  eden space 87424K,   0% used [0x00000000e0000000, 0x00000000e0000000, 0x00000000e5560000)
  from space 21824K,  60% used [0x00000000e6ab0000, 0x00000000e7788d68, 0x00000000e8000000)
  to   space 21824K,   0% used [0x00000000e5560000, 0x00000000e5560000, 0x00000000e6ab0000)
 concurrent mark-sweep generation total 393216K, used 7266K [0x00000000e8000000, 0x0000000100000000, 0x0000000100000000)
 Metaspace       used 29139K, capacity 29566K, committed 29840K, reserved 1075200K
  class space    used 3497K, capacity 3671K, committed 3760K, reserved 1048576K
}
2017-05-22T09:02:14.387+0000: 10.418: Total time for which application threads were stopped: 0.0546241 seconds, Stopping threads took: 0.0000678 seconds
2017-05-22T09:02:14.394+0000: 10.425: Total time for which application threads were stopped: 0.0002120 seconds, Stopping threads took: 0.0000626 seconds
2017-05-22T09:02:14.437+0000: 10.468: Total time for which application threads were stopped: 0.0001423 seconds, Stopping threads took: 0.0000551 seconds
2017-05-22T09:02:14.437+0000: 10.468: Total time for which application threads were stopped: 0.0000654 seconds, Stopping threads took: 0.0000253 seconds
2017-05-22T09:02:14.473+0000: 10.505: Total time for which application threads were stopped: 0.0038715 seconds, Stopping threads took: 0.0037399 seconds
2017-05-22T09:02:14.477+0000: 10.509: Total time for which application threads were stopped: 0.0004544 seconds, Stopping threads took: 0.0003396 seconds
2017-05-22T09:02:14.480+0000: 10.511: Total time for which application threads were stopped: 0.0001566 seconds, Stopping threads took: 0.0000707 seconds
2017-05-22T09:02:14.481+0000: 10.513: Total time for which application threads were stopped: 0.0001263 seconds, Stopping threads took: 0.0000490 seconds
2017-05-22T09:02:14.489+0000: 10.521: Total time for which application threads were stopped: 0.0030144 seconds, Stopping threads took: 0.0029121 seconds
2017-05-22T09:02:14.624+0000: 10.655: Total time for which application threads were stopped: 0.0006198 seconds, Stopping threads took: 0.0000450 seconds
2017-05-22T09:02:14.636+0000: 10.667: Total time for which application threads were stopped: 0.0002136 seconds, Stopping threads took: 0.0000311 seconds
2017-05-22T09:02:14.638+0000: 10.669: Total time for which application threads were stopped: 0.0002447 seconds, Stopping threads took: 0.0000443 seconds
2017-05-22T09:02:14.698+0000: 10.729: Total time for which application threads were stopped: 0.0026043 seconds, Stopping threads took: 0.0020579 seconds
2017-05-22T09:02:14.701+0000: 10.733: Total time for which application threads were stopped: 0.0002678 seconds, Stopping threads took: 0.0001326 seconds
2017-05-22T09:02:14.820+0000: 10.851: Total time for which application threads were stopped: 0.0266107 seconds, Stopping threads took: 0.0260602 seconds
2017-05-22T09:02:14.937+0000: 10.969: Total time for which application threads were stopped: 0.0035574 seconds, Stopping threads took: 0.0028910 seconds
2017-05-22T09:02:15.156+0000: 11.188: Total time for which application threads were stopped: 0.0007213 seconds, Stopping threads took: 0.0000814 seconds
2017-05-22T09:02:15.190+0000: 11.222: Total time for which application threads were stopped: 0.0159772 seconds, Stopping threads took: 0.0158627 seconds
2017-05-22T09:02:15.227+0000: 11.258: Total time for which application threads were stopped: 0.0314203 seconds, Stopping threads took: 0.0311914 seconds
2017-05-22T09:02:15.292+0000: 11.323: Total time for which application threads were stopped: 0.0154169 seconds, Stopping threads took: 0.0153245 seconds
2017-05-22T09:02:15.292+0000: 11.324: Total time for which application threads were stopped: 0.0001997 seconds, Stopping threads took: 0.0000177 seconds
2017-05-22T09:02:15.295+0000: 11.326: Total time for which application threads were stopped: 0.0001190 seconds, Stopping threads took: 0.0000225 seconds
2017-05-22T09:02:15.347+0000: 11.378: Total time for which application threads were stopped: 0.0195769 seconds, Stopping threads took: 0.0194156 seconds
2017-05-22T09:02:15.396+0000: 11.427: Total time for which application threads were stopped: 0.0219249 seconds, Stopping threads took: 0.0218152 seconds
2017-05-22T09:02:15.469+0000: 11.500: Total time for which application threads were stopped: 0.0049734 seconds, Stopping threads took: 0.0048221 seconds
2017-05-22T09:02:15.470+0000: 11.502: Total time for which application threads were stopped: 0.0001715 seconds, Stopping threads took: 0.0000721 seconds
2017-05-22T09:02:15.471+0000: 11.503: Total time for which application threads were stopped: 0.0001397 seconds, Stopping threads took: 0.0000506 seconds
2017-05-22T09:02:15.472+0000: 11.503: Total time for which application threads were stopped: 0.0001311 seconds, Stopping threads took: 0.0000379 seconds
2017-05-22T09:02:15.522+0000: 11.553: Total time for which application threads were stopped: 0.0236136 seconds, Stopping threads took: 0.0234698 seconds
2017-05-22T09:02:15.544+0000: 11.575: Total time for which application threads were stopped: 0.0047972 seconds, Stopping threads took: 0.0046812 seconds
2017-05-22T09:02:15.545+0000: 11.576: Total time for which application threads were stopped: 0.0001724 seconds, Stopping threads took: 0.0000977 seconds
2017-05-22T09:02:15.547+0000: 11.578: Total time for which application threads were stopped: 0.0002083 seconds, Stopping threads took: 0.0001061 seconds
2017-05-22T09:02:15.564+0000: 11.595: Total time for which application threads were stopped: 0.0031979 seconds, Stopping threads took: 0.0030924 seconds
{Heap before GC invocations=9 (full 1):
 par new generation   total 109248K, used 100579K [0x00000000e0000000, 0x00000000e8000000, 0x00000000e8000000)
  eden space 87424K, 100% used [0x00000000e0000000, 0x00000000e5560000, 0x00000000e5560000)
  from space 21824K,  60% used [0x00000000e6ab0000, 0x00000000e7788d68, 0x00000000e8000000)
  to   space 21824K,   0% used [0x00000000e5560000, 0x00000000e5560000, 0x00000000e6ab0000)
 concurrent mark-sweep generation total 393216K, used 7266K [0x00000000e8000000, 0x0000000100000000, 0x0000000100000000)
 Metaspace       used 31566K, capacity 32134K, committed 32400K, reserved 1077248K
  class space    used 3766K, capacity 3981K, committed 4016K, reserved 1048576K
2017-05-22T09:02:15.588+0000: 11.620: [GC (Allocation Failure) 2017-05-22T09:02:15.588+0000: 11.620: [ParNew
Desired survivor size 20112992 bytes, new threshold 8 (max 8)
- age   1:   11387392 bytes,   11387392 total
- age   2:    1416848 bytes,   12804240 total
- age   3:    1995584 bytes,   14799824 total
- age   4:     101952 bytes,   14901776 total
- age   5:     110192 bytes,   15011968 total
- age   6:     130312 bytes,   15142280 total
- age   7:     241072 bytes,   15383352 total
- age   8:     356888 bytes,   15740240 total
: 100579K->18075K(109248K), 0.0195880 secs] 107845K->26446K(502464K), 0.0196909 secs] [Times: user=0.07 sys=0.00, real=0.02 secs] 
Heap after GC invocations=10 (full 1):
 par new generation   total 109248K, used 18075K [0x00000000e0000000, 0x00000000e8000000, 0x00000000e8000000)
  eden space 87424K,   0% used [0x00000000e0000000, 0x00000000e0000000, 0x00000000e5560000)
  from space 21824K,  82% used [0x00000000e5560000, 0x00000000e6706e80, 0x00000000e6ab0000)
  to   space 21824K,   0% used [0x00000000e6ab0000, 0x00000000e6ab0000, 0x00000000e8000000)
 concurrent mark-sweep generation total 393216K, used 8370K [0x00000000e8000000, 0x0000000100000000, 0x0000000100000000)
 Metaspace       used 31566K, capacity 32134K, committed 32400K, reserved 1077248K
  class space    used 3766K, capacity 3981K, committed 4016K, reserved 1048576K
}
2017-05-22T09:02:15.608+0000: 11.640: Total time for which application threads were stopped: 0.0291008 seconds, Stopping threads took: 0.0091957 seconds
2017-05-22T09:02:15.615+0000: 11.646: Total time for which application threads were stopped: 0.0008193 seconds, Stopping threads took: 0.0006667 seconds
2017-05-22T09:02:15.615+0000: 11.647: Total time for which application threads were stopped: 0.0001079 seconds, Stopping threads took: 0.0000392 seconds
2017-05-22T09:02:15.615+0000: 11.647: Total time for which application threads were stopped: 0.0001625 seconds, Stopping threads took: 0.0000996 seconds
2017-05-22T09:02:15.641+0000: 11.673: Total time for which application threads were stopped: 0.0040873 seconds, Stopping threads took: 0.0039894 seconds
2017-05-22T09:02:15.643+0000: 11.675: Total time for which application threads were stopped: 0.0001537 seconds, Stopping threads took: 0.0000717 seconds
2017-05-22T09:02:15.676+0000: 11.708: Total time for which application threads were stopped: 0.0001998 seconds, Stopping threads took: 0.0000833 seconds
2017-05-22T09:02:15.677+0000: 11.709: Total time for which application threads were stopped: 0.0010020 seconds, Stopping threads took: 0.0009347 seconds
2017-05-22T09:02:15.679+0000: 11.711: Total time for which application threads were stopped: 0.0001878 seconds, Stopping threads took: 0.0000694 seconds
2017-05-22T09:02:15.680+0000: 11.712: Total time for which application threads were stopped: 0.0002010 seconds, Stopping threads took: 0.0000846 seconds
{Heap before GC invocations=10 (full 1):
 par new generation   total 109248K, used 105499K [0x00000000e0000000, 0x00000000e8000000, 0x00000000e8000000)
  eden space 87424K, 100% used [0x00000000e0000000, 0x00000000e5560000, 0x00000000e5560000)
  from space 21824K,  82% used [0x00000000e5560000, 0x00000000e6706e80, 0x00000000e6ab0000)
  to   space 21824K,   0% used [0x00000000e6ab0000, 0x00000000e6ab0000, 0x00000000e8000000)
 concurrent mark-sweep generation total 393216K, used 8370K [0x00000000e8000000, 0x0000000100000000, 0x0000000100000000)
 Metaspace       used 31609K, capacity 32156K, committed 32400K, reserved 1077248K
  class space    used 3768K, capacity 3984K, committed 4016K, reserved 1048576K
2017-05-22T09:02:15.723+0000: 11.754: [GC (Allocation Failure) 2017-05-22T09:02:15.723+0000: 11.754: [ParNew
Desired survivor size 20112992 bytes, new threshold 8 (max 8)
- age   1:    2322104 bytes,    2322104 total
- age   2:    9019248 bytes,   11341352 total
- age   3:    1414496 bytes,   12755848 total
- age   4:    1994096 bytes,   14749944 total
- age   5:     101952 bytes,   14851896 total
- age   6:     110192 bytes,   14962088 total
- age   7:     130104 bytes,   15092192 total
- age   8:     240968 bytes,   15333160 total
: 105499K->18987K(109248K), 0.0205876 secs] 113870K->27711K(502464K), 0.0206863 secs] [Times: user=0.07 sys=0.00, real=0.02 secs] 
Heap after GC invocations=11 (full 1):
 par new generation   total 109248K, used 18987K [0x00000000e0000000, 0x00000000e8000000, 0x00000000e8000000)
  eden space 87424K,   0% used [0x00000000e0000000, 0x00000000e0000000, 0x00000000e5560000)
  from space 21824K,  87% used [0x00000000e6ab0000, 0x00000000e7d3ad80, 0x00000000e8000000)
  to   space 21824K,   0% used [0x00000000e5560000, 0x00000000e5560000, 0x00000000e6ab0000)
 concurrent mark-sweep generation total 393216K, used 8724K [0x00000000e8000000, 0x0000000100000000, 0x0000000100000000)
 Metaspace       used 31609K, capacity 32156K, committed 32400K, reserved 1077248K
  class space    used 3768K, capacity 3984K, committed 4016K, reserved 1048576K
}
2017-05-22T09:02:15.744+0000: 11.775: Total time for which application threads were stopped: 0.0208787 seconds, Stopping threads took: 0.0000293 seconds
2017-05-22T09:02:15.749+0000: 11.780: Total time for which application threads were stopped: 0.0006033 seconds, Stopping threads took: 0.0004906 seconds
2017-05-22T09:02:15.753+0000: 11.784: Total time for which application threads were stopped: 0.0001722 seconds, Stopping threads took: 0.0000677 seconds
2017-05-22T09:02:15.757+0000: 11.788: Total time for which application threads were stopped: 0.0035984 seconds, Stopping threads took: 0.0035294 seconds
2017-05-22T09:02:15.757+0000: 11.788: Total time for which application threads were stopped: 0.0000713 seconds, Stopping threads took: 0.0000103 seconds
{Heap before GC invocations=11 (full 1):
 par new generation   total 109248K, used 106411K [0x00000000e0000000, 0x00000000e8000000, 0x00000000e8000000)
  eden space 87424K, 100% used [0x00000000e0000000, 0x00000000e5560000, 0x00000000e5560000)
  from space 21824K,  87% used [0x00000000e6ab0000, 0x00000000e7d3ad80, 0x00000000e8000000)
  to   space 21824K,   0% used [0x00000000e5560000, 0x00000000e5560000, 0x00000000e6ab0000)
 concurrent mark-sweep generation total 393216K, used 8724K [0x00000000e8000000, 0x0000000100000000, 0x0000000100000000)
 Metaspace       used 31627K, capacity 32162K, committed 32400K, reserved 1077248K
  class space    used 3768K, capacity 3985K, committed 4016K, reserved 1048576K
2017-05-22T09:02:15.813+0000: 11.845: [GC (Allocation Failure) 2017-05-22T09:02:15.813+0000: 11.845: [ParNew
Desired survivor size 20112992 bytes, new threshold 8 (max 8)
- age   1:     572560 bytes,     572560 total
- age   2:    1266480 bytes,    1839040 total
- age   3:    9009432 bytes,   10848472 total
- age   4:    1414496 bytes,   12262968 total
- age   5:    1994096 bytes,   14257064 total
- age   6:     101952 bytes,   14359016 total
- age   7:     110192 bytes,   14469208 total
- age   8:     130000 bytes,   14599208 total
: 106411K->21592K(109248K), 0.0165033 secs] 115135K->30559K(502464K), 0.0166039 secs] [Times: user=0.06 sys=0.00, real=0.02 secs] 
Heap after GC invocations=12 (full 1):
 par new generation   total 109248K, used 21592K [0x00000000e0000000, 0x00000000e8000000, 0x00000000e8000000)
  eden space 87424K,   0% used [0x00000000e0000000, 0x00000000e0000000, 0x00000000e5560000)
  from space 21824K,  98% used [0x00000000e5560000, 0x00000000e6a76140, 0x00000000e6ab0000)
  to   space 21824K,   0% used [0x00000000e6ab0000, 0x00000000e6ab0000, 0x00000000e8000000)
 concurrent mark-sweep generation total 393216K, used 8967K [0x00000000e8000000, 0x0000000100000000, 0x0000000100000000)
 Metaspace       used 31627K, capacity 32162K, committed 32400K, reserved 1077248K
  class space    used 3768K, capacity 3985K, committed 4016K, reserved 1048576K
}
2017-05-22T09:02:15.830+0000: 11.862: Total time for which application threads were stopped: 0.0170760 seconds, Stopping threads took: 0.0002495 seconds
2017-05-22T09:02:15.833+0000: 11.865: Total time for which application threads were stopped: 0.0001782 seconds, Stopping threads took: 0.0000679 seconds
2017-05-22T09:02:15.834+0000: 11.865: Total time for which application threads were stopped: 0.0000644 seconds, Stopping threads took: 0.0000099 seconds
{Heap before GC invocations=12 (full 1):
 par new generation   total 109248K, used 109016K [0x00000000e0000000, 0x00000000e8000000, 0x00000000e8000000)
  eden space 87424K, 100% used [0x00000000e0000000, 0x00000000e5560000, 0x00000000e5560000)
  from space 21824K,  98% used [0x00000000e5560000, 0x00000000e6a76140, 0x00000000e6ab0000)
  to   space 21824K,   0% used [0x00000000e6ab0000, 0x00000000e6ab0000, 0x00000000e8000000)
 concurrent mark-sweep generation total 393216K, used 8967K [0x00000000e8000000, 0x0000000100000000, 0x0000000100000000)
 Metaspace       used 31673K, capacity 32280K, committed 32400K, reserved 1077248K
  class space    used 3773K, capacity 3994K, committed 4016K, reserved 1048576K
2017-05-22T09:02:15.889+0000: 11.921: [GC (Allocation Failure) 2017-05-22T09:02:15.889+0000: 11.921: [ParNew
Desired survivor size 20112992 bytes, new threshold 8 (max 8)
- age   1:    1248120 bytes,    1248120 total
- age   2:     397104 bytes,    1645224 total
- age   3:    1246080 bytes,    2891304 total
- age   4:    9008720 bytes,   11900024 total
- age   5:    1414496 bytes,   13314520 total
- age   6:    1994096 bytes,   15308616 total
- age   7:     101952 bytes,   15410568 total
- age   8:     110192 bytes,   15520760 total
: 109016K->19698K(109248K), 0.0176493 secs] 117983K->28795K(502464K), 0.0177439 secs] [Times: user=0.06 sys=0.00, real=0.02 secs] 
Heap after GC invocations=13 (full 1):
 par new generation   total 109248K, used 19698K [0x00000000e0000000, 0x00000000e8000000, 0x00000000e8000000)
  eden space 87424K,   0% used [0x00000000e0000000, 0x00000000e0000000, 0x00000000e5560000)
  from space 21824K,  90% used [0x00000000e6ab0000, 0x00000000e7dec8a8, 0x00000000e8000000)
  to   space 21824K,   0% used [0x00000000e5560000, 0x00000000e5560000, 0x00000000e6ab0000)
 concurrent mark-sweep generation total 393216K, used 9096K [0x00000000e8000000, 0x0000000100000000, 0x0000000100000000)
 Metaspace       used 31673K, capacity 32280K, committed 32400K, reserved 1077248K
  class space    used 3773K, capacity 3994K, committed 4016K, reserved 1048576K
}
2017-05-22T09:02:15.907+0000: 11.939: Total time for which application threads were stopped: 0.0179899 seconds, Stopping threads took: 0.0000643 seconds
{Heap before GC invocations=13 (full 1):
 par new generation   total 109248K, used 107106K [0x00000000e0000000, 0x00000000e8000000, 0x00000000e8000000)
  eden space 87424K,  99% used [0x00000000e0000000, 0x00000000e555c260, 0x00000000e5560000)
  from space 21824K,  90% used [0x00000000e6ab0000, 0x00000000e7dec8a8, 0x00000000e8000000)
  to   space 21824K,   0% used [0x00000000e5560000, 0x00000000e5560000, 0x00000000e6ab0000)
 concurrent mark-sweep generation total 393216K, used 9096K [0x00000000e8000000, 0x0000000100000000, 0x0000000100000000)
 Metaspace       used 31700K, capacity 32298K, committed 32400K, reserved 1077248K
  class space    used 3775K, capacity 3997K, committed 4016K, reserved 1048576K
2017-05-22T09:02:15.961+0000: 11.993: [GC (Allocation Failure) 2017-05-22T09:02:15.961+0000: 11.993: [ParNew
Desired survivor size 20112992 bytes, new threshold 8 (max 8)
- age   1:     444080 bytes,     444080 total
- age   2:    1043336 bytes,    1487416 total
- age   3:     397104 bytes,    1884520 total
- age   4:    1246080 bytes,    3130600 total
- age   5:    9008720 bytes,   12139320 total
- age   6:    1414496 bytes,   13553816 total
- age   7:    1994096 bytes,   15547912 total
- age   8:     101952 bytes,   15649864 total
: 107106K->18942K(109248K), 0.0232706 secs] 116203K->28149K(502464K), 0.0233978 secs] [Times: user=0.09 sys=0.00, real=0.02 secs] 
Heap after GC invocations=14 (full 1):
 par new generation   total 109248K, used 18942K [0x00000000e0000000, 0x00000000e8000000, 0x00000000e8000000)
  eden space 87424K,   0% used [0x00000000e0000000, 0x00000000e0000000, 0x00000000e5560000)
  from space 21824K,  86% used [0x00000000e5560000, 0x00000000e67dfa00, 0x00000000e6ab0000)
  to   space 21824K,   0% used [0x00000000e6ab0000, 0x00000000e6ab0000, 0x00000000e8000000)
 concurrent mark-sweep generation total 393216K, used 9207K [0x00000000e8000000, 0x0000000100000000, 0x0000000100000000)
 Metaspace       used 31700K, capacity 32298K, committed 32400K, reserved 1077248K
  class space    used 3775K, capacity 3997K, committed 4016K, reserved 1048576K
}
2017-05-22T09:02:15.985+0000: 12.016: Total time for which application threads were stopped: 0.0236980 seconds, Stopping threads took: 0.0000702 seconds
{Heap before GC invocations=14 (full 1):
 par new generation   total 109248K, used 106366K [0x00000000e0000000, 0x00000000e8000000, 0x00000000e8000000)
  eden space 87424K, 100% used [0x00000000e0000000, 0x00000000e5560000, 0x00000000e5560000)
  from space 21824K,  86% used [0x00000000e5560000, 0x00000000e67dfa00, 0x00000000e6ab0000)
  to   space 21824K,   0% used [0x00000000e6ab0000, 0x00000000e6ab0000, 0x00000000e8000000)
 concurrent mark-sweep generation total 393216K, used 9207K [0x00000000e8000000, 0x0000000100000000, 0x0000000100000000)
 Metaspace       used 31717K, capacity 32298K, committed 32400K, reserved 1077248K
  class space    used 3775K, capacity 3997K, committed 4016K, reserved 1048576K
2017-05-22T09:02:16.058+0000: 12.089: [GC (Allocation Failure) 2017-05-22T09:02:16.058+0000: 12.089: [ParNew
Desired survivor size 20112992 bytes, new threshold 8 (max 8)
- age   1:    1017744 bytes,    1017744 total
- age   2:     257992 bytes,    1275736 total
- age   3:    1042776 bytes,    2318512 total
- age   4:     397104 bytes,    2715616 total
- age   5:    1246080 bytes,    3961696 total
- age   6:    8445768 bytes,   12407464 total
- age   7:    1414496 bytes,   13821960 total
- age   8:    1994096 bytes,   15816056 total
: 106366K->21824K(109248K), 0.0274802 secs] 115573K->31133K(502464K), 0.0275763 secs] [Times: user=0.10 sys=0.00, real=0.03 secs] 
Heap after GC invocations=15 (full 1):
 par new generation   total 109248K, used 21824K [0x00000000e0000000, 0x00000000e8000000, 0x00000000e8000000)
  eden space 87424K,   0% used [0x00000000e0000000, 0x00000000e0000000, 0x00000000e5560000)
  from space 21824K, 100% used [0x00000000e6ab0000, 0x00000000e8000000, 0x00000000e8000000)
  to   space 21824K,   0% used [0x00000000e5560000, 0x00000000e5560000, 0x00000000e6ab0000)
 concurrent mark-sweep generation total 393216K, used 9309K [0x00000000e8000000, 0x0000000100000000, 0x0000000100000000)
 Metaspace       used 31717K, capacity 32298K, committed 32400K, reserved 1077248K
  class space    used 3775K, capacity 3997K, committed 4016K, reserved 1048576K
}
2017-05-22T09:02:16.086+0000: 12.117: Total time for which application threads were stopped: 0.0279335 seconds, Stopping threads took: 0.0001086 seconds
2017-05-22T09:02:16.154+0000: 12.185: Total time for which application threads were stopped: 0.0001729 seconds, Stopping threads took: 0.0000500 seconds
2017-05-22T09:02:16.457+0000: 12.488: Total time for which application threads were stopped: 0.0001909 seconds, Stopping threads took: 0.0000523 seconds
2017-05-22T09:02:16.466+0000: 12.497: Total time for which application threads were stopped: 0.0002242 seconds, Stopping threads took: 0.0000496 seconds
2017-05-22T09:02:16.618+0000: 12.650: Total time for which application threads were stopped: 0.0003655 seconds, Stopping threads took: 0.0000497 seconds
2017-05-22T09:02:16.619+0000: 12.651: Total time for which application threads were stopped: 0.0002412 seconds, Stopping threads took: 0.0000489 seconds
2017-05-22T09:02:16.790+0000: 12.822: Total time for which application threads were stopped: 0.0001958 seconds, Stopping threads took: 0.0000587 seconds
{Heap before GC invocations=15 (full 1):
 par new generation   total 109248K, used 109248K [0x00000000e0000000, 0x00000000e8000000, 0x00000000e8000000)
  eden space 87424K, 100% used [0x00000000e0000000, 0x00000000e5560000, 0x00000000e5560000)
  from space 21824K, 100% used [0x00000000e6ab0000, 0x00000000e8000000, 0x00000000e8000000)
  to   space 21824K,   0% used [0x00000000e5560000, 0x00000000e5560000, 0x00000000e6ab0000)
 concurrent mark-sweep generation total 393216K, used 9309K [0x00000000e8000000, 0x0000000100000000, 0x0000000100000000)
 Metaspace       used 32082K, capacity 32652K, committed 32912K, reserved 1079296K
  class space    used 3798K, capacity 4004K, committed 4016K, reserved 1048576K
2017-05-22T09:02:17.356+0000: 13.387: [GC (Allocation Failure) 2017-05-22T09:02:17.356+0000: 13.387: [ParNew
Desired survivor size 20112992 bytes, new threshold 7 (max 8)
- age   1:   10319168 bytes,   10319168 total
- age   2:      84224 bytes,   10403392 total
- age   3:      81848 bytes,   10485240 total
- age   4:     133056 bytes,   10618296 total
- age   5:     131208 bytes,   10749504 total
- age   6:    1231400 bytes,   11980904 total
- age   7:    8201864 bytes,   20182768 total
- age   8:    1414280 bytes,   21597048 total
: 109248K->21824K(109248K), 0.0302215 secs] 118557K->33707K(502464K), 0.0303839 secs] [Times: user=0.10 sys=0.00, real=0.04 secs] 
Heap after GC invocations=16 (full 1):
 par new generation   total 109248K, used 21824K [0x00000000e0000000, 0x00000000e8000000, 0x00000000e8000000)
  eden space 87424K,   0% used [0x00000000e0000000, 0x00000000e0000000, 0x00000000e5560000)
  from space 21824K, 100% used [0x00000000e5560000, 0x00000000e6ab0000, 0x00000000e6ab0000)
  to   space 21824K,   0% used [0x00000000e6ab0000, 0x00000000e6ab0000, 0x00000000e8000000)
 concurrent mark-sweep generation total 393216K, used 11883K [0x00000000e8000000, 0x0000000100000000, 0x0000000100000000)
 Metaspace       used 32082K, capacity 32652K, committed 32912K, reserved 1079296K
  class space    used 3798K, capacity 4004K, committed 4016K, reserved 1048576K
}
2017-05-22T09:02:17.386+0000: 13.418: Total time for which application threads were stopped: 0.0307920 seconds, Stopping threads took: 0.0000416 seconds
2017-05-22T09:02:17.386+0000: 13.418: Total time for which application threads were stopped: 0.0001063 seconds, Stopping threads took: 0.0000264 seconds
2017-05-22T09:02:17.386+0000: 13.418: Total time for which application threads were stopped: 0.0000572 seconds, Stopping threads took: 0.0000174 seconds
2017-05-22T09:02:17.387+0000: 13.418: Total time for which application threads were stopped: 0.0000557 seconds, Stopping threads took: 0.0000238 seconds
2017-05-22T09:02:17.390+0000: 13.421: Total time for which application threads were stopped: 0.0001633 seconds, Stopping threads took: 0.0000678 seconds
2017-05-22T09:02:17.393+0000: 13.425: Total time for which application threads were stopped: 0.0001422 seconds, Stopping threads took: 0.0000404 seconds
2017-05-22T09:02:17.412+0000: 13.443: Total time for which application threads were stopped: 0.0001260 seconds, Stopping threads took: 0.0000531 seconds
2017-05-22T09:02:18.412+0000: 14.444: Total time for which application threads were stopped: 0.0002436 seconds, Stopping threads took: 0.0000505 seconds
2017-05-22T09:02:19.413+0000: 15.444: Total time for which application threads were stopped: 0.0001979 seconds, Stopping threads took: 0.0000552 seconds
2017-05-22T09:02:26.172+0000: 22.204: Total time for which application threads were stopped: 0.0002709 seconds, Stopping threads took: 0.0000561 seconds
2017-05-22T09:02:26.173+0000: 22.204: Total time for which application threads were stopped: 0.0001580 seconds, Stopping threads took: 0.0000299 seconds
2017-05-22T09:02:26.173+0000: 22.205: Total time for which application threads were stopped: 0.0003834 seconds, Stopping threads took: 0.0001465 seconds
2017-05-22T09:02:26.174+0000: 22.205: Total time for which application threads were stopped: 0.0002052 seconds, Stopping threads took: 0.0000684 seconds
2017-05-22T09:02:26.218+0000: 22.250: Total time for which application threads were stopped: 0.0005143 seconds, Stopping threads took: 0.0000290 seconds
2017-05-22T09:02:26.269+0000: 22.301: Total time for which application threads were stopped: 0.0001001 seconds, Stopping threads took: 0.0000386 seconds
2017-05-22T09:02:26.367+0000: 22.399: Total time for which application threads were stopped: 0.0001109 seconds, Stopping threads took: 0.0000288 seconds
2017-05-22T09:02:26.465+0000: 22.497: Total time for which application threads were stopped: 0.0005568 seconds, Stopping threads took: 0.0000425 seconds
2017-05-22T09:02:26.485+0000: 22.516: Total time for which application threads were stopped: 0.0001268 seconds, Stopping threads took: 0.0000424 seconds
2017-05-22T09:02:26.491+0000: 22.522: Total time for which application threads were stopped: 0.0001193 seconds, Stopping threads took: 0.0000311 seconds
2017-05-22T09:02:26.491+0000: 22.522: Total time for which application threads were stopped: 0.0000545 seconds, Stopping threads took: 0.0000141 seconds
2017-05-22T09:02:26.491+0000: 22.523: Total time for which application threads were stopped: 0.0000517 seconds, Stopping threads took: 0.0000174 seconds
2017-05-22T09:02:26.494+0000: 22.526: Total time for which application threads were stopped: 0.0000986 seconds, Stopping threads took: 0.0000249 seconds
2017-05-22T09:02:26.557+0000: 22.588: Total time for which application threads were stopped: 0.0001758 seconds, Stopping threads took: 0.0000339 seconds
2017-05-22T09:02:26.558+0000: 22.589: Total time for which application threads were stopped: 0.0001223 seconds, Stopping threads took: 0.0000680 seconds
2017-05-22T09:02:26.558+0000: 22.589: Total time for which application threads were stopped: 0.0000701 seconds, Stopping threads took: 0.0000320 seconds
2017-05-22T09:02:26.558+0000: 22.589: Total time for which application threads were stopped: 0.0000454 seconds, Stopping threads took: 0.0000162 seconds
2017-05-22T09:02:26.604+0000: 22.636: Total time for which application threads were stopped: 0.0004469 seconds, Stopping threads took: 0.0000287 seconds
2017-05-22T09:02:26.925+0000: 22.956: Total time for which application threads were stopped: 0.0003601 seconds, Stopping threads took: 0.0001393 seconds
2017-05-22T09:02:26.925+0000: 22.957: Total time for which application threads were stopped: 0.0001637 seconds, Stopping threads took: 0.0000578 seconds
2017-05-22T09:02:26.926+0000: 22.957: Total time for which application threads were stopped: 0.0002730 seconds, Stopping threads took: 0.0001827 seconds
2017-05-22T09:02:26.926+0000: 22.957: Total time for which application threads were stopped: 0.0001657 seconds, Stopping threads took: 0.0000502 seconds
2017-05-22T09:02:26.931+0000: 22.963: Total time for which application threads were stopped: 0.0003100 seconds, Stopping threads took: 0.0000914 seconds
2017-05-22T09:02:26.960+0000: 22.991: Total time for which application threads were stopped: 0.0001289 seconds, Stopping threads took: 0.0000327 seconds
2017-05-22T09:02:26.961+0000: 22.993: Total time for which application threads were stopped: 0.0001131 seconds, Stopping threads took: 0.0000438 seconds
2017-05-22T09:02:27.083+0000: 23.114: Total time for which application threads were stopped: 0.0001155 seconds, Stopping threads took: 0.0000280 seconds
2017-05-22T09:02:27.113+0000: 23.144: Total time for which application threads were stopped: 0.0001223 seconds, Stopping threads took: 0.0000279 seconds
2017-05-22T09:02:27.113+0000: 23.145: Total time for which application threads were stopped: 0.0000988 seconds, Stopping threads took: 0.0000300 seconds
2017-05-22T09:02:27.114+0000: 23.145: Total time for which application threads were stopped: 0.0000906 seconds, Stopping threads took: 0.0000295 seconds
2017-05-22T09:02:27.114+0000: 23.145: Total time for which application threads were stopped: 0.0000730 seconds, Stopping threads took: 0.0000231 seconds
2017-05-22T09:02:27.125+0000: 23.157: Total time for which application threads were stopped: 0.0042104 seconds, Stopping threads took: 0.0041008 seconds
2017-05-22T09:02:27.126+0000: 23.157: Total time for which application threads were stopped: 0.0000809 seconds, Stopping threads took: 0.0000322 seconds
2017-05-22T09:02:27.130+0000: 23.161: Total time for which application threads were stopped: 0.0001645 seconds, Stopping threads took: 0.0000567 seconds
2017-05-22T09:02:27.133+0000: 23.165: Total time for which application threads were stopped: 0.0001460 seconds, Stopping threads took: 0.0000548 seconds
{Heap before GC invocations=16 (full 1):
 par new generation   total 109248K, used 109248K [0x00000000e0000000, 0x00000000e8000000, 0x00000000e8000000)
  eden space 87424K, 100% used [0x00000000e0000000, 0x00000000e5560000, 0x00000000e5560000)
  from space 21824K, 100% used [0x00000000e5560000, 0x00000000e6ab0000, 0x00000000e6ab0000)
  to   space 21824K,   0% used [0x00000000e6ab0000, 0x00000000e6ab0000, 0x00000000e8000000)
 concurrent mark-sweep generation total 393216K, used 11883K [0x00000000e8000000, 0x0000000100000000, 0x0000000100000000)
 Metaspace       used 34994K, capacity 35620K, committed 35856K, reserved 1081344K
  class space    used 4157K, capacity 4396K, committed 4400K, reserved 1048576K
2017-05-22T09:02:27.407+0000: 23.438: [GC (Allocation Failure) 2017-05-22T09:02:27.407+0000: 23.439: [ParNew
Desired survivor size 20112992 bytes, new threshold 8 (max 8)
- age   1:    5259352 bytes,    5259352 total
- age   2:    8970952 bytes,   14230304 total
- age   3:      84224 bytes,   14314528 total
- age   4:      80512 bytes,   14395040 total
- age   5:     133040 bytes,   14528080 total
- age   6:     131080 bytes,   14659160 total
- age   7:    1150656 bytes,   15809816 total
: 109248K->21824K(109248K), 0.0652717 secs] 121131K->46492K(502464K), 0.0653947 secs] [Times: user=0.22 sys=0.01, real=0.06 secs] 
Heap after GC invocations=17 (full 1):
 par new generation   total 109248K, used 21824K [0x00000000e0000000, 0x00000000e8000000, 0x00000000e8000000)
  eden space 87424K,   0% used [0x00000000e0000000, 0x00000000e0000000, 0x00000000e5560000)
  from space 21824K, 100% used [0x00000000e6ab0000, 0x00000000e8000000, 0x00000000e8000000)
  to   space 21824K,   0% used [0x00000000e5560000, 0x00000000e5560000, 0x00000000e6ab0000)
 concurrent mark-sweep generation total 393216K, used 24668K [0x00000000e8000000, 0x0000000100000000, 0x0000000100000000)
 Metaspace       used 34994K, capacity 35620K, committed 35856K, reserved 1081344K
  class space    used 4157K, capacity 4396K, committed 4400K, reserved 1048576K
}
2017-05-22T09:02:27.472+0000: 23.504: Total time for which application threads were stopped: 0.0656940 seconds, Stopping threads took: 0.0000348 seconds
2017-05-22T09:02:27.694+0000: 23.726: Total time for which application threads were stopped: 0.0001570 seconds, Stopping threads took: 0.0000512 seconds
2017-05-22T09:02:28.388+0000: 24.419: Total time for which application threads were stopped: 0.0010086 seconds, Stopping threads took: 0.0000483 seconds
2017-05-22T09:02:28.466+0000: 24.497: Total time for which application threads were stopped: 0.0004036 seconds, Stopping threads took: 0.0002946 seconds
2017-05-22T09:02:28.466+0000: 24.498: Total time for which application threads were stopped: 0.0000810 seconds, Stopping threads took: 0.0000282 seconds
2017-05-22T09:02:29.259+0000: 25.291: Total time for which application threads were stopped: 0.0002017 seconds, Stopping threads took: 0.0000285 seconds
2017-05-22T09:02:30.260+0000: 26.291: Total time for which application threads were stopped: 0.0001849 seconds, Stopping threads took: 0.0000451 seconds
{Heap before GC invocations=17 (full 1):
 par new generation   total 109248K, used 109248K [0x00000000e0000000, 0x00000000e8000000, 0x00000000e8000000)
  eden space 87424K, 100% used [0x00000000e0000000, 0x00000000e5560000, 0x00000000e5560000)
  from space 21824K, 100% used [0x00000000e6ab0000, 0x00000000e8000000, 0x00000000e8000000)
  to   space 21824K,   0% used [0x00000000e5560000, 0x00000000e5560000, 0x00000000e6ab0000)
 concurrent mark-sweep generation total 393216K, used 24668K [0x00000000e8000000, 0x0000000100000000, 0x0000000100000000)
 Metaspace       used 35579K, capacity 36250K, committed 36496K, reserved 1081344K
  class space    used 4209K, capacity 4437K, committed 4528K, reserved 1048576K
2017-05-22T09:02:42.785+0000: 38.816: [GC (Allocation Failure) 2017-05-22T09:02:42.785+0000: 38.816: [ParNew
Desired survivor size 20112992 bytes, new threshold 8 (max 8)
- age   1:    1212928 bytes,    1212928 total
- age   2:    4185040 bytes,    5397968 total
- age   3:    8970952 bytes,   14368920 total
- age   4:      84224 bytes,   14453144 total
- age   5:      80512 bytes,   14533656 total
- age   6:     133040 bytes,   14666696 total
- age   7:     131080 bytes,   14797776 total
- age   8:    1150576 bytes,   15948352 total
: 109248K->20221K(109248K), 0.0209841 secs] 133916K->44889K(502464K), 0.0210859 secs] [Times: user=0.07 sys=0.00, real=0.03 secs] 
Heap after GC invocations=18 (full 1):
 par new generation   total 109248K, used 20221K [0x00000000e0000000, 0x00000000e8000000, 0x00000000e8000000)
  eden space 87424K,   0% used [0x00000000e0000000, 0x00000000e0000000, 0x00000000e5560000)
  from space 21824K,  92% used [0x00000000e5560000, 0x00000000e691f4c8, 0x00000000e6ab0000)
  to   space 21824K,   0% used [0x00000000e6ab0000, 0x00000000e6ab0000, 0x00000000e8000000)
 concurrent mark-sweep generation total 393216K, used 24668K [0x00000000e8000000, 0x0000000100000000, 0x0000000100000000)
 Metaspace       used 35579K, capacity 36250K, committed 36496K, reserved 1081344K
  class space    used 4209K, capacity 4437K, committed 4528K, reserved 1048576K
}
2017-05-22T09:02:42.806+0000: 38.837: Total time for which application threads were stopped: 0.0213206 seconds, Stopping threads took: 0.0000314 seconds
2017-05-22T09:02:42.846+0000: 38.877: Total time for which application threads were stopped: 0.0001412 seconds, Stopping threads took: 0.0000484 seconds
2017-05-22T09:02:43.170+0000: 39.202: Total time for which application threads were stopped: 0.0003173 seconds, Stopping threads took: 0.0000584 seconds
2017-05-22T09:02:44.170+0000: 40.202: Total time for which application threads were stopped: 0.0001496 seconds, Stopping threads took: 0.0000473 seconds
2017-05-22T09:02:50.171+0000: 46.203: Total time for which application threads were stopped: 0.0002680 seconds, Stopping threads took: 0.0001421 seconds
{Heap before GC invocations=18 (full 1):
 par new generation   total 109248K, used 107645K [0x00000000e0000000, 0x00000000e8000000, 0x00000000e8000000)
  eden space 87424K, 100% used [0x00000000e0000000, 0x00000000e5560000, 0x00000000e5560000)
  from space 21824K,  92% used [0x00000000e5560000, 0x00000000e691f4c8, 0x00000000e6ab0000)
  to   space 21824K,   0% used [0x00000000e6ab0000, 0x00000000e6ab0000, 0x00000000e8000000)
 concurrent mark-sweep generation total 393216K, used 24668K [0x00000000e8000000, 0x0000000100000000, 0x0000000100000000)
 Metaspace       used 35726K, capacity 36378K, committed 36752K, reserved 1081344K
  class space    used 4209K, capacity 4437K, committed 4528K, reserved 1048576K
2017-05-22T09:02:50.209+0000: 46.241: [GC (Allocation Failure) 2017-05-22T09:02:50.210+0000: 46.241: [ParNew
Desired survivor size 20112992 bytes, new threshold 8 (max 8)
- age   1:     203480 bytes,     203480 total
- age   2:     643584 bytes,     847064 total
- age   3:    6413240 bytes,    7260304 total
- age   4:    8970952 bytes,   16231256 total
- age   5:      84224 bytes,   16315480 total
- age   6:      80512 bytes,   16395992 total
- age   7:     133040 bytes,   16529032 total
- age   8:     131080 bytes,   16660112 total
: 107645K->19556K(109248K), 0.0294597 secs] 132313K->45354K(502464K), 0.0297424 secs] [Times: user=0.11 sys=0.00, real=0.03 secs] 
Heap after GC invocations=19 (full 1):
 par new generation   total 109248K, used 19556K [0x00000000e0000000, 0x00000000e8000000, 0x00000000e8000000)
  eden space 87424K,   0% used [0x00000000e0000000, 0x00000000e0000000, 0x00000000e5560000)
  from space 21824K,  89% used [0x00000000e6ab0000, 0x00000000e7dc92e0, 0x00000000e8000000)
  to   space 21824K,   0% used [0x00000000e5560000, 0x00000000e5560000, 0x00000000e6ab0000)
 concurrent mark-sweep generation total 393216K, used 25798K [0x00000000e8000000, 0x0000000100000000, 0x0000000100000000)
 Metaspace       used 35726K, capacity 36378K, committed 36752K, reserved 1081344K
  class space    used 4209K, capacity 4437K, committed 4528K, reserved 1048576K
}
2017-05-22T09:02:50.239+0000: 46.271: Total time for which application threads were stopped: 0.0301363 seconds, Stopping threads took: 0.0000525 seconds
2017-05-22T09:02:51.240+0000: 47.271: Total time for which application threads were stopped: 0.0001792 seconds, Stopping threads took: 0.0000302 seconds
2017-05-22T09:03:07.242+0000: 63.273: Total time for which application threads were stopped: 0.0002206 seconds, Stopping threads took: 0.0000498 seconds
2017-05-22T09:03:26.245+0000: 82.277: Total time for which application threads were stopped: 0.0002223 seconds, Stopping threads took: 0.0000522 seconds
2017-05-22T09:03:27.245+0000: 83.277: Total time for which application threads were stopped: 0.0002080 seconds, Stopping threads took: 0.0000278 seconds
{Heap before GC invocations=19 (full 1):
 par new generation   total 109248K, used 106980K [0x00000000e0000000, 0x00000000e8000000, 0x00000000e8000000)
  eden space 87424K, 100% used [0x00000000e0000000, 0x00000000e5560000, 0x00000000e5560000)
  from space 21824K,  89% used [0x00000000e6ab0000, 0x00000000e7dc92e0, 0x00000000e8000000)
  to   space 21824K,   0% used [0x00000000e5560000, 0x00000000e5560000, 0x00000000e6ab0000)
 concurrent mark-sweep generation total 393216K, used 25798K [0x00000000e8000000, 0x0000000100000000, 0x0000000100000000)
 Metaspace       used 35868K, capacity 36506K, committed 36752K, reserved 1081344K
  class space    used 4209K, capacity 4437K, committed 4528K, reserved 1048576K
2017-05-22T09:03:34.581+0000: 90.612: [GC (Allocation Failure) 2017-05-22T09:03:34.581+0000: 90.612: [ParNew
Desired survivor size 20112992 bytes, new threshold 8 (max 8)
- age   1:     550416 bytes,     550416 total
- age   2:     124784 bytes,     675200 total
- age   3:     643288 bytes,    1318488 total
- age   4:    4184968 bytes,    5503456 total
- age   5:    8970952 bytes,   14474408 total
- age   6:      84224 bytes,   14558632 total
- age   7:      80512 bytes,   14639144 total
- age   8:     133040 bytes,   14772184 total
: 106980K->18967K(109248K), 0.0217031 secs] 132778K->44895K(502464K), 0.0218000 secs] [Times: user=0.07 sys=0.00, real=0.02 secs] 
Heap after GC invocations=20 (full 1):
 par new generation   total 109248K, used 18967K [0x00000000e0000000, 0x00000000e8000000, 0x00000000e8000000)
  eden space 87424K,   0% used [0x00000000e0000000, 0x00000000e0000000, 0x00000000e5560000)
  from space 21824K,  86% used [0x00000000e5560000, 0x00000000e67e5fb0, 0x00000000e6ab0000)
  to   space 21824K,   0% used [0x00000000e6ab0000, 0x00000000e6ab0000, 0x00000000e8000000)
 concurrent mark-sweep generation total 393216K, used 25928K [0x00000000e8000000, 0x0000000100000000, 0x0000000100000000)
 Metaspace       used 35868K, capacity 36506K, committed 36752K, reserved 1081344K
  class space    used 4209K, capacity 4437K, committed 4528K, reserved 1048576K
}
2017-05-22T09:03:34.603+0000: 90.634: Total time for which application threads were stopped: 0.0220266 seconds, Stopping threads took: 0.0000289 seconds
2017-05-22T09:03:35.603+0000: 91.634: Total time for which application threads were stopped: 0.0003173 seconds, Stopping threads took: 0.0000523 seconds
{Heap before GC invocations=20 (full 1):
 par new generation   total 109248K, used 106391K [0x00000000e0000000, 0x00000000e8000000, 0x00000000e8000000)
  eden space 87424K, 100% used [0x00000000e0000000, 0x00000000e5560000, 0x00000000e5560000)
  from space 21824K,  86% used [0x00000000e5560000, 0x00000000e67e5fb0, 0x00000000e6ab0000)
  to   space 21824K,   0% used [0x00000000e6ab0000, 0x00000000e6ab0000, 0x00000000e8000000)
 concurrent mark-sweep generation total 393216K, used 25928K [0x00000000e8000000, 0x0000000100000000, 0x0000000100000000)
 Metaspace       used 35974K, capacity 36634K, committed 37008K, reserved 1081344K
  class space    used 4210K, capacity 4437K, committed 4528K, reserved 1048576K
2017-05-22T09:03:46.112+0000: 102.144: [GC (Allocation Failure) 2017-05-22T09:03:46.112+0000: 102.144: [ParNew
Desired survivor size 20112992 bytes, new threshold 8 (max 8)
- age   1:     292736 bytes,     292736 total
- age   2:     188352 bytes,     481088 total
- age   3:     124744 bytes,     605832 total
- age   4:     643216 bytes,    1249048 total
- age   5:    4184968 bytes,    5434016 total
- age   6:    8970952 bytes,   14404968 total
- age   7:      84224 bytes,   14489192 total
- age   8:      80512 bytes,   14569704 total
: 106391K->18414K(109248K), 0.0199871 secs] 132319K->44475K(502464K), 0.0200932 secs] [Times: user=0.06 sys=0.01, real=0.02 secs] 
Heap after GC invocations=21 (full 1):
 par new generation   total 109248K, used 18414K [0x00000000e0000000, 0x00000000e8000000, 0x00000000e8000000)
  eden space 87424K,   0% used [0x00000000e0000000, 0x00000000e0000000, 0x00000000e5560000)
  from space 21824K,  84% used [0x00000000e6ab0000, 0x00000000e7cabb90, 0x00000000e8000000)
  to   space 21824K,   0% used [0x00000000e5560000, 0x00000000e5560000, 0x00000000e6ab0000)
 concurrent mark-sweep generation total 393216K, used 26060K [0x00000000e8000000, 0x0000000100000000, 0x0000000100000000)
 Metaspace       used 35974K, capacity 36634K, committed 37008K, reserved 1081344K
  class space    used 4210K, capacity 4437K, committed 4528K, reserved 1048576K
}
2017-05-22T09:03:46.132+0000: 102.164: Total time for which application threads were stopped: 0.0203223 seconds, Stopping threads took: 0.0000314 seconds
2017-05-22T09:03:47.133+0000: 103.164: Total time for which application threads were stopped: 0.0001891 seconds, Stopping threads took: 0.0000486 seconds
2017-05-22T09:04:02.135+0000: 118.166: Total time for which application threads were stopped: 0.0002347 seconds, Stopping threads took: 0.0000518 seconds
2017-05-22T09:04:07.136+0000: 123.167: Total time for which application threads were stopped: 0.0001525 seconds, Stopping threads took: 0.0000444 seconds
{Heap before GC invocations=21 (full 1):
 par new generation   total 109248K, used 105838K [0x00000000e0000000, 0x00000000e8000000, 0x00000000e8000000)
  eden space 87424K, 100% used [0x00000000e0000000, 0x00000000e5560000, 0x00000000e5560000)
  from space 21824K,  84% used [0x00000000e6ab0000, 0x00000000e7cabb90, 0x00000000e8000000)
  to   space 21824K,   0% used [0x00000000e5560000, 0x00000000e5560000, 0x00000000e6ab0000)
 concurrent mark-sweep generation total 393216K, used 26060K [0x00000000e8000000, 0x0000000100000000, 0x0000000100000000)
 Metaspace       used 36112K, capacity 36702K, committed 37008K, reserved 1081344K
  class space    used 4210K, capacity 4437K, committed 4528K, reserved 1048576K
2017-05-22T09:13:56.702+0000: 712.734: [GC (Allocation Failure) 2017-05-22T09:13:56.702+0000: 712.734: [ParNew
Desired survivor size 20112992 bytes, new threshold 8 (max 8)
- age   1:     667456 bytes,     667456 total
- age   2:      13272 bytes,     680728 total
- age   3:     188280 bytes,     869008 total
- age   4:     124744 bytes,     993752 total
- age   5:     643176 bytes,    1636928 total
- age   6:    4184968 bytes,    5821896 total
- age   7:    8970952 bytes,   14792848 total
- age   8:      84224 bytes,   14877072 total
: 105838K->16912K(109248K), 0.0221981 secs] 131899K->43053K(502464K), 0.0223691 secs] [Times: user=0.06 sys=0.00, real=0.02 secs] 
Heap after GC invocations=22 (full 1):
 par new generation   total 109248K, used 16912K [0x00000000e0000000, 0x00000000e8000000, 0x00000000e8000000)
  eden space 87424K,   0% used [0x00000000e0000000, 0x00000000e0000000, 0x00000000e5560000)
  from space 21824K,  77% used [0x00000000e5560000, 0x00000000e65e4100, 0x00000000e6ab0000)
  to   space 21824K,   0% used [0x00000000e6ab0000, 0x00000000e6ab0000, 0x00000000e8000000)
 concurrent mark-sweep generation total 393216K, used 26141K [0x00000000e8000000, 0x0000000100000000, 0x0000000100000000)
 Metaspace       used 36112K, capacity 36702K, committed 37008K, reserved 1081344K
  class space    used 4210K, capacity 4437K, committed 4528K, reserved 1048576K
}
2017-05-22T09:13:56.725+0000: 712.756: Total time for which application threads were stopped: 0.0227029 seconds, Stopping threads took: 0.0000569 seconds
{Heap before GC invocations=22 (full 1):
 par new generation   total 109248K, used 104336K [0x00000000e0000000, 0x00000000e8000000, 0x00000000e8000000)
  eden space 87424K, 100% used [0x00000000e0000000, 0x00000000e5560000, 0x00000000e5560000)
  from space 21824K,  77% used [0x00000000e5560000, 0x00000000e65e4100, 0x00000000e6ab0000)
  to   space 21824K,   0% used [0x00000000e6ab0000, 0x00000000e6ab0000, 0x00000000e8000000)
 concurrent mark-sweep generation total 393216K, used 26141K [0x00000000e8000000, 0x0000000100000000, 0x0000000100000000)
 Metaspace       used 36150K, capacity 36774K, committed 37008K, reserved 1081344K
  class space    used 4210K, capacity 4437K, committed 4528K, reserved 1048576K
2017-05-22T09:13:57.052+0000: 713.084: [GC (Allocation Failure) 2017-05-22T09:13:57.053+0000: 713.084: [ParNew
Desired survivor size 20112992 bytes, new threshold 8 (max 8)
- age   1:     347008 bytes,     347008 total
- age   2:     302504 bytes,     649512 total
- age   3:      13232 bytes,     662744 total
- age   4:     188280 bytes,     851024 total
- age   5:     124744 bytes,     975768 total
- age   6:     639744 bytes,    1615512 total
- age   7:    4171504 bytes,    5787016 total
- age   8:    8970360 bytes,   14757376 total
: 104336K->19077K(109248K), 0.0236403 secs] 130477K->45303K(502464K), 0.0237533 secs] [Times: user=0.08 sys=0.00, real=0.02 secs] 
Heap after GC invocations=23 (full 1):
 par new generation   total 109248K, used 19077K [0x00000000e0000000, 0x00000000e8000000, 0x00000000e8000000)
  eden space 87424K,   0% used [0x00000000e0000000, 0x00000000e0000000, 0x00000000e5560000)
  from space 21824K,  87% used [0x00000000e6ab0000, 0x00000000e7d517d0, 0x00000000e8000000)
  to   space 21824K,   0% used [0x00000000e5560000, 0x00000000e5560000, 0x00000000e6ab0000)
 concurrent mark-sweep generation total 393216K, used 26225K [0x00000000e8000000, 0x0000000100000000, 0x0000000100000000)
 Metaspace       used 36150K, capacity 36774K, committed 37008K, reserved 1081344K
  class space    used 4210K, capacity 4437K, committed 4528K, reserved 1048576K
}
2017-05-22T09:13:57.076+0000: 713.108: Total time for which application threads were stopped: 0.0241161 seconds, Stopping threads took: 0.0001085 seconds
{Heap before GC invocations=23 (full 1):
 par new generation   total 109248K, used 106501K [0x00000000e0000000, 0x00000000e8000000, 0x00000000e8000000)
  eden space 87424K, 100% used [0x00000000e0000000, 0x00000000e5560000, 0x00000000e5560000)
  from space 21824K,  87% used [0x00000000e6ab0000, 0x00000000e7d517d0, 0x00000000e8000000)
  to   space 21824K,   0% used [0x00000000e5560000, 0x00000000e5560000, 0x00000000e6ab0000)
 concurrent mark-sweep generation total 393216K, used 26225K [0x00000000e8000000, 0x0000000100000000, 0x0000000100000000)
 Metaspace       used 36168K, capacity 36774K, committed 37008K, reserved 1081344K
  class space    used 4210K, capacity 4437K, committed 4528K, reserved 1048576K
2017-05-22T09:13:57.328+0000: 713.360: [GC (Allocation Failure) 2017-05-22T09:13:57.328+0000: 713.360: [ParNew
Desired survivor size 20112992 bytes, new threshold 8 (max 8)
- age   1:     326752 bytes,     326752 total
- age   2:       4360 bytes,     331112 total
- age   3:     302240 bytes,     633352 total
- age   4:      13232 bytes,     646584 total
- age   5:     188280 bytes,     834864 total
- age   6:     124744 bytes,     959608 total
- age   7:     639704 bytes,    1599312 total
- age   8:    4171504 bytes,    5770816 total
: 106501K->10305K(109248K), 0.0320885 secs] 132727K->45840K(502464K), 0.0321919 secs] [Times: user=0.09 sys=0.00, real=0.03 secs] 
Heap after GC invocations=24 (full 1):
 par new generation   total 109248K, used 10305K [0x00000000e0000000, 0x00000000e8000000, 0x00000000e8000000)
  eden space 87424K,   0% used [0x00000000e0000000, 0x00000000e0000000, 0x00000000e5560000)
  from space 21824K,  47% used [0x00000000e5560000, 0x00000000e5f706f0, 0x00000000e6ab0000)
  to   space 21824K,   0% used [0x00000000e6ab0000, 0x00000000e6ab0000, 0x00000000e8000000)
 concurrent mark-sweep generation total 393216K, used 35535K [0x00000000e8000000, 0x0000000100000000, 0x0000000100000000)
 Metaspace       used 36168K, capacity 36774K, committed 37008K, reserved 1081344K
  class space    used 4210K, capacity 4437K, committed 4528K, reserved 1048576K
}
2017-05-22T09:13:57.361+0000: 713.392: Total time for which application threads were stopped: 0.0324239 seconds, Stopping threads took: 0.0000310 seconds
{Heap before GC invocations=24 (full 1):
 par new generation   total 109248K, used 97729K [0x00000000e0000000, 0x00000000e8000000, 0x00000000e8000000)
  eden space 87424K, 100% used [0x00000000e0000000, 0x00000000e5560000, 0x00000000e5560000)
  from space 21824K,  47% used [0x00000000e5560000, 0x00000000e5f706f0, 0x00000000e6ab0000)
  to   space 21824K,   0% used [0x00000000e6ab0000, 0x00000000e6ab0000, 0x00000000e8000000)
 concurrent mark-sweep generation total 393216K, used 35535K [0x00000000e8000000, 0x0000000100000000, 0x0000000100000000)
 Metaspace       used 36226K, capacity 36838K, committed 37264K, reserved 1081344K
  class space    used 4210K, capacity 4437K, committed 4528K, reserved 1048576K
2017-05-22T09:13:57.601+0000: 713.632: [GC (Allocation Failure) 2017-05-22T09:13:57.601+0000: 713.632: [ParNew
Desired survivor size 20112992 bytes, new threshold 8 (max 8)
- age   1:     187640 bytes,     187640 total
- age   2:       3496 bytes,     191136 total
- age   3:       4096 bytes,     195232 total
- age   4:     301792 bytes,     497024 total
- age   5:      13232 bytes,     510256 total
- age   6:     188280 bytes,     698536 total
- age   7:     124744 bytes,     823280 total
- age   8:     639704 bytes,    1462984 total
: 97729K->3189K(109248K), 0.0127029 secs] 133264K->42806K(502464K), 0.0127957 secs] [Times: user=0.03 sys=0.00, real=0.01 secs] 
Heap after GC invocations=25 (full 1):
 par new generation   total 109248K, used 3189K [0x00000000e0000000, 0x00000000e8000000, 0x00000000e8000000)
  eden space 87424K,   0% used [0x00000000e0000000, 0x00000000e0000000, 0x00000000e5560000)
  from space 21824K,  14% used [0x00000000e6ab0000, 0x00000000e6dcd4b8, 0x00000000e8000000)
  to   space 21824K,   0% used [0x00000000e5560000, 0x00000000e5560000, 0x00000000e6ab0000)
 concurrent mark-sweep generation total 393216K, used 39617K [0x00000000e8000000, 0x0000000100000000, 0x0000000100000000)
 Metaspace       used 36226K, capacity 36838K, committed 37264K, reserved 1081344K
  class space    used 4210K, capacity 4437K, committed 4528K, reserved 1048576K
}
2017-05-22T09:13:57.613+0000: 713.645: Total time for which application threads were stopped: 0.0130341 seconds, Stopping threads took: 0.0000349 seconds
{Heap before GC invocations=25 (full 1):
 par new generation   total 109248K, used 90613K [0x00000000e0000000, 0x00000000e8000000, 0x00000000e8000000)
  eden space 87424K, 100% used [0x00000000e0000000, 0x00000000e5560000, 0x00000000e5560000)
  from space 21824K,  14% used [0x00000000e6ab0000, 0x00000000e6dcd4b8, 0x00000000e8000000)
  to   space 21824K,   0% used [0x00000000e5560000, 0x00000000e5560000, 0x00000000e6ab0000)
 concurrent mark-sweep generation total 393216K, used 39617K [0x00000000e8000000, 0x0000000100000000, 0x0000000100000000)
 Metaspace       used 36257K, capacity 36902K, committed 37264K, reserved 1081344K
  class space    used 4211K, capacity 4437K, committed 4528K, reserved 1048576K
2017-05-22T09:13:57.832+0000: 713.864: [GC (Allocation Failure) 2017-05-22T09:13:57.832+0000: 713.864: [ParNew
Desired survivor size 20112992 bytes, new threshold 8 (max 8)
- age   1:     282264 bytes,     282264 total
- age   2:       3944 bytes,     286208 total
- age   3:       3232 bytes,     289440 total
- age   4:       3872 bytes,     293312 total
- age   5:     301792 bytes,     595104 total
- age   6:      13232 bytes,     608336 total
- age   7:     188280 bytes,     796616 total
- age   8:     124744 bytes,     921360 total
: 90613K->1358K(109248K), 0.0100650 secs] 130230K->41607K(502464K), 0.0101650 secs] [Times: user=0.03 sys=0.00, real=0.01 secs] 
Heap after GC invocations=26 (full 1):
 par new generation   total 109248K, used 1358K [0x00000000e0000000, 0x00000000e8000000, 0x00000000e8000000)
  eden space 87424K,   0% used [0x00000000e0000000, 0x00000000e0000000, 0x00000000e5560000)
  from space 21824K,   6% used [0x00000000e5560000, 0x00000000e56b3a50, 0x00000000e6ab0000)
  to   space 21824K,   0% used [0x00000000e6ab0000, 0x00000000e6ab0000, 0x00000000e8000000)
 concurrent mark-sweep generation total 393216K, used 40248K [0x00000000e8000000, 0x0000000100000000, 0x0000000100000000)
 Metaspace       used 36257K, capacity 36902K, committed 37264K, reserved 1081344K
  class space    used 4211K, capacity 4437K, committed 4528K, reserved 1048576K
}
2017-05-22T09:13:57.842+0000: 713.874: Total time for which application threads were stopped: 0.0103963 seconds, Stopping threads took: 0.0000328 seconds
{Heap before GC invocations=26 (full 1):
 par new generation   total 109248K, used 88782K [0x00000000e0000000, 0x00000000e8000000, 0x00000000e8000000)
  eden space 87424K, 100% used [0x00000000e0000000, 0x00000000e5560000, 0x00000000e5560000)
  from space 21824K,   6% used [0x00000000e5560000, 0x00000000e56b3a50, 0x00000000e6ab0000)
  to   space 21824K,   0% used [0x00000000e6ab0000, 0x00000000e6ab0000, 0x00000000e8000000)
 concurrent mark-sweep generation total 393216K, used 40248K [0x00000000e8000000, 0x0000000100000000, 0x0000000100000000)
 Metaspace       used 36270K, capacity 36966K, committed 37264K, reserved 1081344K
  class space    used 4211K, capacity 4437K, committed 4528K, reserved 1048576K
2017-05-22T09:13:58.030+0000: 714.061: [GC (Allocation Failure) 2017-05-22T09:13:58.030+0000: 714.061: [ParNew
Desired survivor size 20112992 bytes, new threshold 8 (max 8)
- age   1:     271760 bytes,     271760 total
- age   2:       3448 bytes,     275208 total
- age   3:       3680 bytes,     278888 total
- age   4:       3008 bytes,     281896 total
- age   5:       3872 bytes,     285768 total
- age   6:     301792 bytes,     587560 total
- age   7:      13232 bytes,     600792 total
- age   8:     188280 bytes,     789072 total
: 88782K->1015K(109248K), 0.0067116 secs] 129031K->41388K(502464K), 0.0067963 secs] [Times: user=0.02 sys=0.00, real=0.00 secs] 
Heap after GC invocations=27 (full 1):
 par new generation   total 109248K, used 1015K [0x00000000e0000000, 0x00000000e8000000, 0x00000000e8000000)
  eden space 87424K,   0% used [0x00000000e0000000, 0x00000000e0000000, 0x00000000e5560000)
  from space 21824K,   4% used [0x00000000e6ab0000, 0x00000000e6bade60, 0x00000000e8000000)
  to   space 21824K,   0% used [0x00000000e5560000, 0x00000000e5560000, 0x00000000e6ab0000)
 concurrent mark-sweep generation total 393216K, used 40372K [0x00000000e8000000, 0x0000000100000000, 0x0000000100000000)
 Metaspace       used 36270K, capacity 36966K, committed 37264K, reserved 1081344K
  class space    used 4211K, capacity 4437K, committed 4528K, reserved 1048576K
}
2017-05-22T09:13:58.036+0000: 714.068: Total time for which application threads were stopped: 0.0070110 seconds, Stopping threads took: 0.0000264 seconds
{Heap before GC invocations=27 (full 1):
 par new generation   total 109248K, used 88439K [0x00000000e0000000, 0x00000000e8000000, 0x00000000e8000000)
  eden space 87424K, 100% used [0x00000000e0000000, 0x00000000e5560000, 0x00000000e5560000)
  from space 21824K,   4% used [0x00000000e6ab0000, 0x00000000e6bade60, 0x00000000e8000000)
  to   space 21824K,   0% used [0x00000000e5560000, 0x00000000e5560000, 0x00000000e6ab0000)
 concurrent mark-sweep generation total 393216K, used 40372K [0x00000000e8000000, 0x0000000100000000, 0x0000000100000000)
 Metaspace       used 36281K, capacity 36966K, committed 37264K, reserved 1081344K
  class space    used 4211K, capacity 4437K, committed 4528K, reserved 1048576K
2017-05-22T09:13:58.220+0000: 714.252: [GC (Allocation Failure) 2017-05-22T09:13:58.220+0000: 714.252: [ParNew
Desired survivor size 20112992 bytes, new threshold 8 (max 8)
- age   1:     136800 bytes,     136800 total
- age   2:       4216 bytes,     141016 total
- age   3:       3184 bytes,     144200 total
- age   4:       3456 bytes,     147656 total
- age   5:       3008 bytes,     150664 total
- age   6:       3872 bytes,     154536 total
- age   7:     301568 bytes,     456104 total
- age   8:      13232 bytes,     469336 total
: 88439K->703K(109248K), 0.0080075 secs] 128812K->41264K(502464K), 0.0081042 secs] [Times: user=0.02 sys=0.00, real=0.01 secs] 
Heap after GC invocations=28 (full 1):
 par new generation   total 109248K, used 703K [0x00000000e0000000, 0x00000000e8000000, 0x00000000e8000000)
  eden space 87424K,   0% used [0x00000000e0000000, 0x00000000e0000000, 0x00000000e5560000)
  from space 21824K,   3% used [0x00000000e5560000, 0x00000000e560fcb0, 0x00000000e6ab0000)
  to   space 21824K,   0% used [0x00000000e6ab0000, 0x00000000e6ab0000, 0x00000000e8000000)
 concurrent mark-sweep generation total 393216K, used 40561K [0x00000000e8000000, 0x0000000100000000, 0x0000000100000000)
 Metaspace       used 36281K, capacity 36966K, committed 37264K, reserved 1081344K
  class space    used 4211K, capacity 4437K, committed 4528K, reserved 1048576K
}
2017-05-22T09:13:58.228+0000: 714.260: Total time for which application threads were stopped: 0.0082935 seconds, Stopping threads took: 0.0000223 seconds
{Heap before GC invocations=28 (full 1):
 par new generation   total 109248K, used 88127K [0x00000000e0000000, 0x00000000e8000000, 0x00000000e8000000)
  eden space 87424K, 100% used [0x00000000e0000000, 0x00000000e5560000, 0x00000000e5560000)
  from space 21824K,   3% used [0x00000000e5560000, 0x00000000e560fcb0, 0x00000000e6ab0000)
  to   space 21824K,   0% used [0x00000000e6ab0000, 0x00000000e6ab0000, 0x00000000e8000000)
 concurrent mark-sweep generation total 393216K, used 40561K [0x00000000e8000000, 0x0000000100000000, 0x0000000100000000)
 Metaspace       used 36321K, capacity 36966K, committed 37264K, reserved 1081344K
  class space    used 4211K, capacity 4437K, committed 4528K, reserved 1048576K
2017-05-22T09:13:58.418+0000: 714.450: [GC (Allocation Failure) 2017-05-22T09:13:58.419+0000: 714.450: [ParNew
Desired survivor size 20112992 bytes, new threshold 8 (max 8)
- age   1:     454352 bytes,     454352 total
- age   2:       3720 bytes,     458072 total
- age   3:       3952 bytes,     462024 total
- age   4:       3184 bytes,     465208 total
- age   5:       3456 bytes,     468664 total
- age   6:       3008 bytes,     471672 total
- age   7:       3872 bytes,     475544 total
- age   8:     301568 bytes,     777112 total
: 88127K->930K(109248K), 0.0068490 secs] 128688K->41503K(502464K), 0.0070745 secs] [Times: user=0.02 sys=0.00, real=0.01 secs] 
Heap after GC invocations=29 (full 1):
 par new generation   total 109248K, used 930K [0x00000000e0000000, 0x00000000e8000000, 0x00000000e8000000)
  eden space 87424K,   0% used [0x00000000e0000000, 0x00000000e0000000, 0x00000000e5560000)
  from space 21824K,   4% used [0x00000000e6ab0000, 0x00000000e6b98818, 0x00000000e8000000)
  to   space 21824K,   0% used [0x00000000e5560000, 0x00000000e5560000, 0x00000000e6ab0000)
 concurrent mark-sweep generation total 393216K, used 40573K [0x00000000e8000000, 0x0000000100000000, 0x0000000100000000)
 Metaspace       used 36321K, capacity 36966K, committed 37264K, reserved 1081344K
  class space    used 4211K, capacity 4437K, committed 4528K, reserved 1048576K
}
2017-05-22T09:13:58.426+0000: 714.457: Total time for which application threads were stopped: 0.0074433 seconds, Stopping threads took: 0.0000310 seconds
{Heap before GC invocations=29 (full 1):
 par new generation   total 109248K, used 88354K [0x00000000e0000000, 0x00000000e8000000, 0x00000000e8000000)
  eden space 87424K, 100% used [0x00000000e0000000, 0x00000000e5560000, 0x00000000e5560000)
  from space 21824K,   4% used [0x00000000e6ab0000, 0x00000000e6b98818, 0x00000000e8000000)
  to   space 21824K,   0% used [0x00000000e5560000, 0x00000000e5560000, 0x00000000e6ab0000)
 concurrent mark-sweep generation total 393216K, used 40573K [0x00000000e8000000, 0x0000000100000000, 0x0000000100000000)
 Metaspace       used 36339K, capacity 36966K, committed 37264K, reserved 1081344K
  class space    used 4211K, capacity 4437K, committed 4528K, reserved 1048576K
2017-05-22T09:13:58.611+0000: 714.642: [GC (Allocation Failure) 2017-05-22T09:13:58.611+0000: 714.642: [ParNew
Desired survivor size 20112992 bytes, new threshold 8 (max 8)
- age   1:     187440 bytes,     187440 total
- age   2:       3552 bytes,     190992 total
- age   3:       3496 bytes,     194488 total
- age   4:       3728 bytes,     198216 total
- age   5:       2960 bytes,     201176 total
- age   6:       3456 bytes,     204632 total
- age   7:       3008 bytes,     207640 total
- age   8:       3872 bytes,     211512 total
: 88354K->763K(109248K), 0.0084322 secs] 128927K->41634K(502464K), 0.0085196 secs] [Times: user=0.03 sys=0.00, real=0.01 secs] 
Heap after GC invocations=30 (full 1):
 par new generation   total 109248K, used 763K [0x00000000e0000000, 0x00000000e8000000, 0x00000000e8000000)
  eden space 87424K,   0% used [0x00000000e0000000, 0x00000000e0000000, 0x00000000e5560000)
  from space 21824K,   3% used [0x00000000e5560000, 0x00000000e561ee38, 0x00000000e6ab0000)
  to   space 21824K,   0% used [0x00000000e6ab0000, 0x00000000e6ab0000, 0x00000000e8000000)
 concurrent mark-sweep generation total 393216K, used 40870K [0x00000000e8000000, 0x0000000100000000, 0x0000000100000000)
 Metaspace       used 36339K, capacity 36966K, committed 37264K, reserved 1081344K
  class space    used 4211K, capacity 4437K, committed 4528K, reserved 1048576K
}
2017-05-22T09:13:58.619+0000: 714.651: Total time for which application threads were stopped: 0.0088300 seconds, Stopping threads took: 0.0000447 seconds
{Heap before GC invocations=30 (full 1):
 par new generation   total 109248K, used 88187K [0x00000000e0000000, 0x00000000e8000000, 0x00000000e8000000)
  eden space 87424K, 100% used [0x00000000e0000000, 0x00000000e5560000, 0x00000000e5560000)
  from space 21824K,   3% used [0x00000000e5560000, 0x00000000e561ee38, 0x00000000e6ab0000)
  to   space 21824K,   0% used [0x00000000e6ab0000, 0x00000000e6ab0000, 0x00000000e8000000)
 concurrent mark-sweep generation total 393216K, used 40870K [0x00000000e8000000, 0x0000000100000000, 0x0000000100000000)
 Metaspace       used 36354K, capacity 36966K, committed 37264K, reserved 1081344K
  class space    used 4211K, capacity 4437K, committed 4528K, reserved 1048576K
2017-05-22T09:13:58.813+0000: 714.845: [GC (Allocation Failure) 2017-05-22T09:13:58.813+0000: 714.845: [ParNew
Desired survivor size 20112992 bytes, new threshold 8 (max 8)
- age   1:     417712 bytes,     417712 total
- age   2:       2672 bytes,     420384 total
- age   3:       3064 bytes,     423448 total
- age   4:       3272 bytes,     426720 total
- age   5:       3728 bytes,     430448 total
- age   6:       2960 bytes,     433408 total
- age   7:       3456 bytes,     436864 total
- age   8:       3008 bytes,     439872 total
: 88187K->490K(109248K), 0.0147346 secs] 129058K->41365K(502464K), 0.0148399 secs] [Times: user=0.05 sys=0.00, real=0.02 secs] 
Heap after GC invocations=31 (full 1):
 par new generation   total 109248K, used 490K [0x00000000e0000000, 0x00000000e8000000, 0x00000000e8000000)
  eden space 87424K,   0% used [0x00000000e0000000, 0x00000000e0000000, 0x00000000e5560000)
  from space 21824K,   2% used [0x00000000e6ab0000, 0x00000000e6b2ab80, 0x00000000e8000000)
  to   space 21824K,   0% used [0x00000000e5560000, 0x00000000e5560000, 0x00000000e6ab0000)
 concurrent mark-sweep generation total 393216K, used 40874K [0x00000000e8000000, 0x0000000100000000, 0x0000000100000000)
 Metaspace       used 36354K, capacity 36966K, committed 37264K, reserved 1081344K
  class space    used 4211K, capacity 4437K, committed 4528K, reserved 1048576K
}
2017-05-22T09:13:58.828+0000: 714.860: Total time for which application threads were stopped: 0.0151211 seconds, Stopping threads took: 0.0000308 seconds
2017-05-22T09:13:59.828+0000: 715.860: Total time for which application threads were stopped: 0.0001813 seconds, Stopping threads took: 0.0000371 seconds
{Heap before GC invocations=31 (full 1):
 par new generation   total 109248K, used 87914K [0x00000000e0000000, 0x00000000e8000000, 0x00000000e8000000)
  eden space 87424K, 100% used [0x00000000e0000000, 0x00000000e5560000, 0x00000000e5560000)
  from space 21824K,   2% used [0x00000000e6ab0000, 0x00000000e6b2ab80, 0x00000000e8000000)
  to   space 21824K,   0% used [0x00000000e5560000, 0x00000000e5560000, 0x00000000e6ab0000)
 concurrent mark-sweep generation total 393216K, used 40874K [0x00000000e8000000, 0x0000000100000000, 0x0000000100000000)
 Metaspace       used 36445K, capacity 37098K, committed 37520K, reserved 1083392K
  class space    used 4211K, capacity 4437K, committed 4528K, reserved 1048576K
2017-05-22T09:16:46.275+0000: 882.307: [GC (Allocation Failure) 2017-05-22T09:16:46.275+0000: 882.307: [ParNew
Desired survivor size 20112992 bytes, new threshold 8 (max 8)
- age   1:     720552 bytes,     720552 total
- age   2:     149760 bytes,     870312 total
- age   3:       2184 bytes,     872496 total
- age   4:       2840 bytes,     875336 total
- age   5:       3048 bytes,     878384 total
- age   6:       3728 bytes,     882112 total
- age   7:       2960 bytes,     885072 total
- age   8:       3456 bytes,     888528 total
: 87914K->1100K(109248K), 0.0083721 secs] 128789K->41977K(502464K), 0.0084678 secs] [Times: user=0.03 sys=0.00, real=0.01 secs] 
Heap after GC invocations=32 (full 1):
 par new generation   total 109248K, used 1100K [0x00000000e0000000, 0x00000000e8000000, 0x00000000e8000000)
  eden space 87424K,   0% used [0x00000000e0000000, 0x00000000e0000000, 0x00000000e5560000)
  from space 21824K,   5% used [0x00000000e5560000, 0x00000000e56731c0, 0x00000000e6ab0000)
  to   space 21824K,   0% used [0x00000000e6ab0000, 0x00000000e6ab0000, 0x00000000e8000000)
 concurrent mark-sweep generation total 393216K, used 40877K [0x00000000e8000000, 0x0000000100000000, 0x0000000100000000)
 Metaspace       used 36445K, capacity 37098K, committed 37520K, reserved 1083392K
  class space    used 4211K, capacity 4437K, committed 4528K, reserved 1048576K
}
2017-05-22T09:16:46.284+0000: 882.315: Total time for which application threads were stopped: 0.0086811 seconds, Stopping threads took: 0.0000283 seconds
{Heap before GC invocations=32 (full 1):
 par new generation   total 109248K, used 88524K [0x00000000e0000000, 0x00000000e8000000, 0x00000000e8000000)
  eden space 87424K, 100% used [0x00000000e0000000, 0x00000000e5560000, 0x00000000e5560000)
  from space 21824K,   5% used [0x00000000e5560000, 0x00000000e56731c0, 0x00000000e6ab0000)
  to   space 21824K,   0% used [0x00000000e6ab0000, 0x00000000e6ab0000, 0x00000000e8000000)
 concurrent mark-sweep generation total 393216K, used 40877K [0x00000000e8000000, 0x0000000100000000, 0x0000000100000000)
 Metaspace       used 36528K, capacity 37174K, committed 37520K, reserved 1083392K
  class space    used 4211K, capacity 4437K, committed 4528K, reserved 1048576K
2017-05-22T09:16:46.467+0000: 882.498: [GC (Allocation Failure) 2017-05-22T09:16:46.467+0000: 882.498: [ParNew
Desired survivor size 20112992 bytes, new threshold 8 (max 8)
- age   1:     335712 bytes,     335712 total
- age   2:     242912 bytes,     578624 total
- age   3:     149720 bytes,     728344 total
- age   4:       2184 bytes,     730528 total
- age   5:       2840 bytes,     733368 total
- age   6:       3048 bytes,     736416 total
- age   7:       3728 bytes,     740144 total
- age   8:       2960 bytes,     743104 total
: 88524K->1113K(109248K), 0.0069531 secs] 129401K->41994K(502464K), 0.0070496 secs] [Times: user=0.02 sys=0.00, real=0.00 secs] 
Heap after GC invocations=33 (full 1):
 par new generation   total 109248K, used 1113K [0x00000000e0000000, 0x00000000e8000000, 0x00000000e8000000)
  eden space 87424K,   0% used [0x00000000e0000000, 0x00000000e0000000, 0x00000000e5560000)
  from space 21824K,   5% used [0x00000000e6ab0000, 0x00000000e6bc6700, 0x00000000e8000000)
  to   space 21824K,   0% used [0x00000000e5560000, 0x00000000e5560000, 0x00000000e6ab0000)
 concurrent mark-sweep generation total 393216K, used 40880K [0x00000000e8000000, 0x0000000100000000, 0x0000000100000000)
 Metaspace       used 36528K, capacity 37174K, committed 37520K, reserved 1083392K
  class space    used 4211K, capacity 4437K, committed 4528K, reserved 1048576K
}
2017-05-22T09:16:46.474+0000: 882.505: Total time for which application threads were stopped: 0.0072692 seconds, Stopping threads took: 0.0000346 seconds
{Heap before GC invocations=33 (full 1):
 par new generation   total 109248K, used 88537K [0x00000000e0000000, 0x00000000e8000000, 0x00000000e8000000)
  eden space 87424K, 100% used [0x00000000e0000000, 0x00000000e5560000, 0x00000000e5560000)
  from space 21824K,   5% used [0x00000000e6ab0000, 0x00000000e6bc6700, 0x00000000e8000000)
  to   space 21824K,   0% used [0x00000000e5560000, 0x00000000e5560000, 0x00000000e6ab0000)
 concurrent mark-sweep generation total 393216K, used 40880K [0x00000000e8000000, 0x0000000100000000, 0x0000000100000000)
 Metaspace       used 36530K, capacity 37174K, committed 37520K, reserved 1083392K
  class space    used 4211K, capacity 4437K, committed 4528K, reserved 1048576K
2017-05-22T09:16:46.640+0000: 882.672: [GC (Allocation Failure) 2017-05-22T09:16:46.640+0000: 882.672: [ParNew
Desired survivor size 20112992 bytes, new threshold 8 (max 8)
- age   1:     473280 bytes,     473280 total
- age   2:       5472 bytes,     478752 total
- age   3:     242872 bytes,     721624 total
- age   4:     149720 bytes,     871344 total
- age   5:       2184 bytes,     873528 total
- age   6:       2840 bytes,     876368 total
- age   7:       3048 bytes,     879416 total
- age   8:       3728 bytes,     883144 total
: 88537K->1101K(109248K), 0.0067788 secs] 129418K->41984K(502464K), 0.0068656 secs] [Times: user=0.02 sys=0.00, real=0.01 secs] 
Heap after GC invocations=34 (full 1):
 par new generation   total 109248K, used 1101K [0x00000000e0000000, 0x00000000e8000000, 0x00000000e8000000)
  eden space 87424K,   0% used [0x00000000e0000000, 0x00000000e0000000, 0x00000000e5560000)
  from space 21824K,   5% used [0x00000000e5560000, 0x00000000e5673460, 0x00000000e6ab0000)
  to   space 21824K,   0% used [0x00000000e6ab0000, 0x00000000e6ab0000, 0x00000000e8000000)
 concurrent mark-sweep generation total 393216K, used 40883K [0x00000000e8000000, 0x0000000100000000, 0x0000000100000000)
 Metaspace       used 36530K, capacity 37174K, committed 37520K, reserved 1083392K
  class space    used 4211K, capacity 4437K, committed 4528K, reserved 1048576K
}
2017-05-22T09:16:46.647+0000: 882.678: Total time for which application threads were stopped: 0.0070659 seconds, Stopping threads took: 0.0000231 seconds
{Heap before GC invocations=34 (full 1):
 par new generation   total 109248K, used 88525K [0x00000000e0000000, 0x00000000e8000000, 0x00000000e8000000)
  eden space 87424K, 100% used [0x00000000e0000000, 0x00000000e5560000, 0x00000000e5560000)
  from space 21824K,   5% used [0x00000000e5560000, 0x00000000e5673460, 0x00000000e6ab0000)
  to   space 21824K,   0% used [0x00000000e6ab0000, 0x00000000e6ab0000, 0x00000000e8000000)
 concurrent mark-sweep generation total 393216K, used 40883K [0x00000000e8000000, 0x0000000100000000, 0x0000000100000000)
 Metaspace       used 36532K, capacity 37238K, committed 37520K, reserved 1083392K
  class space    used 4211K, capacity 4437K, committed 4528K, reserved 1048576K
2017-05-22T09:16:46.821+0000: 882.852: [GC (Allocation Failure) 2017-05-22T09:16:46.821+0000: 882.852: [ParNew
Desired survivor size 20112992 bytes, new threshold 8 (max 8)
- age   1:     481216 bytes,     481216 total
- age   2:       2432 bytes,     483648 total
- age   3:       5432 bytes,     489080 total
- age   4:     242872 bytes,     731952 total
- age   5:     149720 bytes,     881672 total
- age   6:       2184 bytes,     883856 total
- age   7:       2840 bytes,     886696 total
- age   8:       3048 bytes,     889744 total
: 88525K->1292K(109248K), 0.0062219 secs] 129408K->42179K(502464K), 0.0063154 secs] [Times: user=0.02 sys=0.00, real=0.01 secs] 
Heap after GC invocations=35 (full 1):
 par new generation   total 109248K, used 1292K [0x00000000e0000000, 0x00000000e8000000, 0x00000000e8000000)
  eden space 87424K,   0% used [0x00000000e0000000, 0x00000000e0000000, 0x00000000e5560000)
  from space 21824K,   5% used [0x00000000e6ab0000, 0x00000000e6bf3260, 0x00000000e8000000)
  to   space 21824K,   0% used [0x00000000e5560000, 0x00000000e5560000, 0x00000000e6ab0000)
 concurrent mark-sweep generation total 393216K, used 40887K [0x00000000e8000000, 0x0000000100000000, 0x0000000100000000)
 Metaspace       used 36532K, capacity 37238K, committed 37520K, reserved 1083392K
  class space    used 4211K, capacity 4437K, committed 4528K, reserved 1048576K
}
2017-05-22T09:16:46.827+0000: 882.859: Total time for which application threads were stopped: 0.0065195 seconds, Stopping threads took: 0.0000388 seconds
{Heap before GC invocations=35 (full 1):
 par new generation   total 109248K, used 88716K [0x00000000e0000000, 0x00000000e8000000, 0x00000000e8000000)
  eden space 87424K, 100% used [0x00000000e0000000, 0x00000000e5560000, 0x00000000e5560000)
  from space 21824K,   5% used [0x00000000e6ab0000, 0x00000000e6bf3260, 0x00000000e8000000)
  to   space 21824K,   0% used [0x00000000e5560000, 0x00000000e5560000, 0x00000000e6ab0000)
 concurrent mark-sweep generation total 393216K, used 40887K [0x00000000e8000000, 0x0000000100000000, 0x0000000100000000)
 Metaspace       used 36533K, capacity 37238K, committed 37520K, reserved 1083392K
  class space    used 4211K, capacity 4437K, committed 4528K, reserved 1048576K
2017-05-22T09:16:47.005+0000: 883.036: [GC (Allocation Failure) 2017-05-22T09:16:47.005+0000: 883.036: [ParNew
Desired survivor size 20112992 bytes, new threshold 8 (max 8)
- age   1:     452744 bytes,     452744 total
- age   2:       2328 bytes,     455072 total
- age   3:       2392 bytes,     457464 total
- age   4:       5432 bytes,     462896 total
- age   5:     242424 bytes,     705320 total
- age   6:     149720 bytes,     855040 total
- age   7:       2184 bytes,     857224 total
- age   8:       2840 bytes,     860064 total
: 88716K->1148K(109248K), 0.0065853 secs] 129603K->42038K(502464K), 0.0066619 secs] [Times: user=0.01 sys=0.01, real=0.01 secs] 
Heap after GC invocations=36 (full 1):
 par new generation   total 109248K, used 1148K [0x00000000e0000000, 0x00000000e8000000, 0x00000000e8000000)
  eden space 87424K,   0% used [0x00000000e0000000, 0x00000000e0000000, 0x00000000e5560000)
  from space 21824K,   5% used [0x00000000e5560000, 0x00000000e567f280, 0x00000000e6ab0000)
  to   space 21824K,   0% used [0x00000000e6ab0000, 0x00000000e6ab0000, 0x00000000e8000000)
 concurrent mark-sweep generation total 393216K, used 40890K [0x00000000e8000000, 0x0000000100000000, 0x0000000100000000)
 Metaspace       used 36533K, capacity 37238K, committed 37520K, reserved 1083392K
  class space    used 4211K, capacity 4437K, committed 4528K, reserved 1048576K
}
2017-05-22T09:16:47.012+0000: 883.043: Total time for which application threads were stopped: 0.0068691 seconds, Stopping threads took: 0.0000278 seconds
{Heap before GC invocations=36 (full 1):
 par new generation   total 109248K, used 88572K [0x00000000e0000000, 0x00000000e8000000, 0x00000000e8000000)
  eden space 87424K, 100% used [0x00000000e0000000, 0x00000000e5560000, 0x00000000e5560000)
  from space 21824K,   5% used [0x00000000e5560000, 0x00000000e567f280, 0x00000000e6ab0000)
  to   space 21824K,   0% used [0x00000000e6ab0000, 0x00000000e6ab0000, 0x00000000e8000000)
 concurrent mark-sweep generation total 393216K, used 40890K [0x00000000e8000000, 0x0000000100000000, 0x0000000100000000)
 Metaspace       used 36534K, capacity 37238K, committed 37520K, reserved 1083392K
  class space    used 4211K, capacity 4437K, committed 4528K, reserved 1048576K
2017-05-22T09:16:47.178+0000: 883.209: [GC (Allocation Failure) 2017-05-22T09:16:47.178+0000: 883.209: [ParNew
Desired survivor size 20112992 bytes, new threshold 8 (max 8)
- age   1:     453928 bytes,     453928 total
- age   2:       2944 bytes,     456872 total
- age   3:       2288 bytes,     459160 total
- age   4:       2392 bytes,     461552 total
- age   5:       5432 bytes,     466984 total
- age   6:     242424 bytes,     709408 total
- age   7:     149720 bytes,     859128 total
- age   8:       2184 bytes,     861312 total
: 88572K->1217K(109248K), 0.0076367 secs] 129462K->42110K(502464K), 0.0078274 secs] [Times: user=0.02 sys=0.00, real=0.01 secs] 
Heap after GC invocations=37 (full 1):
 par new generation   total 109248K, used 1217K [0x00000000e0000000, 0x00000000e8000000, 0x00000000e8000000)
  eden space 87424K,   0% used [0x00000000e0000000, 0x00000000e0000000, 0x00000000e5560000)
  from space 21824K,   5% used [0x00000000e6ab0000, 0x00000000e6be0488, 0x00000000e8000000)
  to   space 21824K,   0% used [0x00000000e5560000, 0x00000000e5560000, 0x00000000e6ab0000)
 concurrent mark-sweep generation total 393216K, used 40892K [0x00000000e8000000, 0x0000000100000000, 0x0000000100000000)
 Metaspace       used 36534K, capacity 37238K, committed 37520K, reserved 1083392K
  class space    used 4211K, capacity 4437K, committed 4528K, reserved 1048576K
}
2017-05-22T09:16:47.186+0000: 883.217: Total time for which application threads were stopped: 0.0081384 seconds, Stopping threads took: 0.0000285 seconds
{Heap before GC invocations=37 (full 1):
 par new generation   total 109248K, used 88641K [0x00000000e0000000, 0x00000000e8000000, 0x00000000e8000000)
  eden space 87424K, 100% used [0x00000000e0000000, 0x00000000e5560000, 0x00000000e5560000)
  from space 21824K,   5% used [0x00000000e6ab0000, 0x00000000e6be0488, 0x00000000e8000000)
  to   space 21824K,   0% used [0x00000000e5560000, 0x00000000e5560000, 0x00000000e6ab0000)
 concurrent mark-sweep generation total 393216K, used 40892K [0x00000000e8000000, 0x0000000100000000, 0x0000000100000000)
 Metaspace       used 36558K, capacity 37238K, committed 37520K, reserved 1083392K
  class space    used 4211K, capacity 4437K, committed 4528K, reserved 1048576K
2017-05-22T09:16:47.366+0000: 883.397: [GC (Allocation Failure) 2017-05-22T09:16:47.366+0000: 883.397: [ParNew
Desired survivor size 20112992 bytes, new threshold 8 (max 8)
- age   1:     201952 bytes,     201952 total
- age   2:       2296 bytes,     204248 total
- age   3:       2904 bytes,     207152 total
- age   4:       2288 bytes,     209440 total
- age   5:       2392 bytes,     211832 total
- age   6:       5432 bytes,     217264 total
- age   7:     242424 bytes,     459688 total
- age   8:     149720 bytes,     609408 total
: 88641K->852K(109248K), 0.0072726 secs] 129534K->41747K(502464K), 0.0073695 secs] [Times: user=0.02 sys=0.00, real=0.00 secs] 
Heap after GC invocations=38 (full 1):
 par new generation   total 109248K, used 852K [0x00000000e0000000, 0x00000000e8000000, 0x00000000e8000000)
  eden space 87424K,   0% used [0x00000000e0000000, 0x00000000e0000000, 0x00000000e5560000)
  from space 21824K,   3% used [0x00000000e5560000, 0x00000000e56350c0, 0x00000000e6ab0000)
  to   space 21824K,   0% used [0x00000000e6ab0000, 0x00000000e6ab0000, 0x00000000e8000000)
 concurrent mark-sweep generation total 393216K, used 40895K [0x00000000e8000000, 0x0000000100000000, 0x0000000100000000)
 Metaspace       used 36558K, capacity 37238K, committed 37520K, reserved 1083392K
  class space    used 4211K, capacity 4437K, committed 4528K, reserved 1048576K
}
2017-05-22T09:16:47.373+0000: 883.405: Total time for which application threads were stopped: 0.0075773 seconds, Stopping threads took: 0.0000239 seconds
{Heap before GC invocations=38 (full 1):
 par new generation   total 109248K, used 88276K [0x00000000e0000000, 0x00000000e8000000, 0x00000000e8000000)
  eden space 87424K, 100% used [0x00000000e0000000, 0x00000000e5560000, 0x00000000e5560000)
  from space 21824K,   3% used [0x00000000e5560000, 0x00000000e56350c0, 0x00000000e6ab0000)
  to   space 21824K,   0% used [0x00000000e6ab0000, 0x00000000e6ab0000, 0x00000000e8000000)
 concurrent mark-sweep generation total 393216K, used 40895K [0x00000000e8000000, 0x0000000100000000, 0x0000000100000000)
 Metaspace       used 36565K, capacity 37238K, committed 37520K, reserved 1083392K
  class space    used 4211K, capacity 4437K, committed 4528K, reserved 1048576K
2017-05-22T09:16:47.549+0000: 883.581: [GC (Allocation Failure) 2017-05-22T09:16:47.549+0000: 883.581: [ParNew
Desired survivor size 20112992 bytes, new threshold 8 (max 8)
- age   1:     430344 bytes,     430344 total
- age   2:       2696 bytes,     433040 total
- age   3:       2256 bytes,     435296 total
- age   4:       2904 bytes,     438200 total
- age   5:       2288 bytes,     440488 total
- age   6:       2392 bytes,     442880 total
- age   7:       5432 bytes,     448312 total
- age   8:     242200 bytes,     690512 total
: 88276K->824K(109248K), 0.0084973 secs] 129171K->41866K(502464K), 0.0087009 secs] [Times: user=0.02 sys=0.00, real=0.01 secs] 
Heap after GC invocations=39 (full 1):
 par new generation   total 109248K, used 824K [0x00000000e0000000, 0x00000000e8000000, 0x00000000e8000000)
  eden space 87424K,   0% used [0x00000000e0000000, 0x00000000e0000000, 0x00000000e5560000)
  from space 21824K,   3% used [0x00000000e6ab0000, 0x00000000e6b7e130, 0x00000000e8000000)
  to   space 21824K,   0% used [0x00000000e5560000, 0x00000000e5560000, 0x00000000e6ab0000)
 concurrent mark-sweep generation total 393216K, used 41042K [0x00000000e8000000, 0x0000000100000000, 0x0000000100000000)
 Metaspace       used 36565K, capacity 37238K, committed 37520K, reserved 1083392K
  class space    used 4211K, capacity 4437K, committed 4528K, reserved 1048576K
}
2017-05-22T09:16:47.558+0000: 883.590: Total time for which application threads were stopped: 0.0092221 seconds, Stopping threads took: 0.0000726 seconds
{Heap before GC invocations=39 (full 1):
 par new generation   total 109248K, used 88248K [0x00000000e0000000, 0x00000000e8000000, 0x00000000e8000000)
  eden space 87424K, 100% used [0x00000000e0000000, 0x00000000e5560000, 0x00000000e5560000)
  from space 21824K,   3% used [0x00000000e6ab0000, 0x00000000e6b7e130, 0x00000000e8000000)
  to   space 21824K,   0% used [0x00000000e5560000, 0x00000000e5560000, 0x00000000e6ab0000)
 concurrent mark-sweep generation total 393216K, used 41042K [0x00000000e8000000, 0x0000000100000000, 0x0000000100000000)
 Metaspace       used 36567K, capacity 37238K, committed 37520K, reserved 1083392K
  class space    used 4212K, capacity 4437K, committed 4528K, reserved 1048576K
2017-05-22T09:16:47.723+0000: 883.754: [GC (Allocation Failure) 2017-05-22T09:16:47.723+0000: 883.754: [ParNew
Desired survivor size 20112992 bytes, new threshold 8 (max 8)
- age   1:     410824 bytes,     410824 total
- age   2:       2936 bytes,     413760 total
- age   3:       2656 bytes,     416416 total
- age   4:       2256 bytes,     418672 total
- age   5:       2680 bytes,     421352 total
- age   6:       2288 bytes,     423640 total
- age   7:       2392 bytes,     426032 total
- age   8:       5432 bytes,     431464 total
: 88248K->882K(109248K), 0.0140476 secs] 129290K->42162K(502464K), 0.0141677 secs] [Times: user=0.04 sys=0.00, real=0.01 secs] 
Heap after GC invocations=40 (full 1):
 par new generation   total 109248K, used 882K [0x00000000e0000000, 0x00000000e8000000, 0x00000000e8000000)
  eden space 87424K,   0% used [0x00000000e0000000, 0x00000000e0000000, 0x00000000e5560000)
  from space 21824K,   4% used [0x00000000e5560000, 0x00000000e563c920, 0x00000000e6ab0000)
  to   space 21824K,   0% used [0x00000000e6ab0000, 0x00000000e6ab0000, 0x00000000e8000000)
 concurrent mark-sweep generation total 393216K, used 41280K [0x00000000e8000000, 0x0000000100000000, 0x0000000100000000)
 Metaspace       used 36567K, capacity 37238K, committed 37520K, reserved 1083392K
  class space    used 4212K, capacity 4437K, committed 4528K, reserved 1048576K
}
2017-05-22T09:16:47.737+0000: 883.769: Total time for which application threads were stopped: 0.0144126 seconds, Stopping threads took: 0.0000366 seconds
{Heap before GC invocations=40 (full 1):
 par new generation   total 109248K, used 88306K [0x00000000e0000000, 0x00000000e8000000, 0x00000000e8000000)
  eden space 87424K, 100% used [0x00000000e0000000, 0x00000000e5560000, 0x00000000e5560000)
  from space 21824K,   4% used [0x00000000e5560000, 0x00000000e563c920, 0x00000000e6ab0000)
  to   space 21824K,   0% used [0x00000000e6ab0000, 0x00000000e6ab0000, 0x00000000e8000000)
 concurrent mark-sweep generation total 393216K, used 41280K [0x00000000e8000000, 0x0000000100000000, 0x0000000100000000)
 Metaspace       used 36579K, capacity 37238K, committed 37520K, reserved 1083392K
  class space    used 4212K, capacity 4437K, committed 4528K, reserved 1048576K
2017-05-22T09:16:47.941+0000: 883.972: [GC (Allocation Failure) 2017-05-22T09:16:47.941+0000: 883.972: [ParNew
Desired survivor size 20112992 bytes, new threshold 8 (max 8)
- age   1:     169432 bytes,     169432 total
- age   2:       2480 bytes,     171912 total
- age   3:       2672 bytes,     174584 total
- age   4:       2656 bytes,     177240 total
- age   5:       2256 bytes,     179496 total
- age   6:       2456 bytes,     181952 total
- age   7:       2288 bytes,     184240 total
- age   8:       2392 bytes,     186632 total
: 88306K->282K(109248K), 0.0087992 secs] 129586K->41567K(502464K), 0.0088861 secs] [Times: user=0.03 sys=0.00, real=0.01 secs] 
Heap after GC invocations=41 (full 1):
 par new generation   total 109248K, used 282K [0x00000000e0000000, 0x00000000e8000000, 0x00000000e8000000)
  eden space 87424K,   0% used [0x00000000e0000000, 0x00000000e0000000, 0x00000000e5560000)
  from space 21824K,   1% used [0x00000000e6ab0000, 0x00000000e6af6a28, 0x00000000e8000000)
  to   space 21824K,   0% used [0x00000000e5560000, 0x00000000e5560000, 0x00000000e6ab0000)
 concurrent mark-sweep generation total 393216K, used 41285K [0x00000000e8000000, 0x0000000100000000, 0x0000000100000000)
 Metaspace       used 36579K, capacity 37238K, committed 37520K, reserved 1083392K
  class space    used 4212K, capacity 4437K, committed 4528K, reserved 1048576K
}
2017-05-22T09:16:47.950+0000: 883.981: Total time for which application threads were stopped: 0.0091368 seconds, Stopping threads took: 0.0000530 seconds
2017-05-22T09:16:48.950+0000: 884.982: Total time for which application threads were stopped: 0.0002730 seconds, Stopping threads took: 0.0000465 seconds
2017-05-22T09:16:51.951+0000: 887.982: Total time for which application threads were stopped: 0.0001794 seconds, Stopping threads took: 0.0000628 seconds
{Heap before GC invocations=41 (full 1):
 par new generation   total 109248K, used 87706K [0x00000000e0000000, 0x00000000e8000000, 0x00000000e8000000)
  eden space 87424K, 100% used [0x00000000e0000000, 0x00000000e5560000, 0x00000000e5560000)
  from space 21824K,   1% used [0x00000000e6ab0000, 0x00000000e6af6a28, 0x00000000e8000000)
  to   space 21824K,   0% used [0x00000000e5560000, 0x00000000e5560000, 0x00000000e6ab0000)
 concurrent mark-sweep generation total 393216K, used 41285K [0x00000000e8000000, 0x0000000100000000, 0x0000000100000000)
 Metaspace       used 36635K, capacity 37302K, committed 37520K, reserved 1083392K
  class space    used 4212K, capacity 4437K, committed 4528K, reserved 1048576K
2017-05-22T09:16:52.102+0000: 888.134: [GC (Allocation Failure) 2017-05-22T09:16:52.102+0000: 888.134: [ParNew
Desired survivor size 20112992 bytes, new threshold 8 (max 8)
- age   1:     478264 bytes,     478264 total
- age   2:       2824 bytes,     481088 total
- age   3:       2440 bytes,     483528 total
- age   4:       2448 bytes,     485976 total
- age   5:       2656 bytes,     488632 total
- age   6:       2256 bytes,     490888 total
- age   7:       2456 bytes,     493344 total
- age   8:       2288 bytes,     495632 total
: 87706K->525K(109248K), 0.0084448 secs] 128991K->41812K(502464K), 0.0086163 secs] [Times: user=0.03 sys=0.00, real=0.01 secs] 
Heap after GC invocations=42 (full 1):
 par new generation   total 109248K, used 525K [0x00000000e0000000, 0x00000000e8000000, 0x00000000e8000000)
  eden space 87424K,   0% used [0x00000000e0000000, 0x00000000e0000000, 0x00000000e5560000)
  from space 21824K,   2% used [0x00000000e5560000, 0x00000000e55e35e8, 0x00000000e6ab0000)
  to   space 21824K,   0% used [0x00000000e6ab0000, 0x00000000e6ab0000, 0x00000000e8000000)
 concurrent mark-sweep generation total 393216K, used 41287K [0x00000000e8000000, 0x0000000100000000, 0x0000000100000000)
 Metaspace       used 36635K, capacity 37302K, committed 37520K, reserved 1083392K
  class space    used 4212K, capacity 4437K, committed 4528K, reserved 1048576K
}
2017-05-22T09:16:52.111+0000: 888.142: Total time for which application threads were stopped: 0.0089511 seconds, Stopping threads took: 0.0000239 seconds
{Heap before GC invocations=42 (full 1):
 par new generation   total 109248K, used 87949K [0x00000000e0000000, 0x00000000e8000000, 0x00000000e8000000)
  eden space 87424K, 100% used [0x00000000e0000000, 0x00000000e5560000, 0x00000000e5560000)
  from space 21824K,   2% used [0x00000000e5560000, 0x00000000e55e35e8, 0x00000000e6ab0000)
  to   space 21824K,   0% used [0x00000000e6ab0000, 0x00000000e6ab0000, 0x00000000e8000000)
 concurrent mark-sweep generation total 393216K, used 41287K [0x00000000e8000000, 0x0000000100000000, 0x0000000100000000)
 Metaspace       used 36664K, capacity 37302K, committed 37520K, reserved 1083392K
  class space    used 4212K, capacity 4437K, committed 4528K, reserved 1048576K
2017-05-22T09:16:52.306+0000: 888.337: [GC (Allocation Failure) 2017-05-22T09:16:52.306+0000: 888.337: [ParNew
Desired survivor size 20112992 bytes, new threshold 8 (max 8)
- age   1:     345328 bytes,     345328 total
- age   2:      26776 bytes,     372104 total
- age   3:       2784 bytes,     374888 total
- age   4:       2440 bytes,     377328 total
- age   5:       2448 bytes,     379776 total
- age   6:       2656 bytes,     382432 total
- age   7:       2256 bytes,     384688 total
- age   8:       2456 bytes,     387144 total
: 87949K->537K(109248K), 0.0110149 secs] 129236K->41826K(502464K), 0.0111930 secs] [Times: user=0.03 sys=0.00, real=0.00 secs] 
Heap after GC invocations=43 (full 1):
 par new generation   total 109248K, used 537K [0x00000000e0000000, 0x00000000e8000000, 0x00000000e8000000)
  eden space 87424K,   0% used [0x00000000e0000000, 0x00000000e0000000, 0x00000000e5560000)
  from space 21824K,   2% used [0x00000000e6ab0000, 0x00000000e6b36430, 0x00000000e8000000)
  to   space 21824K,   0% used [0x00000000e5560000, 0x00000000e5560000, 0x00000000e6ab0000)
 concurrent mark-sweep generation total 393216K, used 41289K [0x00000000e8000000, 0x0000000100000000, 0x0000000100000000)
 Metaspace       used 36664K, capacity 37302K, committed 37520K, reserved 1083392K
  class space    used 4212K, capacity 4437K, committed 4528K, reserved 1048576K
}
2017-05-22T09:16:52.317+0000: 888.348: Total time for which application threads were stopped: 0.0118487 seconds, Stopping threads took: 0.0002340 seconds
{Heap before GC invocations=43 (full 1):
 par new generation   total 109248K, used 87961K [0x00000000e0000000, 0x00000000e8000000, 0x00000000e8000000)
  eden space 87424K, 100% used [0x00000000e0000000, 0x00000000e5560000, 0x00000000e5560000)
  from space 21824K,   2% used [0x00000000e6ab0000, 0x00000000e6b36430, 0x00000000e8000000)
  to   space 21824K,   0% used [0x00000000e5560000, 0x00000000e5560000, 0x00000000e6ab0000)
 concurrent mark-sweep generation total 393216K, used 41289K [0x00000000e8000000, 0x0000000100000000, 0x0000000100000000)
 Metaspace       used 36680K, capacity 37302K, committed 37520K, reserved 1083392K
  class space    used 4212K, capacity 4437K, committed 4528K, reserved 1048576K
2017-05-22T09:16:52.495+0000: 888.527: [GC (Allocation Failure) 2017-05-22T09:16:52.495+0000: 888.527: [ParNew
Desired survivor size 20112992 bytes, new threshold 8 (max 8)
- age   1:     385920 bytes,     385920 total
- age   2:       4080 bytes,     390000 total
- age   3:      26064 bytes,     416064 total
- age   4:       2784 bytes,     418848 total
- age   5:       2440 bytes,     421288 total
- age   6:       2448 bytes,     423736 total
- age   7:       2656 bytes,     426392 total
- age   8:       2256 bytes,     428648 total
: 87961K->536K(109248K), 0.0061467 secs] 129250K->41828K(502464K), 0.0062525 secs] [Times: user=0.01 sys=0.00, real=0.01 secs] 
Heap after GC invocations=44 (full 1):
 par new generation   total 109248K, used 536K [0x00000000e0000000, 0x00000000e8000000, 0x00000000e8000000)
  eden space 87424K,   0% used [0x00000000e0000000, 0x00000000e0000000, 0x00000000e5560000)
  from space 21824K,   2% used [0x00000000e5560000, 0x00000000e55e6218, 0x00000000e6ab0000)
  to   space 21824K,   0% used [0x00000000e6ab0000, 0x00000000e6ab0000, 0x00000000e8000000)
 concurrent mark-sweep generation total 393216K, used 41291K [0x00000000e8000000, 0x0000000100000000, 0x0000000100000000)
 Metaspace       used 36680K, capacity 37302K, committed 37520K, reserved 1083392K
  class space    used 4212K, capacity 4437K, committed 4528K, reserved 1048576K
}
2017-05-22T09:16:52.502+0000: 888.533: Total time for which application threads were stopped: 0.0064818 seconds, Stopping threads took: 0.0000257 seconds
{Heap before GC invocations=44 (full 1):
 par new generation   total 109248K, used 87960K [0x00000000e0000000, 0x00000000e8000000, 0x00000000e8000000)
  eden space 87424K, 100% used [0x00000000e0000000, 0x00000000e5560000, 0x00000000e5560000)
  from space 21824K,   2% used [0x00000000e5560000, 0x00000000e55e6218, 0x00000000e6ab0000)
  to   space 21824K,   0% used [0x00000000e6ab0000, 0x00000000e6ab0000, 0x00000000e8000000)
 concurrent mark-sweep generation total 393216K, used 41291K [0x00000000e8000000, 0x0000000100000000, 0x0000000100000000)
 Metaspace       used 36681K, capacity 37302K, committed 37520K, reserved 1083392K
  class space    used 4212K, capacity 4437K, committed 4528K, reserved 1048576K
2017-05-22T09:16:52.674+0000: 888.706: [GC (Allocation Failure) 2017-05-22T09:16:52.674+0000: 888.706: [ParNew
Desired survivor size 20112992 bytes, new threshold 8 (max 8)
- age   1:     520664 bytes,     520664 total
- age   2:       3792 bytes,     524456 total
- age   3:       3792 bytes,     528248 total
- age   4:      25840 bytes,     554088 total
- age   5:       2784 bytes,     556872 total
- age   6:       2440 bytes,     559312 total
- age   7:       2448 bytes,     561760 total
- age   8:       2656 bytes,     564416 total
: 87960K->722K(109248K), 0.0075245 secs] 129252K->42016K(502464K), 0.0076846 secs] [Times: user=0.01 sys=0.00, real=0.01 secs] 
Heap after GC invocations=45 (full 1):
 par new generation   total 109248K, used 722K [0x00000000e0000000, 0x00000000e8000000, 0x00000000e8000000)
  eden space 87424K,   0% used [0x00000000e0000000, 0x00000000e0000000, 0x00000000e5560000)
  from space 21824K,   3% used [0x00000000e6ab0000, 0x00000000e6b649b8, 0x00000000e8000000)
  to   space 21824K,   0% used [0x00000000e5560000, 0x00000000e5560000, 0x00000000e6ab0000)
 concurrent mark-sweep generation total 393216K, used 41294K [0x00000000e8000000, 0x0000000100000000, 0x0000000100000000)
 Metaspace       used 36681K, capacity 37302K, committed 37520K, reserved 1083392K
  class space    used 4212K, capacity 4437K, committed 4528K, reserved 1048576K
}
2017-05-22T09:16:52.682+0000: 888.714: Total time for which application threads were stopped: 0.0079730 seconds, Stopping threads took: 0.0000220 seconds
{Heap before GC invocations=45 (full 1):
 par new generation   total 109248K, used 88146K [0x00000000e0000000, 0x00000000e8000000, 0x00000000e8000000)
  eden space 87424K, 100% used [0x00000000e0000000, 0x00000000e5560000, 0x00000000e5560000)
  from space 21824K,   3% used [0x00000000e6ab0000, 0x00000000e6b649b8, 0x00000000e8000000)
  to   space 21824K,   0% used [0x00000000e5560000, 0x00000000e5560000, 0x00000000e6ab0000)
 concurrent mark-sweep generation total 393216K, used 41294K [0x00000000e8000000, 0x0000000100000000, 0x0000000100000000)
 Metaspace       used 36681K, capacity 37302K, committed 37520K, reserved 1083392K
  class space    used 4212K, capacity 4437K, committed 4528K, reserved 1048576K
2017-05-22T09:16:52.863+0000: 888.895: [GC (Allocation Failure) 2017-05-22T09:16:52.863+0000: 888.895: [ParNew
Desired survivor size 20112992 bytes, new threshold 8 (max 8)
- age   1:     473616 bytes,     473616 total
- age   2:       5056 bytes,     478672 total
- age   3:       3752 bytes,     482424 total
- age   4:       3792 bytes,     486216 total
- age   5:      25616 bytes,     511832 total
- age   6:       2784 bytes,     514616 total
- age   7:       2440 bytes,     517056 total
- age   8:       2448 bytes,     519504 total
: 88146K->666K(109248K), 0.0108443 secs] 129440K->41963K(502464K), 0.0109640 secs] [Times: user=0.03 sys=0.00, real=0.01 secs] 
Heap after GC invocations=46 (full 1):
 par new generation   total 109248K, used 666K [0x00000000e0000000, 0x00000000e8000000, 0x00000000e8000000)
  eden space 87424K,   0% used [0x00000000e0000000, 0x00000000e0000000, 0x00000000e5560000)
  from space 21824K,   3% used [0x00000000e5560000, 0x00000000e5606a78, 0x00000000e6ab0000)
  to   space 21824K,   0% used [0x00000000e6ab0000, 0x00000000e6ab0000, 0x00000000e8000000)
 concurrent mark-sweep generation total 393216K, used 41296K [0x00000000e8000000, 0x0000000100000000, 0x0000000100000000)
 Metaspace       used 36681K, capacity 37302K, committed 37520K, reserved 1083392K
  class space    used 4212K, capacity 4437K, committed 4528K, reserved 1048576K
}
2017-05-22T09:16:52.874+0000: 888.906: Total time for which application threads were stopped: 0.0112121 seconds, Stopping threads took: 0.0000351 seconds
{Heap before GC invocations=46 (full 1):
 par new generation   total 109248K, used 88090K [0x00000000e0000000, 0x00000000e8000000, 0x00000000e8000000)
  eden space 87424K, 100% used [0x00000000e0000000, 0x00000000e5560000, 0x00000000e5560000)
  from space 21824K,   3% used [0x00000000e5560000, 0x00000000e5606a78, 0x00000000e6ab0000)
  to   space 21824K,   0% used [0x00000000e6ab0000, 0x00000000e6ab0000, 0x00000000e8000000)
 concurrent mark-sweep generation total 393216K, used 41296K [0x00000000e8000000, 0x0000000100000000, 0x0000000100000000)
 Metaspace       used 36681K, capacity 37302K, committed 37520K, reserved 1083392K
  class space    used 4212K, capacity 4437K, committed 4528K, reserved 1048576K
2017-05-22T09:16:53.042+0000: 889.074: [GC (Allocation Failure) 2017-05-22T09:16:53.042+0000: 889.074: [ParNew
Desired survivor size 20112992 bytes, new threshold 8 (max 8)
- age   1:     171880 bytes,     171880 total
- age   2:       2304 bytes,     174184 total
- age   3:       4792 bytes,     178976 total
- age   4:       3752 bytes,     182728 total
- age   5:       3568 bytes,     186296 total
- age   6:      25616 bytes,     211912 total
- age   7:       2784 bytes,     214696 total
- age   8:       2440 bytes,     217136 total
: 88090K->313K(109248K), 0.0059090 secs] 129387K->41612K(502464K), 0.0060071 secs] [Times: user=0.02 sys=0.00, real=0.01 secs] 
Heap after GC invocations=47 (full 1):
 par new generation   total 109248K, used 313K [0x00000000e0000000, 0x00000000e8000000, 0x00000000e8000000)
  eden space 87424K,   0% used [0x00000000e0000000, 0x00000000e0000000, 0x00000000e5560000)
  from space 21824K,   1% used [0x00000000e6ab0000, 0x00000000e6afe638, 0x00000000e8000000)
  to   space 21824K,   0% used [0x00000000e5560000, 0x00000000e5560000, 0x00000000e6ab0000)
 concurrent mark-sweep generation total 393216K, used 41299K [0x00000000e8000000, 0x0000000100000000, 0x0000000100000000)
 Metaspace       used 36681K, capacity 37302K, committed 37520K, reserved 1083392K
  class space    used 4212K, capacity 4437K, committed 4528K, reserved 1048576K
}
2017-05-22T09:16:53.048+0000: 889.080: Total time for which application threads were stopped: 0.0062140 seconds, Stopping threads took: 0.0000266 seconds
{Heap before GC invocations=47 (full 1):
 par new generation   total 109248K, used 87737K [0x00000000e0000000, 0x00000000e8000000, 0x00000000e8000000)
  eden space 87424K, 100% used [0x00000000e0000000, 0x00000000e5560000, 0x00000000e5560000)
  from space 21824K,   1% used [0x00000000e6ab0000, 0x00000000e6afe638, 0x00000000e8000000)
  to   space 21824K,   0% used [0x00000000e5560000, 0x00000000e5560000, 0x00000000e6ab0000)
 concurrent mark-sweep generation total 393216K, used 41299K [0x00000000e8000000, 0x0000000100000000, 0x0000000100000000)
 Metaspace       used 36681K, capacity 37302K, committed 37520K, reserved 1083392K
  class space    used 4212K, capacity 4437K, committed 4528K, reserved 1048576K
2017-05-22T09:16:53.221+0000: 889.253: [GC (Allocation Failure) 2017-05-22T09:16:53.221+0000: 889.253: [ParNew
Desired survivor size 20112992 bytes, new threshold 8 (max 8)
- age   1:     332928 bytes,     332928 total
- age   2:       3008 bytes,     335936 total
- age   3:       2264 bytes,     338200 total
- age   4:       4792 bytes,     342992 total
- age   5:       3752 bytes,     346744 total
- age   6:       3568 bytes,     350312 total
- age   7:      25616 bytes,     375928 total
- age   8:       2784 bytes,     378712 total
: 87737K->448K(109248K), 0.0100887 secs] 129036K->41750K(502464K), 0.0101678 secs] [Times: user=0.03 sys=0.00, real=0.01 secs] 
Heap after GC invocations=48 (full 1):
 par new generation   total 109248K, used 448K [0x00000000e0000000, 0x00000000e8000000, 0x00000000e8000000)
  eden space 87424K,   0% used [0x00000000e0000000, 0x00000000e0000000, 0x00000000e5560000)
  from space 21824K,   2% used [0x00000000e5560000, 0x00000000e55d0328, 0x00000000e6ab0000)
  to   space 21824K,   0% used [0x00000000e6ab0000, 0x00000000e6ab0000, 0x00000000e8000000)
 concurrent mark-sweep generation total 393216K, used 41301K [0x00000000e8000000, 0x0000000100000000, 0x0000000100000000)
 Metaspace       used 36681K, capacity 37302K, committed 37520K, reserved 1083392K
  class space    used 4212K, capacity 4437K, committed 4528K, reserved 1048576K
}
2017-05-22T09:16:53.232+0000: 889.263: Total time for which application threads were stopped: 0.0103667 seconds, Stopping threads took: 0.0000305 seconds
{Heap before GC invocations=48 (full 1):
 par new generation   total 109248K, used 87872K [0x00000000e0000000, 0x00000000e8000000, 0x00000000e8000000)
  eden space 87424K, 100% used [0x00000000e0000000, 0x00000000e5560000, 0x00000000e5560000)
  from space 21824K,   2% used [0x00000000e5560000, 0x00000000e55d0328, 0x00000000e6ab0000)
  to   space 21824K,   0% used [0x00000000e6ab0000, 0x00000000e6ab0000, 0x00000000e8000000)
 concurrent mark-sweep generation total 393216K, used 41301K [0x00000000e8000000, 0x0000000100000000, 0x0000000100000000)
 Metaspace       used 36722K, capacity 37302K, committed 37520K, reserved 1083392K
  class space    used 4212K, capacity 4437K, committed 4528K, reserved 1048576K
2017-05-22T09:16:53.436+0000: 889.468: [GC (Allocation Failure) 2017-05-22T09:16:53.436+0000: 889.468: [ParNew
Desired survivor size 20112992 bytes, new threshold 8 (max 8)
- age   1:     480200 bytes,     480200 total
- age   2:       2104 bytes,     482304 total
- age   3:       2968 bytes,     485272 total
- age   4:       2040 bytes,     487312 total
- age   5:       4792 bytes,     492104 total
- age   6:       3528 bytes,     495632 total
- age   7:       3568 bytes,     499200 total
- age   8:      25616 bytes,     524816 total
: 87872K->600K(109248K), 0.0065058 secs] 129174K->41904K(502464K), 0.0066004 secs] [Times: user=0.02 sys=0.00, real=0.01 secs] 
Heap after GC invocations=49 (full 1):
 par new generation   total 109248K, used 600K [0x00000000e0000000, 0x00000000e8000000, 0x00000000e8000000)
  eden space 87424K,   0% used [0x00000000e0000000, 0x00000000e0000000, 0x00000000e5560000)
  from space 21824K,   2% used [0x00000000e6ab0000, 0x00000000e6b46078, 0x00000000e8000000)
  to   space 21824K,   0% used [0x00000000e5560000, 0x00000000e5560000, 0x00000000e6ab0000)
 concurrent mark-sweep generation total 393216K, used 41304K [0x00000000e8000000, 0x0000000100000000, 0x0000000100000000)
 Metaspace       used 36722K, capacity 37302K, committed 37520K, reserved 1083392K
  class space    used 4212K, capacity 4437K, committed 4528K, reserved 1048576K
}
2017-05-22T09:16:53.443+0000: 889.474: Total time for which application threads were stopped: 0.0067929 seconds, Stopping threads took: 0.0000232 seconds
{Heap before GC invocations=49 (full 1):
 par new generation   total 109248K, used 88024K [0x00000000e0000000, 0x00000000e8000000, 0x00000000e8000000)
  eden space 87424K, 100% used [0x00000000e0000000, 0x00000000e5560000, 0x00000000e5560000)
  from space 21824K,   2% used [0x00000000e6ab0000, 0x00000000e6b46078, 0x00000000e8000000)
  to   space 21824K,   0% used [0x00000000e5560000, 0x00000000e5560000, 0x00000000e6ab0000)
 concurrent mark-sweep generation total 393216K, used 41304K [0x00000000e8000000, 0x0000000100000000, 0x0000000100000000)
 Metaspace       used 36722K, capacity 37302K, committed 37520K, reserved 1083392K
  class space    used 4212K, capacity 4437K, committed 4528K, reserved 1048576K
2017-05-22T09:16:53.617+0000: 889.649: [GC (Allocation Failure) 2017-05-22T09:16:53.617+0000: 889.649: [ParNew
Desired survivor size 20112992 bytes, new threshold 8 (max 8)
- age   1:     294928 bytes,     294928 total
- age   2:       3672 bytes,     298600 total
- age   3:       2064 bytes,     300664 total
- age   4:       2968 bytes,     303632 total
- age   5:       2040 bytes,     305672 total
- age   6:       4792 bytes,     310464 total
- age   7:       3304 bytes,     313768 total
- age   8:       3568 bytes,     317336 total
: 88024K->679K(109248K), 0.0066805 secs] 129328K->42008K(502464K), 0.0067591 secs] [Times: user=0.02 sys=0.00, real=0.00 secs] 
Heap after GC invocations=50 (full 1):
 par new generation   total 109248K, used 679K [0x00000000e0000000, 0x00000000e8000000, 0x00000000e8000000)
  eden space 87424K,   0% used [0x00000000e0000000, 0x00000000e0000000, 0x00000000e5560000)
  from space 21824K,   3% used [0x00000000e5560000, 0x00000000e5609d70, 0x00000000e6ab0000)
  to   space 21824K,   0% used [0x00000000e6ab0000, 0x00000000e6ab0000, 0x00000000e8000000)
 concurrent mark-sweep generation total 393216K, used 41329K [0x00000000e8000000, 0x0000000100000000, 0x0000000100000000)
 Metaspace       used 36722K, capacity 37302K, committed 37520K, reserved 1083392K
  class space    used 4212K, capacity 4437K, committed 4528K, reserved 1048576K
}
2017-05-22T09:16:53.624+0000: 889.656: Total time for which application threads were stopped: 0.0069773 seconds, Stopping threads took: 0.0000433 seconds
2017-05-22T09:16:54.624+0000: 890.656: Total time for which application threads were stopped: 0.0002106 seconds, Stopping threads took: 0.0000386 seconds
{Heap before GC invocations=50 (full 1):
 par new generation   total 109248K, used 88103K [0x00000000e0000000, 0x00000000e8000000, 0x00000000e8000000)
  eden space 87424K, 100% used [0x00000000e0000000, 0x00000000e5560000, 0x00000000e5560000)
  from space 21824K,   3% used [0x00000000e5560000, 0x00000000e5609d70, 0x00000000e6ab0000)
  to   space 21824K,   0% used [0x00000000e6ab0000, 0x00000000e6ab0000, 0x00000000e8000000)
 concurrent mark-sweep generation total 393216K, used 41329K [0x00000000e8000000, 0x0000000100000000, 0x0000000100000000)
 Metaspace       used 36748K, capacity 37366K, committed 37776K, reserved 1083392K
  class space    used 4212K, capacity 4437K, committed 4528K, reserved 1048576K
2017-05-22T09:17:07.966+0000: 903.997: [GC (Allocation Failure) 2017-05-22T09:17:07.966+0000: 903.998: [ParNew
Desired survivor size 20112992 bytes, new threshold 8 (max 8)
- age   1:     494472 bytes,     494472 total
- age   2:       2968 bytes,     497440 total
- age   3:       2960 bytes,     500400 total
- age   4:       2064 bytes,     502464 total
- age   5:       2520 bytes,     504984 total
- age   6:       2040 bytes,     507024 total
- age   7:       4568 bytes,     511592 total
- age   8:       3304 bytes,     514896 total
: 88103K->588K(109248K), 0.0191147 secs] 129432K->41921K(502464K), 0.0192474 secs] [Times: user=0.04 sys=0.01, real=0.02 secs] 
Heap after GC invocations=51 (full 1):
 par new generation   total 109248K, used 588K [0x00000000e0000000, 0x00000000e8000000, 0x00000000e8000000)
  eden space 87424K,   0% used [0x00000000e0000000, 0x00000000e0000000, 0x00000000e5560000)
  from space 21824K,   2% used [0x00000000e6ab0000, 0x00000000e6b43320, 0x00000000e8000000)
  to   space 21824K,   0% used [0x00000000e5560000, 0x00000000e5560000, 0x00000000e6ab0000)
 concurrent mark-sweep generation total 393216K, used 41332K [0x00000000e8000000, 0x0000000100000000, 0x0000000100000000)
 Metaspace       used 36748K, capacity 37366K, committed 37776K, reserved 1083392K
  class space    used 4212K, capacity 4437K, committed 4528K, reserved 1048576K
}
2017-05-22T09:17:07.985+0000: 904.017: Total time for which application threads were stopped: 0.0195093 seconds, Stopping threads took: 0.0000208 seconds
{Heap before GC invocations=51 (full 1):
 par new generation   total 109248K, used 88012K [0x00000000e0000000, 0x00000000e8000000, 0x00000000e8000000)
  eden space 87424K, 100% used [0x00000000e0000000, 0x00000000e5560000, 0x00000000e5560000)
  from space 21824K,   2% used [0x00000000e6ab0000, 0x00000000e6b43320, 0x00000000e8000000)
  to   space 21824K,   0% used [0x00000000e5560000, 0x00000000e5560000, 0x00000000e6ab0000)
 concurrent mark-sweep generation total 393216K, used 41332K [0x00000000e8000000, 0x0000000100000000, 0x0000000100000000)
 Metaspace       used 36752K, capacity 37366K, committed 37776K, reserved 1083392K
  class space    used 4212K, capacity 4437K, committed 4528K, reserved 1048576K
2017-05-22T09:17:08.233+0000: 904.264: [GC (Allocation Failure) 2017-05-22T09:17:08.233+0000: 904.264: [ParNew
Desired survivor size 20112992 bytes, new threshold 8 (max 8)
- age   1:     508472 bytes,     508472 total
- age   2:      27992 bytes,     536464 total
- age   3:       2928 bytes,     539392 total
- age   4:       2960 bytes,     542352 total
- age   5:       2064 bytes,     544416 total
- age   6:       2520 bytes,     546936 total
- age   7:       2040 bytes,     548976 total
- age   8:       4568 bytes,     553544 total
: 88012K->593K(109248K), 0.0147752 secs] 129345K->41929K(502464K), 0.0148624 secs] [Times: user=0.04 sys=0.00, real=0.02 secs] 
Heap after GC invocations=52 (full 1):
 par new generation   total 109248K, used 593K [0x00000000e0000000, 0x00000000e8000000, 0x00000000e8000000)
  eden space 87424K,   0% used [0x00000000e0000000, 0x00000000e0000000, 0x00000000e5560000)
  from space 21824K,   2% used [0x00000000e5560000, 0x00000000e55f47a0, 0x00000000e6ab0000)
  to   space 21824K,   0% used [0x00000000e6ab0000, 0x00000000e6ab0000, 0x00000000e8000000)
 concurrent mark-sweep generation total 393216K, used 41336K [0x00000000e8000000, 0x0000000100000000, 0x0000000100000000)
 Metaspace       used 36752K, capacity 37366K, committed 37776K, reserved 1083392K
  class space    used 4212K, capacity 4437K, committed 4528K, reserved 1048576K
}
2017-05-22T09:17:08.248+0000: 904.279: Total time for which application threads were stopped: 0.0150942 seconds, Stopping threads took: 0.0000303 seconds
{Heap before GC invocations=52 (full 1):
 par new generation   total 109248K, used 88017K [0x00000000e0000000, 0x00000000e8000000, 0x00000000e8000000)
  eden space 87424K, 100% used [0x00000000e0000000, 0x00000000e5560000, 0x00000000e5560000)
  from space 21824K,   2% used [0x00000000e5560000, 0x00000000e55f47a0, 0x00000000e6ab0000)
  to   space 21824K,   0% used [0x00000000e6ab0000, 0x00000000e6ab0000, 0x00000000e8000000)
 concurrent mark-sweep generation total 393216K, used 41336K [0x00000000e8000000, 0x0000000100000000, 0x0000000100000000)
 Metaspace       used 36759K, capacity 37430K, committed 37776K, reserved 1083392K
  class space    used 4212K, capacity 4437K, committed 4528K, reserved 1048576K
2017-05-22T09:17:08.450+0000: 904.482: [GC (Allocation Failure) 2017-05-22T09:17:08.450+0000: 904.482: [ParNew
Desired survivor size 20112992 bytes, new threshold 8 (max 8)
- age   1:     440368 bytes,     440368 total
- age   2:       3312 bytes,     443680 total
- age   3:      27504 bytes,     471184 total
- age   4:       2928 bytes,     474112 total
- age   5:       2960 bytes,     477072 total
- age   6:       2064 bytes,     479136 total
- age   7:       2520 bytes,     481656 total
- age   8:       2040 bytes,     483696 total
: 88017K->882K(109248K), 0.0108070 secs] 129353K->42223K(502464K), 0.0109630 secs] [Times: user=0.04 sys=0.00, real=0.01 secs] 
Heap after GC invocations=53 (full 1):
 par new generation   total 109248K, used 882K [0x00000000e0000000, 0x00000000e8000000, 0x00000000e8000000)
  eden space 87424K,   0% used [0x00000000e0000000, 0x00000000e0000000, 0x00000000e5560000)
  from space 21824K,   4% used [0x00000000e6ab0000, 0x00000000e6b8cad8, 0x00000000e8000000)
  to   space 21824K,   0% used [0x00000000e5560000, 0x00000000e5560000, 0x00000000e6ab0000)
 concurrent mark-sweep generation total 393216K, used 41340K [0x00000000e8000000, 0x0000000100000000, 0x0000000100000000)
 Metaspace       used 36759K, capacity 37430K, committed 37776K, reserved 1083392K
  class space    used 4212K, capacity 4437K, committed 4528K, reserved 1048576K
}
2017-05-22T09:17:08.461+0000: 904.493: Total time for which application threads were stopped: 0.0112253 seconds, Stopping threads took: 0.0000316 seconds
{Heap before GC invocations=53 (full 1):
 par new generation   total 109248K, used 88306K [0x00000000e0000000, 0x00000000e8000000, 0x00000000e8000000)
  eden space 87424K, 100% used [0x00000000e0000000, 0x00000000e5560000, 0x00000000e5560000)
  from space 21824K,   4% used [0x00000000e6ab0000, 0x00000000e6b8cad8, 0x00000000e8000000)
  to   space 21824K,   0% used [0x00000000e5560000, 0x00000000e5560000, 0x00000000e6ab0000)
 concurrent mark-sweep generation total 393216K, used 41340K [0x00000000e8000000, 0x0000000100000000, 0x0000000100000000)
 Metaspace       used 37083K, capacity 37750K, committed 38032K, reserved 1083392K
  class space    used 4212K, capacity 4437K, committed 4528K, reserved 1048576K
2017-05-22T09:17:08.737+0000: 904.768: [GC (Allocation Failure) 2017-05-22T09:17:08.737+0000: 904.768: [ParNew
Desired survivor size 20112992 bytes, new threshold 8 (max 8)
- age   1:     375040 bytes,     375040 total
- age   2:       2816 bytes,     377856 total
- age   3:       2824 bytes,     380680 total
- age   4:      27280 bytes,     407960 total
- age   5:       2928 bytes,     410888 total
- age   6:       2960 bytes,     413848 total
- age   7:       2064 bytes,     415912 total
- age   8:       2520 bytes,     418432 total
: 88306K->445K(109248K), 0.0209393 secs] 129647K->41787K(502464K), 0.0210364 secs] [Times: user=0.05 sys=0.00, real=0.03 secs] 
Heap after GC invocations=54 (full 1):
 par new generation   total 109248K, used 445K [0x00000000e0000000, 0x00000000e8000000, 0x00000000e8000000)
  eden space 87424K,   0% used [0x00000000e0000000, 0x00000000e0000000, 0x00000000e5560000)
  from space 21824K,   2% used [0x00000000e5560000, 0x00000000e55cf5d0, 0x00000000e6ab0000)
  to   space 21824K,   0% used [0x00000000e6ab0000, 0x00000000e6ab0000, 0x00000000e8000000)
 concurrent mark-sweep generation total 393216K, used 41342K [0x00000000e8000000, 0x0000000100000000, 0x0000000100000000)
 Metaspace       used 37083K, capacity 37750K, committed 38032K, reserved 1083392K
  class space    used 4212K, capacity 4437K, committed 4528K, reserved 1048576K
}
2017-05-22T09:17:08.758+0000: 904.789: Total time for which application threads were stopped: 0.0213102 seconds, Stopping threads took: 0.0000475 seconds
{Heap before GC invocations=54 (full 1):
 par new generation   total 109248K, used 87869K [0x00000000e0000000, 0x00000000e8000000, 0x00000000e8000000)
  eden space 87424K, 100% used [0x00000000e0000000, 0x00000000e5560000, 0x00000000e5560000)
  from space 21824K,   2% used [0x00000000e5560000, 0x00000000e55cf5d0, 0x00000000e6ab0000)
  to   space 21824K,   0% used [0x00000000e6ab0000, 0x00000000e6ab0000, 0x00000000e8000000)
 concurrent mark-sweep generation total 393216K, used 41342K [0x00000000e8000000, 0x0000000100000000, 0x0000000100000000)
 Metaspace       used 37083K, capacity 37750K, committed 38032K, reserved 1083392K
  class space    used 4212K, capacity 4437K, committed 4528K, reserved 1048576K
2017-05-22T09:17:08.966+0000: 904.998: [GC (Allocation Failure) 2017-05-22T09:17:08.966+0000: 904.998: [ParNew
Desired survivor size 20112992 bytes, new threshold 8 (max 8)
- age   1:     515776 bytes,     515776 total
- age   2:       5704 bytes,     521480 total
- age   3:       2552 bytes,     524032 total
- age   4:       2824 bytes,     526856 total
- age   5:      27280 bytes,     554136 total
- age   6:       2928 bytes,     557064 total
- age   7:       2960 bytes,     560024 total
- age   8:       2064 bytes,     562088 total
: 87869K->783K(109248K), 0.0073567 secs] 129211K->42128K(502464K), 0.0075400 secs] [Times: user=0.02 sys=0.00, real=0.00 secs] 
Heap after GC invocations=55 (full 1):
 par new generation   total 109248K, used 783K [0x00000000e0000000, 0x00000000e8000000, 0x00000000e8000000)
  eden space 87424K,   0% used [0x00000000e0000000, 0x00000000e0000000, 0x00000000e5560000)
  from space 21824K,   3% used [0x00000000e6ab0000, 0x00000000e6b73c90, 0x00000000e8000000)
  to   space 21824K,   0% used [0x00000000e5560000, 0x00000000e5560000, 0x00000000e6ab0000)
 concurrent mark-sweep generation total 393216K, used 41344K [0x00000000e8000000, 0x0000000100000000, 0x0000000100000000)
 Metaspace       used 37083K, capacity 37750K, committed 38032K, reserved 1083392K
  class space    used 4212K, capacity 4437K, committed 4528K, reserved 1048576K
}
2017-05-22T09:17:08.974+0000: 905.005: Total time for which application threads were stopped: 0.0078564 seconds, Stopping threads took: 0.0000240 seconds
{Heap before GC invocations=55 (full 1):
 par new generation   total 109248K, used 88207K [0x00000000e0000000, 0x00000000e8000000, 0x00000000e8000000)
  eden space 87424K, 100% used [0x00000000e0000000, 0x00000000e5560000, 0x00000000e5560000)
  from space 21824K,   3% used [0x00000000e6ab0000, 0x00000000e6b73c90, 0x00000000e8000000)
  to   space 21824K,   0% used [0x00000000e5560000, 0x00000000e5560000, 0x00000000e6ab0000)
 concurrent mark-sweep generation total 393216K, used 41344K [0x00000000e8000000, 0x0000000100000000, 0x0000000100000000)
 Metaspace       used 37083K, capacity 37750K, committed 38032K, reserved 1083392K
  class space    used 4212K, capacity 4437K, committed 4528K, reserved 1048576K
2017-05-22T09:17:09.136+0000: 905.167: [GC (Allocation Failure) 2017-05-22T09:17:09.136+0000: 905.167: [ParNew
Desired survivor size 20112992 bytes, new threshold 8 (max 8)
- age   1:     173896 bytes,     173896 total
- age   2:       2504 bytes,     176400 total
- age   3:       5216 bytes,     181616 total
- age   4:       2552 bytes,     184168 total
- age   5:       2824 bytes,     186992 total
- age   6:      27280 bytes,     214272 total
- age   7:       2928 bytes,     217200 total
- age   8:       2960 bytes,     220160 total
: 88207K->446K(109248K), 0.0091393 secs] 129552K->41793K(502464K), 0.0092380 secs] [Times: user=0.02 sys=0.00, real=0.01 secs] 
Heap after GC invocations=56 (full 1):
 par new generation   total 109248K, used 446K [0x00000000e0000000, 0x00000000e8000000, 0x00000000e8000000)
  eden space 87424K,   0% used [0x00000000e0000000, 0x00000000e0000000, 0x00000000e5560000)
  from space 21824K,   2% used [0x00000000e5560000, 0x00000000e55cfac8, 0x00000000e6ab0000)
  to   space 21824K,   0% used [0x00000000e6ab0000, 0x00000000e6ab0000, 0x00000000e8000000)
 concurrent mark-sweep generation total 393216K, used 41346K [0x00000000e8000000, 0x0000000100000000, 0x0000000100000000)
 Metaspace       used 37083K, capacity 37750K, committed 38032K, reserved 1083392K
  class space    used 4212K, capacity 4437K, committed 4528K, reserved 1048576K
}
2017-05-22T09:17:09.145+0000: 905.176: Total time for which application threads were stopped: 0.0094329 seconds, Stopping threads took: 0.0000241 seconds
{Heap before GC invocations=56 (full 1):
 par new generation   total 109248K, used 87870K [0x00000000e0000000, 0x00000000e8000000, 0x00000000e8000000)
  eden space 87424K, 100% used [0x00000000e0000000, 0x00000000e5560000, 0x00000000e5560000)
  from space 21824K,   2% used [0x00000000e5560000, 0x00000000e55cfac8, 0x00000000e6ab0000)
  to   space 21824K,   0% used [0x00000000e6ab0000, 0x00000000e6ab0000, 0x00000000e8000000)
 concurrent mark-sweep generation total 393216K, used 41346K [0x00000000e8000000, 0x0000000100000000, 0x0000000100000000)
 Metaspace       used 37089K, capacity 37750K, committed 38032K, reserved 1083392K
  class space    used 4212K, capacity 4437K, committed 4528K, reserved 1048576K
2017-05-22T09:17:09.311+0000: 905.342: [GC (Allocation Failure) 2017-05-22T09:17:09.311+0000: 905.342: [ParNew
Desired survivor size 20112992 bytes, new threshold 8 (max 8)
- age   1:     299400 bytes,     299400 total
- age   2:       2456 bytes,     301856 total
- age   3:       2240 bytes,     304096 total
- age   4:       5216 bytes,     309312 total
- age   5:       2552 bytes,     311864 total
- age   6:       2824 bytes,     314688 total
- age   7:      27280 bytes,     341968 total
- age   8:       2928 bytes,     344896 total
: 87870K->408K(109248K), 0.0050226 secs] 129217K->41758K(502464K), 0.0051067 secs] [Times: user=0.01 sys=0.00, real=0.00 secs] 
Heap after GC invocations=57 (full 1):
 par new generation   total 109248K, used 408K [0x00000000e0000000, 0x00000000e8000000, 0x00000000e8000000)
  eden space 87424K,   0% used [0x00000000e0000000, 0x00000000e0000000, 0x00000000e5560000)
  from space 21824K,   1% used [0x00000000e6ab0000, 0x00000000e6b161b8, 0x00000000e8000000)
  to   space 21824K,   0% used [0x00000000e5560000, 0x00000000e5560000, 0x00000000e6ab0000)
 concurrent mark-sweep generation total 393216K, used 41349K [0x00000000e8000000, 0x0000000100000000, 0x0000000100000000)
 Metaspace       used 37089K, capacity 37750K, committed 38032K, reserved 1083392K
  class space    used 4212K, capacity 4437K, committed 4528K, reserved 1048576K
}
2017-05-22T09:17:09.316+0000: 905.348: Total time for which application threads were stopped: 0.0053042 seconds, Stopping threads took: 0.0000252 seconds
{Heap before GC invocations=57 (full 1):
 par new generation   total 109248K, used 87832K [0x00000000e0000000, 0x00000000e8000000, 0x00000000e8000000)
  eden space 87424K, 100% used [0x00000000e0000000, 0x00000000e5560000, 0x00000000e5560000)
  from space 21824K,   1% used [0x00000000e6ab0000, 0x00000000e6b161b8, 0x00000000e8000000)
  to   space 21824K,   0% used [0x00000000e5560000, 0x00000000e5560000, 0x00000000e6ab0000)
 concurrent mark-sweep generation total 393216K, used 41349K [0x00000000e8000000, 0x0000000100000000, 0x0000000100000000)
 Metaspace       used 37092K, capacity 37750K, committed 38032K, reserved 1083392K
  class space    used 4212K, capacity 4437K, committed 4528K, reserved 1048576K
2017-05-22T09:17:09.487+0000: 905.519: [GC (Allocation Failure) 2017-05-22T09:17:09.487+0000: 905.519: [ParNew
Desired survivor size 20112992 bytes, new threshold 8 (max 8)
- age   1:     108352 bytes,     108352 total
- age   2:       2792 bytes,     111144 total
- age   3:       2416 bytes,     113560 total
- age   4:       2016 bytes,     115576 total
- age   5:       5216 bytes,     120792 total
- age   6:       2552 bytes,     123344 total
- age   7:       2824 bytes,     126168 total
- age   8:      27280 bytes,     153448 total
: 87832K->335K(109248K), 0.0078273 secs] 129182K->41688K(502464K), 0.0079206 secs] [Times: user=0.02 sys=0.00, real=0.00 secs] 
Heap after GC invocations=58 (full 1):
 par new generation   total 109248K, used 335K [0x00000000e0000000, 0x00000000e8000000, 0x00000000e8000000)
  eden space 87424K,   0% used [0x00000000e0000000, 0x00000000e0000000, 0x00000000e5560000)
  from space 21824K,   1% used [0x00000000e5560000, 0x00000000e55b3f70, 0x00000000e6ab0000)
  to   space 21824K,   0% used [0x00000000e6ab0000, 0x00000000e6ab0000, 0x00000000e8000000)
 concurrent mark-sweep generation total 393216K, used 41352K [0x00000000e8000000, 0x0000000100000000, 0x0000000100000000)
 Metaspace       used 37092K, capacity 37750K, committed 38032K, reserved 1083392K
  class space    used 4212K, capacity 4437K, committed 4528K, reserved 1048576K
}
2017-05-22T09:17:09.495+0000: 905.527: Total time for which application threads were stopped: 0.0081252 seconds, Stopping threads took: 0.0000197 seconds
{Heap before GC invocations=58 (full 1):
 par new generation   total 109248K, used 87759K [0x00000000e0000000, 0x00000000e8000000, 0x00000000e8000000)
  eden space 87424K, 100% used [0x00000000e0000000, 0x00000000e5560000, 0x00000000e5560000)
  from space 21824K,   1% used [0x00000000e5560000, 0x00000000e55b3f70, 0x00000000e6ab0000)
  to   space 21824K,   0% used [0x00000000e6ab0000, 0x00000000e6ab0000, 0x00000000e8000000)
 concurrent mark-sweep generation total 393216K, used 41352K [0x00000000e8000000, 0x0000000100000000, 0x0000000100000000)
 Metaspace       used 37097K, capacity 37750K, committed 38032K, reserved 1083392K
  class space    used 4212K, capacity 4437K, committed 4528K, reserved 1048576K
2017-05-22T09:17:09.680+0000: 905.711: [GC (Allocation Failure) 2017-05-22T09:17:09.680+0000: 905.711: [ParNew
Desired survivor size 20112992 bytes, new threshold 8 (max 8)
- age   1:     215976 bytes,     215976 total
- age   2:       2480 bytes,     218456 total
- age   3:       2752 bytes,     221208 total
- age   4:       2416 bytes,     223624 total
- age   5:       2016 bytes,     225640 total
- age   6:       5216 bytes,     230856 total
- age   7:       2552 bytes,     233408 total
- age   8:       2824 bytes,     236232 total
: 87759K->249K(109248K), 0.0079511 secs] 129112K->41629K(502464K), 0.0080419 secs] [Times: user=0.02 sys=0.00, real=0.01 secs] 
Heap after GC invocations=59 (full 1):
 par new generation   total 109248K, used 249K [0x00000000e0000000, 0x00000000e8000000, 0x00000000e8000000)
  eden space 87424K,   0% used [0x00000000e0000000, 0x00000000e0000000, 0x00000000e5560000)
  from space 21824K,   1% used [0x00000000e6ab0000, 0x00000000e6aee770, 0x00000000e8000000)
  to   space 21824K,   0% used [0x00000000e5560000, 0x00000000e5560000, 0x00000000e6ab0000)
 concurrent mark-sweep generation total 393216K, used 41379K [0x00000000e8000000, 0x0000000100000000, 0x0000000100000000)
 Metaspace       used 37097K, capacity 37750K, committed 38032K, reserved 1083392K
  class space    used 4212K, capacity 4437K, committed 4528K, reserved 1048576K
}
2017-05-22T09:17:09.688+0000: 905.719: Total time for which application threads were stopped: 0.0082718 seconds, Stopping threads took: 0.0000294 seconds
{Heap before GC invocations=59 (full 1):
 par new generation   total 109248K, used 87673K [0x00000000e0000000, 0x00000000e8000000, 0x00000000e8000000)
  eden space 87424K, 100% used [0x00000000e0000000, 0x00000000e5560000, 0x00000000e5560000)
  from space 21824K,   1% used [0x00000000e6ab0000, 0x00000000e6aee770, 0x00000000e8000000)
  to   space 21824K,   0% used [0x00000000e5560000, 0x00000000e5560000, 0x00000000e6ab0000)
 concurrent mark-sweep generation total 393216K, used 41379K [0x00000000e8000000, 0x0000000100000000, 0x0000000100000000)
 Metaspace       used 37098K, capacity 37750K, committed 38032K, reserved 1083392K
  class space    used 4212K, capacity 4437K, committed 4528K, reserved 1048576K
2017-05-22T09:17:09.862+0000: 905.894: [GC (Allocation Failure) 2017-05-22T09:17:09.862+0000: 905.894: [ParNew
Desired survivor size 20112992 bytes, new threshold 8 (max 8)
- age   1:     504792 bytes,     504792 total
- age   2:       3608 bytes,     508400 total
- age   3:       2480 bytes,     510880 total
- age   4:       2752 bytes,     513632 total
- age   5:       2192 bytes,     515824 total
- age   6:       2016 bytes,     517840 total
- age   7:       4992 bytes,     522832 total
- age   8:       2552 bytes,     525384 total
: 87673K->609K(109248K), 0.0059349 secs] 129053K->41991K(502464K), 0.0061507 secs] [Times: user=0.02 sys=0.00, real=0.01 secs] 
Heap after GC invocations=60 (full 1):
 par new generation   total 109248K, used 609K [0x00000000e0000000, 0x00000000e8000000, 0x00000000e8000000)
  eden space 87424K,   0% used [0x00000000e0000000, 0x00000000e0000000, 0x00000000e5560000)
  from space 21824K,   2% used [0x00000000e5560000, 0x00000000e55f84e8, 0x00000000e6ab0000)
  to   space 21824K,   0% used [0x00000000e6ab0000, 0x00000000e6ab0000, 0x00000000e8000000)
 concurrent mark-sweep generation total 393216K, used 41382K [0x00000000e8000000, 0x0000000100000000, 0x0000000100000000)
 Metaspace       used 37098K, capacity 37750K, committed 38032K, reserved 1083392K
  class space    used 4212K, capacity 4437K, committed 4528K, reserved 1048576K
}
2017-05-22T09:17:09.868+0000: 905.900: Total time for which application threads were stopped: 0.0065949 seconds, Stopping threads took: 0.0000654 seconds
2017-05-22T09:17:10.869+0000: 906.900: Total time for which application threads were stopped: 0.0002221 seconds, Stopping threads took: 0.0000380 seconds
{Heap before GC invocations=60 (full 1):
 par new generation   total 109248K, used 88033K [0x00000000e0000000, 0x00000000e8000000, 0x00000000e8000000)
  eden space 87424K, 100% used [0x00000000e0000000, 0x00000000e5560000, 0x00000000e5560000)
  from space 21824K,   2% used [0x00000000e5560000, 0x00000000e55f84e8, 0x00000000e6ab0000)
  to   space 21824K,   0% used [0x00000000e6ab0000, 0x00000000e6ab0000, 0x00000000e8000000)
 concurrent mark-sweep generation total 393216K, used 41382K [0x00000000e8000000, 0x0000000100000000, 0x0000000100000000)
 Metaspace       used 37120K, capacity 37754K, committed 38032K, reserved 1083392K
  class space    used 4212K, capacity 4437K, committed 4528K, reserved 1048576K
2017-05-22T09:17:17.063+0000: 913.094: [GC (Allocation Failure) 2017-05-22T09:17:17.063+0000: 913.094: [ParNew
Desired survivor size 20112992 bytes, new threshold 8 (max 8)
- age   1:     546144 bytes,     546144 total
- age   2:       2568 bytes,     548712 total
- age   3:       3120 bytes,     551832 total
- age   4:       2480 bytes,     554312 total
- age   5:       2304 bytes,     556616 total
- age   6:       1968 bytes,     558584 total
- age   7:       2016 bytes,     560600 total
- age   8:       4992 bytes,     565592 total
: 88033K->938K(109248K), 0.0080101 secs] 129415K->42323K(502464K), 0.0080942 secs] [Times: user=0.02 sys=0.00, real=0.01 secs] 
Heap after GC invocations=61 (full 1):
 par new generation   total 109248K, used 938K [0x00000000e0000000, 0x00000000e8000000, 0x00000000e8000000)
  eden space 87424K,   0% used [0x00000000e0000000, 0x00000000e0000000, 0x00000000e5560000)
  from space 21824K,   4% used [0x00000000e6ab0000, 0x00000000e6b9aaf8, 0x00000000e8000000)
  to   space 21824K,   0% used [0x00000000e5560000, 0x00000000e5560000, 0x00000000e6ab0000)
 concurrent mark-sweep generation total 393216K, used 41384K [0x00000000e8000000, 0x0000000100000000, 0x0000000100000000)
 Metaspace       used 37120K, capacity 37754K, committed 38032K, reserved 1083392K
  class space    used 4212K, capacity 4437K, committed 4528K, reserved 1048576K
}
2017-05-22T09:17:17.071+0000: 913.102: Total time for which application threads were stopped: 0.0083005 seconds, Stopping threads took: 0.0000271 seconds
{Heap before GC invocations=61 (full 1):
 par new generation   total 109248K, used 88362K [0x00000000e0000000, 0x00000000e8000000, 0x00000000e8000000)
  eden space 87424K, 100% used [0x00000000e0000000, 0x00000000e5560000, 0x00000000e5560000)
  from space 21824K,   4% used [0x00000000e6ab0000, 0x00000000e6b9aaf8, 0x00000000e8000000)
  to   space 21824K,   0% used [0x00000000e5560000, 0x00000000e5560000, 0x00000000e6ab0000)
 concurrent mark-sweep generation total 393216K, used 41384K [0x00000000e8000000, 0x0000000100000000, 0x0000000100000000)
 Metaspace       used 37120K, capacity 37754K, committed 38032K, reserved 1083392K
  class space    used 4212K, capacity 4437K, committed 4528K, reserved 1048576K
2017-05-22T09:17:17.278+0000: 913.309: [GC (Allocation Failure) 2017-05-22T09:17:17.278+0000: 913.309: [ParNew
Desired survivor size 20112992 bytes, new threshold 8 (max 8)
- age   1:     210528 bytes,     210528 total
- age   2:      26624 bytes,     237152 total
- age   3:       2528 bytes,     239680 total
- age   4:       3120 bytes,     242800 total
- age   5:       2480 bytes,     245280 total
- age   6:       2304 bytes,     247584 total
- age   7:       1968 bytes,     249552 total
- age   8:       2016 bytes,     251568 total
: 88362K->302K(109248K), 0.0092031 secs] 129747K->41692K(502464K), 0.0092964 secs] [Times: user=0.02 sys=0.00, real=0.01 secs] 
Heap after GC invocations=62 (full 1):
 par new generation   total 109248K, used 302K [0x00000000e0000000, 0x00000000e8000000, 0x00000000e8000000)
  eden space 87424K,   0% used [0x00000000e0000000, 0x00000000e0000000, 0x00000000e5560000)
  from space 21824K,   1% used [0x00000000e5560000, 0x00000000e55abbe0, 0x00000000e6ab0000)
  to   space 21824K,   0% used [0x00000000e6ab0000, 0x00000000e6ab0000, 0x00000000e8000000)
 concurrent mark-sweep generation total 393216K, used 41389K [0x00000000e8000000, 0x0000000100000000, 0x0000000100000000)
 Metaspace       used 37120K, capacity 37754K, committed 38032K, reserved 1083392K
  class space    used 4212K, capacity 4437K, committed 4528K, reserved 1048576K
}
2017-05-22T09:17:17.287+0000: 913.319: Total time for which application threads were stopped: 0.0095109 seconds, Stopping threads took: 0.0000252 seconds
{Heap before GC invocations=62 (full 1):
 par new generation   total 109248K, used 87726K [0x00000000e0000000, 0x00000000e8000000, 0x00000000e8000000)
  eden space 87424K, 100% used [0x00000000e0000000, 0x00000000e5560000, 0x00000000e5560000)
  from space 21824K,   1% used [0x00000000e5560000, 0x00000000e55abbe0, 0x00000000e6ab0000)
  to   space 21824K,   0% used [0x00000000e6ab0000, 0x00000000e6ab0000, 0x00000000e8000000)
 concurrent mark-sweep generation total 393216K, used 41389K [0x00000000e8000000, 0x0000000100000000, 0x0000000100000000)
 Metaspace       used 37120K, capacity 37754K, committed 38032K, reserved 1083392K
  class space    used 4212K, capacity 4437K, committed 4528K, reserved 1048576K
2017-05-22T09:17:17.480+0000: 913.511: [GC (Allocation Failure) 2017-05-22T09:17:17.480+0000: 913.511: [ParNew
Desired survivor size 20112992 bytes, new threshold 8 (max 8)
- age   1:     359096 bytes,     359096 total
- age   2:       2792 bytes,     361888 total
- age   3:      26136 bytes,     388024 total
- age   4:       2528 bytes,     390552 total
- age   5:       3120 bytes,     393672 total
- age   6:       2480 bytes,     396152 total
- age   7:       2304 bytes,     398456 total
- age   8:       1968 bytes,     400424 total
: 87726K->522K(109248K), 0.0126104 secs] 129116K->41913K(502464K), 0.0127950 secs] [Times: user=0.03 sys=0.00, real=0.01 secs] 
Heap after GC invocations=63 (full 1):
 par new generation   total 109248K, used 522K [0x00000000e0000000, 0x00000000e8000000, 0x00000000e8000000)
  eden space 87424K,   0% used [0x00000000e0000000, 0x00000000e0000000, 0x00000000e5560000)
  from space 21824K,   2% used [0x00000000e6ab0000, 0x00000000e6b32820, 0x00000000e8000000)
  to   space 21824K,   0% used [0x00000000e5560000, 0x00000000e5560000, 0x00000000e6ab0000)
 concurrent mark-sweep generation total 393216K, used 41391K [0x00000000e8000000, 0x0000000100000000, 0x0000000100000000)
 Metaspace       used 37120K, capacity 37754K, committed 38032K, reserved 1083392K
  class space    used 4212K, capacity 4437K, committed 4528K, reserved 1048576K
}
2017-05-22T09:17:17.493+0000: 913.524: Total time for which application threads were stopped: 0.0131980 seconds, Stopping threads took: 0.0000354 seconds
{Heap before GC invocations=63 (full 1):
 par new generation   total 109248K, used 87946K [0x00000000e0000000, 0x00000000e8000000, 0x00000000e8000000)
  eden space 87424K, 100% used [0x00000000e0000000, 0x00000000e5560000, 0x00000000e5560000)
  from space 21824K,   2% used [0x00000000e6ab0000, 0x00000000e6b32820, 0x00000000e8000000)
  to   space 21824K,   0% used [0x00000000e5560000, 0x00000000e5560000, 0x00000000e6ab0000)
 concurrent mark-sweep generation total 393216K, used 41391K [0x00000000e8000000, 0x0000000100000000, 0x0000000100000000)
 Metaspace       used 37120K, capacity 37754K, committed 38032K, reserved 1083392K
  class space    used 4212K, capacity 4437K, committed 4528K, reserved 1048576K
2017-05-22T09:17:17.672+0000: 913.703: [GC (Allocation Failure) 2017-05-22T09:17:17.672+0000: 913.703: [ParNew
Desired survivor size 20112992 bytes, new threshold 8 (max 8)
- age   1:     513000 bytes,     513000 total
- age   2:       3000 bytes,     516000 total
- age   3:       2528 bytes,     518528 total
- age   4:      26136 bytes,     544664 total
- age   5:       2528 bytes,     547192 total
- age   6:       3120 bytes,     550312 total
- age   7:       2480 bytes,     552792 total
- age   8:       2304 bytes,     555096 total
: 87946K->716K(109248K), 0.0065614 secs] 129337K->42109K(502464K), 0.0066603 secs] [Times: user=0.02 sys=0.00, real=0.01 secs] 
Heap after GC invocations=64 (full 1):
 par new generation   total 109248K, used 716K [0x00000000e0000000, 0x00000000e8000000, 0x00000000e8000000)
  eden space 87424K,   0% used [0x00000000e0000000, 0x00000000e0000000, 0x00000000e5560000)
  from space 21824K,   3% used [0x00000000e5560000, 0x00000000e5613170, 0x00000000e6ab0000)
  to   space 21824K,   0% used [0x00000000e6ab0000, 0x00000000e6ab0000, 0x00000000e8000000)
 concurrent mark-sweep generation total 393216K, used 41393K [0x00000000e8000000, 0x0000000100000000, 0x0000000100000000)
 Metaspace       used 37120K, capacity 37754K, committed 38032K, reserved 1083392K
  class space    used 4212K, capacity 4437K, committed 4528K, reserved 1048576K
}
2017-05-22T09:17:17.679+0000: 913.710: Total time for which application threads were stopped: 0.0068572 seconds, Stopping threads took: 0.0000222 seconds
{Heap before GC invocations=64 (full 1):
 par new generation   total 109248K, used 88140K [0x00000000e0000000, 0x00000000e8000000, 0x00000000e8000000)
  eden space 87424K, 100% used [0x00000000e0000000, 0x00000000e5560000, 0x00000000e5560000)
  from space 21824K,   3% used [0x00000000e5560000, 0x00000000e5613170, 0x00000000e6ab0000)
  to   space 21824K,   0% used [0x00000000e6ab0000, 0x00000000e6ab0000, 0x00000000e8000000)
 concurrent mark-sweep generation total 393216K, used 41393K [0x00000000e8000000, 0x0000000100000000, 0x0000000100000000)
 Metaspace       used 37122K, capacity 37754K, committed 38032K, reserved 1083392K
  class space    used 4213K, capacity 4437K, committed 4528K, reserved 1048576K
2017-05-22T09:17:17.855+0000: 913.887: [GC (Allocation Failure) 2017-05-22T09:17:17.855+0000: 913.887: [ParNew
Desired survivor size 20112992 bytes, new threshold 8 (max 8)
- age   1:     416216 bytes,     416216 total
- age   2:       2008 bytes,     418224 total
- age   3:       2512 bytes,     420736 total
- age   4:       2528 bytes,     423264 total
- age   5:      25912 bytes,     449176 total
- age   6:       2528 bytes,     451704 total
- age   7:       3120 bytes,     454824 total
- age   8:       2480 bytes,     457304 total
: 88140K->567K(109248K), 0.0070770 secs] 129533K->41962K(502464K), 0.0071616 secs] [Times: user=0.02 sys=0.00, real=0.01 secs] 
Heap after GC invocations=65 (full 1):
 par new generation   total 109248K, used 567K [0x00000000e0000000, 0x00000000e8000000, 0x00000000e8000000)
  eden space 87424K,   0% used [0x00000000e0000000, 0x00000000e0000000, 0x00000000e5560000)
  from space 21824K,   2% used [0x00000000e6ab0000, 0x00000000e6b3dd78, 0x00000000e8000000)
  to   space 21824K,   0% used [0x00000000e5560000, 0x00000000e5560000, 0x00000000e6ab0000)
 concurrent mark-sweep generation total 393216K, used 41395K [0x00000000e8000000, 0x0000000100000000, 0x0000000100000000)
 Metaspace       used 37122K, capacity 37754K, committed 38032K, reserved 1083392K
  class space    used 4213K, capacity 4437K, committed 4528K, reserved 1048576K
}
2017-05-22T09:17:17.863+0000: 913.894: Total time for which application threads were stopped: 0.0073817 seconds, Stopping threads took: 0.0000277 seconds
{Heap before GC invocations=65 (full 1):
 par new generation   total 109248K, used 87991K [0x00000000e0000000, 0x00000000e8000000, 0x00000000e8000000)
  eden space 87424K, 100% used [0x00000000e0000000, 0x00000000e5560000, 0x00000000e5560000)
  from space 21824K,   2% used [0x00000000e6ab0000, 0x00000000e6b3dd78, 0x00000000e8000000)
  to   space 21824K,   0% used [0x00000000e5560000, 0x00000000e5560000, 0x00000000e6ab0000)
 concurrent mark-sweep generation total 393216K, used 41395K [0x00000000e8000000, 0x0000000100000000, 0x0000000100000000)
 Metaspace       used 37122K, capacity 37754K, committed 38032K, reserved 1083392K
  class space    used 4213K, capacity 4437K, committed 4528K, reserved 1048576K
2017-05-22T09:17:18.046+0000: 914.077: [GC (Allocation Failure) 2017-05-22T09:17:18.046+0000: 914.077: [ParNew
Desired survivor size 20112992 bytes, new threshold 8 (max 8)
- age   1:     434424 bytes,     434424 total
- age   2:       4416 bytes,     438840 total
- age   3:       1968 bytes,     440808 total
- age   4:       2512 bytes,     443320 total
- age   5:       2528 bytes,     445848 total
- age   6:      25688 bytes,     471536 total
- age   7:       2528 bytes,     474064 total
- age   8:       3120 bytes,     477184 total
: 87991K->667K(109248K), 0.0105233 secs] 129386K->42065K(502464K), 0.0106138 secs] [Times: user=0.03 sys=0.00, real=0.00 secs] 
Heap after GC invocations=66 (full 1):
 par new generation   total 109248K, used 667K [0x00000000e0000000, 0x00000000e8000000, 0x00000000e8000000)
  eden space 87424K,   0% used [0x00000000e0000000, 0x00000000e0000000, 0x00000000e5560000)
  from space 21824K,   3% used [0x00000000e5560000, 0x00000000e5606eb8, 0x00000000e6ab0000)
  to   space 21824K,   0% used [0x00000000e6ab0000, 0x00000000e6ab0000, 0x00000000e8000000)
 concurrent mark-sweep generation total 393216K, used 41397K [0x00000000e8000000, 0x0000000100000000, 0x0000000100000000)
 Metaspace       used 37122K, capacity 37754K, committed 38032K, reserved 1083392K
  class space    used 4213K, capacity 4437K, committed 4528K, reserved 1048576K
}
2017-05-22T09:17:18.056+0000: 914.088: Total time for which application threads were stopped: 0.0108343 seconds, Stopping threads took: 0.0000233 seconds
{Heap before GC invocations=66 (full 1):
 par new generation   total 109248K, used 88091K [0x00000000e0000000, 0x00000000e8000000, 0x00000000e8000000)
  eden space 87424K, 100% used [0x00000000e0000000, 0x00000000e5560000, 0x00000000e5560000)
  from space 21824K,   3% used [0x00000000e5560000, 0x00000000e5606eb8, 0x00000000e6ab0000)
  to   space 21824K,   0% used [0x00000000e6ab0000, 0x00000000e6ab0000, 0x00000000e8000000)
 concurrent mark-sweep generation total 393216K, used 41397K [0x00000000e8000000, 0x0000000100000000, 0x0000000100000000)
 Metaspace       used 37122K, capacity 37754K, committed 38032K, reserved 1083392K
  class space    used 4213K, capacity 4437K, committed 4528K, reserved 1048576K
2017-05-22T09:17:18.231+0000: 914.262: [GC (Allocation Failure) 2017-05-22T09:17:18.231+0000: 914.262: [ParNew
Desired survivor size 20112992 bytes, new threshold 8 (max 8)
- age   1:     454288 bytes,     454288 total
- age   2:       2976 bytes,     457264 total
- age   3:       4152 bytes,     461416 total
- age   4:       1968 bytes,     463384 total
- age   5:       2064 bytes,     465448 total
- age   6:       2528 bytes,     467976 total
- age   7:      25688 bytes,     493664 total
- age   8:       2528 bytes,     496192 total
: 88091K->687K(109248K), 0.0101905 secs] 129489K->42088K(502464K), 0.0102860 secs] [Times: user=0.03 sys=0.00, real=0.01 secs] 
Heap after GC invocations=67 (full 1):
 par new generation   total 109248K, used 687K [0x00000000e0000000, 0x00000000e8000000, 0x00000000e8000000)
  eden space 87424K,   0% used [0x00000000e0000000, 0x00000000e0000000, 0x00000000e5560000)
  from space 21824K,   3% used [0x00000000e6ab0000, 0x00000000e6b5bd28, 0x00000000e8000000)
  to   space 21824K,   0% used [0x00000000e5560000, 0x00000000e5560000, 0x00000000e6ab0000)
 concurrent mark-sweep generation total 393216K, used 41400K [0x00000000e8000000, 0x0000000100000000, 0x0000000100000000)
 Metaspace       used 37122K, capacity 37754K, committed 38032K, reserved 1083392K
  class space    used 4213K, capacity 4437K, committed 4528K, reserved 1048576K
}
2017-05-22T09:17:18.241+0000: 914.272: Total time for which application threads were stopped: 0.0104838 seconds, Stopping threads took: 0.0000236 seconds
{Heap before GC invocations=67 (full 1):
 par new generation   total 109248K, used 88111K [0x00000000e0000000, 0x00000000e8000000, 0x00000000e8000000)
  eden space 87424K, 100% used [0x00000000e0000000, 0x00000000e5560000, 0x00000000e5560000)
  from space 21824K,   3% used [0x00000000e6ab0000, 0x00000000e6b5bd28, 0x00000000e8000000)
  to   space 21824K,   0% used [0x00000000e5560000, 0x00000000e5560000, 0x00000000e6ab0000)
 concurrent mark-sweep generation total 393216K, used 41400K [0x00000000e8000000, 0x0000000100000000, 0x0000000100000000)
 Metaspace       used 37122K, capacity 37754K, committed 38032K, reserved 1083392K
  class space    used 4213K, capacity 4437K, committed 4528K, reserved 1048576K
2017-05-22T09:17:18.405+0000: 914.437: [GC (Allocation Failure) 2017-05-22T09:17:18.406+0000: 914.437: [ParNew
Desired survivor size 20112992 bytes, new threshold 8 (max 8)
- age   1:     202936 bytes,     202936 total
- age   2:       2424 bytes,     205360 total
- age   3:       2936 bytes,     208296 total
- age   4:       4152 bytes,     212448 total
- age   5:       1968 bytes,     214416 total
- age   6:       2064 bytes,     216480 total
- age   7:       2528 bytes,     219008 total
- age   8:      25688 bytes,     244696 total
: 88111K->367K(109248K), 0.0062673 secs] 129512K->41770K(502464K), 0.0063483 secs] [Times: user=0.02 sys=0.00, real=0.00 secs] 
Heap after GC invocations=68 (full 1):
 par new generation   total 109248K, used 367K [0x00000000e0000000, 0x00000000e8000000, 0x00000000e8000000)
  eden space 87424K,   0% used [0x00000000e0000000, 0x00000000e0000000, 0x00000000e5560000)
  from space 21824K,   1% used [0x00000000e5560000, 0x00000000e55bbc80, 0x00000000e6ab0000)
  to   space 21824K,   0% used [0x00000000e6ab0000, 0x00000000e6ab0000, 0x00000000e8000000)
 concurrent mark-sweep generation total 393216K, used 41403K [0x00000000e8000000, 0x0000000100000000, 0x0000000100000000)
 Metaspace       used 37122K, capacity 37754K, committed 38032K, reserved 1083392K
  class space    used 4213K, capacity 4437K, committed 4528K, reserved 1048576K
}
2017-05-22T09:17:18.412+0000: 914.443: Total time for which application threads were stopped: 0.0065351 seconds, Stopping threads took: 0.0000213 seconds
{Heap before GC invocations=68 (full 1):
 par new generation   total 109248K, used 87791K [0x00000000e0000000, 0x00000000e8000000, 0x00000000e8000000)
  eden space 87424K, 100% used [0x00000000e0000000, 0x00000000e5560000, 0x00000000e5560000)
  from space 21824K,   1% used [0x00000000e5560000, 0x00000000e55bbc80, 0x00000000e6ab0000)
  to   space 21824K,   0% used [0x00000000e6ab0000, 0x00000000e6ab0000, 0x00000000e8000000)
 concurrent mark-sweep generation total 393216K, used 41403K [0x00000000e8000000, 0x0000000100000000, 0x0000000100000000)
 Metaspace       used 37122K, capacity 37754K, committed 38032K, reserved 1083392K
  class space    used 4213K, capacity 4437K, committed 4528K, reserved 1048576K
2017-05-22T09:17:18.582+0000: 914.614: [GC (Allocation Failure) 2017-05-22T09:17:18.582+0000: 914.614: [ParNew
Desired survivor size 20112992 bytes, new threshold 8 (max 8)
- age   1:     315072 bytes,     315072 total
- age   2:       2272 bytes,     317344 total
- age   3:       2384 bytes,     319728 total
- age   4:       2712 bytes,     322440 total
- age   5:       4152 bytes,     326592 total
- age   6:       1968 bytes,     328560 total
- age   7:       2064 bytes,     330624 total
- age   8:       2304 bytes,     332928 total
: 87791K->399K(109248K), 0.0068109 secs] 129194K->41827K(502464K), 0.0069856 secs] [Times: user=0.02 sys=0.00, real=0.01 secs] 
Heap after GC invocations=69 (full 1):
 par new generation   total 109248K, used 399K [0x00000000e0000000, 0x00000000e8000000, 0x00000000e8000000)
  eden space 87424K,   0% used [0x00000000e0000000, 0x00000000e0000000, 0x00000000e5560000)
  from space 21824K,   1% used [0x00000000e6ab0000, 0x00000000e6b13c58, 0x00000000e8000000)
  to   space 21824K,   0% used [0x00000000e5560000, 0x00000000e5560000, 0x00000000e6ab0000)
 concurrent mark-sweep generation total 393216K, used 41428K [0x00000000e8000000, 0x0000000100000000, 0x0000000100000000)
 Metaspace       used 37122K, capacity 37754K, committed 38032K, reserved 1083392K
  class space    used 4213K, capacity 4437K, committed 4528K, reserved 1048576K
}
2017-05-22T09:17:18.589+0000: 914.621: Total time for which application threads were stopped: 0.0073907 seconds, Stopping threads took: 0.0000537 seconds
{Heap before GC invocations=69 (full 1):
 par new generation   total 109248K, used 87823K [0x00000000e0000000, 0x00000000e8000000, 0x00000000e8000000)
  eden space 87424K, 100% used [0x00000000e0000000, 0x00000000e5560000, 0x00000000e5560000)
  from space 21824K,   1% used [0x00000000e6ab0000, 0x00000000e6b13c58, 0x00000000e8000000)
  to   space 21824K,   0% used [0x00000000e5560000, 0x00000000e5560000, 0x00000000e6ab0000)
 concurrent mark-sweep generation total 393216K, used 41428K [0x00000000e8000000, 0x0000000100000000, 0x0000000100000000)
 Metaspace       used 37122K, capacity 37754K, committed 38032K, reserved 1083392K
  class space    used 4213K, capacity 4437K, committed 4528K, reserved 1048576K
2017-05-22T09:17:18.755+0000: 914.786: [GC (Allocation Failure) 2017-05-22T09:17:18.755+0000: 914.786: [ParNew
Desired survivor size 20112992 bytes, new threshold 8 (max 8)
- age   1:     423696 bytes,     423696 total
- age   2:       2504 bytes,     426200 total
- age   3:       2232 bytes,     428432 total
- age   4:       2384 bytes,     430816 total
- age   5:       2712 bytes,     433528 total
- age   6:       4152 bytes,     437680 total
- age   7:       1968 bytes,     439648 total
- age   8:       2064 bytes,     441712 total
: 87823K->606K(109248K), 0.0067964 secs] 129251K->42037K(502464K), 0.0069229 secs] [Times: user=0.01 sys=0.00, real=0.01 secs] 
Heap after GC invocations=70 (full 1):
 par new generation   total 109248K, used 606K [0x00000000e0000000, 0x00000000e8000000, 0x00000000e8000000)
  eden space 87424K,   0% used [0x00000000e0000000, 0x00000000e0000000, 0x00000000e5560000)
  from space 21824K,   2% used [0x00000000e5560000, 0x00000000e55f7980, 0x00000000e6ab0000)
  to   space 21824K,   0% used [0x00000000e6ab0000, 0x00000000e6ab0000, 0x00000000e8000000)
 concurrent mark-sweep generation total 393216K, used 41430K [0x00000000e8000000, 0x0000000100000000, 0x0000000100000000)
 Metaspace       used 37122K, capacity 37754K, committed 38032K, reserved 1083392K
  class space    used 4213K, capacity 4437K, committed 4528K, reserved 1048576K
}
2017-05-22T09:17:18.762+0000: 914.793: Total time for which application threads were stopped: 0.0071686 seconds, Stopping threads took: 0.0000410 seconds
2017-05-22T09:17:19.762+0000: 915.794: Total time for which application threads were stopped: 0.0002849 seconds, Stopping threads took: 0.0000461 seconds
{Heap before GC invocations=70 (full 1):
 par new generation   total 109248K, used 88030K [0x00000000e0000000, 0x00000000e8000000, 0x00000000e8000000)
  eden space 87424K, 100% used [0x00000000e0000000, 0x00000000e5560000, 0x00000000e5560000)
  from space 21824K,   2% used [0x00000000e5560000, 0x00000000e55f7980, 0x00000000e6ab0000)
  to   space 21824K,   0% used [0x00000000e6ab0000, 0x00000000e6ab0000, 0x00000000e8000000)
 concurrent mark-sweep generation total 393216K, used 41430K [0x00000000e8000000, 0x0000000100000000, 0x0000000100000000)
 Metaspace       used 37128K, capacity 37754K, committed 38032K, reserved 1083392K
  class space    used 4213K, capacity 4437K, committed 4528K, reserved 1048576K
2017-05-22T09:17:53.299+0000: 949.331: [GC (Allocation Failure) 2017-05-22T09:17:53.300+0000: 949.331: [ParNew
Desired survivor size 20112992 bytes, new threshold 8 (max 8)
- age   1:     506584 bytes,     506584 total
- age   2:       2128 bytes,     508712 total
- age   3:       2016 bytes,     510728 total
- age   4:       2232 bytes,     512960 total
- age   5:       2160 bytes,     515120 total
- age   6:       2040 bytes,     517160 total
- age   7:       3928 bytes,     521088 total
- age   8:       1968 bytes,     523056 total
: 88030K->646K(109248K), 0.0060050 secs] 129461K->42078K(502464K), 0.0061316 secs] [Times: user=0.02 sys=0.00, real=0.01 secs] 
Heap after GC invocations=71 (full 1):
 par new generation   total 109248K, used 646K [0x00000000e0000000, 0x00000000e8000000, 0x00000000e8000000)
  eden space 87424K,   0% used [0x00000000e0000000, 0x00000000e0000000, 0x00000000e5560000)
  from space 21824K,   2% used [0x00000000e6ab0000, 0x00000000e6b518f0, 0x00000000e8000000)
  to   space 21824K,   0% used [0x00000000e5560000, 0x00000000e5560000, 0x00000000e6ab0000)
 concurrent mark-sweep generation total 393216K, used 41432K [0x00000000e8000000, 0x0000000100000000, 0x0000000100000000)
 Metaspace       used 37128K, capacity 37754K, committed 38032K, reserved 1083392K
  class space    used 4213K, capacity 4437K, committed 4528K, reserved 1048576K
}
2017-05-22T09:17:53.306+0000: 949.337: Total time for which application threads were stopped: 0.0063209 seconds, Stopping threads took: 0.0000234 seconds
{Heap before GC invocations=71 (full 1):
 par new generation   total 109248K, used 88057K [0x00000000e0000000, 0x00000000e8000000, 0x00000000e8000000)
  eden space 87424K,  99% used [0x00000000e0000000, 0x00000000e555ced8, 0x00000000e5560000)
  from space 21824K,   2% used [0x00000000e6ab0000, 0x00000000e6b518f0, 0x00000000e8000000)
  to   space 21824K,   0% used [0x00000000e5560000, 0x00000000e5560000, 0x00000000e6ab0000)
 concurrent mark-sweep generation total 393216K, used 41432K [0x00000000e8000000, 0x0000000100000000, 0x0000000100000000)
 Metaspace       used 37128K, capacity 37754K, committed 38032K, reserved 1083392K
  class space    used 4213K, capacity 4437K, committed 4528K, reserved 1048576K
2017-05-22T09:17:53.498+0000: 949.529: [GC (Allocation Failure) 2017-05-22T09:17:53.498+0000: 949.529: [ParNew
Desired survivor size 20112992 bytes, new threshold 8 (max 8)
- age   1:     465368 bytes,     465368 total
- age   2:      27184 bytes,     492552 total
- age   3:       2088 bytes,     494640 total
- age   4:       2016 bytes,     496656 total
- age   5:       2232 bytes,     498888 total
- age   6:       2160 bytes,     501048 total
- age   7:       2040 bytes,     503088 total
- age   8:       3928 bytes,     507016 total
: 88057K->749K(109248K), 0.0066522 secs] 129490K->42184K(502464K), 0.0067377 secs] [Times: user=0.02 sys=0.00, real=0.00 secs] 
Heap after GC invocations=72 (full 1):
 par new generation   total 109248K, used 749K [0x00000000e0000000, 0x00000000e8000000, 0x00000000e8000000)
  eden space 87424K,   0% used [0x00000000e0000000, 0x00000000e0000000, 0x00000000e5560000)
  from space 21824K,   3% used [0x00000000e5560000, 0x00000000e561b630, 0x00000000e6ab0000)
  to   space 21824K,   0% used [0x00000000e6ab0000, 0x00000000e6ab0000, 0x00000000e8000000)
 concurrent mark-sweep generation total 393216K, used 41434K [0x00000000e8000000, 0x0000000100000000, 0x0000000100000000)
 Metaspace       used 37128K, capacity 37754K, committed 38032K, reserved 1083392K
  class space    used 4213K, capacity 4437K, committed 4528K, reserved 1048576K
}
2017-05-22T09:17:53.505+0000: 949.536: Total time for which application threads were stopped: 0.0069270 seconds, Stopping threads took: 0.0000209 seconds
{Heap before GC invocations=72 (full 1):
 par new generation   total 109248K, used 88173K [0x00000000e0000000, 0x00000000e8000000, 0x00000000e8000000)
  eden space 87424K, 100% used [0x00000000e0000000, 0x00000000e5560000, 0x00000000e5560000)
  from space 21824K,   3% used [0x00000000e5560000, 0x00000000e561b630, 0x00000000e6ab0000)
  to   space 21824K,   0% used [0x00000000e6ab0000, 0x00000000e6ab0000, 0x00000000e8000000)
 concurrent mark-sweep generation total 393216K, used 41434K [0x00000000e8000000, 0x0000000100000000, 0x0000000100000000)
 Metaspace       used 37143K, capacity 37754K, committed 38032K, reserved 1083392K
  class space    used 4213K, capacity 4437K, committed 4528K, reserved 1048576K
2017-05-22T09:17:53.675+0000: 949.706: [GC (Allocation Failure) 2017-05-22T09:17:53.675+0000: 949.706: [ParNew
Desired survivor size 20112992 bytes, new threshold 8 (max 8)
- age   1:     438448 bytes,     438448 total
- age   2:       3112 bytes,     441560 total
- age   3:      26472 bytes,     468032 total
- age   4:       2088 bytes,     470120 total
- age   5:       2016 bytes,     472136 total
- age   6:       2232 bytes,     474368 total
- age   7:       2160 bytes,     476528 total
- age   8:       2040 bytes,     478568 total
: 88173K->593K(109248K), 0.0070305 secs] 129608K->42031K(502464K), 0.0072064 secs] [Times: user=0.02 sys=0.00, real=0.01 secs] 
Heap after GC invocations=73 (full 1):
 par new generation   total 109248K, used 593K [0x00000000e0000000, 0x00000000e8000000, 0x00000000e8000000)
  eden space 87424K,   0% used [0x00000000e0000000, 0x00000000e0000000, 0x00000000e5560000)
  from space 21824K,   2% used [0x00000000e6ab0000, 0x00000000e6b44550, 0x00000000e8000000)
  to   space 21824K,   0% used [0x00000000e5560000, 0x00000000e5560000, 0x00000000e6ab0000)
 concurrent mark-sweep generation total 393216K, used 41438K [0x00000000e8000000, 0x0000000100000000, 0x0000000100000000)
 Metaspace       used 37143K, capacity 37754K, committed 38032K, reserved 1083392K
  class space    used 4213K, capacity 4437K, committed 4528K, reserved 1048576K
}
2017-05-22T09:17:53.682+0000: 949.713: Total time for which application threads were stopped: 0.0075122 seconds, Stopping threads took: 0.0000224 seconds
{Heap before GC invocations=73 (full 1):
 par new generation   total 109248K, used 88017K [0x00000000e0000000, 0x00000000e8000000, 0x00000000e8000000)
  eden space 87424K, 100% used [0x00000000e0000000, 0x00000000e5560000, 0x00000000e5560000)
  from space 21824K,   2% used [0x00000000e6ab0000, 0x00000000e6b44550, 0x00000000e8000000)
  to   space 21824K,   0% used [0x00000000e5560000, 0x00000000e5560000, 0x00000000e6ab0000)
 concurrent mark-sweep generation total 393216K, used 41438K [0x00000000e8000000, 0x0000000100000000, 0x0000000100000000)
 Metaspace       used 37146K, capacity 37754K, committed 38032K, reserved 1083392K
  class space    used 4213K, capacity 4437K, committed 4528K, reserved 1048576K
2017-05-22T09:17:53.851+0000: 949.882: [GC (Allocation Failure) 2017-05-22T09:17:53.851+0000: 949.882: [ParNew
Desired survivor size 20112992 bytes, new threshold 8 (max 8)
- age   1:     444112 bytes,     444112 total
- age   2:       2816 bytes,     446928 total
- age   3:       3072 bytes,     450000 total
- age   4:      26248 bytes,     476248 total
- age   5:       2088 bytes,     478336 total
- age   6:       2016 bytes,     480352 total
- age   7:       2232 bytes,     482584 total
- age   8:       2160 bytes,     484744 total
: 88017K->693K(109248K), 0.0066198 secs] 129455K->42133K(502464K), 0.0067107 secs] [Times: user=0.01 sys=0.01, real=0.01 secs] 
Heap after GC invocations=74 (full 1):
 par new generation   total 109248K, used 693K [0x00000000e0000000, 0x00000000e8000000, 0x00000000e8000000)
  eden space 87424K,   0% used [0x00000000e0000000, 0x00000000e0000000, 0x00000000e5560000)
  from space 21824K,   3% used [0x00000000e5560000, 0x00000000e560d518, 0x00000000e6ab0000)
  to   space 21824K,   0% used [0x00000000e6ab0000, 0x00000000e6ab0000, 0x00000000e8000000)
 concurrent mark-sweep generation total 393216K, used 41440K [0x00000000e8000000, 0x0000000100000000, 0x0000000100000000)
 Metaspace       used 37146K, capacity 37754K, committed 38032K, reserved 1083392K
  class space    used 4213K, capacity 4437K, committed 4528K, reserved 1048576K
}
2017-05-22T09:17:53.858+0000: 949.889: Total time for which application threads were stopped: 0.0069456 seconds, Stopping threads took: 0.0000277 seconds
{Heap before GC invocations=74 (full 1):
 par new generation   total 109248K, used 88117K [0x00000000e0000000, 0x00000000e8000000, 0x00000000e8000000)
  eden space 87424K, 100% used [0x00000000e0000000, 0x00000000e5560000, 0x00000000e5560000)
  from space 21824K,   3% used [0x00000000e5560000, 0x00000000e560d518, 0x00000000e6ab0000)
  to   space 21824K,   0% used [0x00000000e6ab0000, 0x00000000e6ab0000, 0x00000000e8000000)
 concurrent mark-sweep generation total 393216K, used 41440K [0x00000000e8000000, 0x0000000100000000, 0x0000000100000000)
 Metaspace       used 37146K, capacity 37754K, committed 38032K, reserved 1083392K
  class space    used 4213K, capacity 4437K, committed 4528K, reserved 1048576K
2017-05-22T09:17:54.023+0000: 950.055: [GC (Allocation Failure) 2017-05-22T09:17:54.023+0000: 950.055: [ParNew
Desired survivor size 20112992 bytes, new threshold 8 (max 8)
- age   1:     196696 bytes,     196696 total
- age   2:       2128 bytes,     198824 total
- age   3:       2776 bytes,     201600 total
- age   4:       3072 bytes,     204672 total
- age   5:      26248 bytes,     230920 total
- age   6:       2088 bytes,     233008 total
- age   7:       2016 bytes,     235024 total
- age   8:       2232 bytes,     237256 total
: 88117K->414K(109248K), 0.0076492 secs] 129557K->41857K(502464K), 0.0078414 secs] [Times: user=0.02 sys=0.00, real=0.01 secs] 
Heap after GC invocations=75 (full 1):
 par new generation   total 109248K, used 414K [0x00000000e0000000, 0x00000000e8000000, 0x00000000e8000000)
  eden space 87424K,   0% used [0x00000000e0000000, 0x00000000e0000000, 0x00000000e5560000)
  from space 21824K,   1% used [0x00000000e6ab0000, 0x00000000e6b17b30, 0x00000000e8000000)
  to   space 21824K,   0% used [0x00000000e5560000, 0x00000000e5560000, 0x00000000e6ab0000)
 concurrent mark-sweep generation total 393216K, used 41442K [0x00000000e8000000, 0x0000000100000000, 0x0000000100000000)
 Metaspace       used 37146K, capacity 37754K, committed 38032K, reserved 1083392K
  class space    used 4213K, capacity 4437K, committed 4528K, reserved 1048576K
}
2017-05-22T09:17:54.031+0000: 950.063: Total time for which application threads were stopped: 0.0081620 seconds, Stopping threads took: 0.0000248 seconds
{Heap before GC invocations=75 (full 1):
 par new generation   total 109248K, used 87838K [0x00000000e0000000, 0x00000000e8000000, 0x00000000e8000000)
  eden space 87424K, 100% used [0x00000000e0000000, 0x00000000e5560000, 0x00000000e5560000)
  from space 21824K,   1% used [0x00000000e6ab0000, 0x00000000e6b17b30, 0x00000000e8000000)
  to   space 21824K,   0% used [0x00000000e5560000, 0x00000000e5560000, 0x00000000e6ab0000)
 concurrent mark-sweep generation total 393216K, used 41442K [0x00000000e8000000, 0x0000000100000000, 0x0000000100000000)
 Metaspace       used 37158K, capacity 37818K, committed 38032K, reserved 1083392K
  class space    used 4213K, capacity 4437K, committed 4528K, reserved 1048576K
2017-05-22T09:17:54.202+0000: 950.233: [GC (Allocation Failure) 2017-05-22T09:17:54.202+0000: 950.233: [ParNew
Desired survivor size 20112992 bytes, new threshold 8 (max 8)
- age   1:     287072 bytes,     287072 total
- age   2:       2624 bytes,     289696 total
- age   3:       2088 bytes,     291784 total
- age   4:       2776 bytes,     294560 total
- age   5:       2624 bytes,     297184 total
- age   6:      26024 bytes,     323208 total
- age   7:       2088 bytes,     325296 total
- age   8:       2016 bytes,     327312 total
: 87838K->379K(109248K), 0.0063332 secs] 129281K->41823K(502464K), 0.0064360 secs] [Times: user=0.02 sys=0.00, real=0.01 secs] 
Heap after GC invocations=76 (full 1):
 par new generation   total 109248K, used 379K [0x00000000e0000000, 0x00000000e8000000, 0x00000000e8000000)
  eden space 87424K,   0% used [0x00000000e0000000, 0x00000000e0000000, 0x00000000e5560000)
  from space 21824K,   1% used [0x00000000e5560000, 0x00000000e55bec88, 0x00000000e6ab0000)
  to   space 21824K,   0% used [0x00000000e6ab0000, 0x00000000e6ab0000, 0x00000000e8000000)
 concurrent mark-sweep generation total 393216K, used 41444K [0x00000000e8000000, 0x0000000100000000, 0x0000000100000000)
 Metaspace       used 37158K, capacity 37818K, committed 38032K, reserved 1083392K
  class space    used 4213K, capacity 4437K, committed 4528K, reserved 1048576K
}
2017-05-22T09:17:54.208+0000: 950.240: Total time for which application threads were stopped: 0.0066603 seconds, Stopping threads took: 0.0000288 seconds
{Heap before GC invocations=76 (full 1):
 par new generation   total 109248K, used 87803K [0x00000000e0000000, 0x00000000e8000000, 0x00000000e8000000)
  eden space 87424K, 100% used [0x00000000e0000000, 0x00000000e5560000, 0x00000000e5560000)
  from space 21824K,   1% used [0x00000000e5560000, 0x00000000e55bec88, 0x00000000e6ab0000)
  to   space 21824K,   0% used [0x00000000e6ab0000, 0x00000000e6ab0000, 0x00000000e8000000)
 concurrent mark-sweep generation total 393216K, used 41444K [0x00000000e8000000, 0x0000000100000000, 0x0000000100000000)
 Metaspace       used 37158K, capacity 37818K, committed 38032K, reserved 1083392K
  class space    used 4213K, capacity 4437K, committed 4528K, reserved 1048576K
2017-05-22T09:17:54.385+0000: 950.417: [GC (Allocation Failure) 2017-05-22T09:17:54.385+0000: 950.417: [ParNew
Desired survivor size 20112992 bytes, new threshold 8 (max 8)
- age   1:     437032 bytes,     437032 total
- age   2:       3840 bytes,     440872 total
- age   3:       2584 bytes,     443456 total
- age   4:       2088 bytes,     445544 total
- age   5:       2552 bytes,     448096 total
- age   6:       2624 bytes,     450720 total
- age   7:      26024 bytes,     476744 total
- age   8:       2088 bytes,     478832 total
: 87803K->623K(109248K), 0.0062643 secs] 129247K->42069K(502464K), 0.0063494 secs] [Times: user=0.02 sys=0.00, real=0.00 secs] 
Heap after GC invocations=77 (full 1):
 par new generation   total 109248K, used 623K [0x00000000e0000000, 0x00000000e8000000, 0x00000000e8000000)
  eden space 87424K,   0% used [0x00000000e0000000, 0x00000000e0000000, 0x00000000e5560000)
  from space 21824K,   2% used [0x00000000e6ab0000, 0x00000000e6b4bc30, 0x00000000e8000000)
  to   space 21824K,   0% used [0x00000000e5560000, 0x00000000e5560000, 0x00000000e6ab0000)
 concurrent mark-sweep generation total 393216K, used 41446K [0x00000000e8000000, 0x0000000100000000, 0x0000000100000000)
 Metaspace       used 37158K, capacity 37818K, committed 38032K, reserved 1083392K
  class space    used 4213K, capacity 4437K, committed 4528K, reserved 1048576K
}
2017-05-22T09:17:54.392+0000: 950.423: Total time for which application threads were stopped: 0.0065585 seconds, Stopping threads took: 0.0000366 seconds
{Heap before GC invocations=77 (full 1):
 par new generation   total 109248K, used 88047K [0x00000000e0000000, 0x00000000e8000000, 0x00000000e8000000)
  eden space 87424K, 100% used [0x00000000e0000000, 0x00000000e5560000, 0x00000000e5560000)
  from space 21824K,   2% used [0x00000000e6ab0000, 0x00000000e6b4bc30, 0x00000000e8000000)
  to   space 21824K,   0% used [0x00000000e5560000, 0x00000000e5560000, 0x00000000e6ab0000)
 concurrent mark-sweep generation total 393216K, used 41446K [0x00000000e8000000, 0x0000000100000000, 0x0000000100000000)
 Metaspace       used 37158K, capacity 37818K, committed 38032K, reserved 1083392K
  class space    used 4213K, capacity 4437K, committed 4528K, reserved 1048576K
2017-05-22T09:17:54.556+0000: 950.588: [GC (Allocation Failure) 2017-05-22T09:17:54.556+0000: 950.588: [ParNew
Desired survivor size 20112992 bytes, new threshold 8 (max 8)
- age   1:     478656 bytes,     478656 total
- age   2:       2440 bytes,     481096 total
- age   3:       3352 bytes,     484448 total
- age   4:       2584 bytes,     487032 total
- age   5:       2088 bytes,     489120 total
- age   6:       2552 bytes,     491672 total
- age   7:       2624 bytes,     494296 total
- age   8:      25992 bytes,     520288 total
: 88047K->578K(109248K), 0.0065051 secs] 129493K->42026K(502464K), 0.0066022 secs] [Times: user=0.02 sys=0.00, real=0.01 secs] 
Heap after GC invocations=78 (full 1):
 par new generation   total 109248K, used 578K [0x00000000e0000000, 0x00000000e8000000, 0x00000000e8000000)
  eden space 87424K,   0% used [0x00000000e0000000, 0x00000000e0000000, 0x00000000e5560000)
  from space 21824K,   2% used [0x00000000e5560000, 0x00000000e55f08b0, 0x00000000e6ab0000)
  to   space 21824K,   0% used [0x00000000e6ab0000, 0x00000000e6ab0000, 0x00000000e8000000)
 concurrent mark-sweep generation total 393216K, used 41448K [0x00000000e8000000, 0x0000000100000000, 0x0000000100000000)
 Metaspace       used 37158K, capacity 37818K, committed 38032K, reserved 1083392K
  class space    used 4213K, capacity 4437K, committed 4528K, reserved 1048576K
}
2017-05-22T09:17:54.563+0000: 950.594: Total time for which application threads were stopped: 0.0068050 seconds, Stopping threads took: 0.0000242 seconds
{Heap before GC invocations=78 (full 1):
 par new generation   total 109248K, used 88002K [0x00000000e0000000, 0x00000000e8000000, 0x00000000e8000000)
  eden space 87424K, 100% used [0x00000000e0000000, 0x00000000e5560000, 0x00000000e5560000)
  from space 21824K,   2% used [0x00000000e5560000, 0x00000000e55f08b0, 0x00000000e6ab0000)
  to   space 21824K,   0% used [0x00000000e6ab0000, 0x00000000e6ab0000, 0x00000000e8000000)
 concurrent mark-sweep generation total 393216K, used 41448K [0x00000000e8000000, 0x0000000100000000, 0x0000000100000000)
 Metaspace       used 37158K, capacity 37818K, committed 38032K, reserved 1083392K
  class space    used 4213K, capacity 4437K, committed 4528K, reserved 1048576K
2017-05-22T09:17:54.763+0000: 950.794: [GC (Allocation Failure) 2017-05-22T09:17:54.763+0000: 950.795: [ParNew
Desired survivor size 20112992 bytes, new threshold 8 (max 8)
- age   1:     361328 bytes,     361328 total
- age   2:       2696 bytes,     364024 total
- age   3:       2176 bytes,     366200 total
- age   4:       3352 bytes,     369552 total
- age   5:       2584 bytes,     372136 total
- age   6:       2088 bytes,     374224 total
- age   7:       2328 bytes,     376552 total
- age   8:       2624 bytes,     379176 total
: 88002K->713K(109248K), 0.0061033 secs] 129450K->42187K(502464K), 0.0061999 secs] [Times: user=0.02 sys=0.00, real=0.01 secs] 
Heap after GC invocations=79 (full 1):
 par new generation   total 109248K, used 713K [0x00000000e0000000, 0x00000000e8000000, 0x00000000e8000000)
  eden space 87424K,   0% used [0x00000000e0000000, 0x00000000e0000000, 0x00000000e5560000)
  from space 21824K,   3% used [0x00000000e6ab0000, 0x00000000e6b62758, 0x00000000e8000000)
  to   space 21824K,   0% used [0x00000000e5560000, 0x00000000e5560000, 0x00000000e6ab0000)
 concurrent mark-sweep generation total 393216K, used 41473K [0x00000000e8000000, 0x0000000100000000, 0x0000000100000000)
 Metaspace       used 37158K, capacity 37818K, committed 38032K, reserved 1083392K
  class space    used 4213K, capacity 4437K, committed 4528K, reserved 1048576K
}
2017-05-22T09:17:54.769+0000: 950.801: Total time for which application threads were stopped: 0.0064012 seconds, Stopping threads took: 0.0000238 seconds
{Heap before GC invocations=79 (full 1):
 par new generation   total 109248K, used 88137K [0x00000000e0000000, 0x00000000e8000000, 0x00000000e8000000)
  eden space 87424K, 100% used [0x00000000e0000000, 0x00000000e5560000, 0x00000000e5560000)
  from space 21824K,   3% used [0x00000000e6ab0000, 0x00000000e6b62758, 0x00000000e8000000)
  to   space 21824K,   0% used [0x00000000e5560000, 0x00000000e5560000, 0x00000000e6ab0000)
 concurrent mark-sweep generation total 393216K, used 41473K [0x00000000e8000000, 0x0000000100000000, 0x0000000100000000)
 Metaspace       used 37159K, capacity 37818K, committed 38032K, reserved 1083392K
  class space    used 4213K, capacity 4437K, committed 4528K, reserved 1048576K
2017-05-22T09:17:54.944+0000: 950.975: [GC (Allocation Failure) 2017-05-22T09:17:54.944+0000: 950.975: [ParNew
Desired survivor size 20112992 bytes, new threshold 8 (max 8)
- age   1:     397320 bytes,     397320 total
- age   2:       3736 bytes,     401056 total
- age   3:       2656 bytes,     403712 total
- age   4:       2176 bytes,     405888 total
- age   5:       3352 bytes,     409240 total
- age   6:       2584 bytes,     411824 total
- age   7:       2088 bytes,     413912 total
- age   8:       2328 bytes,     416240 total
: 88137K->501K(109248K), 0.0063488 secs] 129611K->41977K(502464K), 0.0064412 secs] [Times: user=0.02 sys=0.00, real=0.01 secs] 
Heap after GC invocations=80 (full 1):
 par new generation   total 109248K, used 501K [0x00000000e0000000, 0x00000000e8000000, 0x00000000e8000000)
  eden space 87424K,   0% used [0x00000000e0000000, 0x00000000e0000000, 0x00000000e5560000)
  from space 21824K,   2% used [0x00000000e5560000, 0x00000000e55dd498, 0x00000000e6ab0000)
  to   space 21824K,   0% used [0x00000000e6ab0000, 0x00000000e6ab0000, 0x00000000e8000000)
 concurrent mark-sweep generation total 393216K, used 41476K [0x00000000e8000000, 0x0000000100000000, 0x0000000100000000)
 Metaspace       used 37159K, capacity 37818K, committed 38032K, reserved 1083392K
  class space    used 4213K, capacity 4437K, committed 4528K, reserved 1048576K
}
2017-05-22T09:17:54.950+0000: 950.981: Total time for which application threads were stopped: 0.0066617 seconds, Stopping threads took: 0.0000441 seconds
2017-05-22T09:17:55.950+0000: 951.982: Total time for which application threads were stopped: 0.0002345 seconds, Stopping threads took: 0.0000488 seconds
{Heap before GC invocations=80 (full 1):
 par new generation   total 109248K, used 87925K [0x00000000e0000000, 0x00000000e8000000, 0x00000000e8000000)
  eden space 87424K, 100% used [0x00000000e0000000, 0x00000000e5560000, 0x00000000e5560000)
  from space 21824K,   2% used [0x00000000e5560000, 0x00000000e55dd498, 0x00000000e6ab0000)
  to   space 21824K,   0% used [0x00000000e6ab0000, 0x00000000e6ab0000, 0x00000000e8000000)
 concurrent mark-sweep generation total 393216K, used 41476K [0x00000000e8000000, 0x0000000100000000, 0x0000000100000000)
 Metaspace       used 37177K, capacity 37818K, committed 38032K, reserved 1083392K
  class space    used 4214K, capacity 4437K, committed 4528K, reserved 1048576K
2017-05-22T09:17:57.553+0000: 953.584: [GC (Allocation Failure) 2017-05-22T09:17:57.553+0000: 953.584: [ParNew
Desired survivor size 20112992 bytes, new threshold 8 (max 8)
- age   1:     278896 bytes,     278896 total
- age   2:       3576 bytes,     282472 total
- age   3:       3024 bytes,     285496 total
- age   4:       2432 bytes,     287928 total
- age   5:       2176 bytes,     290104 total
- age   6:       2904 bytes,     293008 total
- age   7:       2584 bytes,     295592 total
- age   8:       2088 bytes,     297680 total
: 87925K->487K(109248K), 0.0066909 secs] 129401K->41966K(502464K), 0.0067724 secs] [Times: user=0.02 sys=0.00, real=0.01 secs] 
Heap after GC invocations=81 (full 1):
 par new generation   total 109248K, used 487K [0x00000000e0000000, 0x00000000e8000000, 0x00000000e8000000)
  eden space 87424K,   0% used [0x00000000e0000000, 0x00000000e0000000, 0x00000000e5560000)
  from space 21824K,   2% used [0x00000000e6ab0000, 0x00000000e6b29fe0, 0x00000000e8000000)
  to   space 21824K,   0% used [0x00000000e5560000, 0x00000000e5560000, 0x00000000e6ab0000)
 concurrent mark-sweep generation total 393216K, used 41478K [0x00000000e8000000, 0x0000000100000000, 0x0000000100000000)
 Metaspace       used 37177K, capacity 37818K, committed 38032K, reserved 1083392K
  class space    used 4214K, capacity 4437K, committed 4528K, reserved 1048576K
}
2017-05-22T09:17:57.560+0000: 953.591: Total time for which application threads were stopped: 0.0069741 seconds, Stopping threads took: 0.0000251 seconds
{Heap before GC invocations=81 (full 1):
 par new generation   total 109248K, used 87911K [0x00000000e0000000, 0x00000000e8000000, 0x00000000e8000000)
  eden space 87424K, 100% used [0x00000000e0000000, 0x00000000e5560000, 0x00000000e5560000)
  from space 21824K,   2% used [0x00000000e6ab0000, 0x00000000e6b29fe0, 0x00000000e8000000)
  to   space 21824K,   0% used [0x00000000e5560000, 0x00000000e5560000, 0x00000000e6ab0000)
 concurrent mark-sweep generation total 393216K, used 41478K [0x00000000e8000000, 0x0000000100000000, 0x0000000100000000)
 Metaspace       used 37177K, capacity 37818K, committed 38032K, reserved 1083392K
  class space    used 4214K, capacity 4437K, committed 4528K, reserved 1048576K
2017-05-22T09:17:57.735+0000: 953.767: [GC (Allocation Failure) 2017-05-22T09:17:57.736+0000: 953.767: [ParNew
Desired survivor size 20112992 bytes, new threshold 8 (max 8)
- age   1:     434816 bytes,     434816 total
- age   2:      27864 bytes,     462680 total
- age   3:       3536 bytes,     466216 total
- age   4:       3024 bytes,     469240 total
- age   5:       2432 bytes,     471672 total
- age   6:       2176 bytes,     473848 total
- age   7:       2904 bytes,     476752 total
- age   8:       2584 bytes,     479336 total
: 87911K->555K(109248K), 0.0060068 secs] 129390K->42035K(502464K), 0.0061011 secs] [Times: user=0.02 sys=0.00, real=0.01 secs] 
Heap after GC invocations=82 (full 1):
 par new generation   total 109248K, used 555K [0x00000000e0000000, 0x00000000e8000000, 0x00000000e8000000)
  eden space 87424K,   0% used [0x00000000e0000000, 0x00000000e0000000, 0x00000000e5560000)
  from space 21824K,   2% used [0x00000000e5560000, 0x00000000e55eac90, 0x00000000e6ab0000)
  to   space 21824K,   0% used [0x00000000e6ab0000, 0x00000000e6ab0000, 0x00000000e8000000)
 concurrent mark-sweep generation total 393216K, used 41480K [0x00000000e8000000, 0x0000000100000000, 0x0000000100000000)
 Metaspace       used 37177K, capacity 37818K, committed 38032K, reserved 1083392K
  class space    used 4214K, capacity 4437K, committed 4528K, reserved 1048576K
}
2017-05-22T09:17:57.742+0000: 953.773: Total time for which application threads were stopped: 0.0063264 seconds, Stopping threads took: 0.0000292 seconds
{Heap before GC invocations=82 (full 1):
 par new generation   total 109248K, used 87952K [0x00000000e0000000, 0x00000000e8000000, 0x00000000e8000000)
  eden space 87424K,  99% used [0x00000000e0000000, 0x00000000e55594d8, 0x00000000e5560000)
  from space 21824K,   2% used [0x00000000e5560000, 0x00000000e55eac90, 0x00000000e6ab0000)
  to   space 21824K,   0% used [0x00000000e6ab0000, 0x00000000e6ab0000, 0x00000000e8000000)
 concurrent mark-sweep generation total 393216K, used 41480K [0x00000000e8000000, 0x0000000100000000, 0x0000000100000000)
 Metaspace       used 37177K, capacity 37818K, committed 38032K, reserved 1083392K
  class space    used 4214K, capacity 4437K, committed 4528K, reserved 1048576K
2017-05-22T09:17:57.921+0000: 953.952: [GC (Allocation Failure) 2017-05-22T09:17:57.921+0000: 953.952: [ParNew
Desired survivor size 20112992 bytes, new threshold 8 (max 8)
- age   1:     204392 bytes,     204392 total
- age   2:       2176 bytes,     206568 total
- age   3:      27376 bytes,     233944 total
- age   4:       3536 bytes,     237480 total
- age   5:       3024 bytes,     240504 total
- age   6:       2432 bytes,     242936 total
- age   7:       2176 bytes,     245112 total
- age   8:       2904 bytes,     248016 total
: 87952K->377K(109248K), 0.0062952 secs] 129433K->41860K(502464K), 0.0063818 secs] [Times: user=0.02 sys=0.00, real=0.01 secs] 
Heap after GC invocations=83 (full 1):
 par new generation   total 109248K, used 377K [0x00000000e0000000, 0x00000000e8000000, 0x00000000e8000000)
  eden space 87424K,   0% used [0x00000000e0000000, 0x00000000e0000000, 0x00000000e5560000)
  from space 21824K,   1% used [0x00000000e6ab0000, 0x00000000e6b0e600, 0x00000000e8000000)
  to   space 21824K,   0% used [0x00000000e5560000, 0x00000000e5560000, 0x00000000e6ab0000)
 concurrent mark-sweep generation total 393216K, used 41483K [0x00000000e8000000, 0x0000000100000000, 0x0000000100000000)
 Metaspace       used 37177K, capacity 37818K, committed 38032K, reserved 1083392K
  class space    used 4214K, capacity 4437K, committed 4528K, reserved 1048576K
}
2017-05-22T09:17:57.927+0000: 953.959: Total time for which application threads were stopped: 0.0065832 seconds, Stopping threads took: 0.0000235 seconds
{Heap before GC invocations=83 (full 1):
 par new generation   total 109248K, used 87801K [0x00000000e0000000, 0x00000000e8000000, 0x00000000e8000000)
  eden space 87424K, 100% used [0x00000000e0000000, 0x00000000e5560000, 0x00000000e5560000)
  from space 21824K,   1% used [0x00000000e6ab0000, 0x00000000e6b0e600, 0x00000000e8000000)
  to   space 21824K,   0% used [0x00000000e5560000, 0x00000000e5560000, 0x00000000e6ab0000)
 concurrent mark-sweep generation total 393216K, used 41483K [0x00000000e8000000, 0x0000000100000000, 0x0000000100000000)
 Metaspace       used 37177K, capacity 37818K, committed 38032K, reserved 1083392K
  class space    used 4214K, capacity 4437K, committed 4528K, reserved 1048576K
2017-05-22T09:17:58.094+0000: 954.125: [GC (Allocation Failure) 2017-05-22T09:17:58.094+0000: 954.125: [ParNew
Desired survivor size 20112992 bytes, new threshold 8 (max 8)
- age   1:     369480 bytes,     369480 total
- age   2:       2792 bytes,     372272 total
- age   3:       2136 bytes,     374408 total
- age   4:      27376 bytes,     401784 total
- age   5:       3536 bytes,     405320 total
- age   6:       3024 bytes,     408344 total
- age   7:       2432 bytes,     410776 total
- age   8:       2176 bytes,     412952 total
: 87801K->507K(109248K), 0.0073527 secs] 129284K->41993K(502464K), 0.0075196 secs] [Times: user=0.02 sys=0.00, real=0.01 secs] 
Heap after GC invocations=84 (full 1):
 par new generation   total 109248K, used 507K [0x00000000e0000000, 0x00000000e8000000, 0x00000000e8000000)
  eden space 87424K,   0% used [0x00000000e0000000, 0x00000000e0000000, 0x00000000e5560000)
  from space 21824K,   2% used [0x00000000e5560000, 0x00000000e55dee40, 0x00000000e6ab0000)
  to   space 21824K,   0% used [0x00000000e6ab0000, 0x00000000e6ab0000, 0x00000000e8000000)
 concurrent mark-sweep generation total 393216K, used 41486K [0x00000000e8000000, 0x0000000100000000, 0x0000000100000000)
 Metaspace       used 37177K, capacity 37818K, committed 38032K, reserved 1083392K
  class space    used 4214K, capacity 4437K, committed 4528K, reserved 1048576K
}
2017-05-22T09:17:58.101+0000: 954.133: Total time for which application threads were stopped: 0.0078728 seconds, Stopping threads took: 0.0000491 seconds
{Heap before GC invocations=84 (full 1):
 par new generation   total 109248K, used 87930K [0x00000000e0000000, 0x00000000e8000000, 0x00000000e8000000)
  eden space 87424K,  99% used [0x00000000e0000000, 0x00000000e555fd78, 0x00000000e5560000)
  from space 21824K,   2% used [0x00000000e5560000, 0x00000000e55dee40, 0x00000000e6ab0000)
  to   space 21824K,   0% used [0x00000000e6ab0000, 0x00000000e6ab0000, 0x00000000e8000000)
 concurrent mark-sweep generation total 393216K, used 41486K [0x00000000e8000000, 0x0000000100000000, 0x0000000100000000)
 Metaspace       used 37177K, capacity 37818K, committed 38032K, reserved 1083392K
  class space    used 4214K, capacity 4437K, committed 4528K, reserved 1048576K
2017-05-22T09:17:58.320+0000: 954.351: [GC (Allocation Failure) 2017-05-22T09:17:58.320+0000: 954.351: [ParNew
Desired survivor size 20112992 bytes, new threshold 8 (max 8)
- age   1:     439752 bytes,     439752 total
- age   2:       2592 bytes,     442344 total
- age   3:       2528 bytes,     444872 total
- age   4:       2136 bytes,     447008 total
- age   5:      26704 bytes,     473712 total
- age   6:       3536 bytes,     477248 total
- age   7:       3024 bytes,     480272 total
- age   8:       2432 bytes,     482704 total
: 87930K->676K(109248K), 0.0057091 secs] 129417K->42164K(502464K), 0.0058052 secs] [Times: user=0.02 sys=0.00, real=0.01 secs] 
Heap after GC invocations=85 (full 1):
 par new generation   total 109248K, used 676K [0x00000000e0000000, 0x00000000e8000000, 0x00000000e8000000)
  eden space 87424K,   0% used [0x00000000e0000000, 0x00000000e0000000, 0x00000000e5560000)
  from space 21824K,   3% used [0x00000000e6ab0000, 0x00000000e6b59180, 0x00000000e8000000)
  to   space 21824K,   0% used [0x00000000e5560000, 0x00000000e5560000, 0x00000000e6ab0000)
 concurrent mark-sweep generation total 393216K, used 41488K [0x00000000e8000000, 0x0000000100000000, 0x0000000100000000)
 Metaspace       used 37177K, capacity 37818K, committed 38032K, reserved 1083392K
  class space    used 4214K, capacity 4437K, committed 4528K, reserved 1048576K
}
2017-05-22T09:17:58.325+0000: 954.357: Total time for which application threads were stopped: 0.0062272 seconds, Stopping threads took: 0.0000725 seconds
{Heap before GC invocations=85 (full 1):
 par new generation   total 109248K, used 88100K [0x00000000e0000000, 0x00000000e8000000, 0x00000000e8000000)
  eden space 87424K, 100% used [0x00000000e0000000, 0x00000000e5560000, 0x00000000e5560000)
  from space 21824K,   3% used [0x00000000e6ab0000, 0x00000000e6b59180, 0x00000000e8000000)
  to   space 21824K,   0% used [0x00000000e5560000, 0x00000000e5560000, 0x00000000e6ab0000)
 concurrent mark-sweep generation total 393216K, used 41488K [0x00000000e8000000, 0x0000000100000000, 0x0000000100000000)
 Metaspace       used 37180K, capacity 37818K, committed 38032K, reserved 1083392K
  class space    used 4214K, capacity 4437K, committed 4528K, reserved 1048576K
2017-05-22T09:17:58.491+0000: 954.522: [GC (Allocation Failure) 2017-05-22T09:17:58.491+0000: 954.522: [ParNew
Desired survivor size 20112992 bytes, new threshold 8 (max 8)
- age   1:     452016 bytes,     452016 total
- age   2:       2944 bytes,     454960 total
- age   3:       2328 bytes,     457288 total
- age   4:       2528 bytes,     459816 total
- age   5:       2136 bytes,     461952 total
- age   6:      26704 bytes,     488656 total
- age   7:       3536 bytes,     492192 total
- age   8:       3024 bytes,     495216 total
: 88100K->604K(109248K), 0.0059846 secs] 129588K->42094K(502464K), 0.0060708 secs] [Times: user=0.02 sys=0.00, real=0.00 secs] 
Heap after GC invocations=86 (full 1):
 par new generation   total 109248K, used 604K [0x00000000e0000000, 0x00000000e8000000, 0x00000000e8000000)
  eden space 87424K,   0% used [0x00000000e0000000, 0x00000000e0000000, 0x00000000e5560000)
  from space 21824K,   2% used [0x00000000e5560000, 0x00000000e55f7060, 0x00000000e6ab0000)
  to   space 21824K,   0% used [0x00000000e6ab0000, 0x00000000e6ab0000, 0x00000000e8000000)
 concurrent mark-sweep generation total 393216K, used 41490K [0x00000000e8000000, 0x0000000100000000, 0x0000000100000000)
 Metaspace       used 37180K, capacity 37818K, committed 38032K, reserved 1083392K
  class space    used 4214K, capacity 4437K, committed 4528K, reserved 1048576K
}
2017-05-22T09:17:58.497+0000: 954.529: Total time for which application threads were stopped: 0.0062764 seconds, Stopping threads took: 0.0000308 seconds
{Heap before GC invocations=86 (full 1):
 par new generation   total 109248K, used 88028K [0x00000000e0000000, 0x00000000e8000000, 0x00000000e8000000)
  eden space 87424K, 100% used [0x00000000e0000000, 0x00000000e5560000, 0x00000000e5560000)
  from space 21824K,   2% used [0x00000000e5560000, 0x00000000e55f7060, 0x00000000e6ab0000)
  to   space 21824K,   0% used [0x00000000e6ab0000, 0x00000000e6ab0000, 0x00000000e8000000)
 concurrent mark-sweep generation total 393216K, used 41490K [0x00000000e8000000, 0x0000000100000000, 0x0000000100000000)
 Metaspace       used 37180K, capacity 37818K, committed 38032K, reserved 1083392K
  class space    used 4214K, capacity 4437K, committed 4528K, reserved 1048576K
2017-05-22T09:17:58.663+0000: 954.694: [GC (Allocation Failure) 2017-05-22T09:17:58.663+0000: 954.694: [ParNew
Desired survivor size 20112992 bytes, new threshold 8 (max 8)
- age   1:     215840 bytes,     215840 total
- age   2:       4040 bytes,     219880 total
- age   3:       2904 bytes,     222784 total
- age   4:       2104 bytes,     224888 total
- age   5:       2528 bytes,     227416 total
- age   6:       2136 bytes,     229552 total
- age   7:      26704 bytes,     256256 total
- age   8:       3536 bytes,     259792 total
: 88028K->415K(109248K), 0.0070876 secs] 129518K->41909K(502464K), 0.0072953 secs] [Times: user=0.02 sys=0.00, real=0.01 secs] 
Heap after GC invocations=87 (full 1):
 par new generation   total 109248K, used 415K [0x00000000e0000000, 0x00000000e8000000, 0x00000000e8000000)
  eden space 87424K,   0% used [0x00000000e0000000, 0x00000000e0000000, 0x00000000e5560000)
  from space 21824K,   1% used [0x00000000e6ab0000, 0x00000000e6b17fe0, 0x00000000e8000000)
  to   space 21824K,   0% used [0x00000000e5560000, 0x00000000e5560000, 0x00000000e6ab0000)
 concurrent mark-sweep generation total 393216K, used 41493K [0x00000000e8000000, 0x0000000100000000, 0x0000000100000000)
 Metaspace       used 37180K, capacity 37818K, committed 38032K, reserved 1083392K
  class space    used 4214K, capacity 4437K, committed 4528K, reserved 1048576K
}
2017-05-22T09:17:58.670+0000: 954.701: Total time for which application threads were stopped: 0.0076176 seconds, Stopping threads took: 0.0000296 seconds
{Heap before GC invocations=87 (full 1):
 par new generation   total 109248K, used 87839K [0x00000000e0000000, 0x00000000e8000000, 0x00000000e8000000)
  eden space 87424K, 100% used [0x00000000e0000000, 0x00000000e5560000, 0x00000000e5560000)
  from space 21824K,   1% used [0x00000000e6ab0000, 0x00000000e6b17fe0, 0x00000000e8000000)
  to   space 21824K,   0% used [0x00000000e5560000, 0x00000000e5560000, 0x00000000e6ab0000)
 concurrent mark-sweep generation total 393216K, used 41493K [0x00000000e8000000, 0x0000000100000000, 0x0000000100000000)
 Metaspace       used 37180K, capacity 37818K, committed 38032K, reserved 1083392K
  class space    used 4214K, capacity 4437K, committed 4528K, reserved 1048576K
2017-05-22T09:17:58.850+0000: 954.882: [GC (Allocation Failure) 2017-05-22T09:17:58.850+0000: 954.882: [ParNew
Desired survivor size 20112992 bytes, new threshold 8 (max 8)
- age   1:     260448 bytes,     260448 total
- age   2:       3008 bytes,     263456 total
- age   3:       4000 bytes,     267456 total
- age   4:       2456 bytes,     269912 total
- age   5:       2104 bytes,     272016 total
- age   6:       2528 bytes,     274544 total
- age   7:       2136 bytes,     276680 total
- age   8:      26256 bytes,     302936 total
: 87839K->442K(109248K), 0.0072604 secs] 129333K->41939K(502464K), 0.0074127 secs] [Times: user=0.02 sys=0.00, real=0.01 secs] 
Heap after GC invocations=88 (full 1):
 par new generation   total 109248K, used 442K [0x00000000e0000000, 0x00000000e8000000, 0x00000000e8000000)
  eden space 87424K,   0% used [0x00000000e0000000, 0x00000000e0000000, 0x00000000e5560000)
  from space 21824K,   2% used [0x00000000e5560000, 0x00000000e55ce858, 0x00000000e6ab0000)
  to   space 21824K,   0% used [0x00000000e6ab0000, 0x00000000e6ab0000, 0x00000000e8000000)
 concurrent mark-sweep generation total 393216K, used 41497K [0x00000000e8000000, 0x0000000100000000, 0x0000000100000000)
 Metaspace       used 37180K, capacity 37818K, committed 38032K, reserved 1083392K
  class space    used 4214K, capacity 4437K, committed 4528K, reserved 1048576K
}
2017-05-22T09:17:58.858+0000: 954.889: Total time for which application threads were stopped: 0.0077066 seconds, Stopping threads took: 0.0000203 seconds
{Heap before GC invocations=88 (full 1):
 par new generation   total 109248K, used 87866K [0x00000000e0000000, 0x00000000e8000000, 0x00000000e8000000)
  eden space 87424K, 100% used [0x00000000e0000000, 0x00000000e5560000, 0x00000000e5560000)
  from space 21824K,   2% used [0x00000000e5560000, 0x00000000e55ce858, 0x00000000e6ab0000)
  to   space 21824K,   0% used [0x00000000e6ab0000, 0x00000000e6ab0000, 0x00000000e8000000)
 concurrent mark-sweep generation total 393216K, used 41497K [0x00000000e8000000, 0x0000000100000000, 0x0000000100000000)
 Metaspace       used 37180K, capacity 37818K, committed 38032K, reserved 1083392K
  class space    used 4214K, capacity 4437K, committed 4528K, reserved 1048576K
2017-05-22T09:17:59.027+0000: 955.058: [GC (Allocation Failure) 2017-05-22T09:17:59.027+0000: 955.058: [ParNew
Desired survivor size 20112992 bytes, new threshold 8 (max 8)
- age   1:     385592 bytes,     385592 total
- age   2:       3160 bytes,     388752 total
- age   3:       3008 bytes,     391760 total
- age   4:       4000 bytes,     395760 total
- age   5:       2456 bytes,     398216 total
- age   6:       2104 bytes,     400320 total
- age   7:       2528 bytes,     402848 total
- age   8:       2136 bytes,     404984 total
: 87866K->430K(109248K), 0.0072417 secs] 129363K->41952K(502464K), 0.0073345 secs] [Times: user=0.02 sys=0.00, real=0.00 secs] 
Heap after GC invocations=89 (full 1):
 par new generation   total 109248K, used 430K [0x00000000e0000000, 0x00000000e8000000, 0x00000000e8000000)
  eden space 87424K,   0% used [0x00000000e0000000, 0x00000000e0000000, 0x00000000e5560000)
  from space 21824K,   1% used [0x00000000e6ab0000, 0x00000000e6b1b910, 0x00000000e8000000)
  to   space 21824K,   0% used [0x00000000e5560000, 0x00000000e5560000, 0x00000000e6ab0000)
 concurrent mark-sweep generation total 393216K, used 41522K [0x00000000e8000000, 0x0000000100000000, 0x0000000100000000)
 Metaspace       used 37180K, capacity 37818K, committed 38032K, reserved 1083392K
  class space    used 4214K, capacity 4437K, committed 4528K, reserved 1048576K
}
2017-05-22T09:17:59.034+0000: 955.065: Total time for which application threads were stopped: 0.0075469 seconds, Stopping threads took: 0.0000315 seconds
{Heap before GC invocations=89 (full 1):
 par new generation   total 109248K, used 87854K [0x00000000e0000000, 0x00000000e8000000, 0x00000000e8000000)
  eden space 87424K, 100% used [0x00000000e0000000, 0x00000000e5560000, 0x00000000e5560000)
  from space 21824K,   1% used [0x00000000e6ab0000, 0x00000000e6b1b910, 0x00000000e8000000)
  to   space 21824K,   0% used [0x00000000e5560000, 0x00000000e5560000, 0x00000000e6ab0000)
 concurrent mark-sweep generation total 393216K, used 41522K [0x00000000e8000000, 0x0000000100000000, 0x0000000100000000)
 Metaspace       used 37180K, capacity 37818K, committed 38032K, reserved 1083392K
  class space    used 4214K, capacity 4437K, committed 4528K, reserved 1048576K
2017-05-22T09:17:59.450+0000: 955.482: [GC (Allocation Failure) 2017-05-22T09:17:59.451+0000: 955.482: [ParNew
Desired survivor size 20112992 bytes, new threshold 8 (max 8)
- age   1:      37504 bytes,      37504 total
- age   2:       2448 bytes,      39952 total
- age   3:       2448 bytes,      42400 total
- age   4:       2560 bytes,      44960 total
- age   5:       4000 bytes,      48960 total
- age   6:       2232 bytes,      51192 total
- age   7:       2104 bytes,      53296 total
- age   8:       2304 bytes,      55600 total
: 87854K->155K(109248K), 0.0205719 secs] 129376K->41680K(502464K), 0.0206734 secs] [Times: user=0.04 sys=0.00, real=0.02 secs] 
Heap after GC invocations=90 (full 1):
 par new generation   total 109248K, used 155K [0x00000000e0000000, 0x00000000e8000000, 0x00000000e8000000)
  eden space 87424K,   0% used [0x00000000e0000000, 0x00000000e0000000, 0x00000000e5560000)
  from space 21824K,   0% used [0x00000000e5560000, 0x00000000e5586d10, 0x00000000e6ab0000)
  to   space 21824K,   0% used [0x00000000e6ab0000, 0x00000000e6ab0000, 0x00000000e8000000)
 concurrent mark-sweep generation total 393216K, used 41524K [0x00000000e8000000, 0x0000000100000000, 0x0000000100000000)
 Metaspace       used 37180K, capacity 37818K, committed 38032K, reserved 1083392K
  class space    used 4214K, capacity 4437K, committed 4528K, reserved 1048576K
}
2017-05-22T09:17:59.471+0000: 955.503: Total time for which application threads were stopped: 0.0209555 seconds, Stopping threads took: 0.0000291 seconds
2017-05-22T09:18:00.472+0000: 956.503: Total time for which application threads were stopped: 0.0002379 seconds, Stopping threads took: 0.0000417 seconds
2017-05-22T09:18:02.472+0000: 958.503: Total time for which application threads were stopped: 0.0001587 seconds, Stopping threads took: 0.0000264 seconds
2017-05-22T09:18:03.472+0000: 959.504: Total time for which application threads were stopped: 0.0001163 seconds, Stopping threads took: 0.0000283 seconds
2017-05-22T09:18:04.473+0000: 960.504: Total time for which application threads were stopped: 0.0001680 seconds, Stopping threads took: 0.0000347 seconds
{Heap before GC invocations=90 (full 1):
 par new generation   total 109248K, used 87574K [0x00000000e0000000, 0x00000000e8000000, 0x00000000e8000000)
  eden space 87424K,  99% used [0x00000000e0000000, 0x00000000e555eca8, 0x00000000e5560000)
  from space 21824K,   0% used [0x00000000e5560000, 0x00000000e5586d10, 0x00000000e6ab0000)
  to   space 21824K,   0% used [0x00000000e6ab0000, 0x00000000e6ab0000, 0x00000000e8000000)
 concurrent mark-sweep generation total 393216K, used 41524K [0x00000000e8000000, 0x0000000100000000, 0x0000000100000000)
 Metaspace       used 37201K, capacity 37818K, committed 38032K, reserved 1083392K
  class space    used 4214K, capacity 4437K, committed 4528K, reserved 1048576K
2017-05-22T09:18:04.566+0000: 960.597: [GC (Allocation Failure) 2017-05-22T09:18:04.566+0000: 960.597: [ParNew
Desired survivor size 20112992 bytes, new threshold 8 (max 8)
- age   1:     209248 bytes,     209248 total
- age   2:      19064 bytes,     228312 total
- age   3:       2408 bytes,     230720 total
- age   4:       2448 bytes,     233168 total
- age   5:       2560 bytes,     235728 total
- age   6:       4000 bytes,     239728 total
- age   7:       2232 bytes,     241960 total
- age   8:       2104 bytes,     244064 total
: 87574K->282K(109248K), 0.0182281 secs] 129099K->41809K(502464K), 0.0183398 secs] [Times: user=0.04 sys=0.00, real=0.01 secs] 
Heap after GC invocations=91 (full 1):
 par new generation   total 109248K, used 282K [0x00000000e0000000, 0x00000000e8000000, 0x00000000e8000000)
  eden space 87424K,   0% used [0x00000000e0000000, 0x00000000e0000000, 0x00000000e5560000)
  from space 21824K,   1% used [0x00000000e6ab0000, 0x00000000e6af6ad0, 0x00000000e8000000)
  to   space 21824K,   0% used [0x00000000e5560000, 0x00000000e5560000, 0x00000000e6ab0000)
 concurrent mark-sweep generation total 393216K, used 41527K [0x00000000e8000000, 0x0000000100000000, 0x0000000100000000)
 Metaspace       used 37201K, capacity 37818K, committed 38032K, reserved 1083392K
  class space    used 4214K, capacity 4437K, committed 4528K, reserved 1048576K
}
2017-05-22T09:18:04.584+0000: 960.616: Total time for which application threads were stopped: 0.0185860 seconds, Stopping threads took: 0.0000297 seconds
{Heap before GC invocations=91 (full 1):
 par new generation   total 109248K, used 87706K [0x00000000e0000000, 0x00000000e8000000, 0x00000000e8000000)
  eden space 87424K, 100% used [0x00000000e0000000, 0x00000000e5560000, 0x00000000e5560000)
  from space 21824K,   1% used [0x00000000e6ab0000, 0x00000000e6af6ad0, 0x00000000e8000000)
  to   space 21824K,   0% used [0x00000000e5560000, 0x00000000e5560000, 0x00000000e6ab0000)
 concurrent mark-sweep generation total 393216K, used 41527K [0x00000000e8000000, 0x0000000100000000, 0x0000000100000000)
 Metaspace       used 37201K, capacity 37818K, committed 38032K, reserved 1083392K
  class space    used 4214K, capacity 4437K, committed 4528K, reserved 1048576K
2017-05-22T09:18:04.827+0000: 960.858: [GC (Allocation Failure) 2017-05-22T09:18:04.827+0000: 960.858: [ParNew
Desired survivor size 20112992 bytes, new threshold 8 (max 8)
- age   1:     473720 bytes,     473720 total
- age   2:     160752 bytes,     634472 total
- age   3:      19064 bytes,     653536 total
- age   4:       2408 bytes,     655944 total
- age   5:       2448 bytes,     658392 total
- age   6:       2560 bytes,     660952 total
- age   7:       4000 bytes,     664952 total
- age   8:       2232 bytes,     667184 total
: 87706K->726K(109248K), 0.0089718 secs] 129233K->42255K(502464K), 0.0090770 secs] [Times: user=0.03 sys=0.00, real=0.00 secs] 
Heap after GC invocations=92 (full 1):
 par new generation   total 109248K, used 726K [0x00000000e0000000, 0x00000000e8000000, 0x00000000e8000000)
  eden space 87424K,   0% used [0x00000000e0000000, 0x00000000e0000000, 0x00000000e5560000)
  from space 21824K,   3% used [0x00000000e5560000, 0x00000000e5615920, 0x00000000e6ab0000)
  to   space 21824K,   0% used [0x00000000e6ab0000, 0x00000000e6ab0000, 0x00000000e8000000)
 concurrent mark-sweep generation total 393216K, used 41529K [0x00000000e8000000, 0x0000000100000000, 0x0000000100000000)
 Metaspace       used 37201K, capacity 37818K, committed 38032K, reserved 1083392K
  class space    used 4214K, capacity 4437K, committed 4528K, reserved 1048576K
}
2017-05-22T09:18:04.836+0000: 960.867: Total time for which application threads were stopped: 0.0093022 seconds, Stopping threads took: 0.0000251 seconds
{Heap before GC invocations=92 (full 1):
 par new generation   total 109248K, used 88150K [0x00000000e0000000, 0x00000000e8000000, 0x00000000e8000000)
  eden space 87424K, 100% used [0x00000000e0000000, 0x00000000e5560000, 0x00000000e5560000)
  from space 21824K,   3% used [0x00000000e5560000, 0x00000000e5615920, 0x00000000e6ab0000)
  to   space 21824K,   0% used [0x00000000e6ab0000, 0x00000000e6ab0000, 0x00000000e8000000)
 concurrent mark-sweep generation total 393216K, used 41529K [0x00000000e8000000, 0x0000000100000000, 0x0000000100000000)
 Metaspace       used 37205K, capacity 37818K, committed 38032K, reserved 1083392K
  class space    used 4214K, capacity 4437K, committed 4528K, reserved 1048576K
2017-05-22T09:18:05.043+0000: 961.074: [GC (Allocation Failure) 2017-05-22T09:18:05.043+0000: 961.074: [ParNew
Desired survivor size 20112992 bytes, new threshold 8 (max 8)
- age   1:     304128 bytes,     304128 total
- age   2:       3576 bytes,     307704 total
- age   3:     160528 bytes,     468232 total
- age   4:      19064 bytes,     487296 total
- age   5:       2408 bytes,     489704 total
- age   6:       2448 bytes,     492152 total
- age   7:       2560 bytes,     494712 total
- age   8:       4000 bytes,     498712 total
: 88150K->766K(109248K), 0.0116452 secs] 129679K->42297K(502464K), 0.0117540 secs] [Times: user=0.04 sys=0.00, real=0.01 secs] 
Heap after GC invocations=93 (full 1):
 par new generation   total 109248K, used 766K [0x00000000e0000000, 0x00000000e8000000, 0x00000000e8000000)
  eden space 87424K,   0% used [0x00000000e0000000, 0x00000000e0000000, 0x00000000e5560000)
  from space 21824K,   3% used [0x00000000e6ab0000, 0x00000000e6b6f9d0, 0x00000000e8000000)
  to   space 21824K,   0% used [0x00000000e5560000, 0x00000000e5560000, 0x00000000e6ab0000)
 concurrent mark-sweep generation total 393216K, used 41531K [0x00000000e8000000, 0x0000000100000000, 0x0000000100000000)
 Metaspace       used 37205K, capacity 37818K, committed 38032K, reserved 1083392K
  class space    used 4214K, capacity 4437K, committed 4528K, reserved 1048576K
}
2017-05-22T09:18:05.055+0000: 961.086: Total time for which application threads were stopped: 0.0120332 seconds, Stopping threads took: 0.0000763 seconds
{Heap before GC invocations=93 (full 1):
 par new generation   total 109248K, used 88190K [0x00000000e0000000, 0x00000000e8000000, 0x00000000e8000000)
  eden space 87424K, 100% used [0x00000000e0000000, 0x00000000e5560000, 0x00000000e5560000)
  from space 21824K,   3% used [0x00000000e6ab0000, 0x00000000e6b6f9d0, 0x00000000e8000000)
  to   space 21824K,   0% used [0x00000000e5560000, 0x00000000e5560000, 0x00000000e6ab0000)
 concurrent mark-sweep generation total 393216K, used 41531K [0x00000000e8000000, 0x0000000100000000, 0x0000000100000000)
 Metaspace       used 37206K, capacity 37818K, committed 38032K, reserved 1083392K
  class space    used 4214K, capacity 4437K, committed 4528K, reserved 1048576K
2017-05-22T09:18:05.257+0000: 961.289: [GC (Allocation Failure) 2017-05-22T09:18:05.258+0000: 961.289: [ParNew
Desired survivor size 20112992 bytes, new threshold 8 (max 8)
- age   1:     469416 bytes,     469416 total
- age   2:       4976 bytes,     474392 total
- age   3:       3088 bytes,     477480 total
- age   4:     160304 bytes,     637784 total
- age   5:      19064 bytes,     656848 total
- age   6:       2408 bytes,     659256 total
- age   7:       2448 bytes,     661704 total
- age   8:       2560 bytes,     664264 total
: 88190K->755K(109248K), 0.0064629 secs] 129721K->42291K(502464K), 0.0065609 secs] [Times: user=0.02 sys=0.00, real=0.00 secs] 
Heap after GC invocations=94 (full 1):
 par new generation   total 109248K, used 755K [0x00000000e0000000, 0x00000000e8000000, 0x00000000e8000000)
  eden space 87424K,   0% used [0x00000000e0000000, 0x00000000e0000000, 0x00000000e5560000)
  from space 21824K,   3% used [0x00000000e5560000, 0x00000000e561cfb8, 0x00000000e6ab0000)
  to   space 21824K,   0% used [0x00000000e6ab0000, 0x00000000e6ab0000, 0x00000000e8000000)
 concurrent mark-sweep generation total 393216K, used 41535K [0x00000000e8000000, 0x0000000100000000, 0x0000000100000000)
 Metaspace       used 37206K, capacity 37818K, committed 38032K, reserved 1083392K
  class space    used 4214K, capacity 4437K, committed 4528K, reserved 1048576K
}
2017-05-22T09:18:05.264+0000: 961.296: Total time for which application threads were stopped: 0.0067614 seconds, Stopping threads took: 0.0000267 seconds
{Heap before GC invocations=94 (full 1):
 par new generation   total 109248K, used 88179K [0x00000000e0000000, 0x00000000e8000000, 0x00000000e8000000)
  eden space 87424K, 100% used [0x00000000e0000000, 0x00000000e5560000, 0x00000000e5560000)
  from space 21824K,   3% used [0x00000000e5560000, 0x00000000e561cfb8, 0x00000000e6ab0000)
  to   space 21824K,   0% used [0x00000000e6ab0000, 0x00000000e6ab0000, 0x00000000e8000000)
 concurrent mark-sweep generation total 393216K, used 41535K [0x00000000e8000000, 0x0000000100000000, 0x0000000100000000)
 Metaspace       used 37206K, capacity 37818K, committed 38032K, reserved 1083392K
  class space    used 4214K, capacity 4437K, committed 4528K, reserved 1048576K
2017-05-22T09:18:05.462+0000: 961.493: [GC (Allocation Failure) 2017-05-22T09:18:05.462+0000: 961.493: [ParNew
Desired survivor size 20112992 bytes, new threshold 8 (max 8)
- age   1:     256264 bytes,     256264 total
- age   2:       4024 bytes,     260288 total
- age   3:       4488 bytes,     264776 total
- age   4:       2864 bytes,     267640 total
- age   5:     160304 bytes,     427944 total
- age   6:      19064 bytes,     447008 total
- age   7:       2408 bytes,     449416 total
- age   8:       2448 bytes,     451864 total
: 88179K->815K(109248K), 0.0079691 secs] 129715K->42352K(502464K), 0.0081393 secs] [Times: user=0.02 sys=0.00, real=0.01 secs] 
Heap after GC invocations=95 (full 1):
 par new generation   total 109248K, used 815K [0x00000000e0000000, 0x00000000e8000000, 0x00000000e8000000)
  eden space 87424K,   0% used [0x00000000e0000000, 0x00000000e0000000, 0x00000000e5560000)
  from space 21824K,   3% used [0x00000000e6ab0000, 0x00000000e6b7bc10, 0x00000000e8000000)
  to   space 21824K,   0% used [0x00000000e5560000, 0x00000000e5560000, 0x00000000e6ab0000)
 concurrent mark-sweep generation total 393216K, used 41537K [0x00000000e8000000, 0x0000000100000000, 0x0000000100000000)
 Metaspace       used 37206K, capacity 37818K, committed 38032K, reserved 1083392K
  class space    used 4214K, capacity 4437K, committed 4528K, reserved 1048576K
}
2017-05-22T09:18:05.470+0000: 961.501: Total time for which application threads were stopped: 0.0084466 seconds, Stopping threads took: 0.0000317 seconds
{Heap before GC invocations=95 (full 1):
 par new generation   total 109248K, used 88239K [0x00000000e0000000, 0x00000000e8000000, 0x00000000e8000000)
  eden space 87424K, 100% used [0x00000000e0000000, 0x00000000e5560000, 0x00000000e5560000)
  from space 21824K,   3% used [0x00000000e6ab0000, 0x00000000e6b7bc10, 0x00000000e8000000)
  to   space 21824K,   0% used [0x00000000e5560000, 0x00000000e5560000, 0x00000000e6ab0000)
 concurrent mark-sweep generation total 393216K, used 41537K [0x00000000e8000000, 0x0000000100000000, 0x0000000100000000)
 Metaspace       used 37206K, capacity 37818K, committed 38032K, reserved 1083392K
  class space    used 4214K, capacity 4437K, committed 4528K, reserved 1048576K
2017-05-22T09:18:05.679+0000: 961.710: [GC (Allocation Failure) 2017-05-22T09:18:05.679+0000: 961.710: [ParNew
Desired survivor size 20112992 bytes, new threshold 8 (max 8)
- age   1:     419368 bytes,     419368 total
- age   2:       3200 bytes,     422568 total
- age   3:       3760 bytes,     426328 total
- age   4:       4488 bytes,     430816 total
- age   5:       2864 bytes,     433680 total
- age   6:     160304 bytes,     593984 total
- age   7:      19064 bytes,     613048 total
- age   8:       2408 bytes,     615456 total
: 88239K->655K(109248K), 0.0334836 secs] 129776K->42195K(502464K), 0.0336841 secs] [Times: user=0.10 sys=0.00, real=0.03 secs] 
Heap after GC invocations=96 (full 1):
 par new generation   total 109248K, used 655K [0x00000000e0000000, 0x00000000e8000000, 0x00000000e8000000)
  eden space 87424K,   0% used [0x00000000e0000000, 0x00000000e0000000, 0x00000000e5560000)
  from space 21824K,   3% used [0x00000000e5560000, 0x00000000e5603ec0, 0x00000000e6ab0000)
  to   space 21824K,   0% used [0x00000000e6ab0000, 0x00000000e6ab0000, 0x00000000e8000000)
 concurrent mark-sweep generation total 393216K, used 41540K [0x00000000e8000000, 0x0000000100000000, 0x0000000100000000)
 Metaspace       used 37206K, capacity 37818K, committed 38032K, reserved 1083392K
  class space    used 4214K, capacity 4437K, committed 4528K, reserved 1048576K
}
2017-05-22T09:18:05.712+0000: 961.744: Total time for which application threads were stopped: 0.0339888 seconds, Stopping threads took: 0.0000525 seconds
{Heap before GC invocations=96 (full 1):
 par new generation   total 109248K, used 88079K [0x00000000e0000000, 0x00000000e8000000, 0x00000000e8000000)
  eden space 87424K, 100% used [0x00000000e0000000, 0x00000000e5560000, 0x00000000e5560000)
  from space 21824K,   3% used [0x00000000e5560000, 0x00000000e5603ec0, 0x00000000e6ab0000)
  to   space 21824K,   0% used [0x00000000e6ab0000, 0x00000000e6ab0000, 0x00000000e8000000)
 concurrent mark-sweep generation total 393216K, used 41540K [0x00000000e8000000, 0x0000000100000000, 0x0000000100000000)
 Metaspace       used 37206K, capacity 37818K, committed 38032K, reserved 1083392K
  class space    used 4214K, capacity 4437K, committed 4528K, reserved 1048576K
2017-05-22T09:18:05.923+0000: 961.955: [GC (Allocation Failure) 2017-05-22T09:18:05.923+0000: 961.955: [ParNew
Desired survivor size 20112992 bytes, new threshold 8 (max 8)
- age   1:     461688 bytes,     461688 total
- age   2:       3048 bytes,     464736 total
- age   3:       2712 bytes,     467448 total
- age   4:       3760 bytes,     471208 total
- age   5:       4264 bytes,     475472 total
- age   6:       2864 bytes,     478336 total
- age   7:     160304 bytes,     638640 total
- age   8:      19064 bytes,     657704 total
: 88079K->1010K(109248K), 0.0182477 secs] 129619K->42553K(502464K), 0.0183705 secs] [Times: user=0.05 sys=0.00, real=0.02 secs] 
Heap after GC invocations=97 (full 1):
 par new generation   total 109248K, used 1010K [0x00000000e0000000, 0x00000000e8000000, 0x00000000e8000000)
  eden space 87424K,   0% used [0x00000000e0000000, 0x00000000e0000000, 0x00000000e5560000)
  from space 21824K,   4% used [0x00000000e6ab0000, 0x00000000e6bacb80, 0x00000000e8000000)
  to   space 21824K,   0% used [0x00000000e5560000, 0x00000000e5560000, 0x00000000e6ab0000)
 concurrent mark-sweep generation total 393216K, used 41542K [0x00000000e8000000, 0x0000000100000000, 0x0000000100000000)
 Metaspace       used 37206K, capacity 37818K, committed 38032K, reserved 1083392K
  class space    used 4214K, capacity 4437K, committed 4528K, reserved 1048576K
}
2017-05-22T09:18:05.942+0000: 961.973: Total time for which application threads were stopped: 0.0186233 seconds, Stopping threads took: 0.0000454 seconds
{Heap before GC invocations=97 (full 1):
 par new generation   total 109248K, used 88434K [0x00000000e0000000, 0x00000000e8000000, 0x00000000e8000000)
  eden space 87424K, 100% used [0x00000000e0000000, 0x00000000e5560000, 0x00000000e5560000)
  from space 21824K,   4% used [0x00000000e6ab0000, 0x00000000e6bacb80, 0x00000000e8000000)
  to   space 21824K,   0% used [0x00000000e5560000, 0x00000000e5560000, 0x00000000e6ab0000)
 concurrent mark-sweep generation total 393216K, used 41542K [0x00000000e8000000, 0x0000000100000000, 0x0000000100000000)
 Metaspace       used 37229K, capacity 37882K, committed 38288K, reserved 1083392K
  class space    used 4214K, capacity 4437K, committed 4528K, reserved 1048576K
2017-05-22T09:18:06.114+0000: 962.145: [GC (Allocation Failure) 2017-05-22T09:18:06.114+0000: 962.145: [ParNew
Desired survivor size 20112992 bytes, new threshold 8 (max 8)
- age   1:     394728 bytes,     394728 total
- age   2:       3096 bytes,     397824 total
- age   3:       3008 bytes,     400832 total
- age   4:       2712 bytes,     403544 total
- age   5:       3760 bytes,     407304 total
- age   6:       4264 bytes,     411568 total
- age   7:       2864 bytes,     414432 total
- age   8:     160304 bytes,     574736 total
: 88434K->645K(109248K), 0.0133831 secs] 129977K->42206K(502464K), 0.0134934 secs] [Times: user=0.04 sys=0.00, real=0.02 secs] 
Heap after GC invocations=98 (full 1):
 par new generation   total 109248K, used 645K [0x00000000e0000000, 0x00000000e8000000, 0x00000000e8000000)
  eden space 87424K,   0% used [0x00000000e0000000, 0x00000000e0000000, 0x00000000e5560000)
  from space 21824K,   2% used [0x00000000e5560000, 0x00000000e5601628, 0x00000000e6ab0000)
  to   space 21824K,   0% used [0x00000000e6ab0000, 0x00000000e6ab0000, 0x00000000e8000000)
 concurrent mark-sweep generation total 393216K, used 41561K [0x00000000e8000000, 0x0000000100000000, 0x0000000100000000)
 Metaspace       used 37229K, capacity 37882K, committed 38288K, reserved 1083392K
  class space    used 4214K, capacity 4437K, committed 4528K, reserved 1048576K
}
2017-05-22T09:18:06.127+0000: 962.159: Total time for which application threads were stopped: 0.0137352 seconds, Stopping threads took: 0.0000283 seconds
{Heap before GC invocations=98 (full 1):
 par new generation   total 109248K, used 88069K [0x00000000e0000000, 0x00000000e8000000, 0x00000000e8000000)
  eden space 87424K, 100% used [0x00000000e0000000, 0x00000000e5560000, 0x00000000e5560000)
  from space 21824K,   2% used [0x00000000e5560000, 0x00000000e5601628, 0x00000000e6ab0000)
  to   space 21824K,   0% used [0x00000000e6ab0000, 0x00000000e6ab0000, 0x00000000e8000000)
 concurrent mark-sweep generation total 393216K, used 41561K [0x00000000e8000000, 0x0000000100000000, 0x0000000100000000)
 Metaspace       used 37236K, capacity 37882K, committed 38288K, reserved 1083392K
  class space    used 4214K, capacity 4437K, committed 4528K, reserved 1048576K
2017-05-22T09:18:06.337+0000: 962.368: [GC (Allocation Failure) 2017-05-22T09:18:06.337+0000: 962.368: [ParNew
Desired survivor size 20112992 bytes, new threshold 8 (max 8)
- age   1:     178936 bytes,     178936 total
- age   2:       3728 bytes,     182664 total
- age   3:       2832 bytes,     185496 total
- age   4:       2784 bytes,     188280 total
- age   5:       2712 bytes,     190992 total
- age   6:       3536 bytes,     194528 total
- age   7:       4264 bytes,     198792 total
- age   8:       2864 bytes,     201656 total
: 88069K->615K(109248K), 0.0117170 secs] 129630K->42334K(502464K), 0.0118078 secs] [Times: user=0.04 sys=0.00, real=0.02 secs] 
Heap after GC invocations=99 (full 1):
 par new generation   total 109248K, used 615K [0x00000000e0000000, 0x00000000e8000000, 0x00000000e8000000)
  eden space 87424K,   0% used [0x00000000e0000000, 0x00000000e0000000, 0x00000000e5560000)
  from space 21824K,   2% used [0x00000000e6ab0000, 0x00000000e6b49f70, 0x00000000e8000000)
  to   space 21824K,   0% used [0x00000000e5560000, 0x00000000e5560000, 0x00000000e6ab0000)
 concurrent mark-sweep generation total 393216K, used 41718K [0x00000000e8000000, 0x0000000100000000, 0x0000000100000000)
 Metaspace       used 37236K, capacity 37882K, committed 38288K, reserved 1083392K
  class space    used 4214K, capacity 4437K, committed 4528K, reserved 1048576K
}
2017-05-22T09:18:06.349+0000: 962.380: Total time for which application threads were stopped: 0.0120422 seconds, Stopping threads took: 0.0000354 seconds
{Heap before GC invocations=99 (full 1):
 par new generation   total 109248K, used 88039K [0x00000000e0000000, 0x00000000e8000000, 0x00000000e8000000)
  eden space 87424K, 100% used [0x00000000e0000000, 0x00000000e5560000, 0x00000000e5560000)
  from space 21824K,   2% used [0x00000000e6ab0000, 0x00000000e6b49f70, 0x00000000e8000000)
  to   space 21824K,   0% used [0x00000000e5560000, 0x00000000e5560000, 0x00000000e6ab0000)
 concurrent mark-sweep generation total 393216K, used 41718K [0x00000000e8000000, 0x0000000100000000, 0x0000000100000000)
 Metaspace       used 37245K, capacity 37882K, committed 38288K, reserved 1083392K
  class space    used 4214K, capacity 4437K, committed 4528K, reserved 1048576K
2017-05-22T09:18:06.753+0000: 962.784: [GC (Allocation Failure) 2017-05-22T09:18:06.753+0000: 962.784: [ParNew
Desired survivor size 20112992 bytes, new threshold 8 (max 8)
- age   1:      60224 bytes,      60224 total
- age   2:       3392 bytes,      63616 total
- age   3:       3240 bytes,      66856 total
- age   4:       2832 bytes,      69688 total
- age   5:       2784 bytes,      72472 total
- age   6:       2712 bytes,      75184 total
- age   7:       3312 bytes,      78496 total
- age   8:       4264 bytes,      82760 total
: 88039K->147K(109248K), 0.0177396 secs] 129758K->41869K(502464K), 0.0178506 secs] [Times: user=0.05 sys=0.00, real=0.02 secs] 
Heap after GC invocations=100 (full 1):
 par new generation   total 109248K, used 147K [0x00000000e0000000, 0x00000000e8000000, 0x00000000e8000000)
  eden space 87424K,   0% used [0x00000000e0000000, 0x00000000e0000000, 0x00000000e5560000)
  from space 21824K,   0% used [0x00000000e5560000, 0x00000000e5584f20, 0x00000000e6ab0000)
  to   space 21824K,   0% used [0x00000000e6ab0000, 0x00000000e6ab0000, 0x00000000e8000000)
 concurrent mark-sweep generation total 393216K, used 41721K [0x00000000e8000000, 0x0000000100000000, 0x0000000100000000)
 Metaspace       used 37245K, capacity 37882K, committed 38288K, reserved 1083392K
  class space    used 4214K, capacity 4437K, committed 4528K, reserved 1048576K
}
2017-05-22T09:18:06.771+0000: 962.802: Total time for which application threads were stopped: 0.0181173 seconds, Stopping threads took: 0.0000289 seconds
2017-05-22T09:18:07.771+0000: 963.803: Total time for which application threads were stopped: 0.0002405 seconds, Stopping threads took: 0.0000383 seconds
{Heap before GC invocations=100 (full 1):
 par new generation   total 109248K, used 87571K [0x00000000e0000000, 0x00000000e8000000, 0x00000000e8000000)
  eden space 87424K, 100% used [0x00000000e0000000, 0x00000000e5560000, 0x00000000e5560000)
  from space 21824K,   0% used [0x00000000e5560000, 0x00000000e5584f20, 0x00000000e6ab0000)
  to   space 21824K,   0% used [0x00000000e6ab0000, 0x00000000e6ab0000, 0x00000000e8000000)
 concurrent mark-sweep generation total 393216K, used 41721K [0x00000000e8000000, 0x0000000100000000, 0x0000000100000000)
 Metaspace       used 37266K, capacity 37882K, committed 38288K, reserved 1083392K
  class space    used 4214K, capacity 4437K, committed 4528K, reserved 1048576K
2017-05-22T09:26:53.388+0000: 1489.420: [GC (Allocation Failure) 2017-05-22T09:26:53.388+0000: 1489.420: [ParNew
Desired survivor size 20112992 bytes, new threshold 8 (max 8)
- age   1:     254952 bytes,     254952 total
- age   2:      17944 bytes,     272896 total
- age   3:       3352 bytes,     276248 total
- age   4:       3240 bytes,     279488 total
- age   5:       2832 bytes,     282320 total
- age   6:       2784 bytes,     285104 total
- age   7:       2712 bytes,     287816 total
- age   8:       3312 bytes,     291128 total
: 87571K->324K(109248K), 0.0081993 secs] 129293K->42050K(502464K), 0.0082811 secs] [Times: user=0.02 sys=0.00, real=0.00 secs] 
Heap after GC invocations=101 (full 1):
 par new generation   total 109248K, used 324K [0x00000000e0000000, 0x00000000e8000000, 0x00000000e8000000)
  eden space 87424K,   0% used [0x00000000e0000000, 0x00000000e0000000, 0x00000000e5560000)
  from space 21824K,   1% used [0x00000000e6ab0000, 0x00000000e6b01278, 0x00000000e8000000)
  to   space 21824K,   0% used [0x00000000e5560000, 0x00000000e5560000, 0x00000000e6ab0000)
 concurrent mark-sweep generation total 393216K, used 41725K [0x00000000e8000000, 0x0000000100000000, 0x0000000100000000)
 Metaspace       used 37266K, capacity 37882K, committed 38288K, reserved 1083392K
  class space    used 4214K, capacity 4437K, committed 4528K, reserved 1048576K
}
2017-05-22T09:26:53.396+0000: 1489.428: Total time for which application threads were stopped: 0.0085144 seconds, Stopping threads took: 0.0000429 seconds
{Heap before GC invocations=101 (full 1):
 par new generation   total 109248K, used 87748K [0x00000000e0000000, 0x00000000e8000000, 0x00000000e8000000)
  eden space 87424K, 100% used [0x00000000e0000000, 0x00000000e5560000, 0x00000000e5560000)
  from space 21824K,   1% used [0x00000000e6ab0000, 0x00000000e6b01278, 0x00000000e8000000)
  to   space 21824K,   0% used [0x00000000e5560000, 0x00000000e5560000, 0x00000000e6ab0000)
 concurrent mark-sweep generation total 393216K, used 41725K [0x00000000e8000000, 0x0000000100000000, 0x0000000100000000)
 Metaspace       used 37266K, capacity 37882K, committed 38288K, reserved 1083392K
  class space    used 4214K, capacity 4437K, committed 4528K, reserved 1048576K
2017-05-22T09:26:53.559+0000: 1489.590: [GC (Allocation Failure) 2017-05-22T09:26:53.559+0000: 1489.590: [ParNew
Desired survivor size 20112992 bytes, new threshold 8 (max 8)
- age   1:     405080 bytes,     405080 total
- age   2:      50824 bytes,     455904 total
- age   3:      17944 bytes,     473848 total
- age   4:       3352 bytes,     477200 total
- age   5:       3240 bytes,     480440 total
- age   6:       2832 bytes,     483272 total
- age   7:       2784 bytes,     486056 total
- age   8:       2712 bytes,     488768 total
: 87748K->550K(109248K), 0.0067813 secs] 129474K->42279K(502464K), 0.0068979 secs] [Times: user=0.01 sys=0.00, real=0.01 secs] 
Heap after GC invocations=102 (full 1):
 par new generation   total 109248K, used 550K [0x00000000e0000000, 0x00000000e8000000, 0x00000000e8000000)
  eden space 87424K,   0% used [0x00000000e0000000, 0x00000000e0000000, 0x00000000e5560000)
  from space 21824K,   2% used [0x00000000e5560000, 0x00000000e55e9ae8, 0x00000000e6ab0000)
  to   space 21824K,   0% used [0x00000000e6ab0000, 0x00000000e6ab0000, 0x00000000e8000000)
 concurrent mark-sweep generation total 393216K, used 41729K [0x00000000e8000000, 0x0000000100000000, 0x0000000100000000)
 Metaspace       used 37266K, capacity 37882K, committed 38288K, reserved 1083392K
  class space    used 4214K, capacity 4437K, committed 4528K, reserved 1048576K
}
2017-05-22T09:26:53.566+0000: 1489.597: Total time for which application threads were stopped: 0.0071454 seconds, Stopping threads took: 0.0000321 seconds
{Heap before GC invocations=102 (full 1):
 par new generation   total 109248K, used 87974K [0x00000000e0000000, 0x00000000e8000000, 0x00000000e8000000)
  eden space 87424K, 100% used [0x00000000e0000000, 0x00000000e5560000, 0x00000000e5560000)
  from space 21824K,   2% used [0x00000000e5560000, 0x00000000e55e9ae8, 0x00000000e6ab0000)
  to   space 21824K,   0% used [0x00000000e6ab0000, 0x00000000e6ab0000, 0x00000000e8000000)
 concurrent mark-sweep generation total 393216K, used 41729K [0x00000000e8000000, 0x0000000100000000, 0x0000000100000000)
 Metaspace       used 37266K, capacity 37882K, committed 38288K, reserved 1083392K
  class space    used 4214K, capacity 4437K, committed 4528K, reserved 1048576K
2017-05-22T09:26:53.750+0000: 1489.781: [GC (Allocation Failure) 2017-05-22T09:26:53.750+0000: 1489.781: [ParNew
Desired survivor size 20112992 bytes, new threshold 8 (max 8)
- age   1:     345056 bytes,     345056 total
- age   2:       2824 bytes,     347880 total
- age   3:      50784 bytes,     398664 total
- age   4:      17944 bytes,     416608 total
- age   5:       3352 bytes,     419960 total
- age   6:       3240 bytes,     423200 total
- age   7:       2832 bytes,     426032 total
- age   8:       2784 bytes,     428816 total
: 87974K->602K(109248K), 0.0072493 secs] 129703K->42334K(502464K), 0.0073484 secs] [Times: user=0.02 sys=0.00, real=0.00 secs] 
Heap after GC invocations=103 (full 1):
 par new generation   total 109248K, used 602K [0x00000000e0000000, 0x00000000e8000000, 0x00000000e8000000)
  eden space 87424K,   0% used [0x00000000e0000000, 0x00000000e0000000, 0x00000000e5560000)
  from space 21824K,   2% used [0x00000000e6ab0000, 0x00000000e6b46b10, 0x00000000e8000000)
  to   space 21824K,   0% used [0x00000000e5560000, 0x00000000e5560000, 0x00000000e6ab0000)
 concurrent mark-sweep generation total 393216K, used 41731K [0x00000000e8000000, 0x0000000100000000, 0x0000000100000000)
 Metaspace       used 37266K, capacity 37882K, committed 38288K, reserved 1083392K
  class space    used 4214K, capacity 4437K, committed 4528K, reserved 1048576K
}
2017-05-22T09:26:53.757+0000: 1489.789: Total time for which application threads were stopped: 0.0075614 seconds, Stopping threads took: 0.0000385 seconds
{Heap before GC invocations=103 (full 1):
 par new generation   total 109248K, used 88026K [0x00000000e0000000, 0x00000000e8000000, 0x00000000e8000000)
  eden space 87424K, 100% used [0x00000000e0000000, 0x00000000e5560000, 0x00000000e5560000)
  from space 21824K,   2% used [0x00000000e6ab0000, 0x00000000e6b46b10, 0x00000000e8000000)
  to   space 21824K,   0% used [0x00000000e5560000, 0x00000000e5560000, 0x00000000e6ab0000)
 concurrent mark-sweep generation total 393216K, used 41731K [0x00000000e8000000, 0x0000000100000000, 0x0000000100000000)
 Metaspace       used 37266K, capacity 37882K, committed 38288K, reserved 1083392K
  class space    used 4214K, capacity 4437K, committed 4528K, reserved 1048576K
2017-05-22T09:26:53.934+0000: 1489.965: [GC (Allocation Failure) 2017-05-22T09:26:53.934+0000: 1489.965: [ParNew
Desired survivor size 20112992 bytes, new threshold 8 (max 8)
- age   1:     467256 bytes,     467256 total
- age   2:       3424 bytes,     470680 total
- age   3:       2784 bytes,     473464 total
- age   4:      50336 bytes,     523800 total
- age   5:      17944 bytes,     541744 total
- age   6:       3352 bytes,     545096 total
- age   7:       3240 bytes,     548336 total
- age   8:       2832 bytes,     551168 total
: 88026K->643K(109248K), 0.0072070 secs] 129758K->42378K(502464K), 0.0073627 secs] [Times: user=0.02 sys=0.00, real=0.01 secs] 
Heap after GC invocations=104 (full 1):
 par new generation   total 109248K, used 643K [0x00000000e0000000, 0x00000000e8000000, 0x00000000e8000000)
  eden space 87424K,   0% used [0x00000000e0000000, 0x00000000e0000000, 0x00000000e5560000)
  from space 21824K,   2% used [0x00000000e5560000, 0x00000000e5600f00, 0x00000000e6ab0000)
  to   space 21824K,   0% used [0x00000000e6ab0000, 0x00000000e6ab0000, 0x00000000e8000000)
 concurrent mark-sweep generation total 393216K, used 41734K [0x00000000e8000000, 0x0000000100000000, 0x0000000100000000)
 Metaspace       used 37266K, capacity 37882K, committed 38288K, reserved 1083392K
  class space    used 4214K, capacity 4437K, committed 4528K, reserved 1048576K
}
2017-05-22T09:26:53.941+0000: 1489.973: Total time for which application threads were stopped: 0.0076664 seconds, Stopping threads took: 0.0000259 seconds
{Heap before GC invocations=104 (full 1):
 par new generation   total 109248K, used 88067K [0x00000000e0000000, 0x00000000e8000000, 0x00000000e8000000)
  eden space 87424K, 100% used [0x00000000e0000000, 0x00000000e5560000, 0x00000000e5560000)
  from space 21824K,   2% used [0x00000000e5560000, 0x00000000e5600f00, 0x00000000e6ab0000)
  to   space 21824K,   0% used [0x00000000e6ab0000, 0x00000000e6ab0000, 0x00000000e8000000)
 concurrent mark-sweep generation total 393216K, used 41734K [0x00000000e8000000, 0x0000000100000000, 0x0000000100000000)
 Metaspace       used 37266K, capacity 37882K, committed 38288K, reserved 1083392K
  class space    used 4214K, capacity 4437K, committed 4528K, reserved 1048576K
2017-05-22T09:26:54.122+0000: 1490.154: [GC (Allocation Failure) 2017-05-22T09:26:54.122+0000: 1490.154: [ParNew
Desired survivor size 20112992 bytes, new threshold 8 (max 8)
- age   1:     165672 bytes,     165672 total
- age   2:       3320 bytes,     168992 total
- age   3:       3384 bytes,     172376 total
- age   4:       2784 bytes,     175160 total
- age   5:      50336 bytes,     225496 total
- age   6:      17944 bytes,     243440 total
- age   7:       3352 bytes,     246792 total
- age   8:       3240 bytes,     250032 total
: 88067K->468K(109248K), 0.0099254 secs] 129802K->42205K(502464K), 0.0100214 secs] [Times: user=0.02 sys=0.00, real=0.01 secs] 
Heap after GC invocations=105 (full 1):
 par new generation   total 109248K, used 468K [0x00000000e0000000, 0x00000000e8000000, 0x00000000e8000000)
  eden space 87424K,   0% used [0x00000000e0000000, 0x00000000e0000000, 0x00000000e5560000)
  from space 21824K,   2% used [0x00000000e6ab0000, 0x00000000e6b25040, 0x00000000e8000000)
  to   space 21824K,   0% used [0x00000000e5560000, 0x00000000e5560000, 0x00000000e6ab0000)
 concurrent mark-sweep generation total 393216K, used 41737K [0x00000000e8000000, 0x0000000100000000, 0x0000000100000000)
 Metaspace       used 37266K, capacity 37882K, committed 38288K, reserved 1083392K
  class space    used 4214K, capacity 4437K, committed 4528K, reserved 1048576K
}
2017-05-22T09:26:54.132+0000: 1490.164: Total time for which application threads were stopped: 0.0102230 seconds, Stopping threads took: 0.0000241 seconds
{Heap before GC invocations=105 (full 1):
 par new generation   total 109248K, used 87892K [0x00000000e0000000, 0x00000000e8000000, 0x00000000e8000000)
  eden space 87424K, 100% used [0x00000000e0000000, 0x00000000e5560000, 0x00000000e5560000)
  from space 21824K,   2% used [0x00000000e6ab0000, 0x00000000e6b25040, 0x00000000e8000000)
  to   space 21824K,   0% used [0x00000000e5560000, 0x00000000e5560000, 0x00000000e6ab0000)
 concurrent mark-sweep generation total 393216K, used 41737K [0x00000000e8000000, 0x0000000100000000, 0x0000000100000000)
 Metaspace       used 37266K, capacity 37882K, committed 38288K, reserved 1083392K
  class space    used 4214K, capacity 4437K, committed 4528K, reserved 1048576K
2017-05-22T09:26:54.317+0000: 1490.349: [GC (Allocation Failure) 2017-05-22T09:26:54.317+0000: 1490.349: [ParNew
Desired survivor size 20112992 bytes, new threshold 8 (max 8)
- age   1:     456408 bytes,     456408 total
- age   2:       2776 bytes,     459184 total
- age   3:       3280 bytes,     462464 total
- age   4:       3384 bytes,     465848 total
- age   5:       2784 bytes,     468632 total
- age   6:      50336 bytes,     518968 total
- age   7:      17944 bytes,     536912 total
- age   8:       3352 bytes,     540264 total
: 87892K->657K(109248K), 0.0071251 secs] 129629K->42397K(502464K), 0.0072110 secs] [Times: user=0.02 sys=0.00, real=0.00 secs] 
Heap after GC invocations=106 (full 1):
 par new generation   total 109248K, used 657K [0x00000000e0000000, 0x00000000e8000000, 0x00000000e8000000)
  eden space 87424K,   0% used [0x00000000e0000000, 0x00000000e0000000, 0x00000000e5560000)
  from space 21824K,   3% used [0x00000000e5560000, 0x00000000e5604510, 0x00000000e6ab0000)
  to   space 21824K,   0% used [0x00000000e6ab0000, 0x00000000e6ab0000, 0x00000000e8000000)
 concurrent mark-sweep generation total 393216K, used 41740K [0x00000000e8000000, 0x0000000100000000, 0x0000000100000000)
 Metaspace       used 37266K, capacity 37882K, committed 38288K, reserved 1083392K
  class space    used 4214K, capacity 4437K, committed 4528K, reserved 1048576K
}
2017-05-22T09:26:54.325+0000: 1490.356: Total time for which application threads were stopped: 0.0074023 seconds, Stopping threads took: 0.0000219 seconds
{Heap before GC invocations=106 (full 1):
 par new generation   total 109248K, used 88081K [0x00000000e0000000, 0x00000000e8000000, 0x00000000e8000000)
  eden space 87424K, 100% used [0x00000000e0000000, 0x00000000e5560000, 0x00000000e5560000)
  from space 21824K,   3% used [0x00000000e5560000, 0x00000000e5604510, 0x00000000e6ab0000)
  to   space 21824K,   0% used [0x00000000e6ab0000, 0x00000000e6ab0000, 0x00000000e8000000)
 concurrent mark-sweep generation total 393216K, used 41740K [0x00000000e8000000, 0x0000000100000000, 0x0000000100000000)
 Metaspace       used 37266K, capacity 37882K, committed 38288K, reserved 1083392K
  class space    used 4214K, capacity 4437K, committed 4528K, reserved 1048576K
2017-05-22T09:26:54.485+0000: 1490.517: [GC (Allocation Failure) 2017-05-22T09:26:54.485+0000: 1490.517: [ParNew
Desired survivor size 20112992 bytes, new threshold 8 (max 8)
- age   1:     448704 bytes,     448704 total
- age   2:       3088 bytes,     451792 total
- age   3:       2736 bytes,     454528 total
- age   4:       3280 bytes,     457808 total
- age   5:       3384 bytes,     461192 total
- age   6:       2784 bytes,     463976 total
- age   7:      50336 bytes,     514312 total
- age   8:      17944 bytes,     532256 total
: 88081K->863K(109248K), 0.0077278 secs] 129821K->42607K(502464K), 0.0078795 secs] [Times: user=0.02 sys=0.00, real=0.01 secs] 
Heap after GC invocations=107 (full 1):
 par new generation   total 109248K, used 863K [0x00000000e0000000, 0x00000000e8000000, 0x00000000e8000000)
  eden space 87424K,   0% used [0x00000000e0000000, 0x00000000e0000000, 0x00000000e5560000)
  from space 21824K,   3% used [0x00000000e6ab0000, 0x00000000e6b87e80, 0x00000000e8000000)
  to   space 21824K,   0% used [0x00000000e5560000, 0x00000000e5560000, 0x00000000e6ab0000)
 concurrent mark-sweep generation total 393216K, used 41743K [0x00000000e8000000, 0x0000000100000000, 0x0000000100000000)
 Metaspace       used 37266K, capacity 37882K, committed 38288K, reserved 1083392K
  class space    used 4214K, capacity 4437K, committed 4528K, reserved 1048576K
}
2017-05-22T09:26:54.493+0000: 1490.525: Total time for which application threads were stopped: 0.0081703 seconds, Stopping threads took: 0.0000288 seconds
{Heap before GC invocations=107 (full 1):
 par new generation   total 109248K, used 88287K [0x00000000e0000000, 0x00000000e8000000, 0x00000000e8000000)
  eden space 87424K, 100% used [0x00000000e0000000, 0x00000000e5560000, 0x00000000e5560000)
  from space 21824K,   3% used [0x00000000e6ab0000, 0x00000000e6b87e80, 0x00000000e8000000)
  to   space 21824K,   0% used [0x00000000e5560000, 0x00000000e5560000, 0x00000000e6ab0000)
 concurrent mark-sweep generation total 393216K, used 41743K [0x00000000e8000000, 0x0000000100000000, 0x0000000100000000)
 Metaspace       used 37266K, capacity 37882K, committed 38288K, reserved 1083392K
  class space    used 4214K, capacity 4437K, committed 4528K, reserved 1048576K
2017-05-22T09:26:54.676+0000: 1490.708: [GC (Allocation Failure) 2017-05-22T09:26:54.676+0000: 1490.708: [ParNew
Desired survivor size 20112992 bytes, new threshold 8 (max 8)
- age   1:     438480 bytes,     438480 total
- age   2:       2776 bytes,     441256 total
- age   3:       3048 bytes,     444304 total
- age   4:       2736 bytes,     447040 total
- age   5:       3280 bytes,     450320 total
- age   6:       3384 bytes,     453704 total
- age   7:       2784 bytes,     456488 total
- age   8:      50336 bytes,     506824 total
: 88287K->594K(109248K), 0.0068922 secs] 130031K->42355K(502464K), 0.0069710 secs] [Times: user=0.02 sys=0.00, real=0.01 secs] 
Heap after GC invocations=108 (full 1):
 par new generation   total 109248K, used 594K [0x00000000e0000000, 0x00000000e8000000, 0x00000000e8000000)
  eden space 87424K,   0% used [0x00000000e0000000, 0x00000000e0000000, 0x00000000e5560000)
  from space 21824K,   2% used [0x00000000e5560000, 0x00000000e55f4b10, 0x00000000e6ab0000)
  to   space 21824K,   0% used [0x00000000e6ab0000, 0x00000000e6ab0000, 0x00000000e8000000)
 concurrent mark-sweep generation total 393216K, used 41761K [0x00000000e8000000, 0x0000000100000000, 0x0000000100000000)
 Metaspace       used 37266K, capacity 37882K, committed 38288K, reserved 1083392K
  class space    used 4214K, capacity 4437K, committed 4528K, reserved 1048576K
}
2017-05-22T09:26:54.683+0000: 1490.715: Total time for which application threads were stopped: 0.0071854 seconds, Stopping threads took: 0.0000316 seconds
{Heap before GC invocations=108 (full 1):
 par new generation   total 109248K, used 88004K [0x00000000e0000000, 0x00000000e8000000, 0x00000000e8000000)
  eden space 87424K,  99% used [0x00000000e0000000, 0x00000000e555c858, 0x00000000e5560000)
  from space 21824K,   2% used [0x00000000e5560000, 0x00000000e55f4b10, 0x00000000e6ab0000)
  to   space 21824K,   0% used [0x00000000e6ab0000, 0x00000000e6ab0000, 0x00000000e8000000)
 concurrent mark-sweep generation total 393216K, used 41761K [0x00000000e8000000, 0x0000000100000000, 0x0000000100000000)
 Metaspace       used 37266K, capacity 37882K, committed 38288K, reserved 1083392K
  class space    used 4214K, capacity 4437K, committed 4528K, reserved 1048576K
2017-05-22T09:26:54.852+0000: 1490.883: [GC (Allocation Failure) 2017-05-22T09:26:54.852+0000: 1490.884: [ParNew
Desired survivor size 20112992 bytes, new threshold 8 (max 8)
- age   1:     208640 bytes,     208640 total
- age   2:       2752 bytes,     211392 total
- age   3:       2736 bytes,     214128 total
- age   4:       3048 bytes,     217176 total
- age   5:       2736 bytes,     219912 total
- age   6:       3056 bytes,     222968 total
- age   7:       3384 bytes,     226352 total
- age   8:       2784 bytes,     229136 total
: 88004K->538K(109248K), 0.0066985 secs] 129765K->42348K(502464K), 0.0067974 secs] [Times: user=0.02 sys=0.00, real=0.01 secs] 
Heap after GC invocations=109 (full 1):
 par new generation   total 109248K, used 538K [0x00000000e0000000, 0x00000000e8000000, 0x00000000e8000000)
  eden space 87424K,   0% used [0x00000000e0000000, 0x00000000e0000000, 0x00000000e5560000)
  from space 21824K,   2% used [0x00000000e6ab0000, 0x00000000e6b36998, 0x00000000e8000000)
  to   space 21824K,   0% used [0x00000000e5560000, 0x00000000e5560000, 0x00000000e6ab0000)
 concurrent mark-sweep generation total 393216K, used 41809K [0x00000000e8000000, 0x0000000100000000, 0x0000000100000000)
 Metaspace       used 37266K, capacity 37882K, committed 38288K, reserved 1083392K
  class space    used 4214K, capacity 4437K, committed 4528K, reserved 1048576K
}
2017-05-22T09:26:54.859+0000: 1490.890: Total time for which application threads were stopped: 0.0069912 seconds, Stopping threads took: 0.0000233 seconds
2017-05-22T09:26:55.859+0000: 1491.891: Total time for which application threads were stopped: 0.0002030 seconds, Stopping threads took: 0.0000417 seconds
{Heap before GC invocations=109 (full 1):
 par new generation   total 109248K, used 87962K [0x00000000e0000000, 0x00000000e8000000, 0x00000000e8000000)
  eden space 87424K, 100% used [0x00000000e0000000, 0x00000000e5560000, 0x00000000e5560000)
  from space 21824K,   2% used [0x00000000e6ab0000, 0x00000000e6b36998, 0x00000000e8000000)
  to   space 21824K,   0% used [0x00000000e5560000, 0x00000000e5560000, 0x00000000e6ab0000)
 concurrent mark-sweep generation total 393216K, used 41809K [0x00000000e8000000, 0x0000000100000000, 0x0000000100000000)
 Metaspace       used 37305K, capacity 37946K, committed 38288K, reserved 1083392K
  class space    used 4214K, capacity 4437K, committed 4528K, reserved 1048576K
2017-05-22T09:27:26.096+0000: 1522.127: [GC (Allocation Failure) 2017-05-22T09:27:26.096+0000: 1522.127: [ParNew
Desired survivor size 20112992 bytes, new threshold 8 (max 8)
- age   1:     431096 bytes,     431096 total
- age   2:       2984 bytes,     434080 total
- age   3:       2712 bytes,     436792 total
- age   4:       2736 bytes,     439528 total
- age   5:       3048 bytes,     442576 total
- age   6:       2736 bytes,     445312 total
- age   7:       2832 bytes,     448144 total
- age   8:       3384 bytes,     451528 total
: 87962K->510K(109248K), 0.0160511 secs] 129772K->42322K(502464K), 0.0161426 secs] [Times: user=0.05 sys=0.01, real=0.02 secs] 
Heap after GC invocations=110 (full 1):
 par new generation   total 109248K, used 510K [0x00000000e0000000, 0x00000000e8000000, 0x00000000e8000000)
  eden space 87424K,   0% used [0x00000000e0000000, 0x00000000e0000000, 0x00000000e5560000)
  from space 21824K,   2% used [0x00000000e5560000, 0x00000000e55df9a0, 0x00000000e6ab0000)
  to   space 21824K,   0% used [0x00000000e6ab0000, 0x00000000e6ab0000, 0x00000000e8000000)
 concurrent mark-sweep generation total 393216K, used 41812K [0x00000000e8000000, 0x0000000100000000, 0x0000000100000000)
 Metaspace       used 37305K, capacity 37946K, committed 38288K, reserved 1083392K
  class space    used 4214K, capacity 4437K, committed 4528K, reserved 1048576K
}
2017-05-22T09:27:26.112+0000: 1522.144: Total time for which application threads were stopped: 0.0164304 seconds, Stopping threads took: 0.0000537 seconds
{Heap before GC invocations=110 (full 1):
 par new generation   total 109248K, used 87934K [0x00000000e0000000, 0x00000000e8000000, 0x00000000e8000000)
  eden space 87424K, 100% used [0x00000000e0000000, 0x00000000e5560000, 0x00000000e5560000)
  from space 21824K,   2% used [0x00000000e5560000, 0x00000000e55df9a0, 0x00000000e6ab0000)
  to   space 21824K,   0% used [0x00000000e6ab0000, 0x00000000e6ab0000, 0x00000000e8000000)
 concurrent mark-sweep generation total 393216K, used 41812K [0x00000000e8000000, 0x0000000100000000, 0x0000000100000000)
 Metaspace       used 37308K, capacity 37946K, committed 38288K, reserved 1083392K
  class space    used 4214K, capacity 4437K, committed 4528K, reserved 1048576K
2017-05-22T09:27:26.358+0000: 1522.389: [GC (Allocation Failure) 2017-05-22T09:27:26.358+0000: 1522.389: [ParNew
Desired survivor size 20112992 bytes, new threshold 8 (max 8)
- age   1:     368208 bytes,     368208 total
- age   2:     129272 bytes,     497480 total
- age   3:       2984 bytes,     500464 total
- age   4:       2712 bytes,     503176 total
- age   5:       2736 bytes,     505912 total
- age   6:       3048 bytes,     508960 total
- age   7:       2736 bytes,     511696 total
- age   8:       2832 bytes,     514528 total
: 87934K->796K(109248K), 0.0088036 secs] 129746K->42612K(502464K), 0.0090437 secs] [Times: user=0.02 sys=0.00, real=0.01 secs] 
Heap after GC invocations=111 (full 1):
 par new generation   total 109248K, used 796K [0x00000000e0000000, 0x00000000e8000000, 0x00000000e8000000)
  eden space 87424K,   0% used [0x00000000e0000000, 0x00000000e0000000, 0x00000000e5560000)
  from space 21824K,   3% used [0x00000000e6ab0000, 0x00000000e6b77170, 0x00000000e8000000)
  to   space 21824K,   0% used [0x00000000e5560000, 0x00000000e5560000, 0x00000000e6ab0000)
 concurrent mark-sweep generation total 393216K, used 41815K [0x00000000e8000000, 0x0000000100000000, 0x0000000100000000)
 Metaspace       used 37308K, capacity 37946K, committed 38288K, reserved 1083392K
  class space    used 4214K, capacity 4437K, committed 4528K, reserved 1048576K
}
2017-05-22T09:27:26.367+0000: 1522.398: Total time for which application threads were stopped: 0.0097131 seconds, Stopping threads took: 0.0001727 seconds
{Heap before GC invocations=111 (full 1):
 par new generation   total 109248K, used 88220K [0x00000000e0000000, 0x00000000e8000000, 0x00000000e8000000)
  eden space 87424K, 100% used [0x00000000e0000000, 0x00000000e5560000, 0x00000000e5560000)
  from space 21824K,   3% used [0x00000000e6ab0000, 0x00000000e6b77170, 0x00000000e8000000)
  to   space 21824K,   0% used [0x00000000e5560000, 0x00000000e5560000, 0x00000000e6ab0000)
 concurrent mark-sweep generation total 393216K, used 41815K [0x00000000e8000000, 0x0000000100000000, 0x0000000100000000)
 Metaspace       used 37308K, capacity 37946K, committed 38288K, reserved 1083392K
  class space    used 4214K, capacity 4437K, committed 4528K, reserved 1048576K
2017-05-22T09:27:26.547+0000: 1522.579: [GC (Allocation Failure) 2017-05-22T09:27:26.547+0000: 1522.579: [ParNew
Desired survivor size 20112992 bytes, new threshold 8 (max 8)
- age   1:     134984 bytes,     134984 total
- age   2:      96728 bytes,     231712 total
- age   3:     129008 bytes,     360720 total
- age   4:       2984 bytes,     363704 total
- age   5:       2712 bytes,     366416 total
- age   6:       2736 bytes,     369152 total
- age   7:       3048 bytes,     372200 total
- age   8:       2736 bytes,     374936 total
: 88220K->481K(109248K), 0.0067573 secs] 130036K->42300K(502464K), 0.0068613 secs] [Times: user=0.02 sys=0.00, real=0.00 secs] 
Heap after GC invocations=112 (full 1):
 par new generation   total 109248K, used 481K [0x00000000e0000000, 0x00000000e8000000, 0x00000000e8000000)
  eden space 87424K,   0% used [0x00000000e0000000, 0x00000000e0000000, 0x00000000e5560000)
  from space 21824K,   2% used [0x00000000e5560000, 0x00000000e55d86d8, 0x00000000e6ab0000)
  to   space 21824K,   0% used [0x00000000e6ab0000, 0x00000000e6ab0000, 0x00000000e8000000)
 concurrent mark-sweep generation total 393216K, used 41818K [0x00000000e8000000, 0x0000000100000000, 0x0000000100000000)
 Metaspace       used 37308K, capacity 37946K, committed 38288K, reserved 1083392K
  class space    used 4214K, capacity 4437K, committed 4528K, reserved 1048576K
}
2017-05-22T09:27:26.554+0000: 1522.586: Total time for which application threads were stopped: 0.0070738 seconds, Stopping threads took: 0.0000232 seconds
{Heap before GC invocations=112 (full 1):
 par new generation   total 109248K, used 87905K [0x00000000e0000000, 0x00000000e8000000, 0x00000000e8000000)
  eden space 87424K, 100% used [0x00000000e0000000, 0x00000000e5560000, 0x00000000e5560000)
  from space 21824K,   2% used [0x00000000e5560000, 0x00000000e55d86d8, 0x00000000e6ab0000)
  to   space 21824K,   0% used [0x00000000e6ab0000, 0x00000000e6ab0000, 0x00000000e8000000)
 concurrent mark-sweep generation total 393216K, used 41818K [0x00000000e8000000, 0x0000000100000000, 0x0000000100000000)
 Metaspace       used 37308K, capacity 37946K, committed 38288K, reserved 1083392K
  class space    used 4214K, capacity 4437K, committed 4528K, reserved 1048576K
2017-05-22T09:27:26.741+0000: 1522.773: [GC (Allocation Failure) 2017-05-22T09:27:26.741+0000: 1522.773: [ParNew
Desired survivor size 20112992 bytes, new threshold 8 (max 8)
- age   1:     414832 bytes,     414832 total
- age   2:       3104 bytes,     417936 total
- age   3:      96688 bytes,     514624 total
- age   4:     129008 bytes,     643632 total
- age   5:       2984 bytes,     646616 total
- age   6:       2712 bytes,     649328 total
- age   7:       2736 bytes,     652064 total
- age   8:       3048 bytes,     655112 total
: 87905K->727K(109248K), 0.0073307 secs] 129724K->42548K(502464K), 0.0074122 secs] [Times: user=0.03 sys=0.00, real=0.01 secs] 
Heap after GC invocations=113 (full 1):
 par new generation   total 109248K, used 727K [0x00000000e0000000, 0x00000000e8000000, 0x00000000e8000000)
  eden space 87424K,   0% used [0x00000000e0000000, 0x00000000e0000000, 0x00000000e5560000)
  from space 21824K,   3% used [0x00000000e6ab0000, 0x00000000e6b65cb0, 0x00000000e8000000)
  to   space 21824K,   0% used [0x00000000e5560000, 0x00000000e5560000, 0x00000000e6ab0000)
 concurrent mark-sweep generation total 393216K, used 41821K [0x00000000e8000000, 0x0000000100000000, 0x0000000100000000)
 Metaspace       used 37308K, capacity 37946K, committed 38288K, reserved 1083392K
  class space    used 4214K, capacity 4437K, committed 4528K, reserved 1048576K
}
2017-05-22T09:27:26.749+0000: 1522.780: Total time for which application threads were stopped: 0.0076251 seconds, Stopping threads took: 0.0000225 seconds
{Heap before GC invocations=113 (full 1):
 par new generation   total 109248K, used 88151K [0x00000000e0000000, 0x00000000e8000000, 0x00000000e8000000)
  eden space 87424K, 100% used [0x00000000e0000000, 0x00000000e5560000, 0x00000000e5560000)
  from space 21824K,   3% used [0x00000000e6ab0000, 0x00000000e6b65cb0, 0x00000000e8000000)
  to   space 21824K,   0% used [0x00000000e5560000, 0x00000000e5560000, 0x00000000e6ab0000)
 concurrent mark-sweep generation total 393216K, used 41821K [0x00000000e8000000, 0x0000000100000000, 0x0000000100000000)
 Metaspace       used 37308K, capacity 37946K, committed 38288K, reserved 1083392K
  class space    used 4214K, capacity 4437K, committed 4528K, reserved 1048576K
2017-05-22T09:27:26.926+0000: 1522.958: [GC (Allocation Failure) 2017-05-22T09:27:26.926+0000: 1522.958: [ParNew
Desired survivor size 20112992 bytes, new threshold 8 (max 8)
- age   1:     131088 bytes,     131088 total
- age   2:       2776 bytes,     133864 total
- age   3:       3064 bytes,     136928 total
- age   4:      96688 bytes,     233616 total
- age   5:     128784 bytes,     362400 total
- age   6:       2984 bytes,     365384 total
- age   7:       2712 bytes,     368096 total
- age   8:       2736 bytes,     370832 total
: 88151K->648K(109248K), 0.0071026 secs] 129972K->42472K(502464K), 0.0072723 secs] [Times: user=0.03 sys=0.00, real=0.00 secs] 
Heap after GC invocations=114 (full 1):
 par new generation   total 109248K, used 648K [0x00000000e0000000, 0x00000000e8000000, 0x00000000e8000000)
  eden space 87424K,   0% used [0x00000000e0000000, 0x00000000e0000000, 0x00000000e5560000)
  from space 21824K,   2% used [0x00000000e5560000, 0x00000000e56022b0, 0x00000000e6ab0000)
  to   space 21824K,   0% used [0x00000000e6ab0000, 0x00000000e6ab0000, 0x00000000e8000000)
 concurrent mark-sweep generation total 393216K, used 41824K [0x00000000e8000000, 0x0000000100000000, 0x0000000100000000)
 Metaspace       used 37308K, capacity 37946K, committed 38288K, reserved 1083392K
  class space    used 4214K, capacity 4437K, committed 4528K, reserved 1048576K
}
2017-05-22T09:27:26.934+0000: 1522.965: Total time for which application threads were stopped: 0.0076074 seconds, Stopping threads took: 0.0000302 seconds
{Heap before GC invocations=114 (full 1):
 par new generation   total 109248K, used 88072K [0x00000000e0000000, 0x00000000e8000000, 0x00000000e8000000)
  eden space 87424K, 100% used [0x00000000e0000000, 0x00000000e5560000, 0x00000000e5560000)
  from space 21824K,   2% used [0x00000000e5560000, 0x00000000e56022b0, 0x00000000e6ab0000)
  to   space 21824K,   0% used [0x00000000e6ab0000, 0x00000000e6ab0000, 0x00000000e8000000)
 concurrent mark-sweep generation total 393216K, used 41824K [0x00000000e8000000, 0x0000000100000000, 0x0000000100000000)
 Metaspace       used 37310K, capacity 37946K, committed 38288K, reserved 1083392K
  class space    used 4214K, capacity 4437K, committed 4528K, reserved 1048576K
2017-05-22T09:27:27.099+0000: 1523.130: [GC (Allocation Failure) 2017-05-22T09:27:27.099+0000: 1523.130: [ParNew
Desired survivor size 20112992 bytes, new threshold 8 (max 8)
- age   1:     408656 bytes,     408656 total
- age   2:       4024 bytes,     412680 total
- age   3:       2736 bytes,     415416 total
- age   4:       3064 bytes,     418480 total
- age   5:      96240 bytes,     514720 total
- age   6:     128784 bytes,     643504 total
- age   7:       2984 bytes,     646488 total
- age   8:       2712 bytes,     649200 total
: 88072K->740K(109248K), 0.0062270 secs] 129896K->42567K(502464K), 0.0063177 secs] [Times: user=0.02 sys=0.00, real=0.00 secs] 
Heap after GC invocations=115 (full 1):
 par new generation   total 109248K, used 740K [0x00000000e0000000, 0x00000000e8000000, 0x00000000e8000000)
  eden space 87424K,   0% used [0x00000000e0000000, 0x00000000e0000000, 0x00000000e5560000)
  from space 21824K,   3% used [0x00000000e6ab0000, 0x00000000e6b693e0, 0x00000000e8000000)
  to   space 21824K,   0% used [0x00000000e5560000, 0x00000000e5560000, 0x00000000e6ab0000)
 concurrent mark-sweep generation total 393216K, used 41826K [0x00000000e8000000, 0x0000000100000000, 0x0000000100000000)
 Metaspace       used 37310K, capacity 37946K, committed 38288K, reserved 1083392K
  class space    used 4214K, capacity 4437K, committed 4528K, reserved 1048576K
}
2017-05-22T09:27:27.105+0000: 1523.137: Total time for which application threads were stopped: 0.0065810 seconds, Stopping threads took: 0.0000368 seconds
2017-05-22T09:27:28.106+0000: 1524.137: Total time for which application threads were stopped: 0.0002760 seconds, Stopping threads took: 0.0000457 seconds
2017-05-22T09:27:29.106+0000: 1525.137: Total time for which application threads were stopped: 0.0001338 seconds, Stopping threads took: 0.0000445 seconds
{Heap before GC invocations=115 (full 1):
 par new generation   total 109248K, used 88164K [0x00000000e0000000, 0x00000000e8000000, 0x00000000e8000000)
  eden space 87424K, 100% used [0x00000000e0000000, 0x00000000e5560000, 0x00000000e5560000)
  from space 21824K,   3% used [0x00000000e6ab0000, 0x00000000e6b693e0, 0x00000000e8000000)
  to   space 21824K,   0% used [0x00000000e5560000, 0x00000000e5560000, 0x00000000e6ab0000)
 concurrent mark-sweep generation total 393216K, used 41826K [0x00000000e8000000, 0x0000000100000000, 0x0000000100000000)
 Metaspace       used 37321K, capacity 37946K, committed 38288K, reserved 1083392K
  class space    used 4214K, capacity 4437K, committed 4528K, reserved 1048576K
2017-05-22T09:27:29.136+0000: 1525.167: [GC (Allocation Failure) 2017-05-22T09:27:29.136+0000: 1525.167: [ParNew
Desired survivor size 20112992 bytes, new threshold 8 (max 8)
- age   1:     364216 bytes,     364216 total
- age   2:      49392 bytes,     413608 total
- age   3:       3760 bytes,     417368 total
- age   4:       2736 bytes,     420104 total
- age   5:       2616 bytes,     422720 total
- age   6:      96016 bytes,     518736 total
- age   7:     128560 bytes,     647296 total
- age   8:       2984 bytes,     650280 total
: 88164K->895K(109248K), 0.0198715 secs] 129991K->42725K(502464K), 0.0202121 secs] [Times: user=0.04 sys=0.00, real=0.02 secs] 
Heap after GC invocations=116 (full 1):
 par new generation   total 109248K, used 895K [0x00000000e0000000, 0x00000000e8000000, 0x00000000e8000000)
  eden space 87424K,   0% used [0x00000000e0000000, 0x00000000e0000000, 0x00000000e5560000)
  from space 21824K,   4% used [0x00000000e5560000, 0x00000000e563fe08, 0x00000000e6ab0000)
  to   space 21824K,   0% used [0x00000000e6ab0000, 0x00000000e6ab0000, 0x00000000e8000000)
 concurrent mark-sweep generation total 393216K, used 41829K [0x00000000e8000000, 0x0000000100000000, 0x0000000100000000)
 Metaspace       used 37321K, capacity 37946K, committed 38288K, reserved 1083392K
  class space    used 4214K, capacity 4437K, committed 4528K, reserved 1048576K
}
2017-05-22T09:27:29.156+0000: 1525.187: Total time for which application threads were stopped: 0.0208270 seconds, Stopping threads took: 0.0000730 seconds
{Heap before GC invocations=116 (full 1):
 par new generation   total 109248K, used 88319K [0x00000000e0000000, 0x00000000e8000000, 0x00000000e8000000)
  eden space 87424K, 100% used [0x00000000e0000000, 0x00000000e5560000, 0x00000000e5560000)
  from space 21824K,   4% used [0x00000000e5560000, 0x00000000e563fe08, 0x00000000e6ab0000)
  to   space 21824K,   0% used [0x00000000e6ab0000, 0x00000000e6ab0000, 0x00000000e8000000)
 concurrent mark-sweep generation total 393216K, used 41829K [0x00000000e8000000, 0x0000000100000000, 0x0000000100000000)
 Metaspace       used 37321K, capacity 37946K, committed 38288K, reserved 1083392K
  class space    used 4214K, capacity 4437K, committed 4528K, reserved 1048576K
2017-05-22T09:27:29.373+0000: 1525.405: [GC (Allocation Failure) 2017-05-22T09:27:29.373+0000: 1525.405: [ParNew
Desired survivor size 20112992 bytes, new threshold 8 (max 8)
- age   1:     447312 bytes,     447312 total
- age   2:     225152 bytes,     672464 total
- age   3:      49352 bytes,     721816 total
- age   4:       3760 bytes,     725576 total
- age   5:       2736 bytes,     728312 total
- age   6:       2616 bytes,     730928 total
- age   7:      96016 bytes,     826944 total
- age   8:     128560 bytes,     955504 total
: 88319K->1189K(109248K), 0.0111058 secs] 130149K->43022K(502464K), 0.0112094 secs] [Times: user=0.03 sys=0.01, real=0.01 secs] 
Heap after GC invocations=117 (full 1):
 par new generation   total 109248K, used 1189K [0x00000000e0000000, 0x00000000e8000000, 0x00000000e8000000)
  eden space 87424K,   0% used [0x00000000e0000000, 0x00000000e0000000, 0x00000000e5560000)
  from space 21824K,   5% used [0x00000000e6ab0000, 0x00000000e6bd9668, 0x00000000e8000000)
  to   space 21824K,   0% used [0x00000000e5560000, 0x00000000e5560000, 0x00000000e6ab0000)
 concurrent mark-sweep generation total 393216K, used 41832K [0x00000000e8000000, 0x0000000100000000, 0x0000000100000000)
 Metaspace       used 37321K, capacity 37946K, committed 38288K, reserved 1083392K
  class space    used 4214K, capacity 4437K, committed 4528K, reserved 1048576K
}
2017-05-22T09:27:29.384+0000: 1525.416: Total time for which application threads were stopped: 0.0116389 seconds, Stopping threads took: 0.0000666 seconds
{Heap before GC invocations=117 (full 1):
 par new generation   total 109248K, used 88613K [0x00000000e0000000, 0x00000000e8000000, 0x00000000e8000000)
  eden space 87424K, 100% used [0x00000000e0000000, 0x00000000e5560000, 0x00000000e5560000)
  from space 21824K,   5% used [0x00000000e6ab0000, 0x00000000e6bd9668, 0x00000000e8000000)
  to   space 21824K,   0% used [0x00000000e5560000, 0x00000000e5560000, 0x00000000e6ab0000)
 concurrent mark-sweep generation total 393216K, used 41832K [0x00000000e8000000, 0x0000000100000000, 0x0000000100000000)
 Metaspace       used 37321K, capacity 37946K, committed 38288K, reserved 1083392K
  class space    used 4214K, capacity 4437K, committed 4528K, reserved 1048576K
2017-05-22T09:27:29.583+0000: 1525.615: [GC (Allocation Failure) 2017-05-22T09:27:29.583+0000: 1525.615: [ParNew
Desired survivor size 20112992 bytes, new threshold 8 (max 8)
- age   1:     240920 bytes,     240920 total
- age   2:       4448 bytes,     245368 total
- age   3:     224888 bytes,     470256 total
- age   4:      49352 bytes,     519608 total
- age   5:       3760 bytes,     523368 total
- age   6:       2736 bytes,     526104 total
- age   7:       2616 bytes,     528720 total
- age   8:      96016 bytes,     624736 total
: 88613K->989K(109248K), 0.0128467 secs] 130446K->42948K(502464K), 0.0129464 secs] [Times: user=0.04 sys=0.00, real=0.01 secs] 
Heap after GC invocations=118 (full 1):
 par new generation   total 109248K, used 989K [0x00000000e0000000, 0x00000000e8000000, 0x00000000e8000000)
  eden space 87424K,   0% used [0x00000000e0000000, 0x00000000e0000000, 0x00000000e5560000)
  from space 21824K,   4% used [0x00000000e5560000, 0x00000000e56574e0, 0x00000000e6ab0000)
  to   space 21824K,   0% used [0x00000000e6ab0000, 0x00000000e6ab0000, 0x00000000e8000000)
 concurrent mark-sweep generation total 393216K, used 41959K [0x00000000e8000000, 0x0000000100000000, 0x0000000100000000)
 Metaspace       used 37321K, capacity 37946K, committed 38288K, reserved 1083392K
  class space    used 4214K, capacity 4437K, committed 4528K, reserved 1048576K
}
2017-05-22T09:27:29.596+0000: 1525.628: Total time for which application threads were stopped: 0.0132084 seconds, Stopping threads took: 0.0000486 seconds
{Heap before GC invocations=118 (full 1):
 par new generation   total 109248K, used 88413K [0x00000000e0000000, 0x00000000e8000000, 0x00000000e8000000)
  eden space 87424K, 100% used [0x00000000e0000000, 0x00000000e5560000, 0x00000000e5560000)
  from space 21824K,   4% used [0x00000000e5560000, 0x00000000e56574e0, 0x00000000e6ab0000)
  to   space 21824K,   0% used [0x00000000e6ab0000, 0x00000000e6ab0000, 0x00000000e8000000)
 concurrent mark-sweep generation total 393216K, used 41959K [0x00000000e8000000, 0x0000000100000000, 0x0000000100000000)
 Metaspace       used 37331K, capacity 37946K, committed 38288K, reserved 1083392K
  class space    used 4214K, capacity 4437K, committed 4528K, reserved 1048576K
2017-05-22T09:27:29.848+0000: 1525.880: [GC (Allocation Failure) 2017-05-22T09:27:29.848+0000: 1525.880: [ParNew
Desired survivor size 20112992 bytes, new threshold 8 (max 8)
- age   1:     442176 bytes,     442176 total
- age   2:       3440 bytes,     445616 total
- age   3:       4184 bytes,     449800 total
- age   4:     224664 bytes,     674464 total
- age   5:      49352 bytes,     723816 total
- age   6:       3760 bytes,     727576 total
- age   7:       2736 bytes,     730312 total
- age   8:       2616 bytes,     732928 total
: 88413K->963K(109248K), 0.0095605 secs] 130372K->43017K(502464K), 0.0096534 secs] [Times: user=0.03 sys=0.00, real=0.01 secs] 
Heap after GC invocations=119 (full 1):
 par new generation   total 109248K, used 963K [0x00000000e0000000, 0x00000000e8000000, 0x00000000e8000000)
  eden space 87424K,   0% used [0x00000000e0000000, 0x00000000e0000000, 0x00000000e5560000)
  from space 21824K,   4% used [0x00000000e6ab0000, 0x00000000e6ba0e20, 0x00000000e8000000)
  to   space 21824K,   0% used [0x00000000e5560000, 0x00000000e5560000, 0x00000000e6ab0000)
 concurrent mark-sweep generation total 393216K, used 42053K [0x00000000e8000000, 0x0000000100000000, 0x0000000100000000)
 Metaspace       used 37331K, capacity 37946K, committed 38288K, reserved 1083392K
  class space    used 4214K, capacity 4437K, committed 4528K, reserved 1048576K
}
2017-05-22T09:27:29.858+0000: 1525.890: Total time for which application threads were stopped: 0.0099220 seconds, Stopping threads took: 0.0000336 seconds
{Heap before GC invocations=119 (full 1):
 par new generation   total 109248K, used 88387K [0x00000000e0000000, 0x00000000e8000000, 0x00000000e8000000)
  eden space 87424K, 100% used [0x00000000e0000000, 0x00000000e5560000, 0x00000000e5560000)
  from space 21824K,   4% used [0x00000000e6ab0000, 0x00000000e6ba0e20, 0x00000000e8000000)
  to   space 21824K,   0% used [0x00000000e5560000, 0x00000000e5560000, 0x00000000e6ab0000)
 concurrent mark-sweep generation total 393216K, used 42053K [0x00000000e8000000, 0x0000000100000000, 0x0000000100000000)
 Metaspace       used 37331K, capacity 37946K, committed 38288K, reserved 1083392K
  class space    used 4214K, capacity 4437K, committed 4528K, reserved 1048576K
2017-05-22T09:27:30.038+0000: 1526.070: [GC (Allocation Failure) 2017-05-22T09:27:30.038+0000: 1526.070: [ParNew
Desired survivor size 20112992 bytes, new threshold 8 (max 8)
- age   1:     414424 bytes,     414424 total
- age   2:       4608 bytes,     419032 total
- age   3:       3176 bytes,     422208 total
- age   4:       4184 bytes,     426392 total
- age   5:     224216 bytes,     650608 total
- age   6:      49352 bytes,     699960 total
- age   7:       3760 bytes,     703720 total
- age   8:       2736 bytes,     706456 total
: 88387K->979K(109248K), 0.0079034 secs] 130441K->43035K(502464K), 0.0080806 secs] [Times: user=0.02 sys=0.00, real=0.01 secs] 
Heap after GC invocations=120 (full 1):
 par new generation   total 109248K, used 979K [0x00000000e0000000, 0x00000000e8000000, 0x00000000e8000000)
  eden space 87424K,   0% used [0x00000000e0000000, 0x00000000e0000000, 0x00000000e5560000)
  from space 21824K,   4% used [0x00000000e5560000, 0x00000000e5654c00, 0x00000000e6ab0000)
  to   space 21824K,   0% used [0x00000000e6ab0000, 0x00000000e6ab0000, 0x00000000e8000000)
 concurrent mark-sweep generation total 393216K, used 42056K [0x00000000e8000000, 0x0000000100000000, 0x0000000100000000)
 Metaspace       used 37331K, capacity 37946K, committed 38288K, reserved 1083392K
  class space    used 4214K, capacity 4437K, committed 4528K, reserved 1048576K
}
2017-05-22T09:27:30.047+0000: 1526.078: Total time for which application threads were stopped: 0.0084344 seconds, Stopping threads took: 0.0000259 seconds
{Heap before GC invocations=120 (full 1):
 par new generation   total 109248K, used 88403K [0x00000000e0000000, 0x00000000e8000000, 0x00000000e8000000)
  eden space 87424K, 100% used [0x00000000e0000000, 0x00000000e5560000, 0x00000000e5560000)
  from space 21824K,   4% used [0x00000000e5560000, 0x00000000e5654c00, 0x00000000e6ab0000)
  to   space 21824K,   0% used [0x00000000e6ab0000, 0x00000000e6ab0000, 0x00000000e8000000)
 concurrent mark-sweep generation total 393216K, used 42056K [0x00000000e8000000, 0x0000000100000000, 0x0000000100000000)
 Metaspace       used 37331K, capacity 37946K, committed 38288K, reserved 1083392K
  class space    used 4214K, capacity 4437K, committed 4528K, reserved 1048576K
2017-05-22T09:27:30.349+0000: 1526.380: [GC (Allocation Failure) 2017-05-22T09:27:30.349+0000: 1526.380: [ParNew
Desired survivor size 20112992 bytes, new threshold 8 (max 8)
- age   1:      49448 bytes,      49448 total
- age   2:       2920 bytes,      52368 total
- age   3:       4120 bytes,      56488 total
- age   4:       3176 bytes,      59664 total
- age   5:       3960 bytes,      63624 total
- age   6:     224216 bytes,     287840 total
- age   7:      49352 bytes,     337192 total
- age   8:       3760 bytes,     340952 total
: 88403K->521K(109248K), 0.0139309 secs] 130459K->42580K(502464K), 0.0140298 secs] [Times: user=0.03 sys=0.00, real=0.01 secs] 
Heap after GC invocations=121 (full 1):
 par new generation   total 109248K, used 521K [0x00000000e0000000, 0x00000000e8000000, 0x00000000e8000000)
  eden space 87424K,   0% used [0x00000000e0000000, 0x00000000e0000000, 0x00000000e5560000)
  from space 21824K,   2% used [0x00000000e6ab0000, 0x00000000e6b32650, 0x00000000e8000000)
  to   space 21824K,   0% used [0x00000000e5560000, 0x00000000e5560000, 0x00000000e6ab0000)
 concurrent mark-sweep generation total 393216K, used 42059K [0x00000000e8000000, 0x0000000100000000, 0x0000000100000000)
 Metaspace       used 37331K, capacity 37946K, committed 38288K, reserved 1083392K
  class space    used 4214K, capacity 4437K, committed 4528K, reserved 1048576K
}
2017-05-22T09:27:30.363+0000: 1526.394: Total time for which application threads were stopped: 0.0142561 seconds, Stopping threads took: 0.0000262 seconds
{Heap before GC invocations=121 (full 1):
 par new generation   total 109248K, used 87945K [0x00000000e0000000, 0x00000000e8000000, 0x00000000e8000000)
  eden space 87424K, 100% used [0x00000000e0000000, 0x00000000e5560000, 0x00000000e5560000)
  from space 21824K,   2% used [0x00000000e6ab0000, 0x00000000e6b32650, 0x00000000e8000000)
  to   space 21824K,   0% used [0x00000000e5560000, 0x00000000e5560000, 0x00000000e6ab0000)
 concurrent mark-sweep generation total 393216K, used 42059K [0x00000000e8000000, 0x0000000100000000, 0x0000000100000000)
 Metaspace       used 37331K, capacity 37946K, committed 38288K, reserved 1083392K
  class space    used 4214K, capacity 4437K, committed 4528K, reserved 1048576K
2017-05-22T09:27:33.572+0000: 1529.603: [GC (Allocation Failure) 2017-05-22T09:27:33.572+0000: 1529.604: [ParNew
Desired survivor size 20112992 bytes, new threshold 8 (max 8)
- age   1:     445784 bytes,     445784 total
- age   2:      15320 bytes,     461104 total
- age   3:       2880 bytes,     463984 total
- age   4:       4120 bytes,     468104 total
- age   5:       3176 bytes,     471280 total
- age   6:       3960 bytes,     475240 total
- age   7:     224216 bytes,     699456 total
- age   8:      49352 bytes,     748808 total
: 87945K->797K(109248K), 0.0074967 secs] 130004K->42860K(502464K), 0.0076602 secs] [Times: user=0.03 sys=0.00, real=0.01 secs] 
Heap after GC invocations=122 (full 1):
 par new generation   total 109248K, used 797K [0x00000000e0000000, 0x00000000e8000000, 0x00000000e8000000)
  eden space 87424K,   0% used [0x00000000e0000000, 0x00000000e0000000, 0x00000000e5560000)
  from space 21824K,   3% used [0x00000000e5560000, 0x00000000e56276e0, 0x00000000e6ab0000)
  to   space 21824K,   0% used [0x00000000e6ab0000, 0x00000000e6ab0000, 0x00000000e8000000)
 concurrent mark-sweep generation total 393216K, used 42062K [0x00000000e8000000, 0x0000000100000000, 0x0000000100000000)
 Metaspace       used 37331K, capacity 37946K, committed 38288K, reserved 1083392K
  class space    used 4214K, capacity 4437K, committed 4528K, reserved 1048576K
}
2017-05-22T09:27:33.580+0000: 1529.611: Total time for which application threads were stopped: 0.0079746 seconds, Stopping threads took: 0.0000303 seconds
{Heap before GC invocations=122 (full 1):
 par new generation   total 109248K, used 88221K [0x00000000e0000000, 0x00000000e8000000, 0x00000000e8000000)
  eden space 87424K, 100% used [0x00000000e0000000, 0x00000000e5560000, 0x00000000e5560000)
  from space 21824K,   3% used [0x00000000e5560000, 0x00000000e56276e0, 0x00000000e6ab0000)
  to   space 21824K,   0% used [0x00000000e6ab0000, 0x00000000e6ab0000, 0x00000000e8000000)
 concurrent mark-sweep generation total 393216K, used 42062K [0x00000000e8000000, 0x0000000100000000, 0x0000000100000000)
 Metaspace       used 37331K, capacity 37946K, committed 38288K, reserved 1083392K
  class space    used 4214K, capacity 4437K, committed 4528K, reserved 1048576K
2017-05-22T09:27:33.745+0000: 1529.776: [GC (Allocation Failure) 2017-05-22T09:27:33.745+0000: 1529.776: [ParNew
Desired survivor size 20112992 bytes, new threshold 8 (max 8)
- age   1:     435384 bytes,     435384 total
- age   2:      10176 bytes,     445560 total
- age   3:      15320 bytes,     460880 total
- age   4:       2880 bytes,     463760 total
- age   5:       4120 bytes,     467880 total
- age   6:       3176 bytes,     471056 total
- age   7:       3960 bytes,     475016 total
- age   8:     224216 bytes,     699232 total
: 88221K->850K(109248K), 0.0069516 secs] 130284K->42961K(502464K), 0.0071083 secs] [Times: user=0.02 sys=0.00, real=0.01 secs] 
Heap after GC invocations=123 (full 1):
 par new generation   total 109248K, used 850K [0x00000000e0000000, 0x00000000e8000000, 0x00000000e8000000)
  eden space 87424K,   0% used [0x00000000e0000000, 0x00000000e0000000, 0x00000000e5560000)
  from space 21824K,   3% used [0x00000000e6ab0000, 0x00000000e6b84a00, 0x00000000e8000000)
  to   space 21824K,   0% used [0x00000000e5560000, 0x00000000e5560000, 0x00000000e6ab0000)
 concurrent mark-sweep generation total 393216K, used 42111K [0x00000000e8000000, 0x0000000100000000, 0x0000000100000000)
 Metaspace       used 37331K, capacity 37946K, committed 38288K, reserved 1083392K
  class space    used 4214K, capacity 4437K, committed 4528K, reserved 1048576K
}
2017-05-22T09:27:33.752+0000: 1529.783: Total time for which application threads were stopped: 0.0074005 seconds, Stopping threads took: 0.0000250 seconds
{Heap before GC invocations=123 (full 1):
 par new generation   total 109248K, used 88274K [0x00000000e0000000, 0x00000000e8000000, 0x00000000e8000000)
  eden space 87424K, 100% used [0x00000000e0000000, 0x00000000e5560000, 0x00000000e5560000)
  from space 21824K,   3% used [0x00000000e6ab0000, 0x00000000e6b84a00, 0x00000000e8000000)
  to   space 21824K,   0% used [0x00000000e5560000, 0x00000000e5560000, 0x00000000e6ab0000)
 concurrent mark-sweep generation total 393216K, used 42111K [0x00000000e8000000, 0x0000000100000000, 0x0000000100000000)
 Metaspace       used 37331K, capacity 37946K, committed 38288K, reserved 1083392K
  class space    used 4214K, capacity 4437K, committed 4528K, reserved 1048576K
2017-05-22T09:27:33.915+0000: 1529.947: [GC (Allocation Failure) 2017-05-22T09:27:33.915+0000: 1529.947: [ParNew
Desired survivor size 20112992 bytes, new threshold 8 (max 8)
- age   1:     246504 bytes,     246504 total
- age   2:       3640 bytes,     250144 total
- age   3:       9912 bytes,     260056 total
- age   4:      15320 bytes,     275376 total
- age   5:       2880 bytes,     278256 total
- age   6:       4120 bytes,     282376 total
- age   7:       3176 bytes,     285552 total
- age   8:       3960 bytes,     289512 total
: 88274K->653K(109248K), 0.0084262 secs] 130385K->42986K(502464K), 0.0085081 secs] [Times: user=0.02 sys=0.00, real=0.01 secs] 
Heap after GC invocations=124 (full 1):
 par new generation   total 109248K, used 653K [0x00000000e0000000, 0x00000000e8000000, 0x00000000e8000000)
  eden space 87424K,   0% used [0x00000000e0000000, 0x00000000e0000000, 0x00000000e5560000)
  from space 21824K,   2% used [0x00000000e5560000, 0x00000000e56037a0, 0x00000000e6ab0000)
  to   space 21824K,   0% used [0x00000000e6ab0000, 0x00000000e6ab0000, 0x00000000e8000000)
 concurrent mark-sweep generation total 393216K, used 42332K [0x00000000e8000000, 0x0000000100000000, 0x0000000100000000)
 Metaspace       used 37331K, capacity 37946K, committed 38288K, reserved 1083392K
  class space    used 4214K, capacity 4437K, committed 4528K, reserved 1048576K
}
2017-05-22T09:27:33.924+0000: 1529.955: Total time for which application threads were stopped: 0.0087137 seconds, Stopping threads took: 0.0000276 seconds
{Heap before GC invocations=124 (full 1):
 par new generation   total 109248K, used 88077K [0x00000000e0000000, 0x00000000e8000000, 0x00000000e8000000)
  eden space 87424K, 100% used [0x00000000e0000000, 0x00000000e5560000, 0x00000000e5560000)
  from space 21824K,   2% used [0x00000000e5560000, 0x00000000e56037a0, 0x00000000e6ab0000)
  to   space 21824K,   0% used [0x00000000e6ab0000, 0x00000000e6ab0000, 0x00000000e8000000)
 concurrent mark-sweep generation total 393216K, used 42332K [0x00000000e8000000, 0x0000000100000000, 0x0000000100000000)
 Metaspace       used 37331K, capacity 37946K, committed 38288K, reserved 1083392K
  class space    used 4214K, capacity 4437K, committed 4528K, reserved 1048576K
2017-05-22T09:27:34.089+0000: 1530.121: [GC (Allocation Failure) 2017-05-22T09:27:34.090+0000: 1530.121: [ParNew
Desired survivor size 20112992 bytes, new threshold 8 (max 8)
- age   1:     169456 bytes,     169456 total
- age   2:       3144 bytes,     172600 total
- age   3:       3600 bytes,     176200 total
- age   4:       9464 bytes,     185664 total
- age   5:      15320 bytes,     200984 total
- age   6:       2880 bytes,     203864 total
- age   7:       4120 bytes,     207984 total
- age   8:       3176 bytes,     211160 total
: 88077K->308K(109248K), 0.0067834 secs] 130410K->42644K(502464K), 0.0068868 secs] [Times: user=0.02 sys=0.00, real=0.00 secs] 
Heap after GC invocations=125 (full 1):
 par new generation   total 109248K, used 308K [0x00000000e0000000, 0x00000000e8000000, 0x00000000e8000000)
  eden space 87424K,   0% used [0x00000000e0000000, 0x00000000e0000000, 0x00000000e5560000)
  from space 21824K,   1% used [0x00000000e6ab0000, 0x00000000e6afd340, 0x00000000e8000000)
  to   space 21824K,   0% used [0x00000000e5560000, 0x00000000e5560000, 0x00000000e6ab0000)
 concurrent mark-sweep generation total 393216K, used 42336K [0x00000000e8000000, 0x0000000100000000, 0x0000000100000000)
 Metaspace       used 37331K, capacity 37946K, committed 38288K, reserved 1083392K
  class space    used 4214K, capacity 4437K, committed 4528K, reserved 1048576K
}
2017-05-22T09:27:34.096+0000: 1530.128: Total time for which application threads were stopped: 0.0070947 seconds, Stopping threads took: 0.0000253 seconds
{Heap before GC invocations=125 (full 1):
 par new generation   total 109248K, used 87732K [0x00000000e0000000, 0x00000000e8000000, 0x00000000e8000000)
  eden space 87424K, 100% used [0x00000000e0000000, 0x00000000e5560000, 0x00000000e5560000)
  from space 21824K,   1% used [0x00000000e6ab0000, 0x00000000e6afd340, 0x00000000e8000000)
  to   space 21824K,   0% used [0x00000000e5560000, 0x00000000e5560000, 0x00000000e6ab0000)
 concurrent mark-sweep generation total 393216K, used 42336K [0x00000000e8000000, 0x0000000100000000, 0x0000000100000000)
 Metaspace       used 37331K, capacity 37946K, committed 38288K, reserved 1083392K
  class space    used 4214K, capacity 4437K, committed 4528K, reserved 1048576K
2017-05-22T09:27:34.274+0000: 1530.305: [GC (Allocation Failure) 2017-05-22T09:27:34.274+0000: 1530.305: [ParNew
Desired survivor size 20112992 bytes, new threshold 8 (max 8)
- age   1:     415208 bytes,     415208 total
- age   2:       3192 bytes,     418400 total
- age   3:       2880 bytes,     421280 total
- age   4:       3376 bytes,     424656 total
- age   5:       9016 bytes,     433672 total
- age   6:      15320 bytes,     448992 total
- age   7:       2880 bytes,     451872 total
- age   8:       4120 bytes,     455992 total
: 87732K->539K(109248K), 0.0077313 secs] 130068K->42878K(502464K), 0.0078147 secs] [Times: user=0.02 sys=0.00, real=0.01 secs] 
Heap after GC invocations=126 (full 1):
 par new generation   total 109248K, used 539K [0x00000000e0000000, 0x00000000e8000000, 0x00000000e8000000)
  eden space 87424K,   0% used [0x00000000e0000000, 0x00000000e0000000, 0x00000000e5560000)
  from space 21824K,   2% used [0x00000000e5560000, 0x00000000e55e6dd8, 0x00000000e6ab0000)
  to   space 21824K,   0% used [0x00000000e6ab0000, 0x00000000e6ab0000, 0x00000000e8000000)
 concurrent mark-sweep generation total 393216K, used 42339K [0x00000000e8000000, 0x0000000100000000, 0x0000000100000000)
 Metaspace       used 37331K, capacity 37946K, committed 38288K, reserved 1083392K
  class space    used 4214K, capacity 4437K, committed 4528K, reserved 1048576K
}
2017-05-22T09:27:34.282+0000: 1530.313: Total time for which application threads were stopped: 0.0080082 seconds, Stopping threads took: 0.0000223 seconds
2017-05-22T09:27:35.282+0000: 1531.314: Total time for which application threads were stopped: 0.0002244 seconds, Stopping threads took: 0.0000486 seconds
{Heap before GC invocations=126 (full 1):
 par new generation   total 109248K, used 87963K [0x00000000e0000000, 0x00000000e8000000, 0x00000000e8000000)
  eden space 87424K, 100% used [0x00000000e0000000, 0x00000000e5560000, 0x00000000e5560000)
  from space 21824K,   2% used [0x00000000e5560000, 0x00000000e55e6dd8, 0x00000000e6ab0000)
  to   space 21824K,   0% used [0x00000000e6ab0000, 0x00000000e6ab0000, 0x00000000e8000000)
 concurrent mark-sweep generation total 393216K, used 42339K [0x00000000e8000000, 0x0000000100000000, 0x0000000100000000)
 Metaspace       used 37332K, capacity 37946K, committed 38288K, reserved 1083392K
  class space    used 4214K, capacity 4437K, committed 4528K, reserved 1048576K
2017-05-22T09:27:39.824+0000: 1535.856: [GC (Allocation Failure) 2017-05-22T09:27:39.824+0000: 1535.856: [ParNew
Desired survivor size 20112992 bytes, new threshold 8 (max 8)
- age   1:     413696 bytes,     413696 total
- age   2:       2776 bytes,     416472 total
- age   3:       2928 bytes,     419400 total
- age   4:       2880 bytes,     422280 total
- age   5:       3152 bytes,     425432 total
- age   6:       9016 bytes,     434448 total
- age   7:      15096 bytes,     449544 total
- age   8:       2880 bytes,     452424 total
: 87963K->712K(109248K), 0.0067101 secs] 130302K->43055K(502464K), 0.0068153 secs] [Times: user=0.02 sys=0.00, real=0.01 secs] 
Heap after GC invocations=127 (full 1):
 par new generation   total 109248K, used 712K [0x00000000e0000000, 0x00000000e8000000, 0x00000000e8000000)
  eden space 87424K,   0% used [0x00000000e0000000, 0x00000000e0000000, 0x00000000e5560000)
  from space 21824K,   3% used [0x00000000e6ab0000, 0x00000000e6b62110, 0x00000000e8000000)
  to   space 21824K,   0% used [0x00000000e5560000, 0x00000000e5560000, 0x00000000e6ab0000)
 concurrent mark-sweep generation total 393216K, used 42343K [0x00000000e8000000, 0x0000000100000000, 0x0000000100000000)
 Metaspace       used 37332K, capacity 37946K, committed 38288K, reserved 1083392K
  class space    used 4214K, capacity 4437K, committed 4528K, reserved 1048576K
}
2017-05-22T09:27:39.831+0000: 1535.863: Total time for which application threads were stopped: 0.0073042 seconds, Stopping threads took: 0.0000647 seconds
{Heap before GC invocations=127 (full 1):
 par new generation   total 109248K, used 88136K [0x00000000e0000000, 0x00000000e8000000, 0x00000000e8000000)
  eden space 87424K, 100% used [0x00000000e0000000, 0x00000000e5560000, 0x00000000e5560000)
  from space 21824K,   3% used [0x00000000e6ab0000, 0x00000000e6b62110, 0x00000000e8000000)
  to   space 21824K,   0% used [0x00000000e5560000, 0x00000000e5560000, 0x00000000e6ab0000)
 concurrent mark-sweep generation total 393216K, used 42343K [0x00000000e8000000, 0x0000000100000000, 0x0000000100000000)
 Metaspace       used 37332K, capacity 37946K, committed 38288K, reserved 1083392K
  class space    used 4214K, capacity 4437K, committed 4528K, reserved 1048576K
2017-05-22T09:27:39.991+0000: 1536.023: [GC (Allocation Failure) 2017-05-22T09:27:39.991+0000: 1536.023: [ParNew
Desired survivor size 20112992 bytes, new threshold 8 (max 8)
- age   1:     485688 bytes,     485688 total
- age   2:     221464 bytes,     707152 total
- age   3:       2736 bytes,     709888 total
- age   4:       2928 bytes,     712816 total
- age   5:       2880 bytes,     715696 total
- age   6:       3152 bytes,     718848 total
- age   7:       9016 bytes,     727864 total
- age   8:      15096 bytes,     742960 total
: 88136K->853K(109248K), 0.0062015 secs] 130479K->43200K(502464K), 0.0062861 secs] [Times: user=0.02 sys=0.00, real=0.01 secs] 
Heap after GC invocations=128 (full 1):
 par new generation   total 109248K, used 853K [0x00000000e0000000, 0x00000000e8000000, 0x00000000e8000000)
  eden space 87424K,   0% used [0x00000000e0000000, 0x00000000e0000000, 0x00000000e5560000)
  from space 21824K,   3% used [0x00000000e5560000, 0x00000000e56357f8, 0x00000000e6ab0000)
  to   space 21824K,   0% used [0x00000000e6ab0000, 0x00000000e6ab0000, 0x00000000e8000000)
 concurrent mark-sweep generation total 393216K, used 42346K [0x00000000e8000000, 0x0000000100000000, 0x0000000100000000)
 Metaspace       used 37332K, capacity 37946K, committed 38288K, reserved 1083392K
  class space    used 4214K, capacity 4437K, committed 4528K, reserved 1048576K
}
2017-05-22T09:27:39.997+0000: 1536.029: Total time for which application threads were stopped: 0.0064847 seconds, Stopping threads took: 0.0000225 seconds
{Heap before GC invocations=128 (full 1):
 par new generation   total 109248K, used 88277K [0x00000000e0000000, 0x00000000e8000000, 0x00000000e8000000)
  eden space 87424K, 100% used [0x00000000e0000000, 0x00000000e5560000, 0x00000000e5560000)
  from space 21824K,   3% used [0x00000000e5560000, 0x00000000e56357f8, 0x00000000e6ab0000)
  to   space 21824K,   0% used [0x00000000e6ab0000, 0x00000000e6ab0000, 0x00000000e8000000)
 concurrent mark-sweep generation total 393216K, used 42346K [0x00000000e8000000, 0x0000000100000000, 0x0000000100000000)
 Metaspace       used 37332K, capacity 37946K, committed 38288K, reserved 1083392K
  class space    used 4214K, capacity 4437K, committed 4528K, reserved 1048576K
2017-05-22T09:27:40.157+0000: 1536.188: [GC (Allocation Failure) 2017-05-22T09:27:40.157+0000: 1536.188: [ParNew
Desired survivor size 20112992 bytes, new threshold 8 (max 8)
- age   1:     228560 bytes,     228560 total
- age   2:       2704 bytes,     231264 total
- age   3:     220976 bytes,     452240 total
- age   4:       2736 bytes,     454976 total
- age   5:       2928 bytes,     457904 total
- age   6:       2880 bytes,     460784 total
- age   7:       3152 bytes,     463936 total
- age   8:       9016 bytes,     472952 total
: 88277K->710K(109248K), 0.0070475 secs] 130624K->43071K(502464K), 0.0071448 secs] [Times: user=0.01 sys=0.00, real=0.01 secs] 
Heap after GC invocations=129 (full 1):
 par new generation   total 109248K, used 710K [0x00000000e0000000, 0x00000000e8000000, 0x00000000e8000000)
  eden space 87424K,   0% used [0x00000000e0000000, 0x00000000e0000000, 0x00000000e5560000)
  from space 21824K,   3% used [0x00000000e6ab0000, 0x00000000e6b61aa8, 0x00000000e8000000)
  to   space 21824K,   0% used [0x00000000e5560000, 0x00000000e5560000, 0x00000000e6ab0000)
 concurrent mark-sweep generation total 393216K, used 42360K [0x00000000e8000000, 0x0000000100000000, 0x0000000100000000)
 Metaspace       used 37332K, capacity 37946K, committed 38288K, reserved 1083392K
  class space    used 4214K, capacity 4437K, committed 4528K, reserved 1048576K
}
2017-05-22T09:27:40.164+0000: 1536.196: Total time for which application threads were stopped: 0.0073846 seconds, Stopping threads took: 0.0000334 seconds
{Heap before GC invocations=129 (full 1):
 par new generation   total 109248K, used 88134K [0x00000000e0000000, 0x00000000e8000000, 0x00000000e8000000)
  eden space 87424K, 100% used [0x00000000e0000000, 0x00000000e5560000, 0x00000000e5560000)
  from space 21824K,   3% used [0x00000000e6ab0000, 0x00000000e6b61aa8, 0x00000000e8000000)
  to   space 21824K,   0% used [0x00000000e5560000, 0x00000000e5560000, 0x00000000e6ab0000)
 concurrent mark-sweep generation total 393216K, used 42360K [0x00000000e8000000, 0x0000000100000000, 0x0000000100000000)
 Metaspace       used 37332K, capacity 37946K, committed 38288K, reserved 1083392K
  class space    used 4214K, capacity 4437K, committed 4528K, reserved 1048576K
2017-05-22T09:27:40.332+0000: 1536.364: [GC (Allocation Failure) 2017-05-22T09:27:40.332+0000: 1536.364: [ParNew
Desired survivor size 20112992 bytes, new threshold 8 (max 8)
- age   1:     411288 bytes,     411288 total
- age   2:       3272 bytes,     414560 total
- age   3:       2664 bytes,     417224 total
- age   4:     220528 bytes,     637752 total
- age   5:       2736 bytes,     640488 total
- age   6:       2928 bytes,     643416 total
- age   7:       2880 bytes,     646296 total
- age   8:       3152 bytes,     649448 total
: 88134K->772K(109248K), 0.0067563 secs] 130495K->43142K(502464K), 0.0068518 secs] [Times: user=0.02 sys=0.00, real=0.01 secs] 
Heap after GC invocations=130 (full 1):
 par new generation   total 109248K, used 772K [0x00000000e0000000, 0x00000000e8000000, 0x00000000e8000000)
  eden space 87424K,   0% used [0x00000000e0000000, 0x00000000e0000000, 0x00000000e5560000)
  from space 21824K,   3% used [0x00000000e5560000, 0x00000000e5621320, 0x00000000e6ab0000)
  to   space 21824K,   0% used [0x00000000e6ab0000, 0x00000000e6ab0000, 0x00000000e8000000)
 concurrent mark-sweep generation total 393216K, used 42369K [0x00000000e8000000, 0x0000000100000000, 0x0000000100000000)
 Metaspace       used 37332K, capacity 37946K, committed 38288K, reserved 1083392K
  class space    used 4214K, capacity 4437K, committed 4528K, reserved 1048576K
}
2017-05-22T09:27:40.339+0000: 1536.371: Total time for which application threads were stopped: 0.0070652 seconds, Stopping threads took: 0.0000321 seconds
{Heap before GC invocations=130 (full 1):
 par new generation   total 109248K, used 88196K [0x00000000e0000000, 0x00000000e8000000, 0x00000000e8000000)
  eden space 87424K, 100% used [0x00000000e0000000, 0x00000000e5560000, 0x00000000e5560000)
  from space 21824K,   3% used [0x00000000e5560000, 0x00000000e5621320, 0x00000000e6ab0000)
  to   space 21824K,   0% used [0x00000000e6ab0000, 0x00000000e6ab0000, 0x00000000e8000000)
 concurrent mark-sweep generation total 393216K, used 42369K [0x00000000e8000000, 0x0000000100000000, 0x0000000100000000)
 Metaspace       used 37332K, capacity 37946K, committed 38288K, reserved 1083392K
  class space    used 4214K, capacity 4437K, committed 4528K, reserved 1048576K
2017-05-22T09:27:40.507+0000: 1536.538: [GC (Allocation Failure) 2017-05-22T09:27:40.507+0000: 1536.538: [ParNew
Desired survivor size 20112992 bytes, new threshold 8 (max 8)
- age   1:     413496 bytes,     413496 total
- age   2:       3352 bytes,     416848 total
- age   3:       3232 bytes,     420080 total
- age   4:       2664 bytes,     422744 total
- age   5:     220528 bytes,     643272 total
- age   6:       2736 bytes,     646008 total
- age   7:       2928 bytes,     648936 total
- age   8:       2880 bytes,     651816 total
: 88196K->1080K(109248K), 0.0070455 secs] 130566K->43452K(502464K), 0.0072027 secs] [Times: user=0.02 sys=0.00, real=0.00 secs] 
Heap after GC invocations=131 (full 1):
 par new generation   total 109248K, used 1080K [0x00000000e0000000, 0x00000000e8000000, 0x00000000e8000000)
  eden space 87424K,   0% used [0x00000000e0000000, 0x00000000e0000000, 0x00000000e5560000)
  from space 21824K,   4% used [0x00000000e6ab0000, 0x00000000e6bbe0c0, 0x00000000e8000000)
  to   space 21824K,   0% used [0x00000000e5560000, 0x00000000e5560000, 0x00000000e6ab0000)
 concurrent mark-sweep generation total 393216K, used 42372K [0x00000000e8000000, 0x0000000100000000, 0x0000000100000000)
 Metaspace       used 37332K, capacity 37946K, committed 38288K, reserved 1083392K
  class space    used 4214K, capacity 4437K, committed 4528K, reserved 1048576K
}
2017-05-22T09:27:40.514+0000: 1536.546: Total time for which application threads were stopped: 0.0075287 seconds, Stopping threads took: 0.0000266 seconds
{Heap before GC invocations=131 (full 1):
 par new generation   total 109248K, used 88499K [0x00000000e0000000, 0x00000000e8000000, 0x00000000e8000000)
  eden space 87424K,  99% used [0x00000000e0000000, 0x00000000e555ede8, 0x00000000e5560000)
  from space 21824K,   4% used [0x00000000e6ab0000, 0x00000000e6bbe0c0, 0x00000000e8000000)
  to   space 21824K,   0% used [0x00000000e5560000, 0x00000000e5560000, 0x00000000e6ab0000)
 concurrent mark-sweep generation total 393216K, used 42372K [0x00000000e8000000, 0x0000000100000000, 0x0000000100000000)
 Metaspace       used 37333K, capacity 37946K, committed 38288K, reserved 1083392K
  class space    used 4214K, capacity 4437K, committed 4528K, reserved 1048576K
2017-05-22T09:27:40.846+0000: 1536.877: [GC (Allocation Failure) 2017-05-22T09:27:40.846+0000: 1536.877: [ParNew
Desired survivor size 20112992 bytes, new threshold 8 (max 8)
- age   1:     275928 bytes,     275928 total
- age   2:       3312 bytes,     279240 total
- age   3:       2864 bytes,     282104 total
- age   4:       2784 bytes,     284888 total
- age   5:       2664 bytes,     287552 total
- age   6:     219856 bytes,     507408 total
- age   7:       2736 bytes,     510144 total
- age   8:       2928 bytes,     513072 total
: 88499K->669K(109248K), 0.0121567 secs] 130872K->43045K(502464K), 0.0122436 secs] [Times: user=0.02 sys=0.01, real=0.01 secs] 
Heap after GC invocations=132 (full 1):
 par new generation   total 109248K, used 669K [0x00000000e0000000, 0x00000000e8000000, 0x00000000e8000000)
  eden space 87424K,   0% used [0x00000000e0000000, 0x00000000e0000000, 0x00000000e5560000)
  from space 21824K,   3% used [0x00000000e5560000, 0x00000000e5607778, 0x00000000e6ab0000)
  to   space 21824K,   0% used [0x00000000e6ab0000, 0x00000000e6ab0000, 0x00000000e8000000)
 concurrent mark-sweep generation total 393216K, used 42375K [0x00000000e8000000, 0x0000000100000000, 0x0000000100000000)
 Metaspace       used 37333K, capacity 37946K, committed 38288K, reserved 1083392K
  class space    used 4214K, capacity 4437K, committed 4528K, reserved 1048576K
}
2017-05-22T09:27:40.858+0000: 1536.889: Total time for which application threads were stopped: 0.0124760 seconds, Stopping threads took: 0.0000251 seconds
2017-05-22T09:27:41.858+0000: 1537.890: Total time for which application threads were stopped: 0.0001881 seconds, Stopping threads took: 0.0000373 seconds
{Heap before GC invocations=132 (full 1):
 par new generation   total 109248K, used 88093K [0x00000000e0000000, 0x00000000e8000000, 0x00000000e8000000)
  eden space 87424K, 100% used [0x00000000e0000000, 0x00000000e5560000, 0x00000000e5560000)
  from space 21824K,   3% used [0x00000000e5560000, 0x00000000e5607778, 0x00000000e6ab0000)
  to   space 21824K,   0% used [0x00000000e6ab0000, 0x00000000e6ab0000, 0x00000000e8000000)
 concurrent mark-sweep generation total 393216K, used 42375K [0x00000000e8000000, 0x0000000100000000, 0x0000000100000000)
 Metaspace       used 37339K, capacity 37946K, committed 38288K, reserved 1083392K
  class space    used 4215K, capacity 4437K, committed 4528K, reserved 1048576K
2017-05-22T09:27:44.358+0000: 1540.389: [GC (Allocation Failure) 2017-05-22T09:27:44.358+0000: 1540.389: [ParNew
Desired survivor size 20112992 bytes, new threshold 8 (max 8)
- age   1:     655960 bytes,     655960 total
- age   2:     218576 bytes,     874536 total
- age   3:       3272 bytes,     877808 total
- age   4:       2864 bytes,     880672 total
- age   5:       2784 bytes,     883456 total
- age   6:       2664 bytes,     886120 total
- age   7:     219856 bytes,    1105976 total
- age   8:       2736 bytes,    1108712 total
: 88093K->1180K(109248K), 0.0204230 secs] 130469K->43558K(502464K), 0.0205604 secs] [Times: user=0.07 sys=0.00, real=0.02 secs] 
Heap after GC invocations=133 (full 1):
 par new generation   total 109248K, used 1180K [0x00000000e0000000, 0x00000000e8000000, 0x00000000e8000000)
  eden space 87424K,   0% used [0x00000000e0000000, 0x00000000e0000000, 0x00000000e5560000)
  from space 21824K,   5% used [0x00000000e6ab0000, 0x00000000e6bd7290, 0x00000000e8000000)
  to   space 21824K,   0% used [0x00000000e5560000, 0x00000000e5560000, 0x00000000e6ab0000)
 concurrent mark-sweep generation total 393216K, used 42378K [0x00000000e8000000, 0x0000000100000000, 0x0000000100000000)
 Metaspace       used 37339K, capacity 37946K, committed 38288K, reserved 1083392K
  class space    used 4215K, capacity 4437K, committed 4528K, reserved 1048576K
}
2017-05-22T09:27:44.378+0000: 1540.410: Total time for which application threads were stopped: 0.0207969 seconds, Stopping threads took: 0.0000273 seconds
{Heap before GC invocations=133 (full 1):
 par new generation   total 109248K, used 88604K [0x00000000e0000000, 0x00000000e8000000, 0x00000000e8000000)
  eden space 87424K, 100% used [0x00000000e0000000, 0x00000000e5560000, 0x00000000e5560000)
  from space 21824K,   5% used [0x00000000e6ab0000, 0x00000000e6bd7290, 0x00000000e8000000)
  to   space 21824K,   0% used [0x00000000e5560000, 0x00000000e5560000, 0x00000000e6ab0000)
 concurrent mark-sweep generation total 393216K, used 42378K [0x00000000e8000000, 0x0000000100000000, 0x0000000100000000)
 Metaspace       used 37339K, capacity 37946K, committed 38288K, reserved 1083392K
  class space    used 4215K, capacity 4437K, committed 4528K, reserved 1048576K
2017-05-22T09:27:44.595+0000: 1540.627: [GC (Allocation Failure) 2017-05-22T09:27:44.595+0000: 1540.627: [ParNew
Desired survivor size 20112992 bytes, new threshold 8 (max 8)
- age   1:     177424 bytes,     177424 total
- age   2:     208896 bytes,     386320 total
- age   3:     218576 bytes,     604896 total
- age   4:       3272 bytes,     608168 total
- age   5:       2864 bytes,     611032 total
- age   6:       2784 bytes,     613816 total
- age   7:       2664 bytes,     616480 total
- age   8:     219856 bytes,     836336 total
: 88604K->1510K(109248K), 0.0114301 secs] 130982K->43891K(502464K), 0.0115405 secs] [Times: user=0.04 sys=0.00, real=0.02 secs] 
Heap after GC invocations=134 (full 1):
 par new generation   total 109248K, used 1510K [0x00000000e0000000, 0x00000000e8000000, 0x00000000e8000000)
  eden space 87424K,   0% used [0x00000000e0000000, 0x00000000e0000000, 0x00000000e5560000)
  from space 21824K,   6% used [0x00000000e5560000, 0x00000000e56d9bd8, 0x00000000e6ab0000)
  to   space 21824K,   0% used [0x00000000e6ab0000, 0x00000000e6ab0000, 0x00000000e8000000)
 concurrent mark-sweep generation total 393216K, used 42381K [0x00000000e8000000, 0x0000000100000000, 0x0000000100000000)
 Metaspace       used 37339K, capacity 37946K, committed 38288K, reserved 1083392K
  class space    used 4215K, capacity 4437K, committed 4528K, reserved 1048576K
}
2017-05-22T09:27:44.607+0000: 1540.638: Total time for which application threads were stopped: 0.0117991 seconds, Stopping threads took: 0.0000363 seconds
{Heap before GC invocations=134 (full 1):
 par new generation   total 109248K, used 88934K [0x00000000e0000000, 0x00000000e8000000, 0x00000000e8000000)
  eden space 87424K, 100% used [0x00000000e0000000, 0x00000000e5560000, 0x00000000e5560000)
  from space 21824K,   6% used [0x00000000e5560000, 0x00000000e56d9bd8, 0x00000000e6ab0000)
  to   space 21824K,   0% used [0x00000000e6ab0000, 0x00000000e6ab0000, 0x00000000e8000000)
 concurrent mark-sweep generation total 393216K, used 42381K [0x00000000e8000000, 0x0000000100000000, 0x0000000100000000)
 Metaspace       used 37339K, capacity 37946K, committed 38288K, reserved 1083392K
  class space    used 4215K, capacity 4437K, committed 4528K, reserved 1048576K
2017-05-22T09:27:44.819+0000: 1540.850: [GC (Allocation Failure) 2017-05-22T09:27:44.819+0000: 1540.850: [ParNew
Desired survivor size 20112992 bytes, new threshold 8 (max 8)
- age   1:     451416 bytes,     451416 total
- age   2:       3368 bytes,     454784 total
- age   3:     208408 bytes,     663192 total
- age   4:     218352 bytes,     881544 total
- age   5:       3272 bytes,     884816 total
- age   6:       2864 bytes,     887680 total
- age   7:       2784 bytes,     890464 total
- age   8:       2664 bytes,     893128 total
: 88934K->1106K(109248K), 0.0115223 secs] 131315K->43704K(502464K), 0.0116069 secs] [Times: user=0.04 sys=0.00, real=0.01 secs] 
Heap after GC invocations=135 (full 1):
 par new generation   total 109248K, used 1106K [0x00000000e0000000, 0x00000000e8000000, 0x00000000e8000000)
  eden space 87424K,   0% used [0x00000000e0000000, 0x00000000e0000000, 0x00000000e5560000)
  from space 21824K,   5% used [0x00000000e6ab0000, 0x00000000e6bc4ba0, 0x00000000e8000000)
  to   space 21824K,   0% used [0x00000000e5560000, 0x00000000e5560000, 0x00000000e6ab0000)
 concurrent mark-sweep generation total 393216K, used 42597K [0x00000000e8000000, 0x0000000100000000, 0x0000000100000000)
 Metaspace       used 37339K, capacity 37946K, committed 38288K, reserved 1083392K
  class space    used 4215K, capacity 4437K, committed 4528K, reserved 1048576K
}
2017-05-22T09:27:44.830+0000: 1540.862: Total time for which application threads were stopped: 0.0118366 seconds, Stopping threads took: 0.0000330 seconds
{Heap before GC invocations=135 (full 1):
 par new generation   total 109248K, used 88530K [0x00000000e0000000, 0x00000000e8000000, 0x00000000e8000000)
  eden space 87424K, 100% used [0x00000000e0000000, 0x00000000e5560000, 0x00000000e5560000)
  from space 21824K,   5% used [0x00000000e6ab0000, 0x00000000e6bc4ba0, 0x00000000e8000000)
  to   space 21824K,   0% used [0x00000000e5560000, 0x00000000e5560000, 0x00000000e6ab0000)
 concurrent mark-sweep generation total 393216K, used 42597K [0x00000000e8000000, 0x0000000100000000, 0x0000000100000000)
 Metaspace       used 37339K, capacity 37946K, committed 38288K, reserved 1083392K
  class space    used 4215K, capacity 4437K, committed 4528K, reserved 1048576K
2017-05-22T09:27:45.039+0000: 1541.071: [GC (Allocation Failure) 2017-05-22T09:27:45.040+0000: 1541.071: [ParNew
Desired survivor size 20112992 bytes, new threshold 8 (max 8)
- age   1:     488392 bytes,     488392 total
- age   2:       3424 bytes,     491816 total
- age   3:       3328 bytes,     495144 total
- age   4:     208184 bytes,     703328 total
- age   5:     218352 bytes,     921680 total
- age   6:       3272 bytes,     924952 total
- age   7:       2864 bytes,     927816 total
- age   8:       2784 bytes,     930600 total
: 88530K->1306K(109248K), 0.0064890 secs] 131128K->43906K(502464K), 0.0065848 secs] [Times: user=0.02 sys=0.00, real=0.01 secs] 
Heap after GC invocations=136 (full 1):
 par new generation   total 109248K, used 1306K [0x00000000e0000000, 0x00000000e8000000, 0x00000000e8000000)
  eden space 87424K,   0% used [0x00000000e0000000, 0x00000000e0000000, 0x00000000e5560000)
  from space 21824K,   5% used [0x00000000e5560000, 0x00000000e56a68d8, 0x00000000e6ab0000)
  to   space 21824K,   0% used [0x00000000e6ab0000, 0x00000000e6ab0000, 0x00000000e8000000)
 concurrent mark-sweep generation total 393216K, used 42600K [0x00000000e8000000, 0x0000000100000000, 0x0000000100000000)
 Metaspace       used 37339K, capacity 37946K, committed 38288K, reserved 1083392K
  class space    used 4215K, capacity 4437K, committed 4528K, reserved 1048576K
}
2017-05-22T09:27:45.046+0000: 1541.078: Total time for which application threads were stopped: 0.0068066 seconds, Stopping threads took: 0.0000270 seconds
{Heap before GC invocations=136 (full 1):
 par new generation   total 109248K, used 88730K [0x00000000e0000000, 0x00000000e8000000, 0x00000000e8000000)
  eden space 87424K, 100% used [0x00000000e0000000, 0x00000000e5560000, 0x00000000e5560000)
  from space 21824K,   5% used [0x00000000e5560000, 0x00000000e56a68d8, 0x00000000e6ab0000)
  to   space 21824K,   0% used [0x00000000e6ab0000, 0x00000000e6ab0000, 0x00000000e8000000)
 concurrent mark-sweep generation total 393216K, used 42600K [0x00000000e8000000, 0x0000000100000000, 0x0000000100000000)
 Metaspace       used 37339K, capacity 37946K, committed 38288K, reserved 1083392K
  class space    used 4215K, capacity 4437K, committed 4528K, reserved 1048576K
2017-05-22T09:27:45.218+0000: 1541.249: [GC (Allocation Failure) 2017-05-22T09:27:45.218+0000: 1541.249: [ParNew
Desired survivor size 20112992 bytes, new threshold 8 (max 8)
- age   1:     207920 bytes,     207920 total
- age   2:       3632 bytes,     211552 total
- age   3:       3384 bytes,     214936 total
- age   4:       3328 bytes,     218264 total
- age   5:     208184 bytes,     426448 total
- age   6:     218352 bytes,     644800 total
- age   7:       3272 bytes,     648072 total
- age   8:       2864 bytes,     650936 total
: 88730K->807K(109248K), 0.0055264 secs] 131330K->43410K(502464K), 0.0056085 secs] [Times: user=0.01 sys=0.01, real=0.00 secs] 
Heap after GC invocations=137 (full 1):
 par new generation   total 109248K, used 807K [0x00000000e0000000, 0x00000000e8000000, 0x00000000e8000000)
  eden space 87424K,   0% used [0x00000000e0000000, 0x00000000e0000000, 0x00000000e5560000)
  from space 21824K,   3% used [0x00000000e6ab0000, 0x00000000e6b79d00, 0x00000000e8000000)
  to   space 21824K,   0% used [0x00000000e5560000, 0x00000000e5560000, 0x00000000e6ab0000)
 concurrent mark-sweep generation total 393216K, used 42603K [0x00000000e8000000, 0x0000000100000000, 0x0000000100000000)
 Metaspace       used 37339K, capacity 37946K, committed 38288K, reserved 1083392K
  class space    used 4215K, capacity 4437K, committed 4528K, reserved 1048576K
}
2017-05-22T09:27:45.223+0000: 1541.255: Total time for which application threads were stopped: 0.0058023 seconds, Stopping threads took: 0.0000220 seconds
2017-05-22T09:27:46.224+0000: 1542.255: Total time for which application threads were stopped: 0.0001429 seconds, Stopping threads took: 0.0000305 seconds
{Heap before GC invocations=137 (full 1):
 par new generation   total 109248K, used 88231K [0x00000000e0000000, 0x00000000e8000000, 0x00000000e8000000)
  eden space 87424K, 100% used [0x00000000e0000000, 0x00000000e5560000, 0x00000000e5560000)
  from space 21824K,   3% used [0x00000000e6ab0000, 0x00000000e6b79d00, 0x00000000e8000000)
  to   space 21824K,   0% used [0x00000000e5560000, 0x00000000e5560000, 0x00000000e6ab0000)
 concurrent mark-sweep generation total 393216K, used 42603K [0x00000000e8000000, 0x0000000100000000, 0x0000000100000000)
 Metaspace       used 37344K, capacity 37946K, committed 38288K, reserved 1083392K
  class space    used 4215K, capacity 4437K, committed 4528K, reserved 1048576K
2017-05-22T09:27:46.970+0000: 1543.001: [GC (Allocation Failure) 2017-05-22T09:27:46.970+0000: 1543.001: [ParNew
Desired survivor size 20112992 bytes, new threshold 8 (max 8)
- age   1:     505016 bytes,     505016 total
- age   2:       2848 bytes,     507864 total
- age   3:       3368 bytes,     511232 total
- age   4:       2712 bytes,     513944 total
- age   5:       2880 bytes,     516824 total
- age   6:     208184 bytes,     725008 total
- age   7:     218128 bytes,     943136 total
- age   8:       3272 bytes,     946408 total
: 88231K->1342K(109248K), 0.0098418 secs] 130834K->43948K(502464K), 0.0099386 secs] [Times: user=0.03 sys=0.00, real=0.01 secs] 
Heap after GC invocations=138 (full 1):
 par new generation   total 109248K, used 1342K [0x00000000e0000000, 0x00000000e8000000, 0x00000000e8000000)
  eden space 87424K,   0% used [0x00000000e0000000, 0x00000000e0000000, 0x00000000e5560000)
  from space 21824K,   6% used [0x00000000e5560000, 0x00000000e56af8c8, 0x00000000e6ab0000)
  to   space 21824K,   0% used [0x00000000e6ab0000, 0x00000000e6ab0000, 0x00000000e8000000)
 concurrent mark-sweep generation total 393216K, used 42605K [0x00000000e8000000, 0x0000000100000000, 0x0000000100000000)
 Metaspace       used 37344K, capacity 37946K, committed 38288K, reserved 1083392K
  class space    used 4215K, capacity 4437K, committed 4528K, reserved 1048576K
}
2017-05-22T09:27:46.980+0000: 1543.011: Total time for which application threads were stopped: 0.0101375 seconds, Stopping threads took: 0.0000230 seconds
{Heap before GC invocations=138 (full 1):
 par new generation   total 109248K, used 88766K [0x00000000e0000000, 0x00000000e8000000, 0x00000000e8000000)
  eden space 87424K, 100% used [0x00000000e0000000, 0x00000000e5560000, 0x00000000e5560000)
  from space 21824K,   6% used [0x00000000e5560000, 0x00000000e56af8c8, 0x00000000e6ab0000)
  to   space 21824K,   0% used [0x00000000e6ab0000, 0x00000000e6ab0000, 0x00000000e8000000)
 concurrent mark-sweep generation total 393216K, used 42605K [0x00000000e8000000, 0x0000000100000000, 0x0000000100000000)
 Metaspace       used 37344K, capacity 37946K, committed 38288K, reserved 1083392K
  class space    used 4215K, capacity 4437K, committed 4528K, reserved 1048576K
2017-05-22T09:27:47.152+0000: 1543.183: [GC (Allocation Failure) 2017-05-22T09:27:47.152+0000: 1543.183: [ParNew
Desired survivor size 20112992 bytes, new threshold 8 (max 8)
- age   1:     407432 bytes,     407432 total
- age   2:     228064 bytes,     635496 total
- age   3:       2808 bytes,     638304 total
- age   4:       3368 bytes,     641672 total
- age   5:       2712 bytes,     644384 total
- age   6:       2880 bytes,     647264 total
- age   7:     208184 bytes,     855448 total
- age   8:     218128 bytes,    1073576 total
: 88766K->1239K(109248K), 0.0084981 secs] 131372K->43848K(502464K), 0.0085947 secs] [Times: user=0.02 sys=0.00, real=0.01 secs] 
Heap after GC invocations=139 (full 1):
 par new generation   total 109248K, used 1239K [0x00000000e0000000, 0x00000000e8000000, 0x00000000e8000000)
  eden space 87424K,   0% used [0x00000000e0000000, 0x00000000e0000000, 0x00000000e5560000)
  from space 21824K,   5% used [0x00000000e6ab0000, 0x00000000e6be5d30, 0x00000000e8000000)
  to   space 21824K,   0% used [0x00000000e5560000, 0x00000000e5560000, 0x00000000e6ab0000)
 concurrent mark-sweep generation total 393216K, used 42609K [0x00000000e8000000, 0x0000000100000000, 0x0000000100000000)
 Metaspace       used 37344K, capacity 37946K, committed 38288K, reserved 1083392K
  class space    used 4215K, capacity 4437K, committed 4528K, reserved 1048576K
}
2017-05-22T09:27:47.160+0000: 1543.192: Total time for which application threads were stopped: 0.0087940 seconds, Stopping threads took: 0.0000254 seconds
{Heap before GC invocations=139 (full 1):
 par new generation   total 109248K, used 88663K [0x00000000e0000000, 0x00000000e8000000, 0x00000000e8000000)
  eden space 87424K, 100% used [0x00000000e0000000, 0x00000000e5560000, 0x00000000e5560000)
  from space 21824K,   5% used [0x00000000e6ab0000, 0x00000000e6be5d30, 0x00000000e8000000)
  to   space 21824K,   0% used [0x00000000e5560000, 0x00000000e5560000, 0x00000000e6ab0000)
 concurrent mark-sweep generation total 393216K, used 42609K [0x00000000e8000000, 0x0000000100000000, 0x0000000100000000)
 Metaspace       used 37344K, capacity 37946K, committed 38288K, reserved 1083392K
  class space    used 4215K, capacity 4437K, committed 4528K, reserved 1048576K
2017-05-22T09:27:47.337+0000: 1543.368: [GC (Allocation Failure) 2017-05-22T09:27:47.337+0000: 1543.368: [ParNew
Desired survivor size 20112992 bytes, new threshold 8 (max 8)
- age   1:     477760 bytes,     477760 total
- age   2:       4224 bytes,     481984 total
- age   3:     227312 bytes,     709296 total
- age   4:       2808 bytes,     712104 total
- age   5:       3368 bytes,     715472 total
- age   6:       2712 bytes,     718184 total
- age   7:       2880 bytes,     721064 total
- age   8:     208184 bytes,     929248 total
: 88663K->1137K(109248K), 0.0164241 secs] 131272K->43962K(502464K), 0.0165051 secs] [Times: user=0.03 sys=0.00, real=0.02 secs] 
Heap after GC invocations=140 (full 1):
 par new generation   total 109248K, used 1137K [0x00000000e0000000, 0x00000000e8000000, 0x00000000e8000000)
  eden space 87424K,   0% used [0x00000000e0000000, 0x00000000e0000000, 0x00000000e5560000)
  from space 21824K,   5% used [0x00000000e5560000, 0x00000000e567c718, 0x00000000e6ab0000)
  to   space 21824K,   0% used [0x00000000e6ab0000, 0x00000000e6ab0000, 0x00000000e8000000)
 concurrent mark-sweep generation total 393216K, used 42824K [0x00000000e8000000, 0x0000000100000000, 0x0000000100000000)
 Metaspace       used 37344K, capacity 37946K, committed 38288K, reserved 1083392K
  class space    used 4215K, capacity 4437K, committed 4528K, reserved 1048576K
}
2017-05-22T09:27:47.353+0000: 1543.385: Total time for which application threads were stopped: 0.0167111 seconds, Stopping threads took: 0.0000242 seconds
{Heap before GC invocations=140 (full 1):
 par new generation   total 109248K, used 88561K [0x00000000e0000000, 0x00000000e8000000, 0x00000000e8000000)
  eden space 87424K, 100% used [0x00000000e0000000, 0x00000000e5560000, 0x00000000e5560000)
  from space 21824K,   5% used [0x00000000e5560000, 0x00000000e567c718, 0x00000000e6ab0000)
  to   space 21824K,   0% used [0x00000000e6ab0000, 0x00000000e6ab0000, 0x00000000e8000000)
 concurrent mark-sweep generation total 393216K, used 42824K [0x00000000e8000000, 0x0000000100000000, 0x0000000100000000)
 Metaspace       used 37344K, capacity 37946K, committed 38288K, reserved 1083392K
  class space    used 4215K, capacity 4437K, committed 4528K, reserved 1048576K
2017-05-22T09:27:47.526+0000: 1543.558: [GC (Allocation Failure) 2017-05-22T09:27:47.526+0000: 1543.558: [ParNew
Desired survivor size 20112992 bytes, new threshold 8 (max 8)
- age   1:     322752 bytes,     322752 total
- age   2:       3640 bytes,     326392 total
- age   3:       3960 bytes,     330352 total
- age   4:     227088 bytes,     557440 total
- age   5:       2808 bytes,     560248 total
- age   6:       3368 bytes,     563616 total
- age   7:       2712 bytes,     566328 total
- age   8:       2880 bytes,     569208 total
: 88561K->1135K(109248K), 0.0130342 secs] 131386K->44165K(502464K), 0.0131436 secs] [Times: user=0.03 sys=0.00, real=0.01 secs] 
Heap after GC invocations=141 (full 1):
 par new generation   total 109248K, used 1135K [0x00000000e0000000, 0x00000000e8000000, 0x00000000e8000000)
  eden space 87424K,   0% used [0x00000000e0000000, 0x00000000e0000000, 0x00000000e5560000)
  from space 21824K,   5% used [0x00000000e6ab0000, 0x00000000e6bcbcc8, 0x00000000e8000000)
  to   space 21824K,   0% used [0x00000000e5560000, 0x00000000e5560000, 0x00000000e6ab0000)
 concurrent mark-sweep generation total 393216K, used 43029K [0x00000000e8000000, 0x0000000100000000, 0x0000000100000000)
 Metaspace       used 37344K, capacity 37946K, committed 38288K, reserved 1083392K
  class space    used 4215K, capacity 4437K, committed 4528K, reserved 1048576K
}
2017-05-22T09:27:47.540+0000: 1543.571: Total time for which application threads were stopped: 0.0134917 seconds, Stopping threads took: 0.0000852 seconds
{Heap before GC invocations=141 (full 1):
 par new generation   total 109248K, used 88559K [0x00000000e0000000, 0x00000000e8000000, 0x00000000e8000000)
  eden space 87424K, 100% used [0x00000000e0000000, 0x00000000e5560000, 0x00000000e5560000)
  from space 21824K,   5% used [0x00000000e6ab0000, 0x00000000e6bcbcc8, 0x00000000e8000000)
  to   space 21824K,   0% used [0x00000000e5560000, 0x00000000e5560000, 0x00000000e6ab0000)
 concurrent mark-sweep generation total 393216K, used 43029K [0x00000000e8000000, 0x0000000100000000, 0x0000000100000000)
 Metaspace       used 37344K, capacity 37946K, committed 38288K, reserved 1083392K
  class space    used 4215K, capacity 4437K, committed 4528K, reserved 1048576K
2017-05-22T09:27:47.697+0000: 1543.729: [GC (Allocation Failure) 2017-05-22T09:27:47.697+0000: 1543.729: [ParNew
Desired survivor size 20112992 bytes, new threshold 8 (max 8)
- age   1:     207216 bytes,     207216 total
- age   2:       2976 bytes,     210192 total
- age   3:       3600 bytes,     213792 total
- age   4:       3736 bytes,     217528 total
- age   5:     226864 bytes,     444392 total
- age   6:       2808 bytes,     447200 total
- age   7:       3368 bytes,     450568 total
- age   8:       2712 bytes,     453280 total
: 88559K->662K(109248K), 0.0063062 secs] 131589K->43695K(502464K), 0.0063858 secs] [Times: user=0.02 sys=0.00, real=0.01 secs] 
Heap after GC invocations=142 (full 1):
 par new generation   total 109248K, used 662K [0x00000000e0000000, 0x00000000e8000000, 0x00000000e8000000)
  eden space 87424K,   0% used [0x00000000e0000000, 0x00000000e0000000, 0x00000000e5560000)
  from space 21824K,   3% used [0x00000000e5560000, 0x00000000e5605a00, 0x00000000e6ab0000)
  to   space 21824K,   0% used [0x00000000e6ab0000, 0x00000000e6ab0000, 0x00000000e8000000)
 concurrent mark-sweep generation total 393216K, used 43032K [0x00000000e8000000, 0x0000000100000000, 0x0000000100000000)
 Metaspace       used 37344K, capacity 37946K, committed 38288K, reserved 1083392K
  class space    used 4215K, capacity 4437K, committed 4528K, reserved 1048576K
}
2017-05-22T09:27:47.704+0000: 1543.735: Total time for which application threads were stopped: 0.0065883 seconds, Stopping threads took: 0.0000339 seconds
{Heap before GC invocations=142 (full 1):
 par new generation   total 109248K, used 88086K [0x00000000e0000000, 0x00000000e8000000, 0x00000000e8000000)
  eden space 87424K, 100% used [0x00000000e0000000, 0x00000000e5560000, 0x00000000e5560000)
  from space 21824K,   3% used [0x00000000e5560000, 0x00000000e5605a00, 0x00000000e6ab0000)
  to   space 21824K,   0% used [0x00000000e6ab0000, 0x00000000e6ab0000, 0x00000000e8000000)
 concurrent mark-sweep generation total 393216K, used 43032K [0x00000000e8000000, 0x0000000100000000, 0x0000000100000000)
 Metaspace       used 37346K, capacity 37946K, committed 38288K, reserved 1083392K
  class space    used 4215K, capacity 4437K, committed 4528K, reserved 1048576K
2017-05-22T09:27:48.022+0000: 1544.054: [GC (Allocation Failure) 2017-05-22T09:27:48.022+0000: 1544.054: [ParNew
Desired survivor size 20112992 bytes, new threshold 8 (max 8)
- age   1:      76904 bytes,      76904 total
- age   2:       2824 bytes,      79728 total
- age   3:       2712 bytes,      82440 total
- age   4:       2928 bytes,      85368 total
- age   5:       3512 bytes,      88880 total
- age   6:     226864 bytes,     315744 total
- age   7:       2808 bytes,     318552 total
- age   8:       3368 bytes,     321920 total
: 88086K->373K(109248K), 0.0193870 secs] 131119K->43408K(502464K), 0.0194808 secs] [Times: user=0.03 sys=0.00, real=0.02 secs] 
Heap after GC invocations=143 (full 1):
 par new generation   total 109248K, used 373K [0x00000000e0000000, 0x00000000e8000000, 0x00000000e8000000)
  eden space 87424K,   0% used [0x00000000e0000000, 0x00000000e0000000, 0x00000000e5560000)
  from space 21824K,   1% used [0x00000000e6ab0000, 0x00000000e6b0d450, 0x00000000e8000000)
  to   space 21824K,   0% used [0x00000000e5560000, 0x00000000e5560000, 0x00000000e6ab0000)
 concurrent mark-sweep generation total 393216K, used 43035K [0x00000000e8000000, 0x0000000100000000, 0x0000000100000000)
 Metaspace       used 37346K, capacity 37946K, committed 38288K, reserved 1083392K
  class space    used 4215K, capacity 4437K, committed 4528K, reserved 1048576K
}
2017-05-22T09:27:48.042+0000: 1544.073: Total time for which application threads were stopped: 0.0196908 seconds, Stopping threads took: 0.0000247 seconds
{Heap before GC invocations=143 (full 1):
 par new generation   total 109248K, used 87797K [0x00000000e0000000, 0x00000000e8000000, 0x00000000e8000000)
  eden space 87424K, 100% used [0x00000000e0000000, 0x00000000e5560000, 0x00000000e5560000)
  from space 21824K,   1% used [0x00000000e6ab0000, 0x00000000e6b0d450, 0x00000000e8000000)
  to   space 21824K,   0% used [0x00000000e5560000, 0x00000000e5560000, 0x00000000e6ab0000)
 concurrent mark-sweep generation total 393216K, used 43035K [0x00000000e8000000, 0x0000000100000000, 0x0000000100000000)
 Metaspace       used 37350K, capacity 37946K, committed 38288K, reserved 1083392K
  class space    used 4215K, capacity 4437K, committed 4528K, reserved 1048576K
2017-05-22T09:27:50.738+0000: 1546.770: [GC (Allocation Failure) 2017-05-22T09:27:50.738+0000: 1546.770: [ParNew
Desired survivor size 20112992 bytes, new threshold 8 (max 8)
- age   1:     681424 bytes,     681424 total
- age   2:      19584 bytes,     701008 total
- age   3:       2784 bytes,     703792 total
- age   4:       2712 bytes,     706504 total
- age   5:       2928 bytes,     709432 total
- age   6:       3512 bytes,     712944 total
- age   7:     226864 bytes,     939808 total
- age   8:       2808 bytes,     942616 total
: 87797K->1032K(109248K), 0.0088984 secs] 130832K->44071K(502464K), 0.0090660 secs] [Times: user=0.03 sys=0.00, real=0.01 secs] 
Heap after GC invocations=144 (full 1):
 par new generation   total 109248K, used 1032K [0x00000000e0000000, 0x00000000e8000000, 0x00000000e8000000)
  eden space 87424K,   0% used [0x00000000e0000000, 0x00000000e0000000, 0x00000000e5560000)
  from space 21824K,   4% used [0x00000000e5560000, 0x00000000e56621b8, 0x00000000e6ab0000)
  to   space 21824K,   0% used [0x00000000e6ab0000, 0x00000000e6ab0000, 0x00000000e8000000)
 concurrent mark-sweep generation total 393216K, used 43038K [0x00000000e8000000, 0x0000000100000000, 0x0000000100000000)
 Metaspace       used 37350K, capacity 37946K, committed 38288K, reserved 1083392K
  class space    used 4215K, capacity 4437K, committed 4528K, reserved 1048576K
}
2017-05-22T09:27:50.747+0000: 1546.779: Total time for which application threads were stopped: 0.0093903 seconds, Stopping threads took: 0.0000231 seconds
{Heap before GC invocations=144 (full 1):
 par new generation   total 109248K, used 88456K [0x00000000e0000000, 0x00000000e8000000, 0x00000000e8000000)
  eden space 87424K, 100% used [0x00000000e0000000, 0x00000000e5560000, 0x00000000e5560000)
  from space 21824K,   4% used [0x00000000e5560000, 0x00000000e56621b8, 0x00000000e6ab0000)
  to   space 21824K,   0% used [0x00000000e6ab0000, 0x00000000e6ab0000, 0x00000000e8000000)
 concurrent mark-sweep generation total 393216K, used 43038K [0x00000000e8000000, 0x0000000100000000, 0x0000000100000000)
 Metaspace       used 37350K, capacity 37946K, committed 38288K, reserved 1083392K
  class space    used 4215K, capacity 4437K, committed 4528K, reserved 1048576K
2017-05-22T09:27:50.905+0000: 1546.936: [GC (Allocation Failure) 2017-05-22T09:27:50.905+0000: 1546.936: [ParNew
Desired survivor size 20112992 bytes, new threshold 8 (max 8)
- age   1:     165352 bytes,     165352 total
- age   2:     199736 bytes,     365088 total
- age   3:      19584 bytes,     384672 total
- age   4:       2784 bytes,     387456 total
- age   5:       2712 bytes,     390168 total
- age   6:       2928 bytes,     393096 total
- age   7:       3512 bytes,     396608 total
- age   8:     226864 bytes,     623472 total
: 88456K->1075K(109248K), 0.0080541 secs] 131495K->44116K(502464K), 0.0081537 secs] [Times: user=0.02 sys=0.00, real=0.01 secs] 
Heap after GC invocations=145 (full 1):
 par new generation   total 109248K, used 1075K [0x00000000e0000000, 0x00000000e8000000, 0x00000000e8000000)
  eden space 87424K,   0% used [0x00000000e0000000, 0x00000000e0000000, 0x00000000e5560000)
  from space 21824K,   4% used [0x00000000e6ab0000, 0x00000000e6bbcd40, 0x00000000e8000000)
  to   space 21824K,   0% used [0x00000000e5560000, 0x00000000e5560000, 0x00000000e6ab0000)
 concurrent mark-sweep generation total 393216K, used 43041K [0x00000000e8000000, 0x0000000100000000, 0x0000000100000000)
 Metaspace       used 37350K, capacity 37946K, committed 38288K, reserved 1083392K
  class space    used 4215K, capacity 4437K, committed 4528K, reserved 1048576K
}
2017-05-22T09:27:50.913+0000: 1546.944: Total time for which application threads were stopped: 0.0083535 seconds, Stopping threads took: 0.0000237 seconds
{Heap before GC invocations=145 (full 1):
 par new generation   total 109248K, used 88499K [0x00000000e0000000, 0x00000000e8000000, 0x00000000e8000000)
  eden space 87424K, 100% used [0x00000000e0000000, 0x00000000e5560000, 0x00000000e5560000)
  from space 21824K,   4% used [0x00000000e6ab0000, 0x00000000e6bbcd40, 0x00000000e8000000)
  to   space 21824K,   0% used [0x00000000e5560000, 0x00000000e5560000, 0x00000000e6ab0000)
 concurrent mark-sweep generation total 393216K, used 43041K [0x00000000e8000000, 0x0000000100000000, 0x0000000100000000)
 Metaspace       used 37350K, capacity 37946K, committed 38288K, reserved 1083392K
  class space    used 4215K, capacity 4437K, committed 4528K, reserved 1048576K
2017-05-22T09:27:51.078+0000: 1547.110: [GC (Allocation Failure) 2017-05-22T09:27:51.078+0000: 1547.110: [ParNew
Desired survivor size 20112992 bytes, new threshold 8 (max 8)
- age   1:     233160 bytes,     233160 total
- age   2:       2728 bytes,     235888 total
- age   3:     199696 bytes,     435584 total
- age   4:      19584 bytes,     455168 total
- age   5:       2784 bytes,     457952 total
- age   6:       2712 bytes,     460664 total
- age   7:       2928 bytes,     463592 total
- age   8:       3512 bytes,     467104 total
: 88499K->580K(109248K), 0.0089710 secs] 131540K->43845K(502464K), 0.0090518 secs] [Times: user=0.01 sys=0.01, real=0.01 secs] 
Heap after GC invocations=146 (full 1):
 par new generation   total 109248K, used 580K [0x00000000e0000000, 0x00000000e8000000, 0x00000000e8000000)
  eden space 87424K,   0% used [0x00000000e0000000, 0x00000000e0000000, 0x00000000e5560000)
  from space 21824K,   2% used [0x00000000e5560000, 0x00000000e55f1010, 0x00000000e6ab0000)
  to   space 21824K,   0% used [0x00000000e6ab0000, 0x00000000e6ab0000, 0x00000000e8000000)
 concurrent mark-sweep generation total 393216K, used 43265K [0x00000000e8000000, 0x0000000100000000, 0x0000000100000000)
 Metaspace       used 37350K, capacity 37946K, committed 38288K, reserved 1083392K
  class space    used 4215K, capacity 4437K, committed 4528K, reserved 1048576K
}
2017-05-22T09:27:51.088+0000: 1547.119: Total time for which application threads were stopped: 0.0092546 seconds, Stopping threads took: 0.0000276 seconds
{Heap before GC invocations=146 (full 1):
 par new generation   total 109248K, used 88004K [0x00000000e0000000, 0x00000000e8000000, 0x00000000e8000000)
  eden space 87424K, 100% used [0x00000000e0000000, 0x00000000e5560000, 0x00000000e5560000)
  from space 21824K,   2% used [0x00000000e5560000, 0x00000000e55f1010, 0x00000000e6ab0000)
  to   space 21824K,   0% used [0x00000000e6ab0000, 0x00000000e6ab0000, 0x00000000e8000000)
 concurrent mark-sweep generation total 393216K, used 43265K [0x00000000e8000000, 0x0000000100000000, 0x0000000100000000)
 Metaspace       used 37350K, capacity 37946K, committed 38288K, reserved 1083392K
  class space    used 4215K, capacity 4437K, committed 4528K, reserved 1048576K
2017-05-22T09:27:51.246+0000: 1547.278: [GC (Allocation Failure) 2017-05-22T09:27:51.246+0000: 1547.278: [ParNew
Desired survivor size 20112992 bytes, new threshold 8 (max 8)
- age   1:     161696 bytes,     161696 total
- age   2:       3192 bytes,     164888 total
- age   3:       2688 bytes,     167576 total
- age   4:     199696 bytes,     367272 total
- age   5:      19584 bytes,     386856 total
- age   6:       2784 bytes,     389640 total
- age   7:       2712 bytes,     392352 total
- age   8:       2928 bytes,     395280 total
: 88004K->637K(109248K), 0.0065153 secs] 131269K->43906K(502464K), 0.0067338 secs] [Times: user=0.02 sys=0.00, real=0.00 secs] 
Heap after GC invocations=147 (full 1):
 par new generation   total 109248K, used 637K [0x00000000e0000000, 0x00000000e8000000, 0x00000000e8000000)
  eden space 87424K,   0% used [0x00000000e0000000, 0x00000000e0000000, 0x00000000e5560000)
  from space 21824K,   2% used [0x00000000e6ab0000, 0x00000000e6b4f600, 0x00000000e8000000)
  to   space 21824K,   0% used [0x00000000e5560000, 0x00000000e5560000, 0x00000000e6ab0000)
 concurrent mark-sweep generation total 393216K, used 43268K [0x00000000e8000000, 0x0000000100000000, 0x0000000100000000)
 Metaspace       used 37350K, capacity 37946K, committed 38288K, reserved 1083392K
  class space    used 4215K, capacity 4437K, committed 4528K, reserved 1048576K
}
2017-05-22T09:27:51.253+0000: 1547.284: Total time for which application threads were stopped: 0.0071597 seconds, Stopping threads took: 0.0000392 seconds
{Heap before GC invocations=147 (full 1):
 par new generation   total 109248K, used 88061K [0x00000000e0000000, 0x00000000e8000000, 0x00000000e8000000)
  eden space 87424K, 100% used [0x00000000e0000000, 0x00000000e5560000, 0x00000000e5560000)
  from space 21824K,   2% used [0x00000000e6ab0000, 0x00000000e6b4f600, 0x00000000e8000000)
  to   space 21824K,   0% used [0x00000000e5560000, 0x00000000e5560000, 0x00000000e6ab0000)
 concurrent mark-sweep generation total 393216K, used 43268K [0x00000000e8000000, 0x0000000100000000, 0x0000000100000000)
 Metaspace       used 37350K, capacity 37946K, committed 38288K, reserved 1083392K
  class space    used 4215K, capacity 4437K, committed 4528K, reserved 1048576K
2017-05-22T09:27:51.412+0000: 1547.444: [GC (Allocation Failure) 2017-05-22T09:27:51.412+0000: 1547.444: [ParNew
Desired survivor size 20112992 bytes, new threshold 8 (max 8)
- age   1:     330256 bytes,     330256 total
- age   2:       2728 bytes,     332984 total
- age   3:       3152 bytes,     336136 total
- age   4:       2688 bytes,     338824 total
- age   5:     199472 bytes,     538296 total
- age   6:      19360 bytes,     557656 total
- age   7:       2784 bytes,     560440 total
- age   8:       2712 bytes,     563152 total
: 88061K->608K(109248K), 0.0074305 secs] 131330K->43879K(502464K), 0.0075232 secs] [Times: user=0.02 sys=0.00, real=0.01 secs] 
Heap after GC invocations=148 (full 1):
 par new generation   total 109248K, used 608K [0x00000000e0000000, 0x00000000e8000000, 0x00000000e8000000)
  eden space 87424K,   0% used [0x00000000e0000000, 0x00000000e0000000, 0x00000000e5560000)
  from space 21824K,   2% used [0x00000000e5560000, 0x00000000e55f8100, 0x00000000e6ab0000)
  to   space 21824K,   0% used [0x00000000e6ab0000, 0x00000000e6ab0000, 0x00000000e8000000)
 concurrent mark-sweep generation total 393216K, used 43271K [0x00000000e8000000, 0x0000000100000000, 0x0000000100000000)
 Metaspace       used 37350K, capacity 37946K, committed 38288K, reserved 1083392K
  class space    used 4215K, capacity 4437K, committed 4528K, reserved 1048576K
}
2017-05-22T09:27:51.420+0000: 1547.451: Total time for which application threads were stopped: 0.0077304 seconds, Stopping threads took: 0.0000300 seconds
2017-05-22T09:27:52.420+0000: 1548.452: Total time for which application threads were stopped: 0.0001831 seconds, Stopping threads took: 0.0000375 seconds
{Heap before GC invocations=148 (full 1):
 par new generation   total 109248K, used 88032K [0x00000000e0000000, 0x00000000e8000000, 0x00000000e8000000)
  eden space 87424K, 100% used [0x00000000e0000000, 0x00000000e5560000, 0x00000000e5560000)
  from space 21824K,   2% used [0x00000000e5560000, 0x00000000e55f8100, 0x00000000e6ab0000)
  to   space 21824K,   0% used [0x00000000e6ab0000, 0x00000000e6ab0000, 0x00000000e8000000)
 concurrent mark-sweep generation total 393216K, used 43271K [0x00000000e8000000, 0x0000000100000000, 0x0000000100000000)
 Metaspace       used 37352K, capacity 37946K, committed 38288K, reserved 1083392K
  class space    used 4215K, capacity 4437K, committed 4528K, reserved 1048576K
2017-05-22T09:27:53.513+0000: 1549.545: [GC (Allocation Failure) 2017-05-22T09:27:53.513+0000: 1549.545: [ParNew
Desired survivor size 20112992 bytes, new threshold 8 (max 8)
- age   1:     570104 bytes,     570104 total
- age   2:       2704 bytes,     572808 total
- age   3:       2688 bytes,     575496 total
- age   4:       3152 bytes,     578648 total
- age   5:       2688 bytes,     581336 total
- age   6:     198576 bytes,     779912 total
- age   7:      19136 bytes,     799048 total
- age   8:       2784 bytes,     801832 total
: 88032K->1042K(109248K), 0.0122046 secs] 131303K->44316K(502464K), 0.0122860 secs] [Times: user=0.03 sys=0.00, real=0.02 secs] 
Heap after GC invocations=149 (full 1):
 par new generation   total 109248K, used 1042K [0x00000000e0000000, 0x00000000e8000000, 0x00000000e8000000)
  eden space 87424K,   0% used [0x00000000e0000000, 0x00000000e0000000, 0x00000000e5560000)
  from space 21824K,   4% used [0x00000000e6ab0000, 0x00000000e6bb48b0, 0x00000000e8000000)
  to   space 21824K,   0% used [0x00000000e5560000, 0x00000000e5560000, 0x00000000e6ab0000)
 concurrent mark-sweep generation total 393216K, used 43274K [0x00000000e8000000, 0x0000000100000000, 0x0000000100000000)
 Metaspace       used 37352K, capacity 37946K, committed 38288K, reserved 1083392K
  class space    used 4215K, capacity 4437K, committed 4528K, reserved 1048576K
}
2017-05-22T09:27:53.525+0000: 1549.557: Total time for which application threads were stopped: 0.0124957 seconds, Stopping threads took: 0.0000344 seconds
{Heap before GC invocations=149 (full 1):
 par new generation   total 109248K, used 88448K [0x00000000e0000000, 0x00000000e8000000, 0x00000000e8000000)
  eden space 87424K,  99% used [0x00000000e0000000, 0x00000000e555b810, 0x00000000e5560000)
  from space 21824K,   4% used [0x00000000e6ab0000, 0x00000000e6bb48b0, 0x00000000e8000000)
  to   space 21824K,   0% used [0x00000000e5560000, 0x00000000e5560000, 0x00000000e6ab0000)
 concurrent mark-sweep generation total 393216K, used 43274K [0x00000000e8000000, 0x0000000100000000, 0x0000000100000000)
 Metaspace       used 37352K, capacity 37946K, committed 38288K, reserved 1083392K
  class space    used 4215K, capacity 4437K, committed 4528K, reserved 1048576K
2017-05-22T09:27:53.715+0000: 1549.746: [GC (Allocation Failure) 2017-05-22T09:27:53.715+0000: 1549.746: [ParNew
Desired survivor size 20112992 bytes, new threshold 8 (max 8)
- age   1:     195344 bytes,     195344 total
- age   2:     219368 bytes,     414712 total
- age   3:       2664 bytes,     417376 total
- age   4:       2688 bytes,     420064 total
- age   5:       3152 bytes,     423216 total
- age   6:       2688 bytes,     425904 total
- age   7:     198576 bytes,     624480 total
- age   8:      19136 bytes,     643616 total
: 88448K->921K(109248K), 0.0061580 secs] 131722K->44198K(502464K), 0.0062610 secs] [Times: user=0.02 sys=0.00, real=0.01 secs] 
Heap after GC invocations=150 (full 1):
 par new generation   total 109248K, used 921K [0x00000000e0000000, 0x00000000e8000000, 0x00000000e8000000)
  eden space 87424K,   0% used [0x00000000e0000000, 0x00000000e0000000, 0x00000000e5560000)
  from space 21824K,   4% used [0x00000000e5560000, 0x00000000e56464a8, 0x00000000e6ab0000)
  to   space 21824K,   0% used [0x00000000e6ab0000, 0x00000000e6ab0000, 0x00000000e8000000)
 concurrent mark-sweep generation total 393216K, used 43276K [0x00000000e8000000, 0x0000000100000000, 0x0000000100000000)
 Metaspace       used 37352K, capacity 37946K, committed 38288K, reserved 1083392K
  class space    used 4215K, capacity 4437K, committed 4528K, reserved 1048576K
}
2017-05-22T09:27:53.721+0000: 1549.753: Total time for which application threads were stopped: 0.0064664 seconds, Stopping threads took: 0.0000262 seconds
{Heap before GC invocations=150 (full 1):
 par new generation   total 109248K, used 88345K [0x00000000e0000000, 0x00000000e8000000, 0x00000000e8000000)
  eden space 87424K, 100% used [0x00000000e0000000, 0x00000000e5560000, 0x00000000e5560000)
  from space 21824K,   4% used [0x00000000e5560000, 0x00000000e56464a8, 0x00000000e6ab0000)
  to   space 21824K,   0% used [0x00000000e6ab0000, 0x00000000e6ab0000, 0x00000000e8000000)
 concurrent mark-sweep generation total 393216K, used 43276K [0x00000000e8000000, 0x0000000100000000, 0x0000000100000000)
 Metaspace       used 37352K, capacity 37946K, committed 38288K, reserved 1083392K
  class space    used 4215K, capacity 4437K, committed 4528K, reserved 1048576K
2017-05-22T09:27:53.890+0000: 1549.921: [GC (Allocation Failure) 2017-05-22T09:27:53.890+0000: 1549.921: [ParNew
Desired survivor size 20112992 bytes, new threshold 8 (max 8)
- age   1:     487824 bytes,     487824 total
- age   2:       3592 bytes,     491416 total
- age   3:     219328 bytes,     710744 total
- age   4:       2664 bytes,     713408 total
- age   5:       2688 bytes,     716096 total
- age   6:       3152 bytes,     719248 total
- age   7:       2688 bytes,     721936 total
- age   8:     198576 bytes,     920512 total
: 88345K->1130K(109248K), 0.0077834 secs] 131622K->44426K(502464K), 0.0079757 secs] [Times: user=0.02 sys=0.00, real=0.01 secs] 
Heap after GC invocations=151 (full 1):
 par new generation   total 109248K, used 1130K [0x00000000e0000000, 0x00000000e8000000, 0x00000000e8000000)
  eden space 87424K,   0% used [0x00000000e0000000, 0x00000000e0000000, 0x00000000e5560000)
  from space 21824K,   5% used [0x00000000e6ab0000, 0x00000000e6bcaae0, 0x00000000e8000000)
  to   space 21824K,   0% used [0x00000000e5560000, 0x00000000e5560000, 0x00000000e6ab0000)
 concurrent mark-sweep generation total 393216K, used 43295K [0x00000000e8000000, 0x0000000100000000, 0x0000000100000000)
 Metaspace       used 37352K, capacity 37946K, committed 38288K, reserved 1083392K
  class space    used 4215K, capacity 4437K, committed 4528K, reserved 1048576K
}
2017-05-22T09:27:53.898+0000: 1549.929: Total time for which application threads were stopped: 0.0082501 seconds, Stopping threads took: 0.0000379 seconds
{Heap before GC invocations=151 (full 1):
 par new generation   total 109248K, used 88554K [0x00000000e0000000, 0x00000000e8000000, 0x00000000e8000000)
  eden space 87424K, 100% used [0x00000000e0000000, 0x00000000e5560000, 0x00000000e5560000)
  from space 21824K,   5% used [0x00000000e6ab0000, 0x00000000e6bcaae0, 0x00000000e8000000)
  to   space 21824K,   0% used [0x00000000e5560000, 0x00000000e5560000, 0x00000000e6ab0000)
 concurrent mark-sweep generation total 393216K, used 43295K [0x00000000e8000000, 0x0000000100000000, 0x0000000100000000)
 Metaspace       used 37352K, capacity 37946K, committed 38288K, reserved 1083392K
  class space    used 4215K, capacity 4437K, committed 4528K, reserved 1048576K
2017-05-22T09:27:54.054+0000: 1550.085: [GC (Allocation Failure) 2017-05-22T09:27:54.054+0000: 1550.085: [ParNew
Desired survivor size 20112992 bytes, new threshold 8 (max 8)
- age   1:     437504 bytes,     437504 total
- age   2:       2680 bytes,     440184 total
- age   3:       3552 bytes,     443736 total
- age   4:     219328 bytes,     663064 total
- age   5:       2664 bytes,     665728 total
- age   6:       2688 bytes,     668416 total
- age   7:       3152 bytes,     671568 total
- age   8:       2688 bytes,     674256 total
: 88554K->1102K(109248K), 0.0081524 secs] 131850K->44593K(502464K), 0.0083292 secs] [Times: user=0.02 sys=0.00, real=0.01 secs] 
Heap after GC invocations=152 (full 1):
 par new generation   total 109248K, used 1102K [0x00000000e0000000, 0x00000000e8000000, 0x00000000e8000000)
  eden space 87424K,   0% used [0x00000000e0000000, 0x00000000e0000000, 0x00000000e5560000)
  from space 21824K,   5% used [0x00000000e5560000, 0x00000000e5673850, 0x00000000e6ab0000)
  to   space 21824K,   0% used [0x00000000e6ab0000, 0x00000000e6ab0000, 0x00000000e8000000)
 concurrent mark-sweep generation total 393216K, used 43491K [0x00000000e8000000, 0x0000000100000000, 0x0000000100000000)
 Metaspace       used 37352K, capacity 37946K, committed 38288K, reserved 1083392K
  class space    used 4215K, capacity 4437K, committed 4528K, reserved 1048576K
}
2017-05-22T09:27:54.062+0000: 1550.094: Total time for which application threads were stopped: 0.0085800 seconds, Stopping threads took: 0.0000247 seconds
{Heap before GC invocations=152 (full 1):
 par new generation   total 109248K, used 88526K [0x00000000e0000000, 0x00000000e8000000, 0x00000000e8000000)
  eden space 87424K, 100% used [0x00000000e0000000, 0x00000000e5560000, 0x00000000e5560000)
  from space 21824K,   5% used [0x00000000e5560000, 0x00000000e5673850, 0x00000000e6ab0000)
  to   space 21824K,   0% used [0x00000000e6ab0000, 0x00000000e6ab0000, 0x00000000e8000000)
 concurrent mark-sweep generation total 393216K, used 43491K [0x00000000e8000000, 0x0000000100000000, 0x0000000100000000)
 Metaspace       used 37352K, capacity 37946K, committed 38288K, reserved 1083392K
  class space    used 4215K, capacity 4437K, committed 4528K, reserved 1048576K
2017-05-22T09:27:54.238+0000: 1550.269: [GC (Allocation Failure) 2017-05-22T09:27:54.238+0000: 1550.269: [ParNew
Desired survivor size 20112992 bytes, new threshold 8 (max 8)
- age   1:     407240 bytes,     407240 total
- age   2:       2704 bytes,     409944 total
- age   3:       2640 bytes,     412584 total
- age   4:       3328 bytes,     415912 total
- age   5:     219328 bytes,     635240 total
- age   6:       2664 bytes,     637904 total
- age   7:       2688 bytes,     640592 total
- age   8:       3152 bytes,     643744 total
: 88526K->783K(109248K), 0.0078192 secs] 132017K->44277K(502464K), 0.0078975 secs] [Times: user=0.02 sys=0.00, real=0.01 secs] 
Heap after GC invocations=153 (full 1):
 par new generation   total 109248K, used 783K [0x00000000e0000000, 0x00000000e8000000, 0x00000000e8000000)
  eden space 87424K,   0% used [0x00000000e0000000, 0x00000000e0000000, 0x00000000e5560000)
  from space 21824K,   3% used [0x00000000e6ab0000, 0x00000000e6b73e88, 0x00000000e8000000)
  to   space 21824K,   0% used [0x00000000e5560000, 0x00000000e5560000, 0x00000000e6ab0000)
 concurrent mark-sweep generation total 393216K, used 43494K [0x00000000e8000000, 0x0000000100000000, 0x0000000100000000)
 Metaspace       used 37352K, capacity 37946K, committed 38288K, reserved 1083392K
  class space    used 4215K, capacity 4437K, committed 4528K, reserved 1048576K
}
2017-05-22T09:27:54.246+0000: 1550.277: Total time for which application threads were stopped: 0.0080846 seconds, Stopping threads took: 0.0000211 seconds
2017-05-22T09:27:55.246+0000: 1551.277: Total time for which application threads were stopped: 0.0001380 seconds, Stopping threads took: 0.0000309 seconds
{Heap before GC invocations=153 (full 1):
 par new generation   total 109248K, used 88207K [0x00000000e0000000, 0x00000000e8000000, 0x00000000e8000000)
  eden space 87424K, 100% used [0x00000000e0000000, 0x00000000e5560000, 0x00000000e5560000)
  from space 21824K,   3% used [0x00000000e6ab0000, 0x00000000e6b73e88, 0x00000000e8000000)
  to   space 21824K,   0% used [0x00000000e5560000, 0x00000000e5560000, 0x00000000e6ab0000)
 concurrent mark-sweep generation total 393216K, used 43494K [0x00000000e8000000, 0x0000000100000000, 0x0000000100000000)
 Metaspace       used 37352K, capacity 37946K, committed 38288K, reserved 1083392K
  class space    used 4215K, capacity 4437K, committed 4528K, reserved 1048576K
2017-05-22T09:28:48.580+0000: 1604.612: [GC (Allocation Failure) 2017-05-22T09:28:48.580+0000: 1604.612: [ParNew
Desired survivor size 20112992 bytes, new threshold 8 (max 8)
- age   1:     158136 bytes,     158136 total
- age   2:       3120 bytes,     161256 total
- age   3:       2664 bytes,     163920 total
- age   4:       2640 bytes,     166560 total
- age   5:       2880 bytes,     169440 total
- age   6:     218432 bytes,     387872 total
- age   7:       2664 bytes,     390536 total
- age   8:       2688 bytes,     393224 total
: 88207K->558K(109248K), 0.0102205 secs] 131701K->44055K(502464K), 0.0103333 secs] [Times: user=0.03 sys=0.00, real=0.01 secs] 
Heap after GC invocations=154 (full 1):
 par new generation   total 109248K, used 558K [0x00000000e0000000, 0x00000000e8000000, 0x00000000e8000000)
  eden space 87424K,   0% used [0x00000000e0000000, 0x00000000e0000000, 0x00000000e5560000)
  from space 21824K,   2% used [0x00000000e5560000, 0x00000000e55eba40, 0x00000000e6ab0000)
  to   space 21824K,   0% used [0x00000000e6ab0000, 0x00000000e6ab0000, 0x00000000e8000000)
 concurrent mark-sweep generation total 393216K, used 43497K [0x00000000e8000000, 0x0000000100000000, 0x0000000100000000)
 Metaspace       used 37352K, capacity 37946K, committed 38288K, reserved 1083392K
  class space    used 4215K, capacity 4437K, committed 4528K, reserved 1048576K
}
2017-05-22T09:28:48.591+0000: 1604.622: Total time for which application threads were stopped: 0.0106352 seconds, Stopping threads took: 0.0000766 seconds
{Heap before GC invocations=154 (full 1):
 par new generation   total 109248K, used 87982K [0x00000000e0000000, 0x00000000e8000000, 0x00000000e8000000)
  eden space 87424K, 100% used [0x00000000e0000000, 0x00000000e5560000, 0x00000000e5560000)
  from space 21824K,   2% used [0x00000000e5560000, 0x00000000e55eba40, 0x00000000e6ab0000)
  to   space 21824K,   0% used [0x00000000e6ab0000, 0x00000000e6ab0000, 0x00000000e8000000)
 concurrent mark-sweep generation total 393216K, used 43497K [0x00000000e8000000, 0x0000000100000000, 0x0000000100000000)
 Metaspace       used 37352K, capacity 37946K, committed 38288K, reserved 1083392K
  class space    used 4215K, capacity 4437K, committed 4528K, reserved 1048576K
2017-05-22T09:28:48.803+0000: 1604.834: [GC (Allocation Failure) 2017-05-22T09:28:48.803+0000: 1604.834: [ParNew
Desired survivor size 20112992 bytes, new threshold 8 (max 8)
- age   1:     264112 bytes,     264112 total
- age   2:      21216 bytes,     285328 total
- age   3:       3080 bytes,     288408 total
- age   4:       2688 bytes,     291096 total
- age   5:       2640 bytes,     293736 total
- age   6:       2880 bytes,     296616 total
- age   7:     218432 bytes,     515048 total
- age   8:       2664 bytes,     517712 total
: 87982K->709K(109248K), 0.0063633 secs] 131479K->44209K(502464K), 0.0064466 secs] [Times: user=0.02 sys=0.00, real=0.01 secs] 
Heap after GC invocations=155 (full 1):
 par new generation   total 109248K, used 709K [0x00000000e0000000, 0x00000000e8000000, 0x00000000e8000000)
  eden space 87424K,   0% used [0x00000000e0000000, 0x00000000e0000000, 0x00000000e5560000)
  from space 21824K,   3% used [0x00000000e6ab0000, 0x00000000e6b61440, 0x00000000e8000000)
  to   space 21824K,   0% used [0x00000000e5560000, 0x00000000e5560000, 0x00000000e6ab0000)
 concurrent mark-sweep generation total 393216K, used 43500K [0x00000000e8000000, 0x0000000100000000, 0x0000000100000000)
 Metaspace       used 37352K, capacity 37946K, committed 38288K, reserved 1083392K
  class space    used 4215K, capacity 4437K, committed 4528K, reserved 1048576K
}
2017-05-22T09:28:48.809+0000: 1604.841: Total time for which application threads were stopped: 0.0066459 seconds, Stopping threads took: 0.0000245 seconds
{Heap before GC invocations=155 (full 1):
 par new generation   total 109248K, used 88133K [0x00000000e0000000, 0x00000000e8000000, 0x00000000e8000000)
  eden space 87424K, 100% used [0x00000000e0000000, 0x00000000e5560000, 0x00000000e5560000)
  from space 21824K,   3% used [0x00000000e6ab0000, 0x00000000e6b61440, 0x00000000e8000000)
  to   space 21824K,   0% used [0x00000000e5560000, 0x00000000e5560000, 0x00000000e6ab0000)
 concurrent mark-sweep generation total 393216K, used 43500K [0x00000000e8000000, 0x0000000100000000, 0x0000000100000000)
 Metaspace       used 37352K, capacity 37946K, committed 38288K, reserved 1083392K
  class space    used 4215K, capacity 4437K, committed 4528K, reserved 1048576K
2017-05-22T09:28:48.971+0000: 1605.002: [GC (Allocation Failure) 2017-05-22T09:28:48.971+0000: 1605.002: [ParNew
Desired survivor size 20112992 bytes, new threshold 8 (max 8)
- age   1:     419176 bytes,     419176 total
- age   2:       3760 bytes,     422936 total
- age   3:      21176 bytes,     444112 total
- age   4:       3080 bytes,     447192 total
- age   5:       2664 bytes,     449856 total
- age   6:       2640 bytes,     452496 total
- age   7:       2880 bytes,     455376 total
- age   8:     218432 bytes,     673808 total
: 88133K->846K(109248K), 0.0058899 secs] 131633K->44349K(502464K), 0.0059917 secs] [Times: user=0.02 sys=0.00, real=0.00 secs] 
Heap after GC invocations=156 (full 1):
 par new generation   total 109248K, used 846K [0x00000000e0000000, 0x00000000e8000000, 0x00000000e8000000)
  eden space 87424K,   0% used [0x00000000e0000000, 0x00000000e0000000, 0x00000000e5560000)
  from space 21824K,   3% used [0x00000000e5560000, 0x00000000e5633a18, 0x00000000e6ab0000)
  to   space 21824K,   0% used [0x00000000e6ab0000, 0x00000000e6ab0000, 0x00000000e8000000)
 concurrent mark-sweep generation total 393216K, used 43502K [0x00000000e8000000, 0x0000000100000000, 0x0000000100000000)
 Metaspace       used 37352K, capacity 37946K, committed 38288K, reserved 1083392K
  class space    used 4215K, capacity 4437K, committed 4528K, reserved 1048576K
}
2017-05-22T09:28:48.977+0000: 1605.008: Total time for which application threads were stopped: 0.0061958 seconds, Stopping threads took: 0.0000278 seconds
{Heap before GC invocations=156 (full 1):
 par new generation   total 109248K, used 88270K [0x00000000e0000000, 0x00000000e8000000, 0x00000000e8000000)
  eden space 87424K, 100% used [0x00000000e0000000, 0x00000000e5560000, 0x00000000e5560000)
  from space 21824K,   3% used [0x00000000e5560000, 0x00000000e5633a18, 0x00000000e6ab0000)
  to   space 21824K,   0% used [0x00000000e6ab0000, 0x00000000e6ab0000, 0x00000000e8000000)
 concurrent mark-sweep generation total 393216K, used 43502K [0x00000000e8000000, 0x0000000100000000, 0x0000000100000000)
 Metaspace       used 37352K, capacity 37946K, committed 38288K, reserved 1083392K
  class space    used 4215K, capacity 4437K, committed 4528K, reserved 1048576K
2017-05-22T09:28:49.140+0000: 1605.171: [GC (Allocation Failure) 2017-05-22T09:28:49.140+0000: 1605.172: [ParNew
Desired survivor size 20112992 bytes, new threshold 8 (max 8)
- age   1:     402592 bytes,     402592 total
- age   2:       2872 bytes,     405464 total
- age   3:       3720 bytes,     409184 total
- age   4:      21176 bytes,     430360 total
- age   5:       3080 bytes,     433440 total
- age   6:       2664 bytes,     436104 total
- age   7:       2640 bytes,     438744 total
- age   8:       2880 bytes,     441624 total
: 88270K->837K(109248K), 0.0069949 secs] 131773K->44556K(502464K), 0.0070942 secs] [Times: user=0.02 sys=0.00, real=0.01 secs] 
Heap after GC invocations=157 (full 1):
 par new generation   total 109248K, used 837K [0x00000000e0000000, 0x00000000e8000000, 0x00000000e8000000)
  eden space 87424K,   0% used [0x00000000e0000000, 0x00000000e0000000, 0x00000000e5560000)
  from space 21824K,   3% used [0x00000000e6ab0000, 0x00000000e6b817f0, 0x00000000e8000000)
  to   space 21824K,   0% used [0x00000000e5560000, 0x00000000e5560000, 0x00000000e6ab0000)
 concurrent mark-sweep generation total 393216K, used 43718K [0x00000000e8000000, 0x0000000100000000, 0x0000000100000000)
 Metaspace       used 37352K, capacity 37946K, committed 38288K, reserved 1083392K
  class space    used 4215K, capacity 4437K, committed 4528K, reserved 1048576K
}
2017-05-22T09:28:49.147+0000: 1605.179: Total time for which application threads were stopped: 0.0072964 seconds, Stopping threads took: 0.0000239 seconds
{Heap before GC invocations=157 (full 1):
 par new generation   total 109248K, used 88261K [0x00000000e0000000, 0x00000000e8000000, 0x00000000e8000000)
  eden space 87424K, 100% used [0x00000000e0000000, 0x00000000e5560000, 0x00000000e5560000)
  from space 21824K,   3% used [0x00000000e6ab0000, 0x00000000e6b817f0, 0x00000000e8000000)
  to   space 21824K,   0% used [0x00000000e5560000, 0x00000000e5560000, 0x00000000e6ab0000)
 concurrent mark-sweep generation total 393216K, used 43718K [0x00000000e8000000, 0x0000000100000000, 0x0000000100000000)
 Metaspace       used 37352K, capacity 37946K, committed 38288K, reserved 1083392K
  class space    used 4215K, capacity 4437K, committed 4528K, reserved 1048576K
2017-05-22T09:28:49.306+0000: 1605.338: [GC (Allocation Failure) 2017-05-22T09:28:49.306+0000: 1605.338: [ParNew
Desired survivor size 20112992 bytes, new threshold 8 (max 8)
- age   1:     415632 bytes,     415632 total
- age   2:       2736 bytes,     418368 total
- age   3:       2832 bytes,     421200 total
- age   4:       3720 bytes,     424920 total
- age   5:      21176 bytes,     446096 total
- age   6:       3080 bytes,     449176 total
- age   7:       2664 bytes,     451840 total
- age   8:       2640 bytes,     454480 total
: 88261K->606K(109248K), 0.0068347 secs] 131980K->44327K(502464K), 0.0069575 secs] [Times: user=0.03 sys=0.00, real=0.00 secs] 
Heap after GC invocations=158 (full 1):
 par new generation   total 109248K, used 606K [0x00000000e0000000, 0x00000000e8000000, 0x00000000e8000000)
  eden space 87424K,   0% used [0x00000000e0000000, 0x00000000e0000000, 0x00000000e5560000)
  from space 21824K,   2% used [0x00000000e5560000, 0x00000000e55f7980, 0x00000000e6ab0000)
  to   space 21824K,   0% used [0x00000000e6ab0000, 0x00000000e6ab0000, 0x00000000e8000000)
 concurrent mark-sweep generation total 393216K, used 43720K [0x00000000e8000000, 0x0000000100000000, 0x0000000100000000)
 Metaspace       used 37352K, capacity 37946K, committed 38288K, reserved 1083392K
  class space    used 4215K, capacity 4437K, committed 4528K, reserved 1048576K
}
2017-05-22T09:28:49.313+0000: 1605.345: Total time for which application threads were stopped: 0.0071895 seconds, Stopping threads took: 0.0000214 seconds
{Heap before GC invocations=158 (full 1):
 par new generation   total 109248K, used 88030K [0x00000000e0000000, 0x00000000e8000000, 0x00000000e8000000)
  eden space 87424K, 100% used [0x00000000e0000000, 0x00000000e5560000, 0x00000000e5560000)
  from space 21824K,   2% used [0x00000000e5560000, 0x00000000e55f7980, 0x00000000e6ab0000)
  to   space 21824K,   0% used [0x00000000e6ab0000, 0x00000000e6ab0000, 0x00000000e8000000)
 concurrent mark-sweep generation total 393216K, used 43720K [0x00000000e8000000, 0x0000000100000000, 0x0000000100000000)
 Metaspace       used 37352K, capacity 37946K, committed 38288K, reserved 1083392K
  class space    used 4215K, capacity 4437K, committed 4528K, reserved 1048576K
2017-05-22T09:28:49.497+0000: 1605.528: [GC (Allocation Failure) 2017-05-22T09:28:49.497+0000: 1605.528: [ParNew
Desired survivor size 20112992 bytes, new threshold 8 (max 8)
- age   1:     221008 bytes,     221008 total
- age   2:       2784 bytes,     223792 total
- age   3:       2696 bytes,     226488 total
- age   4:       2832 bytes,     229320 total
- age   5:       3720 bytes,     233040 total
- age   6:      20728 bytes,     253768 total
- age   7:       3080 bytes,     256848 total
- age   8:       2664 bytes,     259512 total
: 88030K->387K(109248K), 0.0084795 secs] 131751K->44111K(502464K), 0.0085763 secs] [Times: user=0.02 sys=0.00, real=0.02 secs] 
Heap after GC invocations=159 (full 1):
 par new generation   total 109248K, used 387K [0x00000000e0000000, 0x00000000e8000000, 0x00000000e8000000)
  eden space 87424K,   0% used [0x00000000e0000000, 0x00000000e0000000, 0x00000000e5560000)
  from space 21824K,   1% used [0x00000000e6ab0000, 0x00000000e6b10ef0, 0x00000000e8000000)
  to   space 21824K,   0% used [0x00000000e5560000, 0x00000000e5560000, 0x00000000e6ab0000)
 concurrent mark-sweep generation total 393216K, used 43723K [0x00000000e8000000, 0x0000000100000000, 0x0000000100000000)
 Metaspace       used 37352K, capacity 37946K, committed 38288K, reserved 1083392K
  class space    used 4215K, capacity 4437K, committed 4528K, reserved 1048576K
}
2017-05-22T09:28:49.506+0000: 1605.537: Total time for which application threads were stopped: 0.0088037 seconds, Stopping threads took: 0.0000342 seconds
2017-05-22T09:28:59.507+0000: 1615.539: Total time for which application threads were stopped: 0.0001669 seconds, Stopping threads took: 0.0000362 seconds
{Heap before GC invocations=159 (full 1):
 par new generation   total 109248K, used 87811K [0x00000000e0000000, 0x00000000e8000000, 0x00000000e8000000)
  eden space 87424K, 100% used [0x00000000e0000000, 0x00000000e5560000, 0x00000000e5560000)
  from space 21824K,   1% used [0x00000000e6ab0000, 0x00000000e6b10ef0, 0x00000000e8000000)
  to   space 21824K,   0% used [0x00000000e5560000, 0x00000000e5560000, 0x00000000e6ab0000)
 concurrent mark-sweep generation total 393216K, used 43723K [0x00000000e8000000, 0x0000000100000000, 0x0000000100000000)
 Metaspace       used 37356K, capacity 37946K, committed 38288K, reserved 1083392K
  class space    used 4215K, capacity 4437K, committed 4528K, reserved 1048576K
2017-05-22T09:29:11.433+0000: 1627.464: [GC (Allocation Failure) 2017-05-22T09:29:11.433+0000: 1627.464: [ParNew
Desired survivor size 20112992 bytes, new threshold 8 (max 8)
- age   1:     414784 bytes,     414784 total
- age   2:       3312 bytes,     418096 total
- age   3:       2744 bytes,     420840 total
- age   4:       2696 bytes,     423536 total
- age   5:       2832 bytes,     426368 total
- age   6:       3272 bytes,     429640 total
- age   7:      19912 bytes,     449552 total
- age   8:       3080 bytes,     452632 total
: 87811K->482K(109248K), 0.0088523 secs] 131535K->44209K(502464K), 0.0089432 secs] [Times: user=0.02 sys=0.00, real=0.01 secs] 
Heap after GC invocations=160 (full 1):
 par new generation   total 109248K, used 482K [0x00000000e0000000, 0x00000000e8000000, 0x00000000e8000000)
  eden space 87424K,   0% used [0x00000000e0000000, 0x00000000e0000000, 0x00000000e5560000)
  from space 21824K,   2% used [0x00000000e5560000, 0x00000000e55d8bd0, 0x00000000e6ab0000)
  to   space 21824K,   0% used [0x00000000e6ab0000, 0x00000000e6ab0000, 0x00000000e8000000)
 concurrent mark-sweep generation total 393216K, used 43726K [0x00000000e8000000, 0x0000000100000000, 0x0000000100000000)
 Metaspace       used 37356K, capacity 37946K, committed 38288K, reserved 1083392K
  class space    used 4215K, capacity 4437K, committed 4528K, reserved 1048576K
}
2017-05-22T09:29:11.442+0000: 1627.473: Total time for which application threads were stopped: 0.0091915 seconds, Stopping threads took: 0.0000271 seconds
{Heap before GC invocations=160 (full 1):
 par new generation   total 109248K, used 87906K [0x00000000e0000000, 0x00000000e8000000, 0x00000000e8000000)
  eden space 87424K, 100% used [0x00000000e0000000, 0x00000000e5560000, 0x00000000e5560000)
  from space 21824K,   2% used [0x00000000e5560000, 0x00000000e55d8bd0, 0x00000000e6ab0000)
  to   space 21824K,   0% used [0x00000000e6ab0000, 0x00000000e6ab0000, 0x00000000e8000000)
 concurrent mark-sweep generation total 393216K, used 43726K [0x00000000e8000000, 0x0000000100000000, 0x0000000100000000)
 Metaspace       used 37356K, capacity 37946K, committed 38288K, reserved 1083392K
  class space    used 4215K, capacity 4437K, committed 4528K, reserved 1048576K
2017-05-22T09:29:11.625+0000: 1627.657: [GC (Allocation Failure) 2017-05-22T09:29:11.625+0000: 1627.657: [ParNew
Desired survivor size 20112992 bytes, new threshold 8 (max 8)
- age   1:     119232 bytes,     119232 total
- age   2:     192848 bytes,     312080 total
- age   3:       3272 bytes,     315352 total
- age   4:       2744 bytes,     318096 total
- age   5:       2696 bytes,     320792 total
- age   6:       2832 bytes,     323624 total
- age   7:       3272 bytes,     326896 total
- age   8:      19912 bytes,     346808 total
: 87906K->532K(109248K), 0.0080396 secs] 131633K->44261K(502464K), 0.0082161 secs] [Times: user=0.02 sys=0.00, real=0.00 secs] 
Heap after GC invocations=161 (full 1):
 par new generation   total 109248K, used 532K [0x00000000e0000000, 0x00000000e8000000, 0x00000000e8000000)
  eden space 87424K,   0% used [0x00000000e0000000, 0x00000000e0000000, 0x00000000e5560000)
  from space 21824K,   2% used [0x00000000e6ab0000, 0x00000000e6b352f0, 0x00000000e8000000)
  to   space 21824K,   0% used [0x00000000e5560000, 0x00000000e5560000, 0x00000000e6ab0000)
 concurrent mark-sweep generation total 393216K, used 43729K [0x00000000e8000000, 0x0000000100000000, 0x0000000100000000)
 Metaspace       used 37356K, capacity 37946K, committed 38288K, reserved 1083392K
  class space    used 4215K, capacity 4437K, committed 4528K, reserved 1048576K
}
2017-05-22T09:29:11.634+0000: 1627.665: Total time for which application threads were stopped: 0.0085565 seconds, Stopping threads took: 0.0000458 seconds
{Heap before GC invocations=161 (full 1):
 par new generation   total 109248K, used 87956K [0x00000000e0000000, 0x00000000e8000000, 0x00000000e8000000)
  eden space 87424K, 100% used [0x00000000e0000000, 0x00000000e5560000, 0x00000000e5560000)
  from space 21824K,   2% used [0x00000000e6ab0000, 0x00000000e6b352f0, 0x00000000e8000000)
  to   space 21824K,   0% used [0x00000000e5560000, 0x00000000e5560000, 0x00000000e6ab0000)
 concurrent mark-sweep generation total 393216K, used 43729K [0x00000000e8000000, 0x0000000100000000, 0x0000000100000000)
 Metaspace       used 37356K, capacity 37946K, committed 38288K, reserved 1083392K
  class space    used 4215K, capacity 4437K, committed 4528K, reserved 1048576K
2017-05-22T09:29:11.799+0000: 1627.831: [GC (Allocation Failure) 2017-05-22T09:29:11.799+0000: 1627.831: [ParNew
Desired survivor size 20112992 bytes, new threshold 8 (max 8)
- age   1:     155392 bytes,     155392 total
- age   2:      28952 bytes,     184344 total
- age   3:     192808 bytes,     377152 total
- age   4:       3272 bytes,     380424 total
- age   5:       2744 bytes,     383168 total
- age   6:       2696 bytes,     385864 total
- age   7:       2832 bytes,     388696 total
- age   8:       3272 bytes,     391968 total
: 87956K->433K(109248K), 0.0073715 secs] 131685K->44182K(502464K), 0.0074553 secs] [Times: user=0.02 sys=0.00, real=0.01 secs] 
Heap after GC invocations=162 (full 1):
 par new generation   total 109248K, used 433K [0x00000000e0000000, 0x00000000e8000000, 0x00000000e8000000)
  eden space 87424K,   0% used [0x00000000e0000000, 0x00000000e0000000, 0x00000000e5560000)
  from space 21824K,   1% used [0x00000000e5560000, 0x00000000e55cc6b0, 0x00000000e6ab0000)
  to   space 21824K,   0% used [0x00000000e6ab0000, 0x00000000e6ab0000, 0x00000000e8000000)
 concurrent mark-sweep generation total 393216K, used 43748K [0x00000000e8000000, 0x0000000100000000, 0x0000000100000000)
 Metaspace       used 37356K, capacity 37946K, committed 38288K, reserved 1083392K
  class space    used 4215K, capacity 4437K, committed 4528K, reserved 1048576K
}
2017-05-22T09:29:11.807+0000: 1627.838: Total time for which application threads were stopped: 0.0078467 seconds, Stopping threads took: 0.0000576 seconds
{Heap before GC invocations=162 (full 1):
 par new generation   total 109248K, used 87857K [0x00000000e0000000, 0x00000000e8000000, 0x00000000e8000000)
  eden space 87424K, 100% used [0x00000000e0000000, 0x00000000e5560000, 0x00000000e5560000)
  from space 21824K,   1% used [0x00000000e5560000, 0x00000000e55cc6b0, 0x00000000e6ab0000)
  to   space 21824K,   0% used [0x00000000e6ab0000, 0x00000000e6ab0000, 0x00000000e8000000)
 concurrent mark-sweep generation total 393216K, used 43748K [0x00000000e8000000, 0x0000000100000000, 0x0000000100000000)
 Metaspace       used 37356K, capacity 37946K, committed 38288K, reserved 1083392K
  class space    used 4215K, capacity 4437K, committed 4528K, reserved 1048576K
2017-05-22T09:29:12.008+0000: 1628.040: [GC (Allocation Failure) 2017-05-22T09:29:12.008+0000: 1628.040: [ParNew
Desired survivor size 20112992 bytes, new threshold 8 (max 8)
- age   1:     202808 bytes,     202808 total
- age   2:       3312 bytes,     206120 total
- age   3:      28912 bytes,     235032 total
- age   4:     192136 bytes,     427168 total
- age   5:       3272 bytes,     430440 total
- age   6:       2744 bytes,     433184 total
- age   7:       2696 bytes,     435880 total
- age   8:       2832 bytes,     438712 total
: 87857K->578K(109248K), 0.0172709 secs] 131606K->44330K(502464K), 0.0173656 secs] [Times: user=0.03 sys=0.00, real=0.02 secs] 
Heap after GC invocations=163 (full 1):
 par new generation   total 109248K, used 578K [0x00000000e0000000, 0x00000000e8000000, 0x00000000e8000000)
  eden space 87424K,   0% used [0x00000000e0000000, 0x00000000e0000000, 0x00000000e5560000)
  from space 21824K,   2% used [0x00000000e6ab0000, 0x00000000e6b40948, 0x00000000e8000000)
  to   space 21824K,   0% used [0x00000000e5560000, 0x00000000e5560000, 0x00000000e6ab0000)
 concurrent mark-sweep generation total 393216K, used 43751K [0x00000000e8000000, 0x0000000100000000, 0x0000000100000000)
 Metaspace       used 37356K, capacity 37946K, committed 38288K, reserved 1083392K
  class space    used 4215K, capacity 4437K, committed 4528K, reserved 1048576K
}
2017-05-22T09:29:12.026+0000: 1628.057: Total time for which application threads were stopped: 0.0175949 seconds, Stopping threads took: 0.0000208 seconds
{Heap before GC invocations=163 (full 1):
 par new generation   total 109248K, used 88002K [0x00000000e0000000, 0x00000000e8000000, 0x00000000e8000000)
  eden space 87424K, 100% used [0x00000000e0000000, 0x00000000e5560000, 0x00000000e5560000)
  from space 21824K,   2% used [0x00000000e6ab0000, 0x00000000e6b40948, 0x00000000e8000000)
  to   space 21824K,   0% used [0x00000000e5560000, 0x00000000e5560000, 0x00000000e6ab0000)
 concurrent mark-sweep generation total 393216K, used 43751K [0x00000000e8000000, 0x0000000100000000, 0x0000000100000000)
 Metaspace       used 37356K, capacity 37946K, committed 38288K, reserved 1083392K
  class space    used 4215K, capacity 4437K, committed 4528K, reserved 1048576K
2017-05-22T09:29:12.200+0000: 1628.231: [GC (Allocation Failure) 2017-05-22T09:29:12.200+0000: 1628.231: [ParNew
Desired survivor size 20112992 bytes, new threshold 8 (max 8)
- age   1:     365112 bytes,     365112 total
- age   2:       4312 bytes,     369424 total
- age   3:       3272 bytes,     372696 total
- age   4:      28912 bytes,     401608 total
- age   5:     191688 bytes,     593296 total
- age   6:       3272 bytes,     596568 total
- age   7:       2744 bytes,     599312 total
- age   8:       2696 bytes,     602008 total
: 88002K->729K(109248K), 0.0066598 secs] 131754K->44484K(502464K), 0.0067469 secs] [Times: user=0.02 sys=0.00, real=0.01 secs] 
Heap after GC invocations=164 (full 1):
 par new generation   total 109248K, used 729K [0x00000000e0000000, 0x00000000e8000000, 0x00000000e8000000)
  eden space 87424K,   0% used [0x00000000e0000000, 0x00000000e0000000, 0x00000000e5560000)
  from space 21824K,   3% used [0x00000000e5560000, 0x00000000e5616700, 0x00000000e6ab0000)
  to   space 21824K,   0% used [0x00000000e6ab0000, 0x00000000e6ab0000, 0x00000000e8000000)
 concurrent mark-sweep generation total 393216K, used 43754K [0x00000000e8000000, 0x0000000100000000, 0x0000000100000000)
 Metaspace       used 37356K, capacity 37946K, committed 38288K, reserved 1083392K
  class space    used 4215K, capacity 4437K, committed 4528K, reserved 1048576K
}
2017-05-22T09:29:12.207+0000: 1628.238: Total time for which application threads were stopped: 0.0070959 seconds, Stopping threads took: 0.0000953 seconds
{Heap before GC invocations=164 (full 1):
 par new generation   total 109248K, used 88153K [0x00000000e0000000, 0x00000000e8000000, 0x00000000e8000000)
  eden space 87424K, 100% used [0x00000000e0000000, 0x00000000e5560000, 0x00000000e5560000)
  from space 21824K,   3% used [0x00000000e5560000, 0x00000000e5616700, 0x00000000e6ab0000)
  to   space 21824K,   0% used [0x00000000e6ab0000, 0x00000000e6ab0000, 0x00000000e8000000)
 concurrent mark-sweep generation total 393216K, used 43754K [0x00000000e8000000, 0x0000000100000000, 0x0000000100000000)
 Metaspace       used 37357K, capacity 37946K, committed 38288K, reserved 1083392K
  class space    used 4215K, capacity 4437K, committed 4528K, reserved 1048576K
2017-05-22T09:29:12.564+0000: 1628.596: [GC (Allocation Failure) 2017-05-22T09:29:12.564+0000: 1628.596: [ParNew
Desired survivor size 20112992 bytes, new threshold 8 (max 8)
- age   1:     186464 bytes,     186464 total
- age   2:       2920 bytes,     189384 total
- age   3:       3376 bytes,     192760 total
- age   4:       3048 bytes,     195808 total
- age   5:      28464 bytes,     224272 total
- age   6:     191688 bytes,     415960 total
- age   7:       3272 bytes,     419232 total
- age   8:       2744 bytes,     421976 total
: 88153K->752K(109248K), 0.0104423 secs] 131908K->44509K(502464K), 0.0105412 secs] [Times: user=0.03 sys=0.00, real=0.01 secs] 
Heap after GC invocations=165 (full 1):
 par new generation   total 109248K, used 752K [0x00000000e0000000, 0x00000000e8000000, 0x00000000e8000000)
  eden space 87424K,   0% used [0x00000000e0000000, 0x00000000e0000000, 0x00000000e5560000)
  from space 21824K,   3% used [0x00000000e6ab0000, 0x00000000e6b6c280, 0x00000000e8000000)
  to   space 21824K,   0% used [0x00000000e5560000, 0x00000000e5560000, 0x00000000e6ab0000)
 concurrent mark-sweep generation total 393216K, used 43757K [0x00000000e8000000, 0x0000000100000000, 0x0000000100000000)
 Metaspace       used 37357K, capacity 37946K, committed 38288K, reserved 1083392K
  class space    used 4215K, capacity 4437K, committed 4528K, reserved 1048576K
}
2017-05-22T09:29:12.575+0000: 1628.606: Total time for which application threads were stopped: 0.0108108 seconds, Stopping threads took: 0.0000693 seconds
2017-05-22T09:29:13.575+0000: 1629.606: Total time for which application threads were stopped: 0.0001253 seconds, Stopping threads took: 0.0000303 seconds
{Heap before GC invocations=165 (full 1):
 par new generation   total 109248K, used 88176K [0x00000000e0000000, 0x00000000e8000000, 0x00000000e8000000)
  eden space 87424K, 100% used [0x00000000e0000000, 0x00000000e5560000, 0x00000000e5560000)
  from space 21824K,   3% used [0x00000000e6ab0000, 0x00000000e6b6c280, 0x00000000e8000000)
  to   space 21824K,   0% used [0x00000000e5560000, 0x00000000e5560000, 0x00000000e6ab0000)
 concurrent mark-sweep generation total 393216K, used 43757K [0x00000000e8000000, 0x0000000100000000, 0x0000000100000000)
 Metaspace       used 37357K, capacity 37946K, committed 38288K, reserved 1083392K
  class space    used 4215K, capacity 4437K, committed 4528K, reserved 1048576K
2017-05-22T09:29:17.512+0000: 1633.544: [GC (Allocation Failure) 2017-05-22T09:29:17.512+0000: 1633.544: [ParNew
Desired survivor size 20112992 bytes, new threshold 8 (max 8)
- age   1:     122768 bytes,     122768 total
- age   2:     142800 bytes,     265568 total
- age   3:       2880 bytes,     268448 total
- age   4:       3376 bytes,     271824 total
- age   5:       3048 bytes,     274872 total
- age   6:      28464 bytes,     303336 total
- age   7:     191688 bytes,     495024 total
- age   8:       3272 bytes,     498296 total
: 88176K->557K(109248K), 0.0086031 secs] 131933K->44317K(502464K), 0.0087014 secs] [Times: user=0.03 sys=0.00, real=0.01 secs] 
Heap after GC invocations=166 (full 1):
 par new generation   total 109248K, used 557K [0x00000000e0000000, 0x00000000e8000000, 0x00000000e8000000)
  eden space 87424K,   0% used [0x00000000e0000000, 0x00000000e0000000, 0x00000000e5560000)
  from space 21824K,   2% used [0x00000000e5560000, 0x00000000e55eb590, 0x00000000e6ab0000)
  to   space 21824K,   0% used [0x00000000e6ab0000, 0x00000000e6ab0000, 0x00000000e8000000)
 concurrent mark-sweep generation total 393216K, used 43759K [0x00000000e8000000, 0x0000000100000000, 0x0000000100000000)
 Metaspace       used 37357K, capacity 37946K, committed 38288K, reserved 1083392K
  class space    used 4215K, capacity 4437K, committed 4528K, reserved 1048576K
}
2017-05-22T09:29:17.521+0000: 1633.553: Total time for which application threads were stopped: 0.0092512 seconds, Stopping threads took: 0.0000743 seconds
{Heap before GC invocations=166 (full 1):
 par new generation   total 109248K, used 87981K [0x00000000e0000000, 0x00000000e8000000, 0x00000000e8000000)
  eden space 87424K, 100% used [0x00000000e0000000, 0x00000000e5560000, 0x00000000e5560000)
  from space 21824K,   2% used [0x00000000e5560000, 0x00000000e55eb590, 0x00000000e6ab0000)
  to   space 21824K,   0% used [0x00000000e6ab0000, 0x00000000e6ab0000, 0x00000000e8000000)
 concurrent mark-sweep generation total 393216K, used 43759K [0x00000000e8000000, 0x0000000100000000, 0x0000000100000000)
 Metaspace       used 37357K, capacity 37946K, committed 38288K, reserved 1083392K
  class space    used 4215K, capacity 4437K, committed 4528K, reserved 1048576K
2017-05-22T09:29:17.686+0000: 1633.717: [GC (Allocation Failure) 2017-05-22T09:29:17.686+0000: 1633.717: [ParNew
Desired survivor size 20112992 bytes, new threshold 8 (max 8)
- age   1:     105240 bytes,     105240 total
- age   2:      26936 bytes,     132176 total
- age   3:     142800 bytes,     274976 total
- age   4:       2880 bytes,     277856 total
- age   5:       3376 bytes,     281232 total
- age   6:       3048 bytes,     284280 total
- age   7:      28464 bytes,     312744 total
- age   8:     191688 bytes,     504432 total
: 87981K->727K(109248K), 0.0078679 secs] 131741K->44490K(502464K), 0.0080214 secs] [Times: user=0.02 sys=0.00, real=0.00 secs] 
Heap after GC invocations=167 (full 1):
 par new generation   total 109248K, used 727K [0x00000000e0000000, 0x00000000e8000000, 0x00000000e8000000)
  eden space 87424K,   0% used [0x00000000e0000000, 0x00000000e0000000, 0x00000000e5560000)
  from space 21824K,   3% used [0x00000000e6ab0000, 0x00000000e6b65d98, 0x00000000e8000000)
  to   space 21824K,   0% used [0x00000000e5560000, 0x00000000e5560000, 0x00000000e6ab0000)
 concurrent mark-sweep generation total 393216K, used 43762K [0x00000000e8000000, 0x0000000100000000, 0x0000000100000000)
 Metaspace       used 37357K, capacity 37946K, committed 38288K, reserved 1083392K
  class space    used 4215K, capacity 4437K, committed 4528K, reserved 1048576K
}
2017-05-22T09:29:17.694+0000: 1633.725: Total time for which application threads were stopped: 0.0083102 seconds, Stopping threads took: 0.0000245 seconds
{Heap before GC invocations=167 (full 1):
 par new generation   total 109248K, used 88151K [0x00000000e0000000, 0x00000000e8000000, 0x00000000e8000000)
  eden space 87424K, 100% used [0x00000000e0000000, 0x00000000e5560000, 0x00000000e5560000)
  from space 21824K,   3% used [0x00000000e6ab0000, 0x00000000e6b65d98, 0x00000000e8000000)
  to   space 21824K,   0% used [0x00000000e5560000, 0x00000000e5560000, 0x00000000e6ab0000)
 concurrent mark-sweep generation total 393216K, used 43762K [0x00000000e8000000, 0x0000000100000000, 0x0000000100000000)
 Metaspace       used 37357K, capacity 37946K, committed 38288K, reserved 1083392K
  class space    used 4215K, capacity 4437K, committed 4528K, reserved 1048576K
2017-05-22T09:29:17.863+0000: 1633.894: [GC (Allocation Failure) 2017-05-22T09:29:17.863+0000: 1633.894: [ParNew
Desired survivor size 20112992 bytes, new threshold 8 (max 8)
- age   1:     360504 bytes,     360504 total
- age   2:       3264 bytes,     363768 total
- age   3:      26896 bytes,     390664 total
- age   4:     142800 bytes,     533464 total
- age   5:       2880 bytes,     536344 total
- age   6:       3376 bytes,     539720 total
- age   7:       3048 bytes,     542768 total
- age   8:      28464 bytes,     571232 total
: 88151K->721K(109248K), 0.0073462 secs] 131914K->44673K(502464K), 0.0074608 secs] [Times: user=0.02 sys=0.01, real=0.01 secs] 
Heap after GC invocations=168 (full 1):
 par new generation   total 109248K, used 721K [0x00000000e0000000, 0x00000000e8000000, 0x00000000e8000000)
  eden space 87424K,   0% used [0x00000000e0000000, 0x00000000e0000000, 0x00000000e5560000)
  from space 21824K,   3% used [0x00000000e5560000, 0x00000000e5614640, 0x00000000e6ab0000)
  to   space 21824K,   0% used [0x00000000e6ab0000, 0x00000000e6ab0000, 0x00000000e8000000)
 concurrent mark-sweep generation total 393216K, used 43952K [0x00000000e8000000, 0x0000000100000000, 0x0000000100000000)
 Metaspace       used 37357K, capacity 37946K, committed 38288K, reserved 1083392K
  class space    used 4215K, capacity 4437K, committed 4528K, reserved 1048576K
}
2017-05-22T09:29:17.870+0000: 1633.902: Total time for which application threads were stopped: 0.0077000 seconds, Stopping threads took: 0.0000240 seconds
2017-05-22T09:29:17.983+0000: 1634.014: Total time for which application threads were stopped: 0.0001352 seconds, Stopping threads took: 0.0000276 seconds
{Heap before GC invocations=168 (full 1):
 par new generation   total 109248K, used 88145K [0x00000000e0000000, 0x00000000e8000000, 0x00000000e8000000)
  eden space 87424K, 100% used [0x00000000e0000000, 0x00000000e5560000, 0x00000000e5560000)
  from space 21824K,   3% used [0x00000000e5560000, 0x00000000e5614640, 0x00000000e6ab0000)
  to   space 21824K,   0% used [0x00000000e6ab0000, 0x00000000e6ab0000, 0x00000000e8000000)
 concurrent mark-sweep generation total 393216K, used 43952K [0x00000000e8000000, 0x0000000100000000, 0x0000000100000000)
 Metaspace       used 37357K, capacity 37946K, committed 38288K, reserved 1083392K
  class space    used 4215K, capacity 4437K, committed 4528K, reserved 1048576K
2017-05-22T09:29:18.083+0000: 1634.115: [GC (Allocation Failure) 2017-05-22T09:29:18.083+0000: 1634.115: [ParNew
Desired survivor size 20112992 bytes, new threshold 8 (max 8)
- age   1:     393816 bytes,     393816 total
- age   2:       3216 bytes,     397032 total
- age   3:       3224 bytes,     400256 total
- age   4:      26896 bytes,     427152 total
- age   5:     142800 bytes,     569952 total
- age   6:       2880 bytes,     572832 total
- age   7:       3376 bytes,     576208 total
- age   8:       3048 bytes,     579256 total
: 88145K->703K(109248K), 0.0065325 secs] 132097K->44683K(502464K), 0.0066435 secs] [Times: user=0.01 sys=0.00, real=0.01 secs] 
Heap after GC invocations=169 (full 1):
 par new generation   total 109248K, used 703K [0x00000000e0000000, 0x00000000e8000000, 0x00000000e8000000)
  eden space 87424K,   0% used [0x00000000e0000000, 0x00000000e0000000, 0x00000000e5560000)
  from space 21824K,   3% used [0x00000000e6ab0000, 0x00000000e6b5fd70, 0x00000000e8000000)
  to   space 21824K,   0% used [0x00000000e5560000, 0x00000000e5560000, 0x00000000e6ab0000)
 concurrent mark-sweep generation total 393216K, used 43980K [0x00000000e8000000, 0x0000000100000000, 0x0000000100000000)
 Metaspace       used 37357K, capacity 37946K, committed 38288K, reserved 1083392K
  class space    used 4215K, capacity 4437K, committed 4528K, reserved 1048576K
}
2017-05-22T09:29:18.090+0000: 1634.122: Total time for which application threads were stopped: 0.0069030 seconds, Stopping threads took: 0.0000285 seconds
{Heap before GC invocations=169 (full 1):
 par new generation   total 109248K, used 88127K [0x00000000e0000000, 0x00000000e8000000, 0x00000000e8000000)
  eden space 87424K, 100% used [0x00000000e0000000, 0x00000000e5560000, 0x00000000e5560000)
  from space 21824K,   3% used [0x00000000e6ab0000, 0x00000000e6b5fd70, 0x00000000e8000000)
  to   space 21824K,   0% used [0x00000000e5560000, 0x00000000e5560000, 0x00000000e6ab0000)
 concurrent mark-sweep generation total 393216K, used 43980K [0x00000000e8000000, 0x0000000100000000, 0x0000000100000000)
 Metaspace       used 37357K, capacity 37946K, committed 38288K, reserved 1083392K
  class space    used 4215K, capacity 4437K, committed 4528K, reserved 1048576K
2017-05-22T09:29:18.254+0000: 1634.286: [GC (Allocation Failure) 2017-05-22T09:29:18.254+0000: 1634.286: [ParNew
Desired survivor size 20112992 bytes, new threshold 8 (max 8)
- age   1:     116480 bytes,     116480 total
- age   2:      11872 bytes,     128352 total
- age   3:       3176 bytes,     131528 total
- age   4:       3224 bytes,     134752 total
- age   5:      26920 bytes,     161672 total
- age   6:     142800 bytes,     304472 total
- age   7:       2880 bytes,     307352 total
- age   8:       3376 bytes,     310728 total
: 88127K->494K(109248K), 0.0087866 secs] 132107K->44477K(502464K), 0.0088791 secs] [Times: user=0.02 sys=0.00, real=0.01 secs] 
Heap after GC invocations=170 (full 1):
 par new generation   total 109248K, used 494K [0x00000000e0000000, 0x00000000e8000000, 0x00000000e8000000)
  eden space 87424K,   0% used [0x00000000e0000000, 0x00000000e0000000, 0x00000000e5560000)
  from space 21824K,   2% used [0x00000000e5560000, 0x00000000e55dba80, 0x00000000e6ab0000)
  to   space 21824K,   0% used [0x00000000e6ab0000, 0x00000000e6ab0000, 0x00000000e8000000)
 concurrent mark-sweep generation total 393216K, used 43983K [0x00000000e8000000, 0x0000000100000000, 0x0000000100000000)
 Metaspace       used 37357K, capacity 37946K, committed 38288K, reserved 1083392K
  class space    used 4215K, capacity 4437K, committed 4528K, reserved 1048576K
}
2017-05-22T09:29:18.263+0000: 1634.295: Total time for which application threads were stopped: 0.0090771 seconds, Stopping threads took: 0.0000270 seconds
2017-05-22T09:29:19.264+0000: 1635.295: Total time for which application threads were stopped: 0.0002017 seconds, Stopping threads took: 0.0000450 seconds
{Heap before GC invocations=170 (full 1):
 par new generation   total 109248K, used 87918K [0x00000000e0000000, 0x00000000e8000000, 0x00000000e8000000)
  eden space 87424K, 100% used [0x00000000e0000000, 0x00000000e5560000, 0x00000000e5560000)
  from space 21824K,   2% used [0x00000000e5560000, 0x00000000e55dba80, 0x00000000e6ab0000)
  to   space 21824K,   0% used [0x00000000e6ab0000, 0x00000000e6ab0000, 0x00000000e8000000)
 concurrent mark-sweep generation total 393216K, used 43983K [0x00000000e8000000, 0x0000000100000000, 0x0000000100000000)
 Metaspace       used 37357K, capacity 37946K, committed 38288K, reserved 1083392K
  class space    used 4215K, capacity 4437K, committed 4528K, reserved 1048576K
2017-05-22T09:29:20.246+0000: 1636.278: [GC (Allocation Failure) 2017-05-22T09:29:20.246+0000: 1636.278: [ParNew
Desired survivor size 20112992 bytes, new threshold 8 (max 8)
- age   1:     363160 bytes,     363160 total
- age   2:       3288 bytes,     366448 total
- age   3:      11832 bytes,     378280 total
- age   4:       3176 bytes,     381456 total
- age   5:       3000 bytes,     384456 total
- age   6:      25552 bytes,     410008 total
- age   7:     142800 bytes,     552808 total
- age   8:       2880 bytes,     555688 total
: 87918K->698K(109248K), 0.0073963 secs] 131901K->44684K(502464K), 0.0074859 secs] [Times: user=0.02 sys=0.00, real=0.00 secs] 
Heap after GC invocations=171 (full 1):
 par new generation   total 109248K, used 698K [0x00000000e0000000, 0x00000000e8000000, 0x00000000e8000000)
  eden space 87424K,   0% used [0x00000000e0000000, 0x00000000e0000000, 0x00000000e5560000)
  from space 21824K,   3% used [0x00000000e6ab0000, 0x00000000e6b5e900, 0x00000000e8000000)
  to   space 21824K,   0% used [0x00000000e5560000, 0x00000000e5560000, 0x00000000e6ab0000)
 concurrent mark-sweep generation total 393216K, used 43986K [0x00000000e8000000, 0x0000000100000000, 0x0000000100000000)
 Metaspace       used 37357K, capacity 37946K, committed 38288K, reserved 1083392K
  class space    used 4215K, capacity 4437K, committed 4528K, reserved 1048576K
}
2017-05-22T09:29:20.254+0000: 1636.285: Total time for which application threads were stopped: 0.0077328 seconds, Stopping threads took: 0.0000386 seconds
{Heap before GC invocations=171 (full 1):
 par new generation   total 109248K, used 88122K [0x00000000e0000000, 0x00000000e8000000, 0x00000000e8000000)
  eden space 87424K, 100% used [0x00000000e0000000, 0x00000000e5560000, 0x00000000e5560000)
  from space 21824K,   3% used [0x00000000e6ab0000, 0x00000000e6b5e900, 0x00000000e8000000)
  to   space 21824K,   0% used [0x00000000e5560000, 0x00000000e5560000, 0x00000000e6ab0000)
 concurrent mark-sweep generation total 393216K, used 43986K [0x00000000e8000000, 0x0000000100000000, 0x0000000100000000)
 Metaspace       used 37357K, capacity 37946K, committed 38288K, reserved 1083392K
  class space    used 4215K, capacity 4437K, committed 4528K, reserved 1048576K
2017-05-22T09:29:20.420+0000: 1636.451: [GC (Allocation Failure) 2017-05-22T09:29:20.420+0000: 1636.451: [ParNew
Desired survivor size 20112992 bytes, new threshold 8 (max 8)
- age   1:     367416 bytes,     367416 total
- age   2:      21080 bytes,     388496 total
- age   3:       3248 bytes,     391744 total
- age   4:      11832 bytes,     403576 total
- age   5:       3176 bytes,     406752 total
- age   6:       3000 bytes,     409752 total
- age   7:      25552 bytes,     435304 total
- age   8:     142800 bytes,     578104 total
: 88122K->760K(109248K), 0.0090712 secs] 132108K->44749K(502464K), 0.0091590 secs] [Times: user=0.02 sys=0.00, real=0.01 secs] 
Heap after GC invocations=172 (full 1):
 par new generation   total 109248K, used 760K [0x00000000e0000000, 0x00000000e8000000, 0x00000000e8000000)
  eden space 87424K,   0% used [0x00000000e0000000, 0x00000000e0000000, 0x00000000e5560000)
  from space 21824K,   3% used [0x00000000e5560000, 0x00000000e561e080, 0x00000000e6ab0000)
  to   space 21824K,   0% used [0x00000000e6ab0000, 0x00000000e6ab0000, 0x00000000e8000000)
 concurrent mark-sweep generation total 393216K, used 43989K [0x00000000e8000000, 0x0000000100000000, 0x0000000100000000)
 Metaspace       used 37357K, capacity 37946K, committed 38288K, reserved 1083392K
  class space    used 4215K, capacity 4437K, committed 4528K, reserved 1048576K
}
2017-05-22T09:29:20.429+0000: 1636.460: Total time for which application threads were stopped: 0.0093973 seconds, Stopping threads took: 0.0000454 seconds
{Heap before GC invocations=172 (full 1):
 par new generation   total 109248K, used 88184K [0x00000000e0000000, 0x00000000e8000000, 0x00000000e8000000)
  eden space 87424K, 100% used [0x00000000e0000000, 0x00000000e5560000, 0x00000000e5560000)
  from space 21824K,   3% used [0x00000000e5560000, 0x00000000e561e080, 0x00000000e6ab0000)
  to   space 21824K,   0% used [0x00000000e6ab0000, 0x00000000e6ab0000, 0x00000000e8000000)
 concurrent mark-sweep generation total 393216K, used 43989K [0x00000000e8000000, 0x0000000100000000, 0x0000000100000000)
 Metaspace       used 37357K, capacity 37946K, committed 38288K, reserved 1083392K
  class space    used 4215K, capacity 4437K, committed 4528K, reserved 1048576K
2017-05-22T09:29:20.610+0000: 1636.642: [GC (Allocation Failure) 2017-05-22T09:29:20.610+0000: 1636.642: [ParNew
Desired survivor size 20112992 bytes, new threshold 8 (max 8)
- age   1:     228984 bytes,     228984 total
- age   2:       3528 bytes,     232512 total
- age   3:      20592 bytes,     253104 total
- age   4:       3248 bytes,     256352 total
- age   5:      11832 bytes,     268184 total
- age   6:       3176 bytes,     271360 total
- age   7:       3000 bytes,     274360 total
- age   8:      25552 bytes,     299912 total
: 88184K->481K(109248K), 0.0071210 secs] 132173K->44611K(502464K), 0.0072801 secs] [Times: user=0.03 sys=0.00, real=0.01 secs] 
Heap after GC invocations=173 (full 1):
 par new generation   total 109248K, used 481K [0x00000000e0000000, 0x00000000e8000000, 0x00000000e8000000)
  eden space 87424K,   0% used [0x00000000e0000000, 0x00000000e0000000, 0x00000000e5560000)
  from space 21824K,   2% used [0x00000000e6ab0000, 0x00000000e6b28538, 0x00000000e8000000)
  to   space 21824K,   0% used [0x00000000e5560000, 0x00000000e5560000, 0x00000000e6ab0000)
 concurrent mark-sweep generation total 393216K, used 44130K [0x00000000e8000000, 0x0000000100000000, 0x0000000100000000)
 Metaspace       used 37357K, capacity 37946K, committed 38288K, reserved 1083392K
  class space    used 4215K, capacity 4437K, committed 4528K, reserved 1048576K
}
2017-05-22T09:29:20.618+0000: 1636.649: Total time for which application threads were stopped: 0.0076031 seconds, Stopping threads took: 0.0000252 seconds
{Heap before GC invocations=173 (full 1):
 par new generation   total 109248K, used 87905K [0x00000000e0000000, 0x00000000e8000000, 0x00000000e8000000)
  eden space 87424K, 100% used [0x00000000e0000000, 0x00000000e5560000, 0x00000000e5560000)
  from space 21824K,   2% used [0x00000000e6ab0000, 0x00000000e6b28538, 0x00000000e8000000)
  to   space 21824K,   0% used [0x00000000e5560000, 0x00000000e5560000, 0x00000000e6ab0000)
 concurrent mark-sweep generation total 393216K, used 44130K [0x00000000e8000000, 0x0000000100000000, 0x0000000100000000)
 Metaspace       used 37357K, capacity 37946K, committed 38288K, reserved 1083392K
  class space    used 4215K, capacity 4437K, committed 4528K, reserved 1048576K
2017-05-22T09:29:20.792+0000: 1636.823: [GC (Allocation Failure) 2017-05-22T09:29:20.792+0000: 1636.823: [ParNew
Desired survivor size 20112992 bytes, new threshold 8 (max 8)
- age   1:     145544 bytes,     145544 total
- age   2:       3544 bytes,     149088 total
- age   3:       3488 bytes,     152576 total
- age   4:      20592 bytes,     173168 total
- age   5:       3248 bytes,     176416 total
- age   6:      11832 bytes,     188248 total
- age   7:       3176 bytes,     191424 total
- age   8:       3000 bytes,     194424 total
: 87905K->248K(109248K), 0.0057585 secs] 132035K->44403K(502464K), 0.0058468 secs] [Times: user=0.02 sys=0.01, real=0.01 secs] 
Heap after GC invocations=174 (full 1):
 par new generation   total 109248K, used 248K [0x00000000e0000000, 0x00000000e8000000, 0x00000000e8000000)
  eden space 87424K,   0% used [0x00000000e0000000, 0x00000000e0000000, 0x00000000e5560000)
  from space 21824K,   1% used [0x00000000e5560000, 0x00000000e559e1c8, 0x00000000e6ab0000)
  to   space 21824K,   0% used [0x00000000e6ab0000, 0x00000000e6ab0000, 0x00000000e8000000)
 concurrent mark-sweep generation total 393216K, used 44155K [0x00000000e8000000, 0x0000000100000000, 0x0000000100000000)
 Metaspace       used 37357K, capacity 37946K, committed 38288K, reserved 1083392K
  class space    used 4215K, capacity 4437K, committed 4528K, reserved 1048576K
}
2017-05-22T09:29:20.797+0000: 1636.829: Total time for which application threads were stopped: 0.0060529 seconds, Stopping threads took: 0.0000237 seconds
{Heap before GC invocations=174 (full 1):
 par new generation   total 109248K, used 87672K [0x00000000e0000000, 0x00000000e8000000, 0x00000000e8000000)
  eden space 87424K, 100% used [0x00000000e0000000, 0x00000000e5560000, 0x00000000e5560000)
  from space 21824K,   1% used [0x00000000e5560000, 0x00000000e559e1c8, 0x00000000e6ab0000)
  to   space 21824K,   0% used [0x00000000e6ab0000, 0x00000000e6ab0000, 0x00000000e8000000)
 concurrent mark-sweep generation total 393216K, used 44155K [0x00000000e8000000, 0x0000000100000000, 0x0000000100000000)
 Metaspace       used 37357K, capacity 37946K, committed 38288K, reserved 1083392K
  class space    used 4215K, capacity 4437K, committed 4528K, reserved 1048576K
2017-05-22T09:29:20.956+0000: 1636.988: [GC (Allocation Failure) 2017-05-22T09:29:20.956+0000: 1636.988: [ParNew
Desired survivor size 20112992 bytes, new threshold 8 (max 8)
- age   1:     196536 bytes,     196536 total
- age   2:       2704 bytes,     199240 total
- age   3:       3504 bytes,     202744 total
- age   4:       3488 bytes,     206232 total
- age   5:      20592 bytes,     226824 total
- age   6:       3248 bytes,     230072 total
- age   7:      11832 bytes,     241904 total
- age   8:       3176 bytes,     245080 total
: 87672K->266K(109248K), 0.0074352 secs] 131827K->44424K(502464K), 0.0075416 secs] [Times: user=0.03 sys=0.00, real=0.01 secs] 
Heap after GC invocations=175 (full 1):
 par new generation   total 109248K, used 266K [0x00000000e0000000, 0x00000000e8000000, 0x00000000e8000000)
  eden space 87424K,   0% used [0x00000000e0000000, 0x00000000e0000000, 0x00000000e5560000)
  from space 21824K,   1% used [0x00000000e6ab0000, 0x00000000e6af2ae0, 0x00000000e8000000)
  to   space 21824K,   0% used [0x00000000e5560000, 0x00000000e5560000, 0x00000000e6ab0000)
 concurrent mark-sweep generation total 393216K, used 44158K [0x00000000e8000000, 0x0000000100000000, 0x0000000100000000)
 Metaspace       used 37357K, capacity 37946K, committed 38288K, reserved 1083392K
  class space    used 4215K, capacity 4437K, committed 4528K, reserved 1048576K
}
2017-05-22T09:29:20.964+0000: 1636.995: Total time for which application threads were stopped: 0.0077685 seconds, Stopping threads took: 0.0000258 seconds
2017-05-22T09:29:21.964+0000: 1637.996: Total time for which application threads were stopped: 0.0001352 seconds, Stopping threads took: 0.0000414 seconds
{Heap before GC invocations=175 (full 1):
 par new generation   total 109248K, used 87690K [0x00000000e0000000, 0x00000000e8000000, 0x00000000e8000000)
  eden space 87424K, 100% used [0x00000000e0000000, 0x00000000e5560000, 0x00000000e5560000)
  from space 21824K,   1% used [0x00000000e6ab0000, 0x00000000e6af2ae0, 0x00000000e8000000)
  to   space 21824K,   0% used [0x00000000e5560000, 0x00000000e5560000, 0x00000000e6ab0000)
 concurrent mark-sweep generation total 393216K, used 44158K [0x00000000e8000000, 0x0000000100000000, 0x0000000100000000)
 Metaspace       used 37357K, capacity 37946K, committed 38288K, reserved 1083392K
  class space    used 4215K, capacity 4437K, committed 4528K, reserved 1048576K
2017-05-22T09:29:26.108+0000: 1642.139: [GC (Allocation Failure) 2017-05-22T09:29:26.108+0000: 1642.139: [ParNew
Desired survivor size 20112992 bytes, new threshold 8 (max 8)
- age   1:     380016 bytes,     380016 total
- age   2:       2920 bytes,     382936 total
- age   3:       2664 bytes,     385600 total
- age   4:       3056 bytes,     388656 total
- age   5:       2592 bytes,     391248 total
- age   6:      20368 bytes,     411616 total
- age   7:       3248 bytes,     414864 total
- age   8:      11832 bytes,     426696 total
: 87690K->566K(109248K), 0.0067916 secs] 131848K->44728K(502464K), 0.0068763 secs] [Times: user=0.02 sys=0.00, real=0.00 secs] 
Heap after GC invocations=176 (full 1):
 par new generation   total 109248K, used 566K [0x00000000e0000000, 0x00000000e8000000, 0x00000000e8000000)
  eden space 87424K,   0% used [0x00000000e0000000, 0x00000000e0000000, 0x00000000e5560000)
  from space 21824K,   2% used [0x00000000e5560000, 0x00000000e55edbb8, 0x00000000e6ab0000)
  to   space 21824K,   0% used [0x00000000e6ab0000, 0x00000000e6ab0000, 0x00000000e8000000)
 concurrent mark-sweep generation total 393216K, used 44161K [0x00000000e8000000, 0x0000000100000000, 0x0000000100000000)
 Metaspace       used 37357K, capacity 37946K, committed 38288K, reserved 1083392K
  class space    used 4215K, capacity 4437K, committed 4528K, reserved 1048576K
}
2017-05-22T09:29:26.115+0000: 1642.146: Total time for which application threads were stopped: 0.0070788 seconds, Stopping threads took: 0.0000223 seconds
{Heap before GC invocations=176 (full 1):
 par new generation   total 109248K, used 87990K [0x00000000e0000000, 0x00000000e8000000, 0x00000000e8000000)
  eden space 87424K, 100% used [0x00000000e0000000, 0x00000000e5560000, 0x00000000e5560000)
  from space 21824K,   2% used [0x00000000e5560000, 0x00000000e55edbb8, 0x00000000e6ab0000)
  to   space 21824K,   0% used [0x00000000e6ab0000, 0x00000000e6ab0000, 0x00000000e8000000)
 concurrent mark-sweep generation total 393216K, used 44161K [0x00000000e8000000, 0x0000000100000000, 0x0000000100000000)
 Metaspace       used 37357K, capacity 37946K, committed 38288K, reserved 1083392K
  class space    used 4215K, capacity 4437K, committed 4528K, reserved 1048576K
2017-05-22T09:29:26.315+0000: 1642.346: [GC (Allocation Failure) 2017-05-22T09:29:26.315+0000: 1642.347: [ParNew
Desired survivor size 20112992 bytes, new threshold 8 (max 8)
- age   1:     149048 bytes,     149048 total
- age   2:      21816 bytes,     170864 total
- age   3:       2880 bytes,     173744 total
- age   4:       2664 bytes,     176408 total
- age   5:       3056 bytes,     179464 total
- age   6:       2592 bytes,     182056 total
- age   7:      20368 bytes,     202424 total
- age   8:       3248 bytes,     205672 total
: 87990K->311K(109248K), 0.0073038 secs] 132152K->44484K(502464K), 0.0073945 secs] [Times: user=0.02 sys=0.00, real=0.01 secs] 
Heap after GC invocations=177 (full 1):
 par new generation   total 109248K, used 311K [0x00000000e0000000, 0x00000000e8000000, 0x00000000e8000000)
  eden space 87424K,   0% used [0x00000000e0000000, 0x00000000e0000000, 0x00000000e5560000)
  from space 21824K,   1% used [0x00000000e6ab0000, 0x00000000e6afdee0, 0x00000000e8000000)
  to   space 21824K,   0% used [0x00000000e5560000, 0x00000000e5560000, 0x00000000e6ab0000)
 concurrent mark-sweep generation total 393216K, used 44172K [0x00000000e8000000, 0x0000000100000000, 0x0000000100000000)
 Metaspace       used 37357K, capacity 37946K, committed 38288K, reserved 1083392K
  class space    used 4215K, capacity 4437K, committed 4528K, reserved 1048576K
}
2017-05-22T09:29:26.322+0000: 1642.354: Total time for which application threads were stopped: 0.0076055 seconds, Stopping threads took: 0.0000220 seconds
{Heap before GC invocations=177 (full 1):
 par new generation   total 109248K, used 87720K [0x00000000e0000000, 0x00000000e8000000, 0x00000000e8000000)
  eden space 87424K,  99% used [0x00000000e0000000, 0x00000000e555c3c8, 0x00000000e5560000)
  from space 21824K,   1% used [0x00000000e6ab0000, 0x00000000e6afdee0, 0x00000000e8000000)
  to   space 21824K,   0% used [0x00000000e5560000, 0x00000000e5560000, 0x00000000e6ab0000)
 concurrent mark-sweep generation total 393216K, used 44172K [0x00000000e8000000, 0x0000000100000000, 0x0000000100000000)
 Metaspace       used 37357K, capacity 37946K, committed 38288K, reserved 1083392K
  class space    used 4215K, capacity 4437K, committed 4528K, reserved 1048576K
2017-05-22T09:29:26.485+0000: 1642.516: [GC (Allocation Failure) 2017-05-22T09:29:26.485+0000: 1642.516: [ParNew
Desired survivor size 20112992 bytes, new threshold 8 (max 8)
- age   1:     403008 bytes,     403008 total
- age   2:       3824 bytes,     406832 total
- age   3:      21104 bytes,     427936 total
- age   4:       2880 bytes,     430816 total
- age   5:       2664 bytes,     433480 total
- age   6:       3056 bytes,     436536 total
- age   7:       2592 bytes,     439128 total
- age   8:      20368 bytes,     459496 total
: 87720K->505K(109248K), 0.0088792 secs] 131893K->44681K(502464K), 0.0090775 secs] [Times: user=0.02 sys=0.00, real=0.01 secs] 
Heap after GC invocations=178 (full 1):
 par new generation   total 109248K, used 505K [0x00000000e0000000, 0x00000000e8000000, 0x00000000e8000000)
  eden space 87424K,   0% used [0x00000000e0000000, 0x00000000e0000000, 0x00000000e5560000)
  from space 21824K,   2% used [0x00000000e5560000, 0x00000000e55de4b8, 0x00000000e6ab0000)
  to   space 21824K,   0% used [0x00000000e6ab0000, 0x00000000e6ab0000, 0x00000000e8000000)
 concurrent mark-sweep generation total 393216K, used 44175K [0x00000000e8000000, 0x0000000100000000, 0x0000000100000000)
 Metaspace       used 37357K, capacity 37946K, committed 38288K, reserved 1083392K
  class space    used 4215K, capacity 4437K, committed 4528K, reserved 1048576K
}
2017-05-22T09:29:26.494+0000: 1642.525: Total time for which application threads were stopped: 0.0095903 seconds, Stopping threads took: 0.0000832 seconds
{Heap before GC invocations=178 (full 1):
 par new generation   total 109248K, used 87929K [0x00000000e0000000, 0x00000000e8000000, 0x00000000e8000000)
  eden space 87424K, 100% used [0x00000000e0000000, 0x00000000e5560000, 0x00000000e5560000)
  from space 21824K,   2% used [0x00000000e5560000, 0x00000000e55de4b8, 0x00000000e6ab0000)
  to   space 21824K,   0% used [0x00000000e6ab0000, 0x00000000e6ab0000, 0x00000000e8000000)
 concurrent mark-sweep generation total 393216K, used 44175K [0x00000000e8000000, 0x0000000100000000, 0x0000000100000000)
 Metaspace       used 37357K, capacity 37946K, committed 38288K, reserved 1083392K
  class space    used 4215K, capacity 4437K, committed 4528K, reserved 1048576K
2017-05-22T09:29:26.659+0000: 1642.690: [GC (Allocation Failure) 2017-05-22T09:29:26.659+0000: 1642.690: [ParNew
Desired survivor size 20112992 bytes, new threshold 8 (max 8)
- age   1:     277344 bytes,     277344 total
- age   2:       2984 bytes,     280328 total
- age   3:       3560 bytes,     283888 total
- age   4:      20880 bytes,     304768 total
- age   5:       2880 bytes,     307648 total
- age   6:       2664 bytes,     310312 total
- age   7:       3056 bytes,     313368 total
- age   8:       2592 bytes,     315960 total
: 87929K->520K(109248K), 0.0104273 secs] 132105K->44716K(502464K), 0.0105325 secs] [Times: user=0.03 sys=0.00, real=0.01 secs] 
Heap after GC invocations=179 (full 1):
 par new generation   total 109248K, used 520K [0x00000000e0000000, 0x00000000e8000000, 0x00000000e8000000)
  eden space 87424K,   0% used [0x00000000e0000000, 0x00000000e0000000, 0x00000000e5560000)
  from space 21824K,   2% used [0x00000000e6ab0000, 0x00000000e6b322c0, 0x00000000e8000000)
  to   space 21824K,   0% used [0x00000000e5560000, 0x00000000e5560000, 0x00000000e6ab0000)
 concurrent mark-sweep generation total 393216K, used 44195K [0x00000000e8000000, 0x0000000100000000, 0x0000000100000000)
 Metaspace       used 37357K, capacity 37946K, committed 38288K, reserved 1083392K
  class space    used 4215K, capacity 4437K, committed 4528K, reserved 1048576K
}
2017-05-22T09:29:26.669+0000: 1642.701: Total time for which application threads were stopped: 0.0107740 seconds, Stopping threads took: 0.0000326 seconds
{Heap before GC invocations=179 (full 1):
 par new generation   total 109248K, used 87944K [0x00000000e0000000, 0x00000000e8000000, 0x00000000e8000000)
  eden space 87424K, 100% used [0x00000000e0000000, 0x00000000e5560000, 0x00000000e5560000)
  from space 21824K,   2% used [0x00000000e6ab0000, 0x00000000e6b322c0, 0x00000000e8000000)
  to   space 21824K,   0% used [0x00000000e5560000, 0x00000000e5560000, 0x00000000e6ab0000)
 concurrent mark-sweep generation total 393216K, used 44195K [0x00000000e8000000, 0x0000000100000000, 0x0000000100000000)
 Metaspace       used 37357K, capacity 37946K, committed 38288K, reserved 1083392K
  class space    used 4215K, capacity 4437K, committed 4528K, reserved 1048576K
2017-05-22T09:29:26.874+0000: 1642.905: [GC (Allocation Failure) 2017-05-22T09:29:26.874+0000: 1642.905: [ParNew
Desired survivor size 20112992 bytes, new threshold 8 (max 8)
- age   1:     401248 bytes,     401248 total
- age   2:       3392 bytes,     404640 total
- age   3:       2720 bytes,     407360 total
- age   4:       3112 bytes,     410472 total
- age   5:      20880 bytes,     431352 total
- age   6:       2880 bytes,     434232 total
- age   7:       2664 bytes,     436896 total
- age   8:       3056 bytes,     439952 total
: 87944K->450K(109248K), 0.0131632 secs] 132140K->44649K(502464K), 0.0133313 secs] [Times: user=0.03 sys=0.00, real=0.02 secs] 
Heap after GC invocations=180 (full 1):
 par new generation   total 109248K, used 450K [0x00000000e0000000, 0x00000000e8000000, 0x00000000e8000000)
  eden space 87424K,   0% used [0x00000000e0000000, 0x00000000e0000000, 0x00000000e5560000)
  from space 21824K,   2% used [0x00000000e5560000, 0x00000000e55d0af8, 0x00000000e6ab0000)
  to   space 21824K,   0% used [0x00000000e6ab0000, 0x00000000e6ab0000, 0x00000000e8000000)
 concurrent mark-sweep generation total 393216K, used 44198K [0x00000000e8000000, 0x0000000100000000, 0x0000000100000000)
 Metaspace       used 37357K, capacity 37946K, committed 38288K, reserved 1083392K
  class space    used 4215K, capacity 4437K, committed 4528K, reserved 1048576K
}
2017-05-22T09:29:26.887+0000: 1642.918: Total time for which application threads were stopped: 0.0137173 seconds, Stopping threads took: 0.0000749 seconds
{Heap before GC invocations=180 (full 1):
 par new generation   total 109248K, used 87874K [0x00000000e0000000, 0x00000000e8000000, 0x00000000e8000000)
  eden space 87424K, 100% used [0x00000000e0000000, 0x00000000e5560000, 0x00000000e5560000)
  from space 21824K,   2% used [0x00000000e5560000, 0x00000000e55d0af8, 0x00000000e6ab0000)
  to   space 21824K,   0% used [0x00000000e6ab0000, 0x00000000e6ab0000, 0x00000000e8000000)
 concurrent mark-sweep generation total 393216K, used 44198K [0x00000000e8000000, 0x0000000100000000, 0x0000000100000000)
 Metaspace       used 37357K, capacity 37946K, committed 38288K, reserved 1083392K
  class space    used 4215K, capacity 4437K, committed 4528K, reserved 1048576K
2017-05-22T09:29:27.046+0000: 1643.077: [GC (Allocation Failure) 2017-05-22T09:29:27.046+0000: 1643.077: [ParNew
Desired survivor size 20112992 bytes, new threshold 8 (max 8)
- age   1:     200576 bytes,     200576 total
- age   2:       4360 bytes,     204936 total
- age   3:       2904 bytes,     207840 total
- age   4:       2720 bytes,     210560 total
- age   5:       3112 bytes,     213672 total
- age   6:      20880 bytes,     234552 total
- age   7:       2880 bytes,     237432 total
- age   8:       2664 bytes,     240096 total
: 87874K->363K(109248K), 0.0068401 secs] 132073K->44564K(502464K), 0.0069405 secs] [Times: user=0.02 sys=0.00, real=0.00 secs] 
Heap after GC invocations=181 (full 1):
 par new generation   total 109248K, used 363K [0x00000000e0000000, 0x00000000e8000000, 0x00000000e8000000)
  eden space 87424K,   0% used [0x00000000e0000000, 0x00000000e0000000, 0x00000000e5560000)
  from space 21824K,   1% used [0x00000000e6ab0000, 0x00000000e6b0ace0, 0x00000000e8000000)
  to   space 21824K,   0% used [0x00000000e5560000, 0x00000000e5560000, 0x00000000e6ab0000)
 concurrent mark-sweep generation total 393216K, used 44201K [0x00000000e8000000, 0x0000000100000000, 0x0000000100000000)
 Metaspace       used 37357K, capacity 37946K, committed 38288K, reserved 1083392K
  class space    used 4215K, capacity 4437K, committed 4528K, reserved 1048576K
}
2017-05-22T09:29:27.053+0000: 1643.084: Total time for which application threads were stopped: 0.0071461 seconds, Stopping threads took: 0.0000238 seconds
2017-05-22T09:29:28.053+0000: 1644.084: Total time for which application threads were stopped: 0.0002425 seconds, Stopping threads took: 0.0000456 seconds
{Heap before GC invocations=181 (full 1):
 par new generation   total 109248K, used 87787K [0x00000000e0000000, 0x00000000e8000000, 0x00000000e8000000)
  eden space 87424K, 100% used [0x00000000e0000000, 0x00000000e5560000, 0x00000000e5560000)
  from space 21824K,   1% used [0x00000000e6ab0000, 0x00000000e6b0ace0, 0x00000000e8000000)
  to   space 21824K,   0% used [0x00000000e5560000, 0x00000000e5560000, 0x00000000e6ab0000)
 concurrent mark-sweep generation total 393216K, used 44201K [0x00000000e8000000, 0x0000000100000000, 0x0000000100000000)
 Metaspace       used 37357K, capacity 37946K, committed 38288K, reserved 1083392K
  class space    used 4215K, capacity 4437K, committed 4528K, reserved 1048576K
2017-05-22T09:29:29.289+0000: 1645.320: [GC (Allocation Failure) 2017-05-22T09:29:29.289+0000: 1645.320: [ParNew
Desired survivor size 20112992 bytes, new threshold 8 (max 8)
- age   1:     438280 bytes,     438280 total
- age   2:       3128 bytes,     441408 total
- age   3:       3424 bytes,     444832 total
- age   4:       2904 bytes,     447736 total
- age   5:       2720 bytes,     450456 total
- age   6:       2664 bytes,     453120 total
- age   7:      20880 bytes,     474000 total
- age   8:       2880 bytes,     476880 total
: 87787K->547K(109248K), 0.0145182 secs] 131988K->44751K(502464K), 0.0146986 secs] [Times: user=0.03 sys=0.00, real=0.01 secs] 
Heap after GC invocations=182 (full 1):
 par new generation   total 109248K, used 547K [0x00000000e0000000, 0x00000000e8000000, 0x00000000e8000000)
  eden space 87424K,   0% used [0x00000000e0000000, 0x00000000e0000000, 0x00000000e5560000)
  from space 21824K,   2% used [0x00000000e5560000, 0x00000000e55e8d70, 0x00000000e6ab0000)
  to   space 21824K,   0% used [0x00000000e6ab0000, 0x00000000e6ab0000, 0x00000000e8000000)
 concurrent mark-sweep generation total 393216K, used 44203K [0x00000000e8000000, 0x0000000100000000, 0x0000000100000000)
 Metaspace       used 37357K, capacity 37946K, committed 38288K, reserved 1083392K
  class space    used 4215K, capacity 4437K, committed 4528K, reserved 1048576K
}
2017-05-22T09:29:29.303+0000: 1645.335: Total time for which application threads were stopped: 0.0150260 seconds, Stopping threads took: 0.0000313 seconds
{Heap before GC invocations=182 (full 1):
 par new generation   total 109248K, used 87971K [0x00000000e0000000, 0x00000000e8000000, 0x00000000e8000000)
  eden space 87424K, 100% used [0x00000000e0000000, 0x00000000e5560000, 0x00000000e5560000)
  from space 21824K,   2% used [0x00000000e5560000, 0x00000000e55e8d70, 0x00000000e6ab0000)
  to   space 21824K,   0% used [0x00000000e6ab0000, 0x00000000e6ab0000, 0x00000000e8000000)
 concurrent mark-sweep generation total 393216K, used 44203K [0x00000000e8000000, 0x0000000100000000, 0x0000000100000000)
 Metaspace       used 37357K, capacity 37946K, committed 38288K, reserved 1083392K
  class space    used 4215K, capacity 4437K, committed 4528K, reserved 1048576K
2017-05-22T09:29:29.480+0000: 1645.512: [GC (Allocation Failure) 2017-05-22T09:29:29.480+0000: 1645.512: [ParNew
Desired survivor size 20112992 bytes, new threshold 8 (max 8)
- age   1:     401768 bytes,     401768 total
- age   2:      21336 bytes,     423104 total
- age   3:       3088 bytes,     426192 total
- age   4:       3424 bytes,     429616 total
- age   5:       2904 bytes,     432520 total
- age   6:       2720 bytes,     435240 total
- age   7:       2664 bytes,     437904 total
- age   8:      20880 bytes,     458784 total
: 87971K->644K(109248K), 0.0067881 secs] 132175K->44851K(502464K), 0.0069499 secs] [Times: user=0.02 sys=0.00, real=0.01 secs] 
Heap after GC invocations=183 (full 1):
 par new generation   total 109248K, used 644K [0x00000000e0000000, 0x00000000e8000000, 0x00000000e8000000)
  eden space 87424K,   0% used [0x00000000e0000000, 0x00000000e0000000, 0x00000000e5560000)
  from space 21824K,   2% used [0x00000000e6ab0000, 0x00000000e6b51230, 0x00000000e8000000)
  to   space 21824K,   0% used [0x00000000e5560000, 0x00000000e5560000, 0x00000000e6ab0000)
 concurrent mark-sweep generation total 393216K, used 44206K [0x00000000e8000000, 0x0000000100000000, 0x0000000100000000)
 Metaspace       used 37357K, capacity 37946K, committed 38288K, reserved 1083392K
  class space    used 4215K, capacity 4437K, committed 4528K, reserved 1048576K
}
2017-05-22T09:29:29.488+0000: 1645.519: Total time for which application threads were stopped: 0.0072963 seconds, Stopping threads took: 0.0000294 seconds
{Heap before GC invocations=183 (full 1):
 par new generation   total 109248K, used 88068K [0x00000000e0000000, 0x00000000e8000000, 0x00000000e8000000)
  eden space 87424K, 100% used [0x00000000e0000000, 0x00000000e5560000, 0x00000000e5560000)
  from space 21824K,   2% used [0x00000000e6ab0000, 0x00000000e6b51230, 0x00000000e8000000)
  to   space 21824K,   0% used [0x00000000e5560000, 0x00000000e5560000, 0x00000000e6ab0000)
 concurrent mark-sweep generation total 393216K, used 44206K [0x00000000e8000000, 0x0000000100000000, 0x0000000100000000)
 Metaspace       used 37357K, capacity 37946K, committed 38288K, reserved 1083392K
  class space    used 4215K, capacity 4437K, committed 4528K, reserved 1048576K
2017-05-22T09:29:29.652+0000: 1645.684: [GC (Allocation Failure) 2017-05-22T09:29:29.652+0000: 1645.684: [ParNew
Desired survivor size 20112992 bytes, new threshold 8 (max 8)
- age   1:     253064 bytes,     253064 total
- age   2:       3296 bytes,     256360 total
- age   3:      20848 bytes,     277208 total
- age   4:       3088 bytes,     280296 total
- age   5:       3424 bytes,     283720 total
- age   6:       2904 bytes,     286624 total
- age   7:       2720 bytes,     289344 total
- age   8:       2664 bytes,     292008 total
: 88068K->455K(109248K), 0.0064679 secs] 132275K->44682K(502464K), 0.0065646 secs] [Times: user=0.02 sys=0.00, real=0.01 secs] 
Heap after GC invocations=184 (full 1):
 par new generation   total 109248K, used 455K [0x00000000e0000000, 0x00000000e8000000, 0x00000000e8000000)
  eden space 87424K,   0% used [0x00000000e0000000, 0x00000000e0000000, 0x00000000e5560000)
  from space 21824K,   2% used [0x00000000e5560000, 0x00000000e55d1ca8, 0x00000000e6ab0000)
  to   space 21824K,   0% used [0x00000000e6ab0000, 0x00000000e6ab0000, 0x00000000e8000000)
 concurrent mark-sweep generation total 393216K, used 44227K [0x00000000e8000000, 0x0000000100000000, 0x0000000100000000)
 Metaspace       used 37357K, capacity 37946K, committed 38288K, reserved 1083392K
  class space    used 4215K, capacity 4437K, committed 4528K, reserved 1048576K
}
2017-05-22T09:29:29.659+0000: 1645.690: Total time for which application threads were stopped: 0.0067635 seconds, Stopping threads took: 0.0000226 seconds
{Heap before GC invocations=184 (full 1):
 par new generation   total 109248K, used 87879K [0x00000000e0000000, 0x00000000e8000000, 0x00000000e8000000)
  eden space 87424K, 100% used [0x00000000e0000000, 0x00000000e5560000, 0x00000000e5560000)
  from space 21824K,   2% used [0x00000000e5560000, 0x00000000e55d1ca8, 0x00000000e6ab0000)
  to   space 21824K,   0% used [0x00000000e6ab0000, 0x00000000e6ab0000, 0x00000000e8000000)
 concurrent mark-sweep generation total 393216K, used 44227K [0x00000000e8000000, 0x0000000100000000, 0x0000000100000000)
 Metaspace       used 37357K, capacity 37946K, committed 38288K, reserved 1083392K
  class space    used 4215K, capacity 4437K, committed 4528K, reserved 1048576K
2017-05-22T09:29:29.818+0000: 1645.850: [GC (Allocation Failure) 2017-05-22T09:29:29.819+0000: 1645.850: [ParNew
Desired survivor size 20112992 bytes, new threshold 8 (max 8)
- age   1:     426368 bytes,     426368 total
- age   2:       3344 bytes,     429712 total
- age   3:       3256 bytes,     432968 total
- age   4:      20400 bytes,     453368 total
- age   5:       3088 bytes,     456456 total
- age   6:       3424 bytes,     459880 total
- age   7:       2904 bytes,     462784 total
- age   8:       2720 bytes,     465504 total
: 87879K->549K(109248K), 0.0068409 secs] 132106K->44778K(502464K), 0.0070136 secs] [Times: user=0.01 sys=0.00, real=0.01 secs] 
Heap after GC invocations=185 (full 1):
 par new generation   total 109248K, used 549K [0x00000000e0000000, 0x00000000e8000000, 0x00000000e8000000)
  eden space 87424K,   0% used [0x00000000e0000000, 0x00000000e0000000, 0x00000000e5560000)
  from space 21824K,   2% used [0x00000000e6ab0000, 0x00000000e6b39470, 0x00000000e8000000)
  to   space 21824K,   0% used [0x00000000e5560000, 0x00000000e5560000, 0x00000000e6ab0000)
 concurrent mark-sweep generation total 393216K, used 44229K [0x00000000e8000000, 0x0000000100000000, 0x0000000100000000)
 Metaspace       used 37357K, capacity 37946K, committed 38288K, reserved 1083392K
  class space    used 4215K, capacity 4437K, committed 4528K, reserved 1048576K
}
2017-05-22T09:29:29.825+0000: 1645.857: Total time for which application threads were stopped: 0.0074390 seconds, Stopping threads took: 0.0000781 seconds
{Heap before GC invocations=185 (full 1):
 par new generation   total 109248K, used 87973K [0x00000000e0000000, 0x00000000e8000000, 0x00000000e8000000)
  eden space 87424K, 100% used [0x00000000e0000000, 0x00000000e5560000, 0x00000000e5560000)
  from space 21824K,   2% used [0x00000000e6ab0000, 0x00000000e6b39470, 0x00000000e8000000)
  to   space 21824K,   0% used [0x00000000e5560000, 0x00000000e5560000, 0x00000000e6ab0000)
 concurrent mark-sweep generation total 393216K, used 44229K [0x00000000e8000000, 0x0000000100000000, 0x0000000100000000)
 Metaspace       used 37357K, capacity 37946K, committed 38288K, reserved 1083392K
  class space    used 4215K, capacity 4437K, committed 4528K, reserved 1048576K
2017-05-22T09:29:29.991+0000: 1646.022: [GC (Allocation Failure) 2017-05-22T09:29:29.991+0000: 1646.022: [ParNew
Desired survivor size 20112992 bytes, new threshold 8 (max 8)
- age   1:     419224 bytes,     419224 total
- age   2:       3496 bytes,     422720 total
- age   3:       3080 bytes,     425800 total
- age   4:       3256 bytes,     429056 total
- age   5:      20400 bytes,     449456 total
- age   6:       3088 bytes,     452544 total
- age   7:       3424 bytes,     455968 total
- age   8:       2904 bytes,     458872 total
: 87973K->606K(109248K), 0.0068925 secs] 132202K->44838K(502464K), 0.0069933 secs] [Times: user=0.02 sys=0.01, real=0.01 secs] 
Heap after GC invocations=186 (full 1):
 par new generation   total 109248K, used 606K [0x00000000e0000000, 0x00000000e8000000, 0x00000000e8000000)
  eden space 87424K,   0% used [0x00000000e0000000, 0x00000000e0000000, 0x00000000e5560000)
  from space 21824K,   2% used [0x00000000e5560000, 0x00000000e55f78d8, 0x00000000e6ab0000)
  to   space 21824K,   0% used [0x00000000e6ab0000, 0x00000000e6ab0000, 0x00000000e8000000)
 concurrent mark-sweep generation total 393216K, used 44232K [0x00000000e8000000, 0x0000000100000000, 0x0000000100000000)
 Metaspace       used 37357K, capacity 37946K, committed 38288K, reserved 1083392K
  class space    used 4215K, capacity 4437K, committed 4528K, reserved 1048576K
}
2017-05-22T09:29:29.998+0000: 1646.029: Total time for which application threads were stopped: 0.0071850 seconds, Stopping threads took: 0.0000229 seconds
2017-05-22T09:29:30.998+0000: 1647.030: Total time for which application threads were stopped: 0.0001595 seconds, Stopping threads took: 0.0000509 seconds
{Heap before GC invocations=186 (full 1):
 par new generation   total 109248K, used 88030K [0x00000000e0000000, 0x00000000e8000000, 0x00000000e8000000)
  eden space 87424K, 100% used [0x00000000e0000000, 0x00000000e5560000, 0x00000000e5560000)
  from space 21824K,   2% used [0x00000000e5560000, 0x00000000e55f78d8, 0x00000000e6ab0000)
  to   space 21824K,   0% used [0x00000000e6ab0000, 0x00000000e6ab0000, 0x00000000e8000000)
 concurrent mark-sweep generation total 393216K, used 44232K [0x00000000e8000000, 0x0000000100000000, 0x0000000100000000)
 Metaspace       used 37361K, capacity 38010K, committed 38288K, reserved 1083392K
  class space    used 4215K, capacity 4437K, committed 4528K, reserved 1048576K
2017-05-22T09:29:37.643+0000: 1653.675: [GC (Allocation Failure) 2017-05-22T09:29:37.643+0000: 1653.675: [ParNew
Desired survivor size 20112992 bytes, new threshold 8 (max 8)
- age   1:     380664 bytes,     380664 total
- age   2:       3120 bytes,     383784 total
- age   3:       2784 bytes,     386568 total
- age   4:       2856 bytes,     389424 total
- age   5:       2808 bytes,     392232 total
- age   6:      20176 bytes,     412408 total
- age   7:       3088 bytes,     415496 total
- age   8:       3424 bytes,     418920 total
: 88030K->572K(109248K), 0.0081483 secs] 132262K->44808K(502464K), 0.0083851 secs] [Times: user=0.03 sys=0.00, real=0.01 secs] 
Heap after GC invocations=187 (full 1):
 par new generation   total 109248K, used 572K [0x00000000e0000000, 0x00000000e8000000, 0x00000000e8000000)
  eden space 87424K,   0% used [0x00000000e0000000, 0x00000000e0000000, 0x00000000e5560000)
  from space 21824K,   2% used [0x00000000e6ab0000, 0x00000000e6b3f3a0, 0x00000000e8000000)
  to   space 21824K,   0% used [0x00000000e5560000, 0x00000000e5560000, 0x00000000e6ab0000)
 concurrent mark-sweep generation total 393216K, used 44235K [0x00000000e8000000, 0x0000000100000000, 0x0000000100000000)
 Metaspace       used 37361K, capacity 38010K, committed 38288K, reserved 1083392K
  class space    used 4215K, capacity 4437K, committed 4528K, reserved 1048576K
}
2017-05-22T09:29:37.652+0000: 1653.683: Total time for which application threads were stopped: 0.0087980 seconds, Stopping threads took: 0.0000491 seconds
2017-05-22T09:29:38.652+0000: 1654.684: Total time for which application threads were stopped: 0.0001849 seconds, Stopping threads took: 0.0000410 seconds
{Heap before GC invocations=187 (full 1):
 par new generation   total 109248K, used 87996K [0x00000000e0000000, 0x00000000e8000000, 0x00000000e8000000)
  eden space 87424K, 100% used [0x00000000e0000000, 0x00000000e5560000, 0x00000000e5560000)
  from space 21824K,   2% used [0x00000000e6ab0000, 0x00000000e6b3f3a0, 0x00000000e8000000)
  to   space 21824K,   0% used [0x00000000e5560000, 0x00000000e5560000, 0x00000000e6ab0000)
 concurrent mark-sweep generation total 393216K, used 44235K [0x00000000e8000000, 0x0000000100000000, 0x0000000100000000)
 Metaspace       used 37361K, capacity 38010K, committed 38288K, reserved 1083392K
  class space    used 4215K, capacity 4437K, committed 4528K, reserved 1048576K
2017-05-22T09:29:41.415+0000: 1657.446: [GC (Allocation Failure) 2017-05-22T09:29:41.415+0000: 1657.446: [ParNew
Desired survivor size 20112992 bytes, new threshold 8 (max 8)
- age   1:     370896 bytes,     370896 total
- age   2:     233408 bytes,     604304 total
- age   3:       3080 bytes,     607384 total
- age   4:       2784 bytes,     610168 total
- age   5:       2856 bytes,     613024 total
- age   6:       2808 bytes,     615832 total
- age   7:      20176 bytes,     636008 total
- age   8:       3088 bytes,     639096 total
: 87996K->759K(109248K), 0.0057682 secs] 132232K->44998K(502464K), 0.0058655 secs] [Times: user=0.02 sys=0.00, real=0.01 secs] 
Heap after GC invocations=188 (full 1):
 par new generation   total 109248K, used 759K [0x00000000e0000000, 0x00000000e8000000, 0x00000000e8000000)
  eden space 87424K,   0% used [0x00000000e0000000, 0x00000000e0000000, 0x00000000e5560000)
  from space 21824K,   3% used [0x00000000e5560000, 0x00000000e561dee0, 0x00000000e6ab0000)
  to   space 21824K,   0% used [0x00000000e6ab0000, 0x00000000e6ab0000, 0x00000000e8000000)
 concurrent mark-sweep generation total 393216K, used 44238K [0x00000000e8000000, 0x0000000100000000, 0x0000000100000000)
 Metaspace       used 37361K, capacity 38010K, committed 38288K, reserved 1083392K
  class space    used 4215K, capacity 4437K, committed 4528K, reserved 1048576K
}
2017-05-22T09:29:41.421+0000: 1657.452: Total time for which application threads were stopped: 0.0060544 seconds, Stopping threads took: 0.0000204 seconds
{Heap before GC invocations=188 (full 1):
 par new generation   total 109248K, used 88183K [0x00000000e0000000, 0x00000000e8000000, 0x00000000e8000000)
  eden space 87424K, 100% used [0x00000000e0000000, 0x00000000e5560000, 0x00000000e5560000)
  from space 21824K,   3% used [0x00000000e5560000, 0x00000000e561dee0, 0x00000000e6ab0000)
  to   space 21824K,   0% used [0x00000000e6ab0000, 0x00000000e6ab0000, 0x00000000e8000000)
 concurrent mark-sweep generation total 393216K, used 44238K [0x00000000e8000000, 0x0000000100000000, 0x0000000100000000)
 Metaspace       used 37361K, capacity 38010K, committed 38288K, reserved 1083392K
  class space    used 4215K, capacity 4437K, committed 4528K, reserved 1048576K
2017-05-22T09:29:41.585+0000: 1657.616: [GC (Allocation Failure) 2017-05-22T09:29:41.585+0000: 1657.616: [ParNew
Desired survivor size 20112992 bytes, new threshold 8 (max 8)
- age   1:     365632 bytes,     365632 total
- age   2:     217928 bytes,     583560 total
- age   3:     233432 bytes,     816992 total
- age   4:       3080 bytes,     820072 total
- age   5:       2784 bytes,     822856 total
- age   6:       2856 bytes,     825712 total
- age   7:       2808 bytes,     828520 total
- age   8:      20176 bytes,     848696 total
: 88183K->1175K(109248K), 0.0066686 secs] 132422K->45416K(502464K), 0.0068180 secs] [Times: user=0.02 sys=0.00, real=0.01 secs] 
Heap after GC invocations=189 (full 1):
 par new generation   total 109248K, used 1175K [0x00000000e0000000, 0x00000000e8000000, 0x00000000e8000000)
  eden space 87424K,   0% used [0x00000000e0000000, 0x00000000e0000000, 0x00000000e5560000)
  from space 21824K,   5% used [0x00000000e6ab0000, 0x00000000e6bd5d60, 0x00000000e8000000)
  to   space 21824K,   0% used [0x00000000e5560000, 0x00000000e5560000, 0x00000000e6ab0000)
 concurrent mark-sweep generation total 393216K, used 44241K [0x00000000e8000000, 0x0000000100000000, 0x0000000100000000)
 Metaspace       used 37361K, capacity 38010K, committed 38288K, reserved 1083392K
  class space    used 4215K, capacity 4437K, committed 4528K, reserved 1048576K
}
2017-05-22T09:29:41.592+0000: 1657.623: Total time for which application threads were stopped: 0.0072145 seconds, Stopping threads took: 0.0000581 seconds
{Heap before GC invocations=189 (full 1):
 par new generation   total 109248K, used 88599K [0x00000000e0000000, 0x00000000e8000000, 0x00000000e8000000)
  eden space 87424K, 100% used [0x00000000e0000000, 0x00000000e5560000, 0x00000000e5560000)
  from space 21824K,   5% used [0x00000000e6ab0000, 0x00000000e6bd5d60, 0x00000000e8000000)
  to   space 21824K,   0% used [0x00000000e5560000, 0x00000000e5560000, 0x00000000e6ab0000)
 concurrent mark-sweep generation total 393216K, used 44241K [0x00000000e8000000, 0x0000000100000000, 0x0000000100000000)
 Metaspace       used 37361K, capacity 38010K, committed 38288K, reserved 1083392K
  class space    used 4215K, capacity 4437K, committed 4528K, reserved 1048576K
2017-05-22T09:29:41.760+0000: 1657.791: [GC (Allocation Failure) 2017-05-22T09:29:41.760+0000: 1657.791: [ParNew
Desired survivor size 20112992 bytes, new threshold 8 (max 8)
- age   1:     146120 bytes,     146120 total
- age   2:       3320 bytes,     149440 total
- age   3:     217928 bytes,     367368 total
- age   4:     233408 bytes,     600776 total
- age   5:       3080 bytes,     603856 total
- age   6:       2784 bytes,     606640 total
- age   7:       2856 bytes,     609496 total
- age   8:       2808 bytes,     612304 total
: 88599K->882K(109248K), 0.0075598 secs] 132840K->45143K(502464K), 0.0077375 secs] [Times: user=0.02 sys=0.00, real=0.01 secs] 
Heap after GC invocations=190 (full 1):
 par new generation   total 109248K, used 882K [0x00000000e0000000, 0x00000000e8000000, 0x00000000e8000000)
  eden space 87424K,   0% used [0x00000000e0000000, 0x00000000e0000000, 0x00000000e5560000)
  from space 21824K,   4% used [0x00000000e5560000, 0x00000000e563cb00, 0x00000000e6ab0000)
  to   space 21824K,   0% used [0x00000000e6ab0000, 0x00000000e6ab0000, 0x00000000e8000000)
 concurrent mark-sweep generation total 393216K, used 44261K [0x00000000e8000000, 0x0000000100000000, 0x0000000100000000)
 Metaspace       used 37361K, capacity 38010K, committed 38288K, reserved 1083392K
  class space    used 4215K, capacity 4437K, committed 4528K, reserved 1048576K
}
2017-05-22T09:29:41.768+0000: 1657.799: Total time for which application threads were stopped: 0.0080343 seconds, Stopping threads took: 0.0000239 seconds
{Heap before GC invocations=190 (full 1):
 par new generation   total 109248K, used 88306K [0x00000000e0000000, 0x00000000e8000000, 0x00000000e8000000)
  eden space 87424K, 100% used [0x00000000e0000000, 0x00000000e5560000, 0x00000000e5560000)
  from space 21824K,   4% used [0x00000000e5560000, 0x00000000e563cb00, 0x00000000e6ab0000)
  to   space 21824K,   0% used [0x00000000e6ab0000, 0x00000000e6ab0000, 0x00000000e8000000)
 concurrent mark-sweep generation total 393216K, used 44261K [0x00000000e8000000, 0x0000000100000000, 0x0000000100000000)
 Metaspace       used 37361K, capacity 38010K, committed 38288K, reserved 1083392K
  class space    used 4215K, capacity 4437K, committed 4528K, reserved 1048576K
2017-05-22T09:29:41.927+0000: 1657.959: [GC (Allocation Failure) 2017-05-22T09:29:41.927+0000: 1657.959: [ParNew
Desired survivor size 20112992 bytes, new threshold 8 (max 8)
- age   1:     174328 bytes,     174328 total
- age   2:       2632 bytes,     176960 total
- age   3:       3280 bytes,     180240 total
- age   4:     217928 bytes,     398168 total
- age   5:     233408 bytes,     631576 total
- age   6:       3080 bytes,     634656 total
- age   7:       2784 bytes,     637440 total
- age   8:       2856 bytes,     640296 total
: 88306K->836K(109248K), 0.0067861 secs] 132567K->45100K(502464K), 0.0069962 secs] [Times: user=0.01 sys=0.01, real=0.00 secs] 
Heap after GC invocations=191 (full 1):
 par new generation   total 109248K, used 836K [0x00000000e0000000, 0x00000000e8000000, 0x00000000e8000000)
  eden space 87424K,   0% used [0x00000000e0000000, 0x00000000e0000000, 0x00000000e5560000)
  from space 21824K,   3% used [0x00000000e6ab0000, 0x00000000e6b811f0, 0x00000000e8000000)
  to   space 21824K,   0% used [0x00000000e5560000, 0x00000000e5560000, 0x00000000e6ab0000)
 concurrent mark-sweep generation total 393216K, used 44263K [0x00000000e8000000, 0x0000000100000000, 0x0000000100000000)
 Metaspace       used 37361K, capacity 38010K, committed 38288K, reserved 1083392K
  class space    used 4215K, capacity 4437K, committed 4528K, reserved 1048576K
}
2017-05-22T09:29:41.934+0000: 1657.966: Total time for which application threads were stopped: 0.0073111 seconds, Stopping threads took: 0.0000282 seconds
{Heap before GC invocations=191 (full 1):
 par new generation   total 109248K, used 88234K [0x00000000e0000000, 0x00000000e8000000, 0x00000000e8000000)
  eden space 87424K,  99% used [0x00000000e0000000, 0x00000000e55598f0, 0x00000000e5560000)
  from space 21824K,   3% used [0x00000000e6ab0000, 0x00000000e6b811f0, 0x00000000e8000000)
  to   space 21824K,   0% used [0x00000000e5560000, 0x00000000e5560000, 0x00000000e6ab0000)
 concurrent mark-sweep generation total 393216K, used 44263K [0x00000000e8000000, 0x0000000100000000, 0x0000000100000000)
 Metaspace       used 37361K, capacity 38010K, committed 38288K, reserved 1083392K
  class space    used 4215K, capacity 4437K, committed 4528K, reserved 1048576K
2017-05-22T09:29:42.101+0000: 1658.132: [GC (Allocation Failure) 2017-05-22T09:29:42.101+0000: 1658.133: [ParNew
Desired survivor size 20112992 bytes, new threshold 8 (max 8)
- age   1:     397264 bytes,     397264 total
- age   2:       3072 bytes,     400336 total
- age   3:       2592 bytes,     402928 total
- age   4:       3280 bytes,     406208 total
- age   5:     217704 bytes,     623912 total
- age   6:     233408 bytes,     857320 total
- age   7:       3080 bytes,     860400 total
- age   8:       2784 bytes,     863184 total
: 88234K->1033K(109248K), 0.0091469 secs] 132498K->45300K(502464K), 0.0092345 secs] [Times: user=0.02 sys=0.00, real=0.01 secs] 
Heap after GC invocations=192 (full 1):
 par new generation   total 109248K, used 1033K [0x00000000e0000000, 0x00000000e8000000, 0x00000000e8000000)
  eden space 87424K,   0% used [0x00000000e0000000, 0x00000000e0000000, 0x00000000e5560000)
  from space 21824K,   4% used [0x00000000e5560000, 0x00000000e56627a0, 0x00000000e6ab0000)
  to   space 21824K,   0% used [0x00000000e6ab0000, 0x00000000e6ab0000, 0x00000000e8000000)
 concurrent mark-sweep generation total 393216K, used 44266K [0x00000000e8000000, 0x0000000100000000, 0x0000000100000000)
 Metaspace       used 37361K, capacity 38010K, committed 38288K, reserved 1083392K
  class space    used 4215K, capacity 4437K, committed 4528K, reserved 1048576K
}
2017-05-22T09:29:42.110+0000: 1658.142: Total time for which application threads were stopped: 0.0094356 seconds, Stopping threads took: 0.0000217 seconds
2017-05-22T09:29:43.111+0000: 1659.142: Total time for which application threads were stopped: 0.0001870 seconds, Stopping threads took: 0.0000396 seconds
{Heap before GC invocations=192 (full 1):
 par new generation   total 109248K, used 88457K [0x00000000e0000000, 0x00000000e8000000, 0x00000000e8000000)
  eden space 87424K, 100% used [0x00000000e0000000, 0x00000000e5560000, 0x00000000e5560000)
  from space 21824K,   4% used [0x00000000e5560000, 0x00000000e56627a0, 0x00000000e6ab0000)
  to   space 21824K,   0% used [0x00000000e6ab0000, 0x00000000e6ab0000, 0x00000000e8000000)
 concurrent mark-sweep generation total 393216K, used 44266K [0x00000000e8000000, 0x0000000100000000, 0x0000000100000000)
 Metaspace       used 37365K, capacity 38010K, committed 38288K, reserved 1083392K
  class space    used 4215K, capacity 4437K, committed 4528K, reserved 1048576K
2017-05-22T09:30:04.407+0000: 1680.438: [GC (Allocation Failure) 2017-05-22T09:30:04.407+0000: 1680.438: [ParNew
Desired survivor size 20112992 bytes, new threshold 8 (max 8)
- age   1:     480696 bytes,     480696 total
- age   2:       3168 bytes,     483864 total
- age   3:       3032 bytes,     486896 total
- age   4:       2592 bytes,     489488 total
- age   5:       2832 bytes,     492320 total
- age   6:     216808 bytes,     709128 total
- age   7:     233408 bytes,     942536 total
- age   8:       3080 bytes,     945616 total
: 88457K->1423K(109248K), 0.0074750 secs] 132724K->45693K(502464K), 0.0075717 secs] [Times: user=0.02 sys=0.00, real=0.00 secs] 
Heap after GC invocations=193 (full 1):
 par new generation   total 109248K, used 1423K [0x00000000e0000000, 0x00000000e8000000, 0x00000000e8000000)
  eden space 87424K,   0% used [0x00000000e0000000, 0x00000000e0000000, 0x00000000e5560000)
  from space 21824K,   6% used [0x00000000e6ab0000, 0x00000000e6c13e40, 0x00000000e8000000)
  to   space 21824K,   0% used [0x00000000e5560000, 0x00000000e5560000, 0x00000000e6ab0000)
 concurrent mark-sweep generation total 393216K, used 44269K [0x00000000e8000000, 0x0000000100000000, 0x0000000100000000)
 Metaspace       used 37365K, capacity 38010K, committed 38288K, reserved 1083392K
  class space    used 4215K, capacity 4437K, committed 4528K, reserved 1048576K
}
2017-05-22T09:30:04.414+0000: 1680.446: Total time for which application threads were stopped: 0.0078235 seconds, Stopping threads took: 0.0000492 seconds
{Heap before GC invocations=193 (full 1):
 par new generation   total 109248K, used 88847K [0x00000000e0000000, 0x00000000e8000000, 0x00000000e8000000)
  eden space 87424K, 100% used [0x00000000e0000000, 0x00000000e5560000, 0x00000000e5560000)
  from space 21824K,   6% used [0x00000000e6ab0000, 0x00000000e6c13e40, 0x00000000e8000000)
  to   space 21824K,   0% used [0x00000000e5560000, 0x00000000e5560000, 0x00000000e6ab0000)
 concurrent mark-sweep generation total 393216K, used 44269K [0x00000000e8000000, 0x0000000100000000, 0x0000000100000000)
 Metaspace       used 37368K, capacity 38010K, committed 38288K, reserved 1083392K
  class space    used 4215K, capacity 4437K, committed 4528K, reserved 1048576K
2017-05-22T09:30:04.586+0000: 1680.617: [GC (Allocation Failure) 2017-05-22T09:30:04.586+0000: 1680.617: [ParNew
Desired survivor size 20112992 bytes, new threshold 8 (max 8)
- age   1:     197128 bytes,     197128 total
- age   2:     100576 bytes,     297704 total
- age   3:       3128 bytes,     300832 total
- age   4:       3032 bytes,     303864 total
- age   5:       2592 bytes,     306456 total
- age   6:       2832 bytes,     309288 total
- age   7:     216808 bytes,     526096 total
- age   8:     233408 bytes,     759504 total
: 88847K->1021K(109248K), 0.0063078 secs] 133117K->45294K(502464K), 0.0064691 secs] [Times: user=0.02 sys=0.00, real=0.00 secs] 
Heap after GC invocations=194 (full 1):
 par new generation   total 109248K, used 1021K [0x00000000e0000000, 0x00000000e8000000, 0x00000000e8000000)
  eden space 87424K,   0% used [0x00000000e0000000, 0x00000000e0000000, 0x00000000e5560000)
  from space 21824K,   4% used [0x00000000e5560000, 0x00000000e565f7d0, 0x00000000e6ab0000)
  to   space 21824K,   0% used [0x00000000e6ab0000, 0x00000000e6ab0000, 0x00000000e8000000)
 concurrent mark-sweep generation total 393216K, used 44272K [0x00000000e8000000, 0x0000000100000000, 0x0000000100000000)
 Metaspace       used 37368K, capacity 38010K, committed 38288K, reserved 1083392K
  class space    used 4215K, capacity 4437K, committed 4528K, reserved 1048576K
}
2017-05-22T09:30:04.592+0000: 1680.624: Total time for which application threads were stopped: 0.0068067 seconds, Stopping threads took: 0.0000300 seconds
{Heap before GC invocations=194 (full 1):
 par new generation   total 109248K, used 88445K [0x00000000e0000000, 0x00000000e8000000, 0x00000000e8000000)
  eden space 87424K, 100% used [0x00000000e0000000, 0x00000000e5560000, 0x00000000e5560000)
  from space 21824K,   4% used [0x00000000e5560000, 0x00000000e565f7d0, 0x00000000e6ab0000)
  to   space 21824K,   0% used [0x00000000e6ab0000, 0x00000000e6ab0000, 0x00000000e8000000)
 concurrent mark-sweep generation total 393216K, used 44272K [0x00000000e8000000, 0x0000000100000000, 0x0000000100000000)
 Metaspace       used 37368K, capacity 38010K, committed 38288K, reserved 1083392K
  class space    used 4215K, capacity 4437K, committed 4528K, reserved 1048576K
2017-05-22T09:30:04.781+0000: 1680.813: [GC (Allocation Failure) 2017-05-22T09:30:04.781+0000: 1680.813: [ParNew
Desired survivor size 20112992 bytes, new threshold 8 (max 8)
- age   1:     387384 bytes,     387384 total
- age   2:      82256 bytes,     469640 total
- age   3:      99864 bytes,     569504 total
- age   4:       3128 bytes,     572632 total
- age   5:       3032 bytes,     575664 total
- age   6:       2592 bytes,     578256 total
- age   7:       2832 bytes,     581088 total
- age   8:     216808 bytes,     797896 total
: 88445K->1045K(109248K), 0.0156734 secs] 132718K->45548K(502464K), 0.0157842 secs] [Times: user=0.04 sys=0.00, real=0.01 secs] 
Heap after GC invocations=195 (full 1):
 par new generation   total 109248K, used 1045K [0x00000000e0000000, 0x00000000e8000000, 0x00000000e8000000)
  eden space 87424K,   0% used [0x00000000e0000000, 0x00000000e0000000, 0x00000000e5560000)
  from space 21824K,   4% used [0x00000000e6ab0000, 0x00000000e6bb57c8, 0x00000000e8000000)
  to   space 21824K,   0% used [0x00000000e5560000, 0x00000000e5560000, 0x00000000e6ab0000)
 concurrent mark-sweep generation total 393216K, used 44502K [0x00000000e8000000, 0x0000000100000000, 0x0000000100000000)
 Metaspace       used 37368K, capacity 38010K, committed 38288K, reserved 1083392K
  class space    used 4215K, capacity 4437K, committed 4528K, reserved 1048576K
}
2017-05-22T09:30:04.797+0000: 1680.829: Total time for which application threads were stopped: 0.0160481 seconds, Stopping threads took: 0.0000261 seconds
{Heap before GC invocations=195 (full 1):
 par new generation   total 109248K, used 88469K [0x00000000e0000000, 0x00000000e8000000, 0x00000000e8000000)
  eden space 87424K, 100% used [0x00000000e0000000, 0x00000000e5560000, 0x00000000e5560000)
  from space 21824K,   4% used [0x00000000e6ab0000, 0x00000000e6bb57c8, 0x00000000e8000000)
  to   space 21824K,   0% used [0x00000000e5560000, 0x00000000e5560000, 0x00000000e6ab0000)
 concurrent mark-sweep generation total 393216K, used 44502K [0x00000000e8000000, 0x0000000100000000, 0x0000000100000000)
 Metaspace       used 37368K, capacity 38010K, committed 38288K, reserved 1083392K
  class space    used 4215K, capacity 4437K, committed 4528K, reserved 1048576K
2017-05-22T09:30:04.972+0000: 1681.004: [GC (Allocation Failure) 2017-05-22T09:30:04.972+0000: 1681.004: [ParNew
Desired survivor size 20112992 bytes, new threshold 8 (max 8)
- age   1:     393808 bytes,     393808 total
- age   2:       5240 bytes,     399048 total
- age   3:      82256 bytes,     481304 total
- age   4:      99416 bytes,     580720 total
- age   5:       3128 bytes,     583848 total
- age   6:       3032 bytes,     586880 total
- age   7:       2592 bytes,     589472 total
- age   8:       2832 bytes,     592304 total
: 88469K->774K(109248K), 0.0094860 secs] 132972K->45490K(502464K), 0.0096673 secs] [Times: user=0.03 sys=0.00, real=0.01 secs] 
Heap after GC invocations=196 (full 1):
 par new generation   total 109248K, used 774K [0x00000000e0000000, 0x00000000e8000000, 0x00000000e8000000)
  eden space 87424K,   0% used [0x00000000e0000000, 0x00000000e0000000, 0x00000000e5560000)
  from space 21824K,   3% used [0x00000000e5560000, 0x00000000e5621a40, 0x00000000e6ab0000)
  to   space 21824K,   0% used [0x00000000e6ab0000, 0x00000000e6ab0000, 0x00000000e8000000)
 concurrent mark-sweep generation total 393216K, used 44716K [0x00000000e8000000, 0x0000000100000000, 0x0000000100000000)
 Metaspace       used 37368K, capacity 38010K, committed 38288K, reserved 1083392K
  class space    used 4215K, capacity 4437K, committed 4528K, reserved 1048576K
}
2017-05-22T09:30:04.982+0000: 1681.013: Total time for which application threads were stopped: 0.0099917 seconds, Stopping threads took: 0.0000235 seconds
{Heap before GC invocations=196 (full 1):
 par new generation   total 109248K, used 88198K [0x00000000e0000000, 0x00000000e8000000, 0x00000000e8000000)
  eden space 87424K, 100% used [0x00000000e0000000, 0x00000000e5560000, 0x00000000e5560000)
  from space 21824K,   3% used [0x00000000e5560000, 0x00000000e5621a40, 0x00000000e6ab0000)
  to   space 21824K,   0% used [0x00000000e6ab0000, 0x00000000e6ab0000, 0x00000000e8000000)
 concurrent mark-sweep generation total 393216K, used 44716K [0x00000000e8000000, 0x0000000100000000, 0x0000000100000000)
 Metaspace       used 37373K, capacity 38010K, committed 38288K, reserved 1083392K
  class space    used 4215K, capacity 4437K, committed 4528K, reserved 1048576K
2017-05-22T09:30:05.157+0000: 1681.188: [GC (Allocation Failure) 2017-05-22T09:30:05.157+0000: 1681.188: [ParNew
Desired survivor size 20112992 bytes, new threshold 8 (max 8)
- age   1:     427208 bytes,     427208 total
- age   2:       3272 bytes,     430480 total
- age   3:       5200 bytes,     435680 total
- age   4:      82256 bytes,     517936 total
- age   5:      99416 bytes,     617352 total
- age   6:       3128 bytes,     620480 total
- age   7:       3032 bytes,     623512 total
- age   8:       2592 bytes,     626104 total
: 88198K->862K(109248K), 0.0096914 secs] 132914K->45581K(502464K), 0.0097848 secs] [Times: user=0.02 sys=0.00, real=0.02 secs] 
Heap after GC invocations=197 (full 1):
 par new generation   total 109248K, used 862K [0x00000000e0000000, 0x00000000e8000000, 0x00000000e8000000)
  eden space 87424K,   0% used [0x00000000e0000000, 0x00000000e0000000, 0x00000000e5560000)
  from space 21824K,   3% used [0x00000000e6ab0000, 0x00000000e6b87ae8, 0x00000000e8000000)
  to   space 21824K,   0% used [0x00000000e5560000, 0x00000000e5560000, 0x00000000e6ab0000)
 concurrent mark-sweep generation total 393216K, used 44718K [0x00000000e8000000, 0x0000000100000000, 0x0000000100000000)
 Metaspace       used 37373K, capacity 38010K, committed 38288K, reserved 1083392K
  class space    used 4215K, capacity 4437K, committed 4528K, reserved 1048576K
}
2017-05-22T09:30:05.167+0000: 1681.198: Total time for which application threads were stopped: 0.0100408 seconds, Stopping threads took: 0.0000710 seconds
2017-05-22T09:30:06.167+0000: 1682.199: Total time for which application threads were stopped: 0.0003293 seconds, Stopping threads took: 0.0000834 seconds
{Heap before GC invocations=197 (full 1):
 par new generation   total 109248K, used 88286K [0x00000000e0000000, 0x00000000e8000000, 0x00000000e8000000)
  eden space 87424K, 100% used [0x00000000e0000000, 0x00000000e5560000, 0x00000000e5560000)
  from space 21824K,   3% used [0x00000000e6ab0000, 0x00000000e6b87ae8, 0x00000000e8000000)
  to   space 21824K,   0% used [0x00000000e5560000, 0x00000000e5560000, 0x00000000e6ab0000)
 concurrent mark-sweep generation total 393216K, used 44718K [0x00000000e8000000, 0x0000000100000000, 0x0000000100000000)
 Metaspace       used 37377K, capacity 38010K, committed 38288K, reserved 1083392K
  class space    used 4215K, capacity 4437K, committed 4528K, reserved 1048576K
2017-05-22T09:30:06.790+0000: 1682.822: [GC (Allocation Failure) 2017-05-22T09:30:06.791+0000: 1682.822: [ParNew
Desired survivor size 20112992 bytes, new threshold 8 (max 8)
- age   1:     262952 bytes,     262952 total
- age   2:      83032 bytes,     345984 total
- age   3:       3232 bytes,     349216 total
- age   4:       4080 bytes,     353296 total
- age   5:      82256 bytes,     435552 total
- age   6:      98968 bytes,     534520 total
- age   7:       3128 bytes,     537648 total
- age   8:       3032 bytes,     540680 total
: 88286K->692K(109248K), 0.0068790 secs] 133005K->45413K(502464K), 0.0069529 secs] [Times: user=0.02 sys=0.00, real=0.01 secs] 
Heap after GC invocations=198 (full 1):
 par new generation   total 109248K, used 692K [0x00000000e0000000, 0x00000000e8000000, 0x00000000e8000000)
  eden space 87424K,   0% used [0x00000000e0000000, 0x00000000e0000000, 0x00000000e5560000)
  from space 21824K,   3% used [0x00000000e5560000, 0x00000000e560d178, 0x00000000e6ab0000)
  to   space 21824K,   0% used [0x00000000e6ab0000, 0x00000000e6ab0000, 0x00000000e8000000)
 concurrent mark-sweep generation total 393216K, used 44721K [0x00000000e8000000, 0x0000000100000000, 0x0000000100000000)
 Metaspace       used 37377K, capacity 38010K, committed 38288K, reserved 1083392K
  class space    used 4215K, capacity 4437K, committed 4528K, reserved 1048576K
}
2017-05-22T09:30:06.798+0000: 1682.829: Total time for which application threads were stopped: 0.0071449 seconds, Stopping threads took: 0.0000215 seconds
{Heap before GC invocations=198 (full 1):
 par new generation   total 109248K, used 88116K [0x00000000e0000000, 0x00000000e8000000, 0x00000000e8000000)
  eden space 87424K, 100% used [0x00000000e0000000, 0x00000000e5560000, 0x00000000e5560000)
  from space 21824K,   3% used [0x00000000e5560000, 0x00000000e560d178, 0x00000000e6ab0000)
  to   space 21824K,   0% used [0x00000000e6ab0000, 0x00000000e6ab0000, 0x00000000e8000000)
 concurrent mark-sweep generation total 393216K, used 44721K [0x00000000e8000000, 0x0000000100000000, 0x0000000100000000)
 Metaspace       used 37377K, capacity 38010K, committed 38288K, reserved 1083392K
  class space    used 4215K, capacity 4437K, committed 4528K, reserved 1048576K
2017-05-22T09:30:06.977+0000: 1683.008: [GC (Allocation Failure) 2017-05-22T09:30:06.977+0000: 1683.008: [ParNew
Desired survivor size 20112992 bytes, new threshold 8 (max 8)
- age   1:     316904 bytes,     316904 total
- age   2:     150232 bytes,     467136 total
- age   3:      82992 bytes,     550128 total
- age   4:       3232 bytes,     553360 total
- age   5:       4080 bytes,     557440 total
- age   6:      82256 bytes,     639696 total
- age   7:      98968 bytes,     738664 total
- age   8:       3128 bytes,     741792 total
: 88116K->893K(109248K), 0.0065823 secs] 132837K->45617K(502464K), 0.0066773 secs] [Times: user=0.02 sys=0.00, real=0.01 secs] 
Heap after GC invocations=199 (full 1):
 par new generation   total 109248K, used 893K [0x00000000e0000000, 0x00000000e8000000, 0x00000000e8000000)
  eden space 87424K,   0% used [0x00000000e0000000, 0x00000000e0000000, 0x00000000e5560000)
  from space 21824K,   4% used [0x00000000e6ab0000, 0x00000000e6b8f630, 0x00000000e8000000)
  to   space 21824K,   0% used [0x00000000e5560000, 0x00000000e5560000, 0x00000000e6ab0000)
 concurrent mark-sweep generation total 393216K, used 44724K [0x00000000e8000000, 0x0000000100000000, 0x0000000100000000)
 Metaspace       used 37377K, capacity 38010K, committed 38288K, reserved 1083392K
  class space    used 4215K, capacity 4437K, committed 4528K, reserved 1048576K
}
2017-05-22T09:30:06.984+0000: 1683.015: Total time for which application threads were stopped: 0.0068784 seconds, Stopping threads took: 0.0000260 seconds
{Heap before GC invocations=199 (full 1):
 par new generation   total 109248K, used 88317K [0x00000000e0000000, 0x00000000e8000000, 0x00000000e8000000)
  eden space 87424K, 100% used [0x00000000e0000000, 0x00000000e5560000, 0x00000000e5560000)
  from space 21824K,   4% used [0x00000000e6ab0000, 0x00000000e6b8f630, 0x00000000e8000000)
  to   space 21824K,   0% used [0x00000000e5560000, 0x00000000e5560000, 0x00000000e6ab0000)
 concurrent mark-sweep generation total 393216K, used 44724K [0x00000000e8000000, 0x0000000100000000, 0x0000000100000000)
 Metaspace       used 37377K, capacity 38010K, committed 38288K, reserved 1083392K
  class space    used 4215K, capacity 4437K, committed 4528K, reserved 1048576K
2017-05-22T09:30:07.176+0000: 1683.208: [GC (Allocation Failure) 2017-05-22T09:30:07.176+0000: 1683.208: [ParNew
Desired survivor size 20112992 bytes, new threshold 8 (max 8)
- age   1:     290256 bytes,     290256 total
- age   2:       3488 bytes,     293744 total
- age   3:     149520 bytes,     443264 total
- age   4:      82992 bytes,     526256 total
- age   5:       3232 bytes,     529488 total
- age   6:       4080 bytes,     533568 total
- age   7:      82256 bytes,     615824 total
- age   8:      98968 bytes,     714792 total
: 88317K->1224K(109248K), 0.0060968 secs] 133041K->45951K(502464K), 0.0061970 secs] [Times: user=0.02 sys=0.00, real=0.01 secs] 
Heap after GC invocations=200 (full 1):
 par new generation   total 109248K, used 1224K [0x00000000e0000000, 0x00000000e8000000, 0x00000000e8000000)
  eden space 87424K,   0% used [0x00000000e0000000, 0x00000000e0000000, 0x00000000e5560000)
  from space 21824K,   5% used [0x00000000e5560000, 0x00000000e5692080, 0x00000000e6ab0000)
  to   space 21824K,   0% used [0x00000000e6ab0000, 0x00000000e6ab0000, 0x00000000e8000000)
 concurrent mark-sweep generation total 393216K, used 44727K [0x00000000e8000000, 0x0000000100000000, 0x0000000100000000)
 Metaspace       used 37377K, capacity 38010K, committed 38288K, reserved 1083392K
  class space    used 4215K, capacity 4437K, committed 4528K, reserved 1048576K
}
2017-05-22T09:30:07.183+0000: 1683.214: Total time for which application threads were stopped: 0.0063959 seconds, Stopping threads took: 0.0000212 seconds
{Heap before GC invocations=200 (full 1):
 par new generation   total 109248K, used 88648K [0x00000000e0000000, 0x00000000e8000000, 0x00000000e8000000)
  eden space 87424K, 100% used [0x00000000e0000000, 0x00000000e5560000, 0x00000000e5560000)
  from space 21824K,   5% used [0x00000000e5560000, 0x00000000e5692080, 0x00000000e6ab0000)
  to   space 21824K,   0% used [0x00000000e6ab0000, 0x00000000e6ab0000, 0x00000000e8000000)
 concurrent mark-sweep generation total 393216K, used 44727K [0x00000000e8000000, 0x0000000100000000, 0x0000000100000000)
 Metaspace       used 37377K, capacity 38010K, committed 38288K, reserved 1083392K
  class space    used 4215K, capacity 4437K, committed 4528K, reserved 1048576K
2017-05-22T09:30:07.344+0000: 1683.375: [GC (Allocation Failure) 2017-05-22T09:30:07.344+0000: 1683.375: [ParNew
Desired survivor size 20112992 bytes, new threshold 8 (max 8)
- age   1:     246856 bytes,     246856 total
- age   2:       4384 bytes,     251240 total
- age   3:       3448 bytes,     254688 total
- age   4:     149296 bytes,     403984 total
- age   5:      82992 bytes,     486976 total
- age   6:       3232 bytes,     490208 total
- age   7:       4080 bytes,     494288 total
- age   8:      82256 bytes,     576544 total
: 88648K->818K(109248K), 0.0063616 secs] 133375K->45643K(502464K), 0.0064393 secs] [Times: user=0.02 sys=0.00, real=0.01 secs] 
Heap after GC invocations=201 (full 1):
 par new generation   total 109248K, used 818K [0x00000000e0000000, 0x00000000e8000000, 0x00000000e8000000)
  eden space 87424K,   0% used [0x00000000e0000000, 0x00000000e0000000, 0x00000000e5560000)
  from space 21824K,   3% used [0x00000000e6ab0000, 0x00000000e6b7cb50, 0x00000000e8000000)
  to   space 21824K,   0% used [0x00000000e5560000, 0x00000000e5560000, 0x00000000e6ab0000)
 concurrent mark-sweep generation total 393216K, used 44825K [0x00000000e8000000, 0x0000000100000000, 0x0000000100000000)
 Metaspace       used 37377K, capacity 38010K, committed 38288K, reserved 1083392K
  class space    used 4215K, capacity 4437K, committed 4528K, reserved 1048576K
}
2017-05-22T09:30:07.350+0000: 1683.382: Total time for which application threads were stopped: 0.0066360 seconds, Stopping threads took: 0.0000289 seconds
2017-05-22T09:30:08.350+0000: 1684.382: Total time for which application threads were stopped: 0.0001644 seconds, Stopping threads took: 0.0000355 seconds
{Heap before GC invocations=201 (full 1):
 par new generation   total 109248K, used 88242K [0x00000000e0000000, 0x00000000e8000000, 0x00000000e8000000)
  eden space 87424K, 100% used [0x00000000e0000000, 0x00000000e5560000, 0x00000000e5560000)
  from space 21824K,   3% used [0x00000000e6ab0000, 0x00000000e6b7cb50, 0x00000000e8000000)
  to   space 21824K,   0% used [0x00000000e5560000, 0x00000000e5560000, 0x00000000e6ab0000)
 concurrent mark-sweep generation total 393216K, used 44825K [0x00000000e8000000, 0x0000000100000000, 0x0000000100000000)
 Metaspace       used 37377K, capacity 38010K, committed 38288K, reserved 1083392K
  class space    used 4215K, capacity 4437K, committed 4528K, reserved 1048576K
2017-05-22T09:30:09.233+0000: 1685.265: [GC (Allocation Failure) 2017-05-22T09:30:09.233+0000: 1685.265: [ParNew
Desired survivor size 20112992 bytes, new threshold 8 (max 8)
- age   1:     278504 bytes,     278504 total
- age   2:       2896 bytes,     281400 total
- age   3:       3224 bytes,     284624 total
- age   4:       3000 bytes,     287624 total
- age   5:     149296 bytes,     436920 total
- age   6:      82992 bytes,     519912 total
- age   7:       3232 bytes,     523144 total
- age   8:       4080 bytes,     527224 total
: 88242K->586K(109248K), 0.0147776 secs] 133067K->45492K(502464K), 0.0148862 secs] [Times: user=0.02 sys=0.00, real=0.02 secs] 
Heap after GC invocations=202 (full 1):
 par new generation   total 109248K, used 586K [0x00000000e0000000, 0x00000000e8000000, 0x00000000e8000000)
  eden space 87424K,   0% used [0x00000000e0000000, 0x00000000e0000000, 0x00000000e5560000)
  from space 21824K,   2% used [0x00000000e5560000, 0x00000000e55f2840, 0x00000000e6ab0000)
  to   space 21824K,   0% used [0x00000000e6ab0000, 0x00000000e6ab0000, 0x00000000e8000000)
 concurrent mark-sweep generation total 393216K, used 44906K [0x00000000e8000000, 0x0000000100000000, 0x0000000100000000)
 Metaspace       used 37377K, capacity 38010K, committed 38288K, reserved 1083392K
  class space    used 4215K, capacity 4437K, committed 4528K, reserved 1048576K
}
2017-05-22T09:30:09.248+0000: 1685.279: Total time for which application threads were stopped: 0.0152829 seconds, Stopping threads took: 0.0000753 seconds
{Heap before GC invocations=202 (full 1):
 par new generation   total 109248K, used 88010K [0x00000000e0000000, 0x00000000e8000000, 0x00000000e8000000)
  eden space 87424K, 100% used [0x00000000e0000000, 0x00000000e5560000, 0x00000000e5560000)
  from space 21824K,   2% used [0x00000000e5560000, 0x00000000e55f2840, 0x00000000e6ab0000)
  to   space 21824K,   0% used [0x00000000e6ab0000, 0x00000000e6ab0000, 0x00000000e8000000)
 concurrent mark-sweep generation total 393216K, used 44906K [0x00000000e8000000, 0x0000000100000000, 0x0000000100000000)
 Metaspace       used 37377K, capacity 38010K, committed 38288K, reserved 1083392K
  class space    used 4215K, capacity 4437K, committed 4528K, reserved 1048576K
2017-05-22T09:30:09.447+0000: 1685.479: [GC (Allocation Failure) 2017-05-22T09:30:09.448+0000: 1685.479: [ParNew
Desired survivor size 20112992 bytes, new threshold 8 (max 8)
- age   1:     124552 bytes,     124552 total
- age   2:      31296 bytes,     155848 total
- age   3:       2856 bytes,     158704 total
- age   4:       3224 bytes,     161928 total
- age   5:       3000 bytes,     164928 total
- age   6:     149296 bytes,     314224 total
- age   7:      82992 bytes,     397216 total
- age   8:       3232 bytes,     400448 total
: 88010K->689K(109248K), 0.0136862 secs] 132916K->45599K(502464K), 0.0137701 secs] [Times: user=0.02 sys=0.01, real=0.01 secs] 
Heap after GC invocations=203 (full 1):
 par new generation   total 109248K, used 689K [0x00000000e0000000, 0x00000000e8000000, 0x00000000e8000000)
  eden space 87424K,   0% used [0x00000000e0000000, 0x00000000e0000000, 0x00000000e5560000)
  from space 21824K,   3% used [0x00000000e6ab0000, 0x00000000e6b5c4a0, 0x00000000e8000000)
  to   space 21824K,   0% used [0x00000000e5560000, 0x00000000e5560000, 0x00000000e6ab0000)
 concurrent mark-sweep generation total 393216K, used 44910K [0x00000000e8000000, 0x0000000100000000, 0x0000000100000000)
 Metaspace       used 37377K, capacity 38010K, committed 38288K, reserved 1083392K
  class space    used 4215K, capacity 4437K, committed 4528K, reserved 1048576K
}
2017-05-22T09:30:09.461+0000: 1685.493: Total time for which application threads were stopped: 0.0139709 seconds, Stopping threads took: 0.0000262 seconds
{Heap before GC invocations=203 (full 1):
 par new generation   total 109248K, used 88113K [0x00000000e0000000, 0x00000000e8000000, 0x00000000e8000000)
  eden space 87424K, 100% used [0x00000000e0000000, 0x00000000e5560000, 0x00000000e5560000)
  from space 21824K,   3% used [0x00000000e6ab0000, 0x00000000e6b5c4a0, 0x00000000e8000000)
  to   space 21824K,   0% used [0x00000000e5560000, 0x00000000e5560000, 0x00000000e6ab0000)
 concurrent mark-sweep generation total 393216K, used 44910K [0x00000000e8000000, 0x0000000100000000, 0x0000000100000000)
 Metaspace       used 37377K, capacity 38010K, committed 38288K, reserved 1083392K
  class space    used 4215K, capacity 4437K, committed 4528K, reserved 1048576K
2017-05-22T09:30:09.629+0000: 1685.661: [GC (Allocation Failure) 2017-05-22T09:30:09.629+0000: 1685.661: [ParNew
Desired survivor size 20112992 bytes, new threshold 8 (max 8)
- age   1:     131680 bytes,     131680 total
- age   2:       3832 bytes,     135512 total
- age   3:      31256 bytes,     166768 total
- age   4:       2856 bytes,     169624 total
- age   5:       3224 bytes,     172848 total
- age   6:       3000 bytes,     175848 total
- age   7:     149296 bytes,     325144 total
- age   8:      82992 bytes,     408136 total
: 88113K->531K(109248K), 0.0071353 secs] 133023K->45444K(502464K), 0.0073196 secs] [Times: user=0.02 sys=0.00, real=0.00 secs] 
Heap after GC invocations=204 (full 1):
 par new generation   total 109248K, used 531K [0x00000000e0000000, 0x00000000e8000000, 0x00000000e8000000)
  eden space 87424K,   0% used [0x00000000e0000000, 0x00000000e0000000, 0x00000000e5560000)
  from space 21824K,   2% used [0x00000000e5560000, 0x00000000e55e4df0, 0x00000000e6ab0000)
  to   space 21824K,   0% used [0x00000000e6ab0000, 0x00000000e6ab0000, 0x00000000e8000000)
 concurrent mark-sweep generation total 393216K, used 44913K [0x00000000e8000000, 0x0000000100000000, 0x0000000100000000)
 Metaspace       used 37377K, capacity 38010K, committed 38288K, reserved 1083392K
  class space    used 4215K, capacity 4437K, committed 4528K, reserved 1048576K
}
2017-05-22T09:30:09.636+0000: 1685.668: Total time for which application threads were stopped: 0.0076371 seconds, Stopping threads took: 0.0000279 seconds
{Heap before GC invocations=204 (full 1):
 par new generation   total 109248K, used 87955K [0x00000000e0000000, 0x00000000e8000000, 0x00000000e8000000)
  eden space 87424K, 100% used [0x00000000e0000000, 0x00000000e5560000, 0x00000000e5560000)
  from space 21824K,   2% used [0x00000000e5560000, 0x00000000e55e4df0, 0x00000000e6ab0000)
  to   space 21824K,   0% used [0x00000000e6ab0000, 0x00000000e6ab0000, 0x00000000e8000000)
 concurrent mark-sweep generation total 393216K, used 44913K [0x00000000e8000000, 0x0000000100000000, 0x0000000100000000)
 Metaspace       used 37377K, capacity 38010K, committed 38288K, reserved 1083392K
  class space    used 4215K, capacity 4437K, committed 4528K, reserved 1048576K
2017-05-22T09:30:09.794+0000: 1685.826: [GC (Allocation Failure) 2017-05-22T09:30:09.794+0000: 1685.826: [ParNew
Desired survivor size 20112992 bytes, new threshold 8 (max 8)
- age   1:     272976 bytes,     272976 total
- age   2:       2680 bytes,     275656 total
- age   3:       3792 bytes,     279448 total
- age   4:      31256 bytes,     310704 total
- age   5:       2856 bytes,     313560 total
- age   6:       3224 bytes,     316784 total
- age   7:       3000 bytes,     319784 total
- age   8:     149296 bytes,     469080 total
: 87955K->557K(109248K), 0.0060878 secs] 132868K->45552K(502464K), 0.0061746 secs] [Times: user=0.02 sys=0.01, real=0.01 secs] 
Heap after GC invocations=205 (full 1):
 par new generation   total 109248K, used 557K [0x00000000e0000000, 0x00000000e8000000, 0x00000000e8000000)
  eden space 87424K,   0% used [0x00000000e0000000, 0x00000000e0000000, 0x00000000e5560000)
  from space 21824K,   2% used [0x00000000e6ab0000, 0x00000000e6b3b4e0, 0x00000000e8000000)
  to   space 21824K,   0% used [0x00000000e5560000, 0x00000000e5560000, 0x00000000e6ab0000)
 concurrent mark-sweep generation total 393216K, used 44995K [0x00000000e8000000, 0x0000000100000000, 0x0000000100000000)
 Metaspace       used 37377K, capacity 38010K, committed 38288K, reserved 1083392K
  class space    used 4215K, capacity 4437K, committed 4528K, reserved 1048576K
}
2017-05-22T09:30:09.800+0000: 1685.832: Total time for which application threads were stopped: 0.0063993 seconds, Stopping threads took: 0.0000283 seconds
{Heap before GC invocations=205 (full 1):
 par new generation   total 109248K, used 87973K [0x00000000e0000000, 0x00000000e8000000, 0x00000000e8000000)
  eden space 87424K,  99% used [0x00000000e0000000, 0x00000000e555df38, 0x00000000e5560000)
  from space 21824K,   2% used [0x00000000e6ab0000, 0x00000000e6b3b4e0, 0x00000000e8000000)
  to   space 21824K,   0% used [0x00000000e5560000, 0x00000000e5560000, 0x00000000e6ab0000)
 concurrent mark-sweep generation total 393216K, used 44995K [0x00000000e8000000, 0x0000000100000000, 0x0000000100000000)
 Metaspace       used 37377K, capacity 38010K, committed 38288K, reserved 1083392K
  class space    used 4215K, capacity 4437K, committed 4528K, reserved 1048576K
2017-05-22T09:30:10.209+0000: 1686.240: [GC (Allocation Failure) 2017-05-22T09:30:10.209+0000: 1686.240: [ParNew
Desired survivor size 20112992 bytes, new threshold 8 (max 8)
- age   1:      74600 bytes,      74600 total
- age   2:       3000 bytes,      77600 total
- age   3:       2640 bytes,      80240 total
- age   4:       3344 bytes,      83584 total
- age   5:      30136 bytes,     113720 total
- age   6:       2856 bytes,     116576 total
- age   7:       3224 bytes,     119800 total
- age   8:       3000 bytes,     122800 total
: 87973K->295K(109248K), 0.0109251 secs] 132968K->45438K(502464K), 0.0110276 secs] [Times: user=0.02 sys=0.00, real=0.01 secs] 
Heap after GC invocations=206 (full 1):
 par new generation   total 109248K, used 295K [0x00000000e0000000, 0x00000000e8000000, 0x00000000e8000000)
  eden space 87424K,   0% used [0x00000000e0000000, 0x00000000e0000000, 0x00000000e5560000)
  from space 21824K,   1% used [0x00000000e5560000, 0x00000000e55a9ec0, 0x00000000e6ab0000)
  to   space 21824K,   0% used [0x00000000e6ab0000, 0x00000000e6ab0000, 0x00000000e8000000)
 concurrent mark-sweep generation total 393216K, used 45142K [0x00000000e8000000, 0x0000000100000000, 0x0000000100000000)
 Metaspace       used 37377K, capacity 38010K, committed 38288K, reserved 1083392K
  class space    used 4215K, capacity 4437K, committed 4528K, reserved 1048576K
}
2017-05-22T09:30:10.220+0000: 1686.252: Total time for which application threads were stopped: 0.0112725 seconds, Stopping threads took: 0.0000315 seconds
{Heap before GC invocations=206 (full 1):
 par new generation   total 109248K, used 87719K [0x00000000e0000000, 0x00000000e8000000, 0x00000000e8000000)
  eden space 87424K, 100% used [0x00000000e0000000, 0x00000000e5560000, 0x00000000e5560000)
  from space 21824K,   1% used [0x00000000e5560000, 0x00000000e55a9ec0, 0x00000000e6ab0000)
  to   space 21824K,   0% used [0x00000000e6ab0000, 0x00000000e6ab0000, 0x00000000e8000000)
 concurrent mark-sweep generation total 393216K, used 45142K [0x00000000e8000000, 0x0000000100000000, 0x0000000100000000)
 Metaspace       used 37377K, capacity 38010K, committed 38288K, reserved 1083392K
  class space    used 4215K, capacity 4437K, committed 4528K, reserved 1048576K
2017-05-22T09:30:11.656+0000: 1687.688: [GC (Allocation Failure) 2017-05-22T09:30:11.656+0000: 1687.688: [ParNew
Desired survivor size 20112992 bytes, new threshold 8 (max 8)
- age   1:      94784 bytes,      94784 total
- age   2:      16792 bytes,     111576 total
- age   3:       2736 bytes,     114312 total
- age   4:       2640 bytes,     116952 total
- age   5:       3344 bytes,     120296 total
- age   6:      30136 bytes,     150432 total
- age   7:       2856 bytes,     153288 total
- age   8:       3224 bytes,     156512 total
: 87719K->214K(109248K), 0.0079173 secs] 132862K->45360K(502464K), 0.0081016 secs] [Times: user=0.02 sys=0.01, real=0.01 secs] 
Heap after GC invocations=207 (full 1):
 par new generation   total 109248K, used 214K [0x00000000e0000000, 0x00000000e8000000, 0x00000000e8000000)
  eden space 87424K,   0% used [0x00000000e0000000, 0x00000000e0000000, 0x00000000e5560000)
  from space 21824K,   0% used [0x00000000e6ab0000, 0x00000000e6ae5bb0, 0x00000000e8000000)
  to   space 21824K,   0% used [0x00000000e5560000, 0x00000000e5560000, 0x00000000e6ab0000)
 concurrent mark-sweep generation total 393216K, used 45145K [0x00000000e8000000, 0x0000000100000000, 0x0000000100000000)
 Metaspace       used 37377K, capacity 38010K, committed 38288K, reserved 1083392K
  class space    used 4215K, capacity 4437K, committed 4528K, reserved 1048576K
}
2017-05-22T09:30:11.665+0000: 1687.696: Total time for which application threads were stopped: 0.0084373 seconds, Stopping threads took: 0.0000303 seconds
{Heap before GC invocations=207 (full 1):
 par new generation   total 109248K, used 87638K [0x00000000e0000000, 0x00000000e8000000, 0x00000000e8000000)
  eden space 87424K, 100% used [0x00000000e0000000, 0x00000000e5560000, 0x00000000e5560000)
  from space 21824K,   0% used [0x00000000e6ab0000, 0x00000000e6ae5bb0, 0x00000000e8000000)
  to   space 21824K,   0% used [0x00000000e5560000, 0x00000000e5560000, 0x00000000e6ab0000)
 concurrent mark-sweep generation total 393216K, used 45145K [0x00000000e8000000, 0x0000000100000000, 0x0000000100000000)
 Metaspace       used 37377K, capacity 38010K, committed 38288K, reserved 1083392K
  class space    used 4215K, capacity 4437K, committed 4528K, reserved 1048576K
2017-05-22T09:30:11.840+0000: 1687.872: [GC (Allocation Failure) 2017-05-22T09:30:11.840+0000: 1687.872: [ParNew
Desired survivor size 20112992 bytes, new threshold 8 (max 8)
- age   1:     401560 bytes,     401560 total
- age   2:       6128 bytes,     407688 total
- age   3:      16792 bytes,     424480 total
- age   4:       2736 bytes,     427216 total
- age   5:       2640 bytes,     429856 total
- age   6:       3344 bytes,     433200 total
- age   7:      30136 bytes,     463336 total
- age   8:       2856 bytes,     466192 total
: 87638K->512K(109248K), 0.0076325 secs] 132784K->45660K(502464K), 0.0078283 secs] [Times: user=0.03 sys=0.00, real=0.01 secs] 
Heap after GC invocations=208 (full 1):
 par new generation   total 109248K, used 512K [0x00000000e0000000, 0x00000000e8000000, 0x00000000e8000000)
  eden space 87424K,   0% used [0x00000000e0000000, 0x00000000e0000000, 0x00000000e5560000)
  from space 21824K,   2% used [0x00000000e5560000, 0x00000000e55e0048, 0x00000000e6ab0000)
  to   space 21824K,   0% used [0x00000000e6ab0000, 0x00000000e6ab0000, 0x00000000e8000000)
 concurrent mark-sweep generation total 393216K, used 45148K [0x00000000e8000000, 0x0000000100000000, 0x0000000100000000)
 Metaspace       used 37377K, capacity 38010K, committed 38288K, reserved 1083392K
  class space    used 4215K, capacity 4437K, committed 4528K, reserved 1048576K
}
2017-05-22T09:30:11.848+0000: 1687.880: Total time for which application threads were stopped: 0.0081228 seconds, Stopping threads took: 0.0000308 seconds
{Heap before GC invocations=208 (full 1):
 par new generation   total 109248K, used 87936K [0x00000000e0000000, 0x00000000e8000000, 0x00000000e8000000)
  eden space 87424K, 100% used [0x00000000e0000000, 0x00000000e5560000, 0x00000000e5560000)
  from space 21824K,   2% used [0x00000000e5560000, 0x00000000e55e0048, 0x00000000e6ab0000)
  to   space 21824K,   0% used [0x00000000e6ab0000, 0x00000000e6ab0000, 0x00000000e8000000)
 concurrent mark-sweep generation total 393216K, used 45148K [0x00000000e8000000, 0x0000000100000000, 0x0000000100000000)
 Metaspace       used 37377K, capacity 38010K, committed 38288K, reserved 1083392K
  class space    used 4215K, capacity 4437K, committed 4528K, reserved 1048576K
2017-05-22T09:30:12.006+0000: 1688.037: [GC (Allocation Failure) 2017-05-22T09:30:12.006+0000: 1688.038: [ParNew
Desired survivor size 20112992 bytes, new threshold 8 (max 8)
- age   1:     121432 bytes,     121432 total
- age   2:       2824 bytes,     124256 total
- age   3:       6128 bytes,     130384 total
- age   4:      16792 bytes,     147176 total
- age   5:       2736 bytes,     149912 total
- age   6:       2640 bytes,     152552 total
- age   7:       3344 bytes,     155896 total
- age   8:      30136 bytes,     186032 total
: 87936K->348K(109248K), 0.0072501 secs] 133084K->45500K(502464K), 0.0073400 secs] [Times: user=0.02 sys=0.00, real=0.00 secs] 
Heap after GC invocations=209 (full 1):
 par new generation   total 109248K, used 348K [0x00000000e0000000, 0x00000000e8000000, 0x00000000e8000000)
  eden space 87424K,   0% used [0x00000000e0000000, 0x00000000e0000000, 0x00000000e5560000)
  from space 21824K,   1% used [0x00000000e6ab0000, 0x00000000e6b071a0, 0x00000000e8000000)
  to   space 21824K,   0% used [0x00000000e5560000, 0x00000000e5560000, 0x00000000e6ab0000)
 concurrent mark-sweep generation total 393216K, used 45151K [0x00000000e8000000, 0x0000000100000000, 0x0000000100000000)
 Metaspace       used 37377K, capacity 38010K, committed 38288K, reserved 1083392K
  class space    used 4215K, capacity 4437K, committed 4528K, reserved 1048576K
}
2017-05-22T09:30:12.013+0000: 1688.045: Total time for which application threads were stopped: 0.0075458 seconds, Stopping threads took: 0.0000273 seconds
{Heap before GC invocations=209 (full 1):
 par new generation   total 109248K, used 87772K [0x00000000e0000000, 0x00000000e8000000, 0x00000000e8000000)
  eden space 87424K, 100% used [0x00000000e0000000, 0x00000000e5560000, 0x00000000e5560000)
  from space 21824K,   1% used [0x00000000e6ab0000, 0x00000000e6b071a0, 0x00000000e8000000)
  to   space 21824K,   0% used [0x00000000e5560000, 0x00000000e5560000, 0x00000000e6ab0000)
 concurrent mark-sweep generation total 393216K, used 45151K [0x00000000e8000000, 0x0000000100000000, 0x0000000100000000)
 Metaspace       used 37377K, capacity 38010K, committed 38288K, reserved 1083392K
  class space    used 4215K, capacity 4437K, committed 4528K, reserved 1048576K
2017-05-22T09:30:12.199+0000: 1688.231: [GC (Allocation Failure) 2017-05-22T09:30:12.199+0000: 1688.231: [ParNew
Desired survivor size 20112992 bytes, new threshold 8 (max 8)
- age   1:     326728 bytes,     326728 total
- age   2:       2928 bytes,     329656 total
- age   3:       2784 bytes,     332440 total
- age   4:       5456 bytes,     337896 total
- age   5:      16568 bytes,     354464 total
- age   6:       2736 bytes,     357200 total
- age   7:       2640 bytes,     359840 total
- age   8:       3344 bytes,     363184 total
: 87772K->428K(109248K), 0.0143867 secs] 132924K->45609K(502464K), 0.0145730 secs] [Times: user=0.03 sys=0.00, real=0.01 secs] 
Heap after GC invocations=210 (full 1):
 par new generation   total 109248K, used 428K [0x00000000e0000000, 0x00000000e8000000, 0x00000000e8000000)
  eden space 87424K,   0% used [0x00000000e0000000, 0x00000000e0000000, 0x00000000e5560000)
  from space 21824K,   1% used [0x00000000e5560000, 0x00000000e55cb218, 0x00000000e6ab0000)
  to   space 21824K,   0% used [0x00000000e6ab0000, 0x00000000e6ab0000, 0x00000000e8000000)
 concurrent mark-sweep generation total 393216K, used 45181K [0x00000000e8000000, 0x0000000100000000, 0x0000000100000000)
 Metaspace       used 37377K, capacity 38010K, committed 38288K, reserved 1083392K
  class space    used 4215K, capacity 4437K, committed 4528K, reserved 1048576K
}
2017-05-22T09:30:12.214+0000: 1688.245: Total time for which application threads were stopped: 0.0149248 seconds, Stopping threads took: 0.0000290 seconds
{Heap before GC invocations=210 (full 1):
 par new generation   total 109248K, used 87851K [0x00000000e0000000, 0x00000000e8000000, 0x00000000e8000000)
  eden space 87424K,  99% used [0x00000000e0000000, 0x00000000e555fb40, 0x00000000e5560000)
  from space 21824K,   1% used [0x00000000e5560000, 0x00000000e55cb218, 0x00000000e6ab0000)
  to   space 21824K,   0% used [0x00000000e6ab0000, 0x00000000e6ab0000, 0x00000000e8000000)
 concurrent mark-sweep generation total 393216K, used 45181K [0x00000000e8000000, 0x0000000100000000, 0x0000000100000000)
 Metaspace       used 37377K, capacity 38010K, committed 38288K, reserved 1083392K
  class space    used 4215K, capacity 4437K, committed 4528K, reserved 1048576K
2017-05-22T09:30:17.036+0000: 1693.067: [GC (Allocation Failure) 2017-05-22T09:30:17.036+0000: 1693.067: [ParNew
Desired survivor size 20112992 bytes, new threshold 8 (max 8)
- age   1:     499744 bytes,     499744 total
- age   2:       3016 bytes,     502760 total
- age   3:       2664 bytes,     505424 total
- age   4:       2784 bytes,     508208 total
- age   5:       5008 bytes,     513216 total
- age   6:      16344 bytes,     529560 total
- age   7:       2736 bytes,     532296 total
- age   8:       2640 bytes,     534936 total
: 87851K->732K(109248K), 0.0086200 secs] 133032K->45916K(502464K), 0.0087269 secs] [Times: user=0.02 sys=0.00, real=0.01 secs] 
Heap after GC invocations=211 (full 1):
 par new generation   total 109248K, used 732K [0x00000000e0000000, 0x00000000e8000000, 0x00000000e8000000)
  eden space 87424K,   0% used [0x00000000e0000000, 0x00000000e0000000, 0x00000000e5560000)
  from space 21824K,   3% used [0x00000000e6ab0000, 0x00000000e6b671b0, 0x00000000e8000000)
  to   space 21824K,   0% used [0x00000000e5560000, 0x00000000e5560000, 0x00000000e6ab0000)
 concurrent mark-sweep generation total 393216K, used 45184K [0x00000000e8000000, 0x0000000100000000, 0x0000000100000000)
 Metaspace       used 37377K, capacity 38010K, committed 38288K, reserved 1083392K
  class space    used 4215K, capacity 4437K, committed 4528K, reserved 1048576K
}
2017-05-22T09:30:17.044+0000: 1693.076: Total time for which application threads were stopped: 0.0089648 seconds, Stopping threads took: 0.0000259 seconds
{Heap before GC invocations=211 (full 1):
 par new generation   total 109248K, used 88156K [0x00000000e0000000, 0x00000000e8000000, 0x00000000e8000000)
  eden space 87424K, 100% used [0x00000000e0000000, 0x00000000e5560000, 0x00000000e5560000)
  from space 21824K,   3% used [0x00000000e6ab0000, 0x00000000e6b671b0, 0x00000000e8000000)
  to   space 21824K,   0% used [0x00000000e5560000, 0x00000000e5560000, 0x00000000e6ab0000)
 concurrent mark-sweep generation total 393216K, used 45184K [0x00000000e8000000, 0x0000000100000000, 0x0000000100000000)
 Metaspace       used 37377K, capacity 38010K, committed 38288K, reserved 1083392K
  class space    used 4215K, capacity 4437K, committed 4528K, reserved 1048576K
2017-05-22T09:30:17.207+0000: 1693.239: [GC (Allocation Failure) 2017-05-22T09:30:17.207+0000: 1693.239: [ParNew
Desired survivor size 20112992 bytes, new threshold 8 (max 8)
- age   1:     471552 bytes,     471552 total
- age   2:      31848 bytes,     503400 total
- age   3:       2976 bytes,     506376 total
- age   4:       2664 bytes,     509040 total
- age   5:       2784 bytes,     511824 total
- age   6:       5008 bytes,     516832 total
- age   7:      16344 bytes,     533176 total
- age   8:       2736 bytes,     535912 total
: 88156K->570K(109248K), 0.0100169 secs] 133340K->45757K(502464K), 0.0101049 secs] [Times: user=0.02 sys=0.00, real=0.01 secs] 
Heap after GC invocations=212 (full 1):
 par new generation   total 109248K, used 570K [0x00000000e0000000, 0x00000000e8000000, 0x00000000e8000000)
  eden space 87424K,   0% used [0x00000000e0000000, 0x00000000e0000000, 0x00000000e5560000)
  from space 21824K,   2% used [0x00000000e5560000, 0x00000000e55ee950, 0x00000000e6ab0000)
  to   space 21824K,   0% used [0x00000000e6ab0000, 0x00000000e6ab0000, 0x00000000e8000000)
 concurrent mark-sweep generation total 393216K, used 45186K [0x00000000e8000000, 0x0000000100000000, 0x0000000100000000)
 Metaspace       used 37377K, capacity 38010K, committed 38288K, reserved 1083392K
  class space    used 4215K, capacity 4437K, committed 4528K, reserved 1048576K
}
2017-05-22T09:30:17.217+0000: 1693.249: Total time for which application threads were stopped: 0.0102984 seconds, Stopping threads took: 0.0000220 seconds
{Heap before GC invocations=212 (full 1):
 par new generation   total 109248K, used 87994K [0x00000000e0000000, 0x00000000e8000000, 0x00000000e8000000)
  eden space 87424K, 100% used [0x00000000e0000000, 0x00000000e5560000, 0x00000000e5560000)
  from space 21824K,   2% used [0x00000000e5560000, 0x00000000e55ee950, 0x00000000e6ab0000)
  to   space 21824K,   0% used [0x00000000e6ab0000, 0x00000000e6ab0000, 0x00000000e8000000)
 concurrent mark-sweep generation total 393216K, used 45186K [0x00000000e8000000, 0x0000000100000000, 0x0000000100000000)
 Metaspace       used 37377K, capacity 38010K, committed 38288K, reserved 1083392K
  class space    used 4215K, capacity 4437K, committed 4528K, reserved 1048576K
2017-05-22T09:30:17.388+0000: 1693.420: [GC (Allocation Failure) 2017-05-22T09:30:17.388+0000: 1693.420: [ParNew
Desired survivor size 20112992 bytes, new threshold 8 (max 8)
- age   1:     411792 bytes,     411792 total
- age   2:       2872 bytes,     414664 total
- age   3:      31360 bytes,     446024 total
- age   4:       2976 bytes,     449000 total
- age   5:       2664 bytes,     451664 total
- age   6:       2784 bytes,     454448 total
- age   7:       5008 bytes,     459456 total
- age   8:      16344 bytes,     475800 total
: 87994K->653K(109248K), 0.0113287 secs] 133181K->45843K(502464K), 0.0114679 secs] [Times: user=0.04 sys=0.00, real=0.01 secs] 
Heap after GC invocations=213 (full 1):
 par new generation   total 109248K, used 653K [0x00000000e0000000, 0x00000000e8000000, 0x00000000e8000000)
  eden space 87424K,   0% used [0x00000000e0000000, 0x00000000e0000000, 0x00000000e5560000)
  from space 21824K,   2% used [0x00000000e6ab0000, 0x00000000e6b536e0, 0x00000000e8000000)
  to   space 21824K,   0% used [0x00000000e5560000, 0x00000000e5560000, 0x00000000e6ab0000)
 concurrent mark-sweep generation total 393216K, used 45189K [0x00000000e8000000, 0x0000000100000000, 0x0000000100000000)
 Metaspace       used 37377K, capacity 38010K, committed 38288K, reserved 1083392K
  class space    used 4215K, capacity 4437K, committed 4528K, reserved 1048576K
}
2017-05-22T09:30:17.400+0000: 1693.431: Total time for which application threads were stopped: 0.0116673 seconds, Stopping threads took: 0.0000206 seconds
{Heap before GC invocations=213 (full 1):
 par new generation   total 109248K, used 88077K [0x00000000e0000000, 0x00000000e8000000, 0x00000000e8000000)
  eden space 87424K, 100% used [0x00000000e0000000, 0x00000000e5560000, 0x00000000e5560000)
  from space 21824K,   2% used [0x00000000e6ab0000, 0x00000000e6b536e0, 0x00000000e8000000)
  to   space 21824K,   0% used [0x00000000e5560000, 0x00000000e5560000, 0x00000000e6ab0000)
 concurrent mark-sweep generation total 393216K, used 45189K [0x00000000e8000000, 0x0000000100000000, 0x0000000100000000)
 Metaspace       used 37377K, capacity 38010K, committed 38288K, reserved 1083392K
  class space    used 4215K, capacity 4437K, committed 4528K, reserved 1048576K
2017-05-22T09:30:17.558+0000: 1693.589: [GC (Allocation Failure) 2017-05-22T09:30:17.558+0000: 1693.589: [ParNew
Desired survivor size 20112992 bytes, new threshold 8 (max 8)
- age   1:     413904 bytes,     413904 total
- age   2:       3520 bytes,     417424 total
- age   3:       2832 bytes,     420256 total
- age   4:      31360 bytes,     451616 total
- age   5:       2976 bytes,     454592 total
- age   6:       2664 bytes,     457256 total
- age   7:       2784 bytes,     460040 total
- age   8:       5008 bytes,     465048 total
: 88077K->566K(109248K), 0.0067915 secs] 133267K->45771K(502464K), 0.0068821 secs] [Times: user=0.02 sys=0.00, real=0.00 secs] 
Heap after GC invocations=214 (full 1):
 par new generation   total 109248K, used 566K [0x00000000e0000000, 0x00000000e8000000, 0x00000000e8000000)
  eden space 87424K,   0% used [0x00000000e0000000, 0x00000000e0000000, 0x00000000e5560000)
  from space 21824K,   2% used [0x00000000e5560000, 0x00000000e55ed980, 0x00000000e6ab0000)
  to   space 21824K,   0% used [0x00000000e6ab0000, 0x00000000e6ab0000, 0x00000000e8000000)
 concurrent mark-sweep generation total 393216K, used 45205K [0x00000000e8000000, 0x0000000100000000, 0x0000000100000000)
 Metaspace       used 37377K, capacity 38010K, committed 38288K, reserved 1083392K
  class space    used 4215K, capacity 4437K, committed 4528K, reserved 1048576K
}
2017-05-22T09:30:17.565+0000: 1693.596: Total time for which application threads were stopped: 0.0074123 seconds, Stopping threads took: 0.0000933 seconds
2017-05-22T09:30:18.565+0000: 1694.597: Total time for which application threads were stopped: 0.0001634 seconds, Stopping threads took: 0.0000312 seconds
2017-05-22T09:30:37.567+0000: 1713.599: Total time for which application threads were stopped: 0.0002407 seconds, Stopping threads took: 0.0000910 seconds
{Heap before GC invocations=214 (full 1):
 par new generation   total 109248K, used 87990K [0x00000000e0000000, 0x00000000e8000000, 0x00000000e8000000)
  eden space 87424K, 100% used [0x00000000e0000000, 0x00000000e5560000, 0x00000000e5560000)
  from space 21824K,   2% used [0x00000000e5560000, 0x00000000e55ed980, 0x00000000e6ab0000)
  to   space 21824K,   0% used [0x00000000e6ab0000, 0x00000000e6ab0000, 0x00000000e8000000)
 concurrent mark-sweep generation total 393216K, used 45205K [0x00000000e8000000, 0x0000000100000000, 0x0000000100000000)
 Metaspace       used 37377K, capacity 38010K, committed 38288K, reserved 1083392K
  class space    used 4215K, capacity 4437K, committed 4528K, reserved 1048576K
2017-05-22T09:30:43.353+0000: 1719.385: [GC (Allocation Failure) 2017-05-22T09:30:43.354+0000: 1719.385: [ParNew
Desired survivor size 20112992 bytes, new threshold 8 (max 8)
- age   1:     416832 bytes,     416832 total
- age   2:       2872 bytes,     419704 total
- age   3:       3032 bytes,     422736 total
- age   4:       2832 bytes,     425568 total
- age   5:      30240 bytes,     455808 total
- age   6:       2976 bytes,     458784 total
- age   7:       2664 bytes,     461448 total
- age   8:       2784 bytes,     464232 total
: 87990K->720K(109248K), 0.0078427 secs] 133195K->45930K(502464K), 0.0082360 secs] [Times: user=0.02 sys=0.00, real=0.01 secs] 
Heap after GC invocations=215 (full 1):
 par new generation   total 109248K, used 720K [0x00000000e0000000, 0x00000000e8000000, 0x00000000e8000000)
  eden space 87424K,   0% used [0x00000000e0000000, 0x00000000e0000000, 0x00000000e5560000)
  from space 21824K,   3% used [0x00000000e6ab0000, 0x00000000e6b64010, 0x00000000e8000000)
  to   space 21824K,   0% used [0x00000000e5560000, 0x00000000e5560000, 0x00000000e6ab0000)
 concurrent mark-sweep generation total 393216K, used 45210K [0x00000000e8000000, 0x0000000100000000, 0x0000000100000000)
 Metaspace       used 37377K, capacity 38010K, committed 38288K, reserved 1083392K
  class space    used 4215K, capacity 4437K, committed 4528K, reserved 1048576K
}
2017-05-22T09:30:43.362+0000: 1719.393: Total time for which application threads were stopped: 0.0087003 seconds, Stopping threads took: 0.0000800 seconds
{Heap before GC invocations=215 (full 1):
 par new generation   total 109248K, used 88144K [0x00000000e0000000, 0x00000000e8000000, 0x00000000e8000000)
  eden space 87424K, 100% used [0x00000000e0000000, 0x00000000e5560000, 0x00000000e5560000)
  from space 21824K,   3% used [0x00000000e6ab0000, 0x00000000e6b64010, 0x00000000e8000000)
  to   space 21824K,   0% used [0x00000000e5560000, 0x00000000e5560000, 0x00000000e6ab0000)
 concurrent mark-sweep generation total 393216K, used 45210K [0x00000000e8000000, 0x0000000100000000, 0x0000000100000000)
 Metaspace       used 37377K, capacity 38010K, committed 38288K, reserved 1083392K
  class space    used 4215K, capacity 4437K, committed 4528K, reserved 1048576K
2017-05-22T09:30:43.531+0000: 1719.563: [GC (Allocation Failure) 2017-05-22T09:30:43.531+0000: 1719.563: [ParNew
Desired survivor size 20112992 bytes, new threshold 8 (max 8)
- age   1:     268144 bytes,     268144 total
- age   2:      32088 bytes,     300232 total
- age   3:       2832 bytes,     303064 total
- age   4:       3032 bytes,     306096 total
- age   5:       2832 bytes,     308928 total
- age   6:      30240 bytes,     339168 total
- age   7:       2976 bytes,     342144 total
- age   8:       2664 bytes,     344808 total
: 88144K->486K(109248K), 0.0069770 secs] 133354K->45699K(502464K), 0.0070560 secs] [Times: user=0.01 sys=0.00, real=0.01 secs] 
Heap after GC invocations=216 (full 1):
 par new generation   total 109248K, used 486K [0x00000000e0000000, 0x00000000e8000000, 0x00000000e8000000)
  eden space 87424K,   0% used [0x00000000e0000000, 0x00000000e0000000, 0x00000000e5560000)
  from space 21824K,   2% used [0x00000000e5560000, 0x00000000e55d99b0, 0x00000000e6ab0000)
  to   space 21824K,   0% used [0x00000000e6ab0000, 0x00000000e6ab0000, 0x00000000e8000000)
 concurrent mark-sweep generation total 393216K, used 45213K [0x00000000e8000000, 0x0000000100000000, 0x0000000100000000)
 Metaspace       used 37377K, capacity 38010K, committed 38288K, reserved 1083392K
  class space    used 4215K, capacity 4437K, committed 4528K, reserved 1048576K
}
2017-05-22T09:30:43.538+0000: 1719.570: Total time for which application threads were stopped: 0.0072521 seconds, Stopping threads took: 0.0000232 seconds
{Heap before GC invocations=216 (full 1):
 par new generation   total 109248K, used 87882K [0x00000000e0000000, 0x00000000e8000000, 0x00000000e8000000)
  eden space 87424K,  99% used [0x00000000e0000000, 0x00000000e5559190, 0x00000000e5560000)
  from space 21824K,   2% used [0x00000000e5560000, 0x00000000e55d99b0, 0x00000000e6ab0000)
  to   space 21824K,   0% used [0x00000000e6ab0000, 0x00000000e6ab0000, 0x00000000e8000000)
 concurrent mark-sweep generation total 393216K, used 45213K [0x00000000e8000000, 0x0000000100000000, 0x0000000100000000)
 Metaspace       used 37377K, capacity 38010K, committed 38288K, reserved 1083392K
  class space    used 4215K, capacity 4437K, committed 4528K, reserved 1048576K
2017-05-22T09:30:43.729+0000: 1719.760: [GC (Allocation Failure) 2017-05-22T09:30:43.729+0000: 1719.760: [ParNew
Desired survivor size 20112992 bytes, new threshold 8 (max 8)
- age   1:     416624 bytes,     416624 total
- age   2:       3760 bytes,     420384 total
- age   3:      31600 bytes,     451984 total
- age   4:       2832 bytes,     454816 total
- age   5:       3032 bytes,     457848 total
- age   6:       2832 bytes,     460680 total
- age   7:      30240 bytes,     490920 total
- age   8:       2976 bytes,     493896 total
: 87882K->527K(109248K), 0.0201323 secs] 133095K->45743K(502464K), 0.0202307 secs] [Times: user=0.04 sys=0.00, real=0.02 secs] 
Heap after GC invocations=217 (full 1):
 par new generation   total 109248K, used 527K [0x00000000e0000000, 0x00000000e8000000, 0x00000000e8000000)
  eden space 87424K,   0% used [0x00000000e0000000, 0x00000000e0000000, 0x00000000e5560000)
  from space 21824K,   2% used [0x00000000e6ab0000, 0x00000000e6b33f80, 0x00000000e8000000)
  to   space 21824K,   0% used [0x00000000e5560000, 0x00000000e5560000, 0x00000000e6ab0000)
 concurrent mark-sweep generation total 393216K, used 45215K [0x00000000e8000000, 0x0000000100000000, 0x0000000100000000)
 Metaspace       used 37377K, capacity 38010K, committed 38288K, reserved 1083392K
  class space    used 4215K, capacity 4437K, committed 4528K, reserved 1048576K
}
2017-05-22T09:30:43.749+0000: 1719.781: Total time for which application threads were stopped: 0.0204453 seconds, Stopping threads took: 0.0000283 seconds
{Heap before GC invocations=217 (full 1):
 par new generation   total 109248K, used 87951K [0x00000000e0000000, 0x00000000e8000000, 0x00000000e8000000)
  eden space 87424K, 100% used [0x00000000e0000000, 0x00000000e5560000, 0x00000000e5560000)
  from space 21824K,   2% used [0x00000000e6ab0000, 0x00000000e6b33f80, 0x00000000e8000000)
  to   space 21824K,   0% used [0x00000000e5560000, 0x00000000e5560000, 0x00000000e6ab0000)
 concurrent mark-sweep generation total 393216K, used 45215K [0x00000000e8000000, 0x0000000100000000, 0x0000000100000000)
 Metaspace       used 37377K, capacity 38010K, committed 38288K, reserved 1083392K
  class space    used 4215K, capacity 4437K, committed 4528K, reserved 1048576K
2017-05-22T09:30:43.930+0000: 1719.961: [GC (Allocation Failure) 2017-05-22T09:30:43.930+0000: 1719.961: [ParNew
Desired survivor size 20112992 bytes, new threshold 8 (max 8)
- age   1:     417144 bytes,     417144 total
- age   2:       3216 bytes,     420360 total
- age   3:       3720 bytes,     424080 total
- age   4:      31376 bytes,     455456 total
- age   5:       2832 bytes,     458288 total
- age   6:       3032 bytes,     461320 total
- age   7:       2832 bytes,     464152 total
- age   8:      30240 bytes,     494392 total
: 87951K->669K(109248K), 0.0061169 secs] 133167K->45888K(502464K), 0.0062101 secs] [Times: user=0.02 sys=0.00, real=0.00 secs] 
Heap after GC invocations=218 (full 1):
 par new generation   total 109248K, used 669K [0x00000000e0000000, 0x00000000e8000000, 0x00000000e8000000)
  eden space 87424K,   0% used [0x00000000e0000000, 0x00000000e0000000, 0x00000000e5560000)
  from space 21824K,   3% used [0x00000000e5560000, 0x00000000e56077b0, 0x00000000e6ab0000)
  to   space 21824K,   0% used [0x00000000e6ab0000, 0x00000000e6ab0000, 0x00000000e8000000)
 concurrent mark-sweep generation total 393216K, used 45218K [0x00000000e8000000, 0x0000000100000000, 0x0000000100000000)
 Metaspace       used 37377K, capacity 38010K, committed 38288K, reserved 1083392K
  class space    used 4215K, capacity 4437K, committed 4528K, reserved 1048576K
}
2017-05-22T09:30:43.936+0000: 1719.967: Total time for which application threads were stopped: 0.0064081 seconds, Stopping threads took: 0.0000262 seconds
{Heap before GC invocations=218 (full 1):
 par new generation   total 109248K, used 88093K [0x00000000e0000000, 0x00000000e8000000, 0x00000000e8000000)
  eden space 87424K, 100% used [0x00000000e0000000, 0x00000000e5560000, 0x00000000e5560000)
  from space 21824K,   3% used [0x00000000e5560000, 0x00000000e56077b0, 0x00000000e6ab0000)
  to   space 21824K,   0% used [0x00000000e6ab0000, 0x00000000e6ab0000, 0x00000000e8000000)
 concurrent mark-sweep generation total 393216K, used 45218K [0x00000000e8000000, 0x0000000100000000, 0x0000000100000000)
 Metaspace       used 37377K, capacity 38010K, committed 38288K, reserved 1083392K
  class space    used 4215K, capacity 4437K, committed 4528K, reserved 1048576K
2017-05-22T09:30:44.114+0000: 1720.145: [GC (Allocation Failure) 2017-05-22T09:30:44.114+0000: 1720.145: [ParNew
Desired survivor size 20112992 bytes, new threshold 8 (max 8)
- age   1:     200528 bytes,     200528 total
- age   2:       3512 bytes,     204040 total
- age   3:       3176 bytes,     207216 total
- age   4:       3720 bytes,     210936 total
- age   5:      31152 bytes,     242088 total
- age   6:       2832 bytes,     244920 total
- age   7:       3032 bytes,     247952 total
- age   8:       2832 bytes,     250784 total
: 88093K->415K(109248K), 0.0059073 secs] 133312K->45663K(502464K), 0.0059866 secs] [Times: user=0.02 sys=0.00, real=0.01 secs] 
Heap after GC invocations=219 (full 1):
 par new generation   total 109248K, used 415K [0x00000000e0000000, 0x00000000e8000000, 0x00000000e8000000)
  eden space 87424K,   0% used [0x00000000e0000000, 0x00000000e0000000, 0x00000000e5560000)
  from space 21824K,   1% used [0x00000000e6ab0000, 0x00000000e6b17c80, 0x00000000e8000000)
  to   space 21824K,   0% used [0x00000000e5560000, 0x00000000e5560000, 0x00000000e6ab0000)
 concurrent mark-sweep generation total 393216K, used 45248K [0x00000000e8000000, 0x0000000100000000, 0x0000000100000000)
 Metaspace       used 37377K, capacity 38010K, committed 38288K, reserved 1083392K
  class space    used 4215K, capacity 4437K, committed 4528K, reserved 1048576K
}
2017-05-22T09:30:44.120+0000: 1720.151: Total time for which application threads were stopped: 0.0061819 seconds, Stopping threads took: 0.0000303 seconds
{Heap before GC invocations=219 (full 1):
 par new generation   total 109248K, used 87839K [0x00000000e0000000, 0x00000000e8000000, 0x00000000e8000000)
  eden space 87424K, 100% used [0x00000000e0000000, 0x00000000e5560000, 0x00000000e5560000)
  from space 21824K,   1% used [0x00000000e6ab0000, 0x00000000e6b17c80, 0x00000000e8000000)
  to   space 21824K,   0% used [0x00000000e5560000, 0x00000000e5560000, 0x00000000e6ab0000)
 concurrent mark-sweep generation total 393216K, used 45248K [0x00000000e8000000, 0x0000000100000000, 0x0000000100000000)
 Metaspace       used 37377K, capacity 38010K, committed 38288K, reserved 1083392K
  class space    used 4215K, capacity 4437K, committed 4528K, reserved 1048576K
2017-05-22T09:44:34.070+0000: 2550.102: [GC (Allocation Failure) 2017-05-22T09:44:34.087+0000: 2550.118: [ParNew
Desired survivor size 20112992 bytes, new threshold 8 (max 8)
- age   1:     205192 bytes,     205192 total
- age   2:       3168 bytes,     208360 total
- age   3:       3024 bytes,     211384 total
- age   4:       2952 bytes,     214336 total
- age   5:       3272 bytes,     217608 total
- age   6:      30784 bytes,     248392 total
- age   7:       2832 bytes,     251224 total
- age   8:       3032 bytes,     254256 total
: 87839K->293K(109248K), 0.0070295 secs] 133087K->45544K(502464K), 0.0239542 secs] [Times: user=0.02 sys=0.00, real=0.02 secs] 
Heap after GC invocations=220 (full 1):
 par new generation   total 109248K, used 293K [0x00000000e0000000, 0x00000000e8000000, 0x00000000e8000000)
  eden space 87424K,   0% used [0x00000000e0000000, 0x00000000e0000000, 0x00000000e5560000)
  from space 21824K,   1% used [0x00000000e5560000, 0x00000000e55a95a8, 0x00000000e6ab0000)
  to   space 21824K,   0% used [0x00000000e6ab0000, 0x00000000e6ab0000, 0x00000000e8000000)
 concurrent mark-sweep generation total 393216K, used 45250K [0x00000000e8000000, 0x0000000100000000, 0x0000000100000000)
 Metaspace       used 37377K, capacity 38010K, committed 38288K, reserved 1083392K
  class space    used 4215K, capacity 4437K, committed 4528K, reserved 1048576K
}
2017-05-22T09:44:34.094+0000: 2550.126: Total time for which application threads were stopped: 0.0241677 seconds, Stopping threads took: 0.0000281 seconds
{Heap before GC invocations=220 (full 1):
 par new generation   total 109248K, used 87717K [0x00000000e0000000, 0x00000000e8000000, 0x00000000e8000000)
  eden space 87424K, 100% used [0x00000000e0000000, 0x00000000e5560000, 0x00000000e5560000)
  from space 21824K,   1% used [0x00000000e5560000, 0x00000000e55a95a8, 0x00000000e6ab0000)
  to   space 21824K,   0% used [0x00000000e6ab0000, 0x00000000e6ab0000, 0x00000000e8000000)
 concurrent mark-sweep generation total 393216K, used 45250K [0x00000000e8000000, 0x0000000100000000, 0x0000000100000000)
 Metaspace       used 37377K, capacity 38010K, committed 38288K, reserved 1083392K
  class space    used 4215K, capacity 4437K, committed 4528K, reserved 1048576K
2017-05-22T09:44:34.259+0000: 2550.290: [GC (Allocation Failure) 2017-05-22T09:44:34.259+0000: 2550.290: [ParNew
Desired survivor size 20112992 bytes, new threshold 8 (max 8)
- age   1:      95984 bytes,      95984 total
- age   2:      31848 bytes,     127832 total
- age   3:       3128 bytes,     130960 total
- age   4:       3024 bytes,     133984 total
- age   5:       2952 bytes,     136936 total
- age   6:       3272 bytes,     140208 total
- age   7:      30784 bytes,     170992 total
- age   8:       2832 bytes,     173824 total
: 87717K->218K(109248K), 0.0063906 secs] 132968K->45472K(502464K), 0.0064733 secs] [Times: user=0.01 sys=0.00, real=0.01 secs] 
Heap after GC invocations=221 (full 1):
 par new generation   total 109248K, used 218K [0x00000000e0000000, 0x00000000e8000000, 0x00000000e8000000)
  eden space 87424K,   0% used [0x00000000e0000000, 0x00000000e0000000, 0x00000000e5560000)
  from space 21824K,   1% used [0x00000000e6ab0000, 0x00000000e6ae6b40, 0x00000000e8000000)
  to   space 21824K,   0% used [0x00000000e5560000, 0x00000000e5560000, 0x00000000e6ab0000)
 concurrent mark-sweep generation total 393216K, used 45253K [0x00000000e8000000, 0x0000000100000000, 0x0000000100000000)
 Metaspace       used 37377K, capacity 38010K, committed 38288K, reserved 1083392K
  class space    used 4215K, capacity 4437K, committed 4528K, reserved 1048576K
}
2017-05-22T09:44:34.265+0000: 2550.297: Total time for which application threads were stopped: 0.0066593 seconds, Stopping threads took: 0.0000193 seconds
{Heap before GC invocations=221 (full 1):
 par new generation   total 109248K, used 87642K [0x00000000e0000000, 0x00000000e8000000, 0x00000000e8000000)
  eden space 87424K, 100% used [0x00000000e0000000, 0x00000000e5560000, 0x00000000e5560000)
  from space 21824K,   1% used [0x00000000e6ab0000, 0x00000000e6ae6b40, 0x00000000e8000000)
  to   space 21824K,   0% used [0x00000000e5560000, 0x00000000e5560000, 0x00000000e6ab0000)
 concurrent mark-sweep generation total 393216K, used 45253K [0x00000000e8000000, 0x0000000100000000, 0x0000000100000000)
 Metaspace       used 37377K, capacity 38010K, committed 38288K, reserved 1083392K
  class space    used 4215K, capacity 4437K, committed 4528K, reserved 1048576K
2017-05-22T09:44:34.425+0000: 2550.457: [GC (Allocation Failure) 2017-05-22T09:44:34.425+0000: 2550.457: [ParNew
Desired survivor size 20112992 bytes, new threshold 8 (max 8)
- age   1:     231136 bytes,     231136 total
- age   2:       3008 bytes,     234144 total
- age   3:      31360 bytes,     265504 total
- age   4:       3128 bytes,     268632 total
- age   5:       3024 bytes,     271656 total
- age   6:       2952 bytes,     274608 total
- age   7:       3272 bytes,     277880 total
- age   8:      30784 bytes,     308664 total
: 87642K->409K(109248K), 0.0060727 secs] 132896K->45666K(502464K), 0.0061731 secs] [Times: user=0.02 sys=0.00, real=0.00 secs] 
Heap after GC invocations=222 (full 1):
 par new generation   total 109248K, used 409K [0x00000000e0000000, 0x00000000e8000000, 0x00000000e8000000)
  eden space 87424K,   0% used [0x00000000e0000000, 0x00000000e0000000, 0x00000000e5560000)
  from space 21824K,   1% used [0x00000000e5560000, 0x00000000e55c6648, 0x00000000e6ab0000)
  to   space 21824K,   0% used [0x00000000e6ab0000, 0x00000000e6ab0000, 0x00000000e8000000)
 concurrent mark-sweep generation total 393216K, used 45256K [0x00000000e8000000, 0x0000000100000000, 0x0000000100000000)
 Metaspace       used 37377K, capacity 38010K, committed 38288K, reserved 1083392K
  class space    used 4215K, capacity 4437K, committed 4528K, reserved 1048576K
}
2017-05-22T09:44:34.432+0000: 2550.463: Total time for which application threads were stopped: 0.0064213 seconds, Stopping threads took: 0.0000279 seconds
{Heap before GC invocations=222 (full 1):
 par new generation   total 109248K, used 87833K [0x00000000e0000000, 0x00000000e8000000, 0x00000000e8000000)
  eden space 87424K, 100% used [0x00000000e0000000, 0x00000000e5560000, 0x00000000e5560000)
  from space 21824K,   1% used [0x00000000e5560000, 0x00000000e55c6648, 0x00000000e6ab0000)
  to   space 21824K,   0% used [0x00000000e6ab0000, 0x00000000e6ab0000, 0x00000000e8000000)
 concurrent mark-sweep generation total 393216K, used 45256K [0x00000000e8000000, 0x0000000100000000, 0x0000000100000000)
 Metaspace       used 37377K, capacity 38010K, committed 38288K, reserved 1083392K
  class space    used 4215K, capacity 4437K, committed 4528K, reserved 1048576K
2017-05-22T09:44:34.591+0000: 2550.623: [GC (Allocation Failure) 2017-05-22T09:44:34.591+0000: 2550.623: [ParNew
Desired survivor size 20112992 bytes, new threshold 8 (max 8)
- age   1:     277160 bytes,     277160 total
- age   2:       3512 bytes,     280672 total
- age   3:       3008 bytes,     283680 total
- age   4:      31360 bytes,     315040 total
- age   5:       3128 bytes,     318168 total
- age   6:       3024 bytes,     321192 total
- age   7:       2952 bytes,     324144 total
- age   8:       3272 bytes,     327416 total
: 87833K->396K(109248K), 0.0067742 secs] 133090K->45683K(502464K), 0.0068640 secs] [Times: user=0.02 sys=0.01, real=0.01 secs] 
Heap after GC invocations=223 (full 1):
 par new generation   total 109248K, used 396K [0x00000000e0000000, 0x00000000e8000000, 0x00000000e8000000)
  eden space 87424K,   0% used [0x00000000e0000000, 0x00000000e0000000, 0x00000000e5560000)
  from space 21824K,   1% used [0x00000000e6ab0000, 0x00000000e6b13150, 0x00000000e8000000)
  to   space 21824K,   0% used [0x00000000e5560000, 0x00000000e5560000, 0x00000000e6ab0000)
 concurrent mark-sweep generation total 393216K, used 45286K [0x00000000e8000000, 0x0000000100000000, 0x0000000100000000)
 Metaspace       used 37377K, capacity 38010K, committed 38288K, reserved 1083392K
  class space    used 4215K, capacity 4437K, committed 4528K, reserved 1048576K
}
2017-05-22T09:44:34.598+0000: 2550.629: Total time for which application threads were stopped: 0.0070860 seconds, Stopping threads took: 0.0000250 seconds
2017-05-22T09:44:40.599+0000: 2556.631: Total time for which application threads were stopped: 0.0006019 seconds, Stopping threads took: 0.0001291 seconds
2017-05-22T09:44:41.599+0000: 2557.631: Total time for which application threads were stopped: 0.0001374 seconds, Stopping threads took: 0.0000517 seconds
{Heap before GC invocations=223 (full 1):
 par new generation   total 109248K, used 87820K [0x00000000e0000000, 0x00000000e8000000, 0x00000000e8000000)
  eden space 87424K, 100% used [0x00000000e0000000, 0x00000000e5560000, 0x00000000e5560000)
  from space 21824K,   1% used [0x00000000e6ab0000, 0x00000000e6b13150, 0x00000000e8000000)
  to   space 21824K,   0% used [0x00000000e5560000, 0x00000000e5560000, 0x00000000e6ab0000)
 concurrent mark-sweep generation total 393216K, used 45286K [0x00000000e8000000, 0x0000000100000000, 0x0000000100000000)
 Metaspace       used 37384K, capacity 38010K, committed 38288K, reserved 1083392K
  class space    used 4215K, capacity 4437K, committed 4528K, reserved 1048576K
2017-05-22T09:46:25.264+0000: 2661.295: [GC (Allocation Failure) 2017-05-22T09:46:25.264+0000: 2661.295: [ParNew
Desired survivor size 20112992 bytes, new threshold 8 (max 8)
- age   1:     527224 bytes,     527224 total
- age   2:       3016 bytes,     530240 total
- age   3:       3024 bytes,     533264 total
- age   4:       3008 bytes,     536272 total
- age   5:      30064 bytes,     566336 total
- age   6:       3128 bytes,     569464 total
- age   7:       3024 bytes,     572488 total
- age   8:       2952 bytes,     575440 total
: 87820K->768K(109248K), 0.0099629 secs] 133107K->46058K(502464K), 0.0100777 secs] [Times: user=0.03 sys=0.00, real=0.01 secs] 
Heap after GC invocations=224 (full 1):
 par new generation   total 109248K, used 768K [0x00000000e0000000, 0x00000000e8000000, 0x00000000e8000000)
  eden space 87424K,   0% used [0x00000000e0000000, 0x00000000e0000000, 0x00000000e5560000)
  from space 21824K,   3% used [0x00000000e5560000, 0x00000000e5620228, 0x00000000e6ab0000)
  to   space 21824K,   0% used [0x00000000e6ab0000, 0x00000000e6ab0000, 0x00000000e8000000)
 concurrent mark-sweep generation total 393216K, used 45289K [0x00000000e8000000, 0x0000000100000000, 0x0000000100000000)
 Metaspace       used 37384K, capacity 38010K, committed 38288K, reserved 1083392K
  class space    used 4215K, capacity 4437K, committed 4528K, reserved 1048576K
}
2017-05-22T09:46:25.274+0000: 2661.306: Total time for which application threads were stopped: 0.0103840 seconds, Stopping threads took: 0.0000804 seconds
2017-05-22T09:46:26.275+0000: 2662.306: Total time for which application threads were stopped: 0.0004347 seconds, Stopping threads took: 0.0000818 seconds
{Heap before GC invocations=224 (full 1):
 par new generation   total 109248K, used 88192K [0x00000000e0000000, 0x00000000e8000000, 0x00000000e8000000)
  eden space 87424K, 100% used [0x00000000e0000000, 0x00000000e5560000, 0x00000000e5560000)
  from space 21824K,   3% used [0x00000000e5560000, 0x00000000e5620228, 0x00000000e6ab0000)
  to   space 21824K,   0% used [0x00000000e6ab0000, 0x00000000e6ab0000, 0x00000000e8000000)
 concurrent mark-sweep generation total 393216K, used 45289K [0x00000000e8000000, 0x0000000100000000, 0x0000000100000000)
 Metaspace       used 37385K, capacity 38010K, committed 38288K, reserved 1083392K
  class space    used 4215K, capacity 4437K, committed 4528K, reserved 1048576K
2017-05-22T09:46:28.065+0000: 2664.097: [GC (Allocation Failure) 2017-05-22T09:46:28.065+0000: 2664.097: [ParNew
Desired survivor size 20112992 bytes, new threshold 8 (max 8)
- age   1:    1118768 bytes,    1118768 total
- age   2:     435616 bytes,    1554384 total
- age   3:       2976 bytes,    1557360 total
- age   4:       3024 bytes,    1560384 total
- age   5:       3008 bytes,    1563392 total
- age   6:      30064 bytes,    1593456 total
- age   7:       3128 bytes,    1596584 total
- age   8:       3024 bytes,    1599608 total
: 88192K->1701K(109248K), 0.0148608 secs] 133482K->46994K(502464K), 0.0149692 secs] [Times: user=0.04 sys=0.00, real=0.02 secs] 
Heap after GC invocations=225 (full 1):
 par new generation   total 109248K, used 1701K [0x00000000e0000000, 0x00000000e8000000, 0x00000000e8000000)
  eden space 87424K,   0% used [0x00000000e0000000, 0x00000000e0000000, 0x00000000e5560000)
  from space 21824K,   7% used [0x00000000e6ab0000, 0x00000000e6c59650, 0x00000000e8000000)
  to   space 21824K,   0% used [0x00000000e5560000, 0x00000000e5560000, 0x00000000e6ab0000)
 concurrent mark-sweep generation total 393216K, used 45292K [0x00000000e8000000, 0x0000000100000000, 0x0000000100000000)
 Metaspace       used 37385K, capacity 38010K, committed 38288K, reserved 1083392K
  class space    used 4215K, capacity 4437K, committed 4528K, reserved 1048576K
}
2017-05-22T09:46:28.080+0000: 2664.112: Total time for which application threads were stopped: 0.0153792 seconds, Stopping threads took: 0.0000847 seconds
{Heap before GC invocations=225 (full 1):
 par new generation   total 109248K, used 89125K [0x00000000e0000000, 0x00000000e8000000, 0x00000000e8000000)
  eden space 87424K, 100% used [0x00000000e0000000, 0x00000000e5560000, 0x00000000e5560000)
  from space 21824K,   7% used [0x00000000e6ab0000, 0x00000000e6c59650, 0x00000000e8000000)
  to   space 21824K,   0% used [0x00000000e5560000, 0x00000000e5560000, 0x00000000e6ab0000)
 concurrent mark-sweep generation total 393216K, used 45292K [0x00000000e8000000, 0x0000000100000000, 0x0000000100000000)
 Metaspace       used 37385K, capacity 38010K, committed 38288K, reserved 1083392K
  class space    used 4215K, capacity 4437K, committed 4528K, reserved 1048576K
2017-05-22T09:46:28.246+0000: 2664.277: [GC (Allocation Failure) 2017-05-22T09:46:28.246+0000: 2664.277: [ParNew
Desired survivor size 20112992 bytes, new threshold 8 (max 8)
- age   1:     469400 bytes,     469400 total
- age   2:     752184 bytes,    1221584 total
- age   3:     435576 bytes,    1657160 total
- age   4:       2976 bytes,    1660136 total
- age   5:       3024 bytes,    1663160 total
- age   6:       3008 bytes,    1666168 total
- age   7:      30064 bytes,    1696232 total
- age   8:       3128 bytes,    1699360 total
: 89125K->2488K(109248K), 0.0086427 secs] 134418K->47784K(502464K), 0.0088169 secs] [Times: user=0.02 sys=0.00, real=0.00 secs] 
Heap after GC invocations=226 (full 1):
 par new generation   total 109248K, used 2488K [0x00000000e0000000, 0x00000000e8000000, 0x00000000e8000000)
  eden space 87424K,   0% used [0x00000000e0000000, 0x00000000e0000000, 0x00000000e5560000)
  from space 21824K,  11% used [0x00000000e5560000, 0x00000000e57ce1d0, 0x00000000e6ab0000)
  to   space 21824K,   0% used [0x00000000e6ab0000, 0x00000000e6ab0000, 0x00000000e8000000)
 concurrent mark-sweep generation total 393216K, used 45295K [0x00000000e8000000, 0x0000000100000000, 0x0000000100000000)
 Metaspace       used 37385K, capacity 38010K, committed 38288K, reserved 1083392K
  class space    used 4215K, capacity 4437K, committed 4528K, reserved 1048576K
}
2017-05-22T09:46:28.255+0000: 2664.286: Total time for which application threads were stopped: 0.0091220 seconds, Stopping threads took: 0.0000229 seconds
{Heap before GC invocations=226 (full 1):
 par new generation   total 109248K, used 89912K [0x00000000e0000000, 0x00000000e8000000, 0x00000000e8000000)
  eden space 87424K, 100% used [0x00000000e0000000, 0x00000000e5560000, 0x00000000e5560000)
  from space 21824K,  11% used [0x00000000e5560000, 0x00000000e57ce1d0, 0x00000000e6ab0000)
  to   space 21824K,   0% used [0x00000000e6ab0000, 0x00000000e6ab0000, 0x00000000e8000000)
 concurrent mark-sweep generation total 393216K, used 45295K [0x00000000e8000000, 0x0000000100000000, 0x0000000100000000)
 Metaspace       used 37385K, capacity 38010K, committed 38288K, reserved 1083392K
  class space    used 4215K, capacity 4437K, committed 4528K, reserved 1048576K
2017-05-22T09:46:28.414+0000: 2664.446: [GC (Allocation Failure) 2017-05-22T09:46:28.414+0000: 2664.446: [ParNew
Desired survivor size 20112992 bytes, new threshold 8 (max 8)
- age   1:     306232 bytes,     306232 total
- age   2:       3688 bytes,     309920 total
- age   3:     752144 bytes,    1062064 total
- age   4:     435576 bytes,    1497640 total
- age   5:       2976 bytes,    1500616 total
- age   6:       3024 bytes,    1503640 total
- age   7:       3008 bytes,    1506648 total
- age   8:      30064 bytes,    1536712 total
: 89912K->1963K(109248K), 0.0062457 secs] 135208K->47262K(502464K), 0.0063478 secs] [Times: user=0.02 sys=0.00, real=0.01 secs] 
Heap after GC invocations=227 (full 1):
 par new generation   total 109248K, used 1963K [0x00000000e0000000, 0x00000000e8000000, 0x00000000e8000000)
  eden space 87424K,   0% used [0x00000000e0000000, 0x00000000e0000000, 0x00000000e5560000)
  from space 21824K,   8% used [0x00000000e6ab0000, 0x00000000e6c9acf8, 0x00000000e8000000)
  to   space 21824K,   0% used [0x00000000e5560000, 0x00000000e5560000, 0x00000000e6ab0000)
 concurrent mark-sweep generation total 393216K, used 45298K [0x00000000e8000000, 0x0000000100000000, 0x0000000100000000)
 Metaspace       used 37385K, capacity 38010K, committed 38288K, reserved 1083392K
  class space    used 4215K, capacity 4437K, committed 4528K, reserved 1048576K
}
2017-05-22T09:46:28.421+0000: 2664.452: Total time for which application threads were stopped: 0.0065612 seconds, Stopping threads took: 0.0000281 seconds
{Heap before GC invocations=227 (full 1):
 par new generation   total 109248K, used 89387K [0x00000000e0000000, 0x00000000e8000000, 0x00000000e8000000)
  eden space 87424K, 100% used [0x00000000e0000000, 0x00000000e5560000, 0x00000000e5560000)
  from space 21824K,   8% used [0x00000000e6ab0000, 0x00000000e6c9acf8, 0x00000000e8000000)
  to   space 21824K,   0% used [0x00000000e5560000, 0x00000000e5560000, 0x00000000e6ab0000)
 concurrent mark-sweep generation total 393216K, used 45298K [0x00000000e8000000, 0x0000000100000000, 0x0000000100000000)
 Metaspace       used 37385K, capacity 38010K, committed 38288K, reserved 1083392K
  class space    used 4215K, capacity 4437K, committed 4528K, reserved 1048576K
2017-05-22T09:46:28.611+0000: 2664.642: [GC (Allocation Failure) 2017-05-22T09:46:28.611+0000: 2664.642: [ParNew
Desired survivor size 20112992 bytes, new threshold 8 (max 8)
- age   1:     407248 bytes,     407248 total
- age   2:       2584 bytes,     409832 total
- age   3:       3648 bytes,     413480 total
- age   4:     751920 bytes,    1165400 total
- age   5:     435576 bytes,    1600976 total
- age   6:       2976 bytes,    1603952 total
- age   7:       3024 bytes,    1606976 total
- age   8:       3008 bytes,    1609984 total
: 89387K->2038K(109248K), 0.0136017 secs] 134686K->47366K(502464K), 0.0137867 secs] [Times: user=0.05 sys=0.00, real=0.01 secs] 
Heap after GC invocations=228 (full 1):
 par new generation   total 109248K, used 2038K [0x00000000e0000000, 0x00000000e8000000, 0x00000000e8000000)
  eden space 87424K,   0% used [0x00000000e0000000, 0x00000000e0000000, 0x00000000e5560000)
  from space 21824K,   9% used [0x00000000e5560000, 0x00000000e575d968, 0x00000000e6ab0000)
  to   space 21824K,   0% used [0x00000000e6ab0000, 0x00000000e6ab0000, 0x00000000e8000000)
 concurrent mark-sweep generation total 393216K, used 45328K [0x00000000e8000000, 0x0000000100000000, 0x0000000100000000)
 Metaspace       used 37385K, capacity 38010K, committed 38288K, reserved 1083392K
  class space    used 4215K, capacity 4437K, committed 4528K, reserved 1048576K
}
2017-05-22T09:46:28.625+0000: 2664.656: Total time for which application threads were stopped: 0.0142348 seconds, Stopping threads took: 0.0000903 seconds
{Heap before GC invocations=228 (full 1):
 par new generation   total 109248K, used 89462K [0x00000000e0000000, 0x00000000e8000000, 0x00000000e8000000)
  eden space 87424K, 100% used [0x00000000e0000000, 0x00000000e5560000, 0x00000000e5560000)
  from space 21824K,   9% used [0x00000000e5560000, 0x00000000e575d968, 0x00000000e6ab0000)
  to   space 21824K,   0% used [0x00000000e6ab0000, 0x00000000e6ab0000, 0x00000000e8000000)
 concurrent mark-sweep generation total 393216K, used 45328K [0x00000000e8000000, 0x0000000100000000, 0x0000000100000000)
 Metaspace       used 37387K, capacity 38010K, committed 38288K, reserved 1083392K
  class space    used 4215K, capacity 4437K, committed 4528K, reserved 1048576K
2017-05-22T09:46:28.796+0000: 2664.828: [GC (Allocation Failure) 2017-05-22T09:46:28.796+0000: 2664.828: [ParNew
Desired survivor size 20112992 bytes, new threshold 8 (max 8)
- age   1:     567632 bytes,     567632 total
- age   2:       3416 bytes,     571048 total
- age   3:       2544 bytes,     573592 total
- age   4:       3648 bytes,     577240 total
- age   5:     751920 bytes,    1329160 total
- age   6:     435576 bytes,    1764736 total
- age   7:       2976 bytes,    1767712 total
- age   8:       3024 bytes,    1770736 total
: 89462K->1937K(109248K), 0.0080025 secs] 134790K->47268K(502464K), 0.0081012 secs] [Times: user=0.02 sys=0.00, real=0.01 secs] 
Heap after GC invocations=229 (full 1):
 par new generation   total 109248K, used 1937K [0x00000000e0000000, 0x00000000e8000000, 0x00000000e8000000)
  eden space 87424K,   0% used [0x00000000e0000000, 0x00000000e0000000, 0x00000000e5560000)
  from space 21824K,   8% used [0x00000000e6ab0000, 0x00000000e6c94510, 0x00000000e8000000)
  to   space 21824K,   0% used [0x00000000e5560000, 0x00000000e5560000, 0x00000000e6ab0000)
 concurrent mark-sweep generation total 393216K, used 45331K [0x00000000e8000000, 0x0000000100000000, 0x0000000100000000)
 Metaspace       used 37387K, capacity 38010K, committed 38288K, reserved 1083392K
  class space    used 4215K, capacity 4437K, committed 4528K, reserved 1048576K
}
2017-05-22T09:46:28.805+0000: 2664.836: Total time for which application threads were stopped: 0.0083069 seconds, Stopping threads took: 0.0000242 seconds
2017-05-22T09:46:29.805+0000: 2665.836: Total time for which application threads were stopped: 0.0001836 seconds, Stopping threads took: 0.0000664 seconds
2017-05-22T09:46:33.807+0000: 2669.839: Total time for which application threads were stopped: 0.0015831 seconds, Stopping threads took: 0.0014626 seconds
2017-05-22T09:46:34.808+0000: 2670.839: Total time for which application threads were stopped: 0.0001994 seconds, Stopping threads took: 0.0000443 seconds
{Heap before GC invocations=229 (full 1):
 par new generation   total 109248K, used 89361K [0x00000000e0000000, 0x00000000e8000000, 0x00000000e8000000)
  eden space 87424K, 100% used [0x00000000e0000000, 0x00000000e5560000, 0x00000000e5560000)
  from space 21824K,   8% used [0x00000000e6ab0000, 0x00000000e6c94510, 0x00000000e8000000)
  to   space 21824K,   0% used [0x00000000e5560000, 0x00000000e5560000, 0x00000000e6ab0000)
 concurrent mark-sweep generation total 393216K, used 45331K [0x00000000e8000000, 0x0000000100000000, 0x0000000100000000)
 Metaspace       used 37388K, capacity 38010K, committed 38288K, reserved 1083392K
  class space    used 4215K, capacity 4437K, committed 4528K, reserved 1048576K
2017-05-22T09:46:52.043+0000: 2688.074: [GC (Allocation Failure) 2017-05-22T09:46:52.043+0000: 2688.074: [ParNew
Desired survivor size 20112992 bytes, new threshold 8 (max 8)
- age   1:     834608 bytes,     834608 total
- age   2:     318336 bytes,    1152944 total
- age   3:       3152 bytes,    1156096 total
- age   4:       2544 bytes,    1158640 total
- age   5:       2976 bytes,    1161616 total
- age   6:     751248 bytes,    1912864 total
- age   7:     435432 bytes,    2348296 total
- age   8:       2976 bytes,    2351272 total
: 89361K->3354K(109248K), 0.0088999 secs] 134692K->48688K(502464K), 0.0090807 secs] [Times: user=0.03 sys=0.00, real=0.01 secs] 
Heap after GC invocations=230 (full 1):
 par new generation   total 109248K, used 3354K [0x00000000e0000000, 0x00000000e8000000, 0x00000000e8000000)
  eden space 87424K,   0% used [0x00000000e0000000, 0x00000000e0000000, 0x00000000e5560000)
  from space 21824K,  15% used [0x00000000e5560000, 0x00000000e58a6830, 0x00000000e6ab0000)
  to   space 21824K,   0% used [0x00000000e6ab0000, 0x00000000e6ab0000, 0x00000000e8000000)
 concurrent mark-sweep generation total 393216K, used 45334K [0x00000000e8000000, 0x0000000100000000, 0x0000000100000000)
 Metaspace       used 37388K, capacity 38010K, committed 38288K, reserved 1083392K
  class space    used 4215K, capacity 4437K, committed 4528K, reserved 1048576K
}
2017-05-22T09:46:52.052+0000: 2688.084: Total time for which application threads were stopped: 0.0094062 seconds, Stopping threads took: 0.0000319 seconds
{Heap before GC invocations=230 (full 1):
 par new generation   total 109248K, used 90778K [0x00000000e0000000, 0x00000000e8000000, 0x00000000e8000000)
  eden space 87424K, 100% used [0x00000000e0000000, 0x00000000e5560000, 0x00000000e5560000)
  from space 21824K,  15% used [0x00000000e5560000, 0x00000000e58a6830, 0x00000000e6ab0000)
  to   space 21824K,   0% used [0x00000000e6ab0000, 0x00000000e6ab0000, 0x00000000e8000000)
 concurrent mark-sweep generation total 393216K, used 45334K [0x00000000e8000000, 0x0000000100000000, 0x0000000100000000)
 Metaspace       used 37389K, capacity 38010K, committed 38288K, reserved 1083392K
  class space    used 4215K, capacity 4437K, committed 4528K, reserved 1048576K
2017-05-22T09:46:52.226+0000: 2688.257: [GC (Allocation Failure) 2017-05-22T09:46:52.226+0000: 2688.257: [ParNew
Desired survivor size 20112992 bytes, new threshold 8 (max 8)
- age   1:     463624 bytes,     463624 total
- age   2:     715168 bytes,    1178792 total
- age   3:     318296 bytes,    1497088 total
- age   4:       3152 bytes,    1500240 total
- age   5:       2544 bytes,    1502784 total
- age   6:       2976 bytes,    1505760 total
- age   7:     751288 bytes,    2257048 total
- age   8:     435432 bytes,    2692480 total
: 90778K->3392K(109248K), 0.0096195 secs] 136112K->48729K(502464K), 0.0097884 secs] [Times: user=0.02 sys=0.00, real=0.00 secs] 
Heap after GC invocations=231 (full 1):
 par new generation   total 109248K, used 3392K [0x00000000e0000000, 0x00000000e8000000, 0x00000000e8000000)
  eden space 87424K,   0% used [0x00000000e0000000, 0x00000000e0000000, 0x00000000e5560000)
  from space 21824K,  15% used [0x00000000e6ab0000, 0x00000000e6e002e8, 0x00000000e8000000)
  to   space 21824K,   0% used [0x00000000e5560000, 0x00000000e5560000, 0x00000000e6ab0000)
 concurrent mark-sweep generation total 393216K, used 45336K [0x00000000e8000000, 0x0000000100000000, 0x0000000100000000)
 Metaspace       used 37389K, capacity 38010K, committed 38288K, reserved 1083392K
  class space    used 4215K, capacity 4437K, committed 4528K, reserved 1048576K
}
2017-05-22T09:46:52.236+0000: 2688.267: Total time for which application threads were stopped: 0.0100968 seconds, Stopping threads took: 0.0000279 seconds
{Heap before GC invocations=231 (full 1):
 par new generation   total 109248K, used 90816K [0x00000000e0000000, 0x00000000e8000000, 0x00000000e8000000)
  eden space 87424K, 100% used [0x00000000e0000000, 0x00000000e5560000, 0x00000000e5560000)
  from space 21824K,  15% used [0x00000000e6ab0000, 0x00000000e6e002e8, 0x00000000e8000000)
  to   space 21824K,   0% used [0x00000000e5560000, 0x00000000e5560000, 0x00000000e6ab0000)
 concurrent mark-sweep generation total 393216K, used 45336K [0x00000000e8000000, 0x0000000100000000, 0x0000000100000000)
 Metaspace       used 37389K, capacity 38010K, committed 38288K, reserved 1083392K
  class space    used 4215K, capacity 4437K, committed 4528K, reserved 1048576K
2017-05-22T09:46:52.406+0000: 2688.438: [GC (Allocation Failure) 2017-05-22T09:46:52.406+0000: 2688.438: [ParNew
Desired survivor size 20112992 bytes, new threshold 8 (max 8)
- age   1:     409336 bytes,     409336 total
- age   2:      49744 bytes,     459080 total
- age   3:     714904 bytes,    1173984 total
- age   4:     318296 bytes,    1492280 total
- age   5:       3152 bytes,    1495432 total
- age   6:       2544 bytes,    1497976 total
- age   7:       2976 bytes,    1500952 total
- age   8:     751248 bytes,    2252200 total
: 90816K->2912K(109248K), 0.0135557 secs] 136153K->48679K(502464K), 0.0136390 secs] [Times: user=0.03 sys=0.00, real=0.01 secs] 
Heap after GC invocations=232 (full 1):
 par new generation   total 109248K, used 2912K [0x00000000e0000000, 0x00000000e8000000, 0x00000000e8000000)
  eden space 87424K,   0% used [0x00000000e0000000, 0x00000000e0000000, 0x00000000e5560000)
  from space 21824K,  13% used [0x00000000e5560000, 0x00000000e58381f0, 0x00000000e6ab0000)
  to   space 21824K,   0% used [0x00000000e6ab0000, 0x00000000e6ab0000, 0x00000000e8000000)
 concurrent mark-sweep generation total 393216K, used 45767K [0x00000000e8000000, 0x0000000100000000, 0x0000000100000000)
 Metaspace       used 37389K, capacity 38010K, committed 38288K, reserved 1083392K
  class space    used 4215K, capacity 4437K, committed 4528K, reserved 1048576K
}
2017-05-22T09:46:52.420+0000: 2688.452: Total time for which application threads were stopped: 0.0138215 seconds, Stopping threads took: 0.0000207 seconds
{Heap before GC invocations=232 (full 1):
 par new generation   total 109248K, used 90336K [0x00000000e0000000, 0x00000000e8000000, 0x00000000e8000000)
  eden space 87424K, 100% used [0x00000000e0000000, 0x00000000e5560000, 0x00000000e5560000)
  from space 21824K,  13% used [0x00000000e5560000, 0x00000000e58381f0, 0x00000000e6ab0000)
  to   space 21824K,   0% used [0x00000000e6ab0000, 0x00000000e6ab0000, 0x00000000e8000000)
 concurrent mark-sweep generation total 393216K, used 45767K [0x00000000e8000000, 0x0000000100000000, 0x0000000100000000)
 Metaspace       used 37389K, capacity 38010K, committed 38288K, reserved 1083392K
  class space    used 4215K, capacity 4437K, committed 4528K, reserved 1048576K
2017-05-22T09:46:52.576+0000: 2688.608: [GC (Allocation Failure) 2017-05-22T09:46:52.576+0000: 2688.608: [ParNew
Desired survivor size 20112992 bytes, new threshold 8 (max 8)
- age   1:     434280 bytes,     434280 total
- age   2:       3416 bytes,     437696 total
- age   3:      49704 bytes,     487400 total
- age   4:     714904 bytes,    1202304 total
- age   5:     318296 bytes,    1520600 total
- age   6:       3152 bytes,    1523752 total
- age   7:       2544 bytes,    1526296 total
- age   8:       2976 bytes,    1529272 total
: 90336K->2296K(109248K), 0.0082696 secs] 136103K->48805K(502464K), 0.0083649 secs] [Times: user=0.02 sys=0.00, real=0.01 secs] 
Heap after GC invocations=233 (full 1):
 par new generation   total 109248K, used 2296K [0x00000000e0000000, 0x00000000e8000000, 0x00000000e8000000)
  eden space 87424K,   0% used [0x00000000e0000000, 0x00000000e0000000, 0x00000000e5560000)
  from space 21824K,  10% used [0x00000000e6ab0000, 0x00000000e6cee300, 0x00000000e8000000)
  to   space 21824K,   0% used [0x00000000e5560000, 0x00000000e5560000, 0x00000000e6ab0000)
 concurrent mark-sweep generation total 393216K, used 46509K [0x00000000e8000000, 0x0000000100000000, 0x0000000100000000)
 Metaspace       used 37389K, capacity 38010K, committed 38288K, reserved 1083392K
  class space    used 4215K, capacity 4437K, committed 4528K, reserved 1048576K
}
2017-05-22T09:46:52.584+0000: 2688.616: Total time for which application threads were stopped: 0.0085670 seconds, Stopping threads took: 0.0000278 seconds
{Heap before GC invocations=233 (full 1):
 par new generation   total 109248K, used 89720K [0x00000000e0000000, 0x00000000e8000000, 0x00000000e8000000)
  eden space 87424K, 100% used [0x00000000e0000000, 0x00000000e5560000, 0x00000000e5560000)
  from space 21824K,  10% used [0x00000000e6ab0000, 0x00000000e6cee300, 0x00000000e8000000)
  to   space 21824K,   0% used [0x00000000e5560000, 0x00000000e5560000, 0x00000000e6ab0000)
 concurrent mark-sweep generation total 393216K, used 46509K [0x00000000e8000000, 0x0000000100000000, 0x0000000100000000)
 Metaspace       used 37390K, capacity 38010K, committed 38288K, reserved 1083392K
  class space    used 4215K, capacity 4437K, committed 4528K, reserved 1048576K
2017-05-22T09:46:52.755+0000: 2688.787: [GC (Allocation Failure) 2017-05-22T09:46:52.755+0000: 2688.787: [ParNew
Desired survivor size 20112992 bytes, new threshold 8 (max 8)
- age   1:     400720 bytes,     400720 total
- age   2:       2824 bytes,     403544 total
- age   3:       3376 bytes,     406920 total
- age   4:      49704 bytes,     456624 total
- age   5:     714680 bytes,    1171304 total
- age   6:     318296 bytes,    1489600 total
- age   7:       3152 bytes,    1492752 total
- age   8:       2544 bytes,    1495296 total
: 89720K->1816K(109248K), 0.0076770 secs] 136229K->48328K(502464K), 0.0078456 secs] [Times: user=0.02 sys=0.00, real=0.01 secs] 
Heap after GC invocations=234 (full 1):
 par new generation   total 109248K, used 1816K [0x00000000e0000000, 0x00000000e8000000, 0x00000000e8000000)
  eden space 87424K,   0% used [0x00000000e0000000, 0x00000000e0000000, 0x00000000e5560000)
  from space 21824K,   8% used [0x00000000e5560000, 0x00000000e57260d0, 0x00000000e6ab0000)
  to   space 21824K,   0% used [0x00000000e6ab0000, 0x00000000e6ab0000, 0x00000000e8000000)
 concurrent mark-sweep generation total 393216K, used 46512K [0x00000000e8000000, 0x0000000100000000, 0x0000000100000000)
 Metaspace       used 37390K, capacity 38010K, committed 38288K, reserved 1083392K
  class space    used 4215K, capacity 4437K, committed 4528K, reserved 1048576K
}
2017-05-22T09:46:52.763+0000: 2688.795: Total time for which application threads were stopped: 0.0080841 seconds, Stopping threads took: 0.0000234 seconds
{Heap before GC invocations=234 (full 1):
 par new generation   total 109248K, used 89240K [0x00000000e0000000, 0x00000000e8000000, 0x00000000e8000000)
  eden space 87424K, 100% used [0x00000000e0000000, 0x00000000e5560000, 0x00000000e5560000)
  from space 21824K,   8% used [0x00000000e5560000, 0x00000000e57260d0, 0x00000000e6ab0000)
  to   space 21824K,   0% used [0x00000000e6ab0000, 0x00000000e6ab0000, 0x00000000e8000000)
 concurrent mark-sweep generation total 393216K, used 46512K [0x00000000e8000000, 0x0000000100000000, 0x0000000100000000)
 Metaspace       used 37391K, capacity 38010K, committed 38288K, reserved 1083392K
  class space    used 4215K, capacity 4437K, committed 4528K, reserved 1048576K
2017-05-22T09:46:56.344+0000: 2692.375: [GC (Allocation Failure) 2017-05-22T09:46:56.344+0000: 2692.375: [ParNew
Desired survivor size 20112992 bytes, new threshold 8 (max 8)
- age   1:     411304 bytes,     411304 total
- age   2:     288592 bytes,     699896 total
- age   3:       2784 bytes,     702680 total
- age   4:       3152 bytes,     705832 total
- age   5:      49704 bytes,     755536 total
- age   6:     713560 bytes,    1469096 total
- age   7:     318296 bytes,    1787392 total
- age   8:       3152 bytes,    1790544 total
: 89240K->2520K(109248K), 0.0100853 secs] 135752K->49035K(502464K), 0.0102860 secs] [Times: user=0.02 sys=0.01, real=0.01 secs] 
Heap after GC invocations=235 (full 1):
 par new generation   total 109248K, used 2520K [0x00000000e0000000, 0x00000000e8000000, 0x00000000e8000000)
  eden space 87424K,   0% used [0x00000000e0000000, 0x00000000e0000000, 0x00000000e5560000)
  from space 21824K,  11% used [0x00000000e6ab0000, 0x00000000e6d262c0, 0x00000000e8000000)
  to   space 21824K,   0% used [0x00000000e5560000, 0x00000000e5560000, 0x00000000e6ab0000)
 concurrent mark-sweep generation total 393216K, used 46514K [0x00000000e8000000, 0x0000000100000000, 0x0000000100000000)
 Metaspace       used 37391K, capacity 38010K, committed 38288K, reserved 1083392K
  class space    used 4215K, capacity 4437K, committed 4528K, reserved 1048576K
}
2017-05-22T09:46:56.354+0000: 2692.386: Total time for which application threads were stopped: 0.0106344 seconds, Stopping threads took: 0.0000257 seconds
2017-05-22T09:46:57.355+0000: 2693.386: Total time for which application threads were stopped: 0.0002423 seconds, Stopping threads took: 0.0000478 seconds
{Heap before GC invocations=235 (full 1):
 par new generation   total 109248K, used 89944K [0x00000000e0000000, 0x00000000e8000000, 0x00000000e8000000)
  eden space 87424K, 100% used [0x00000000e0000000, 0x00000000e5560000, 0x00000000e5560000)
  from space 21824K,  11% used [0x00000000e6ab0000, 0x00000000e6d262c0, 0x00000000e8000000)
  to   space 21824K,   0% used [0x00000000e5560000, 0x00000000e5560000, 0x00000000e6ab0000)
 concurrent mark-sweep generation total 393216K, used 46514K [0x00000000e8000000, 0x0000000100000000, 0x0000000100000000)
 Metaspace       used 37392K, capacity 38010K, committed 38288K, reserved 1083392K
  class space    used 4215K, capacity 4437K, committed 4528K, reserved 1048576K
2017-05-22T09:47:13.183+0000: 2709.215: [GC (Allocation Failure) 2017-05-22T09:47:13.183+0000: 2709.215: [ParNew
Desired survivor size 20112992 bytes, new threshold 8 (max 8)
- age   1:     244664 bytes,     244664 total
- age   2:     151096 bytes,     395760 total
- age   3:     288552 bytes,     684312 total
- age   4:       2784 bytes,     687096 total
- age   5:       3152 bytes,     690248 total
- age   6:      49704 bytes,     739952 total
- age   7:     713448 bytes,    1453400 total
- age   8:     318296 bytes,    1771696 total
: 89944K->2184K(109248K), 0.0108025 secs] 136459K->48701K(502464K), 0.0109025 secs] [Times: user=0.03 sys=0.00, real=0.01 secs] 
Heap after GC invocations=236 (full 1):
 par new generation   total 109248K, used 2184K [0x00000000e0000000, 0x00000000e8000000, 0x00000000e8000000)
  eden space 87424K,   0% used [0x00000000e0000000, 0x00000000e0000000, 0x00000000e5560000)
  from space 21824K,  10% used [0x00000000e5560000, 0x00000000e57820c0, 0x00000000e6ab0000)
  to   space 21824K,   0% used [0x00000000e6ab0000, 0x00000000e6ab0000, 0x00000000e8000000)
 concurrent mark-sweep generation total 393216K, used 46517K [0x00000000e8000000, 0x0000000100000000, 0x0000000100000000)
 Metaspace       used 37392K, capacity 38010K, committed 38288K, reserved 1083392K
  class space    used 4215K, capacity 4437K, committed 4528K, reserved 1048576K
}
2017-05-22T09:47:13.194+0000: 2709.226: Total time for which application threads were stopped: 0.0111027 seconds, Stopping threads took: 0.0000224 seconds
{Heap before GC invocations=236 (full 1):
 par new generation   total 109248K, used 89608K [0x00000000e0000000, 0x00000000e8000000, 0x00000000e8000000)
  eden space 87424K, 100% used [0x00000000e0000000, 0x00000000e5560000, 0x00000000e5560000)
  from space 21824K,  10% used [0x00000000e5560000, 0x00000000e57820c0, 0x00000000e6ab0000)
  to   space 21824K,   0% used [0x00000000e6ab0000, 0x00000000e6ab0000, 0x00000000e8000000)
 concurrent mark-sweep generation total 393216K, used 46517K [0x00000000e8000000, 0x0000000100000000, 0x0000000100000000)
 Metaspace       used 37392K, capacity 38010K, committed 38288K, reserved 1083392K
  class space    used 4215K, capacity 4437K, committed 4528K, reserved 1048576K
2017-05-22T09:47:13.353+0000: 2709.384: [GC (Allocation Failure) 2017-05-22T09:47:13.353+0000: 2709.384: [ParNew
Desired survivor size 20112992 bytes, new threshold 8 (max 8)
- age   1:     411280 bytes,     411280 total
- age   2:      45248 bytes,     456528 total
- age   3:     151056 bytes,     607584 total
- age   4:     288552 bytes,     896136 total
- age   5:       2784 bytes,     898920 total
- age   6:       3152 bytes,     902072 total
- age   7:      49704 bytes,     951776 total
- age   8:     713448 bytes,    1665224 total
: 89608K->2695K(109248K), 0.0073572 secs] 136125K->49527K(502464K), 0.0074458 secs] [Times: user=0.03 sys=0.00, real=0.01 secs] 
Heap after GC invocations=237 (full 1):
 par new generation   total 109248K, used 2695K [0x00000000e0000000, 0x00000000e8000000, 0x00000000e8000000)
  eden space 87424K,   0% used [0x00000000e0000000, 0x00000000e0000000, 0x00000000e5560000)
  from space 21824K,  12% used [0x00000000e6ab0000, 0x00000000e6d51e68, 0x00000000e8000000)
  to   space 21824K,   0% used [0x00000000e5560000, 0x00000000e5560000, 0x00000000e6ab0000)
 concurrent mark-sweep generation total 393216K, used 46831K [0x00000000e8000000, 0x0000000100000000, 0x0000000100000000)
 Metaspace       used 37392K, capacity 38010K, committed 38288K, reserved 1083392K
  class space    used 4215K, capacity 4437K, committed 4528K, reserved 1048576K
}
2017-05-22T09:47:13.360+0000: 2709.392: Total time for which application threads were stopped: 0.0076513 seconds, Stopping threads took: 0.0000269 seconds
{Heap before GC invocations=237 (full 1):
 par new generation   total 109248K, used 90119K [0x00000000e0000000, 0x00000000e8000000, 0x00000000e8000000)
  eden space 87424K, 100% used [0x00000000e0000000, 0x00000000e5560000, 0x00000000e5560000)
  from space 21824K,  12% used [0x00000000e6ab0000, 0x00000000e6d51e68, 0x00000000e8000000)
  to   space 21824K,   0% used [0x00000000e5560000, 0x00000000e5560000, 0x00000000e6ab0000)
 concurrent mark-sweep generation total 393216K, used 46831K [0x00000000e8000000, 0x0000000100000000, 0x0000000100000000)
 Metaspace       used 37392K, capacity 38010K, committed 38288K, reserved 1083392K
  class space    used 4215K, capacity 4437K, committed 4528K, reserved 1048576K
2017-05-22T09:47:13.515+0000: 2709.546: [GC (Allocation Failure) 2017-05-22T09:47:13.515+0000: 2709.546: [ParNew
Desired survivor size 20112992 bytes, new threshold 8 (max 8)
- age   1:     433512 bytes,     433512 total
- age   2:       2584 bytes,     436096 total
- age   3:      45208 bytes,     481304 total
- age   4:     151056 bytes,     632360 total
- age   5:     288552 bytes,     920912 total
- age   6:       2784 bytes,     923696 total
- age   7:       3152 bytes,     926848 total
- age   8:      49704 bytes,     976552 total
: 90119K->1187K(109248K), 0.0132053 secs] 136951K->48723K(502464K), 0.0133019 secs] [Times: user=0.04 sys=0.00, real=0.02 secs] 
Heap after GC invocations=238 (full 1):
 par new generation   total 109248K, used 1187K [0x00000000e0000000, 0x00000000e8000000, 0x00000000e8000000)
  eden space 87424K,   0% used [0x00000000e0000000, 0x00000000e0000000, 0x00000000e5560000)
  from space 21824K,   5% used [0x00000000e5560000, 0x00000000e5688dc0, 0x00000000e6ab0000)
  to   space 21824K,   0% used [0x00000000e6ab0000, 0x00000000e6ab0000, 0x00000000e8000000)
 concurrent mark-sweep generation total 393216K, used 47536K [0x00000000e8000000, 0x0000000100000000, 0x0000000100000000)
 Metaspace       used 37392K, capacity 38010K, committed 38288K, reserved 1083392K
  class space    used 4215K, capacity 4437K, committed 4528K, reserved 1048576K
}
2017-05-22T09:47:13.528+0000: 2709.559: Total time for which application threads were stopped: 0.0135013 seconds, Stopping threads took: 0.0000269 seconds
{Heap before GC invocations=238 (full 1):
 par new generation   total 109248K, used 88611K [0x00000000e0000000, 0x00000000e8000000, 0x00000000e8000000)
  eden space 87424K, 100% used [0x00000000e0000000, 0x00000000e5560000, 0x00000000e5560000)
  from space 21824K,   5% used [0x00000000e5560000, 0x00000000e5688dc0, 0x00000000e6ab0000)
  to   space 21824K,   0% used [0x00000000e6ab0000, 0x00000000e6ab0000, 0x00000000e8000000)
 concurrent mark-sweep generation total 393216K, used 47536K [0x00000000e8000000, 0x0000000100000000, 0x0000000100000000)
 Metaspace       used 37392K, capacity 38010K, committed 38288K, reserved 1083392K
  class space    used 4215K, capacity 4437K, committed 4528K, reserved 1048576K
2017-05-22T09:47:13.693+0000: 2709.725: [GC (Allocation Failure) 2017-05-22T09:47:13.693+0000: 2709.725: [ParNew
Desired survivor size 20112992 bytes, new threshold 8 (max 8)
- age   1:     397312 bytes,     397312 total
- age   2:       2968 bytes,     400280 total
- age   3:       2544 bytes,     402824 total
- age   4:      45208 bytes,     448032 total
- age   5:     151056 bytes,     599088 total
- age   6:     288552 bytes,     887640 total
- age   7:       2784 bytes,     890424 total
- age   8:       3152 bytes,     893576 total
: 88611K->1369K(109248K), 0.0059639 secs] 136147K->48954K(502464K), 0.0060460 secs] [Times: user=0.02 sys=0.00, real=0.01 secs] 
Heap after GC invocations=239 (full 1):
 par new generation   total 109248K, used 1369K [0x00000000e0000000, 0x00000000e8000000, 0x00000000e8000000)
  eden space 87424K,   0% used [0x00000000e0000000, 0x00000000e0000000, 0x00000000e5560000)
  from space 21824K,   6% used [0x00000000e6ab0000, 0x00000000e6c066f0, 0x00000000e8000000)
  to   space 21824K,   0% used [0x00000000e5560000, 0x00000000e5560000, 0x00000000e6ab0000)
 concurrent mark-sweep generation total 393216K, used 47585K [0x00000000e8000000, 0x0000000100000000, 0x0000000100000000)
 Metaspace       used 37392K, capacity 38010K, committed 38288K, reserved 1083392K
  class space    used 4215K, capacity 4437K, committed 4528K, reserved 1048576K
}
2017-05-22T09:47:13.699+0000: 2709.731: Total time for which application threads were stopped: 0.0064156 seconds, Stopping threads took: 0.0000635 seconds
2017-05-22T09:47:14.700+0000: 2710.731: Total time for which application threads were stopped: 0.0001419 seconds, Stopping threads took: 0.0000319 seconds
{Heap before GC invocations=239 (full 1):
 par new generation   total 109248K, used 88793K [0x00000000e0000000, 0x00000000e8000000, 0x00000000e8000000)
  eden space 87424K, 100% used [0x00000000e0000000, 0x00000000e5560000, 0x00000000e5560000)
  from space 21824K,   6% used [0x00000000e6ab0000, 0x00000000e6c066f0, 0x00000000e8000000)
  to   space 21824K,   0% used [0x00000000e5560000, 0x00000000e5560000, 0x00000000e6ab0000)
 concurrent mark-sweep generation total 393216K, used 47585K [0x00000000e8000000, 0x0000000100000000, 0x0000000100000000)
 Metaspace       used 37402K, capacity 38010K, committed 38288K, reserved 1083392K
  class space    used 4215K, capacity 4437K, committed 4528K, reserved 1048576K
2017-05-22T09:47:36.621+0000: 2732.652: [GC (Allocation Failure) 2017-05-22T09:47:36.621+0000: 2732.652: [ParNew
Desired survivor size 20112992 bytes, new threshold 8 (max 8)
- age   1:     592256 bytes,     592256 total
- age   2:       3384 bytes,     595640 total
- age   3:       2928 bytes,     598568 total
- age   4:       2544 bytes,     601112 total
- age   5:      43640 bytes,     644752 total
- age   6:     151056 bytes,     795808 total
- age   7:     288552 bytes,    1084360 total
- age   8:       2784 bytes,    1087144 total
: 88793K->1404K(109248K), 0.0084706 secs] 136378K->48992K(502464K), 0.0086763 secs] [Times: user=0.02 sys=0.01, real=0.01 secs] 
Heap after GC invocations=240 (full 1):
 par new generation   total 109248K, used 1404K [0x00000000e0000000, 0x00000000e8000000, 0x00000000e8000000)
  eden space 87424K,   0% used [0x00000000e0000000, 0x00000000e0000000, 0x00000000e5560000)
  from space 21824K,   6% used [0x00000000e5560000, 0x00000000e56bf120, 0x00000000e6ab0000)
  to   space 21824K,   0% used [0x00000000e6ab0000, 0x00000000e6ab0000, 0x00000000e8000000)
 concurrent mark-sweep generation total 393216K, used 47588K [0x00000000e8000000, 0x0000000100000000, 0x0000000100000000)
 Metaspace       used 37402K, capacity 38010K, committed 38288K, reserved 1083392K
  class space    used 4215K, capacity 4437K, committed 4528K, reserved 1048576K
}
2017-05-22T09:47:36.630+0000: 2732.661: Total time for which application threads were stopped: 0.0093192 seconds, Stopping threads took: 0.0001522 seconds
{Heap before GC invocations=240 (full 1):
 par new generation   total 109248K, used 88828K [0x00000000e0000000, 0x00000000e8000000, 0x00000000e8000000)
  eden space 87424K, 100% used [0x00000000e0000000, 0x00000000e5560000, 0x00000000e5560000)
  from space 21824K,   6% used [0x00000000e5560000, 0x00000000e56bf120, 0x00000000e6ab0000)
  to   space 21824K,   0% used [0x00000000e6ab0000, 0x00000000e6ab0000, 0x00000000e8000000)
 concurrent mark-sweep generation total 393216K, used 47588K [0x00000000e8000000, 0x0000000100000000, 0x0000000100000000)
 Metaspace       used 37402K, capacity 38010K, committed 38288K, reserved 1083392K
  class space    used 4215K, capacity 4437K, committed 4528K, reserved 1048576K
2017-05-22T09:47:36.790+0000: 2732.821: [GC (Allocation Failure) 2017-05-22T09:47:36.790+0000: 2732.821: [ParNew
Desired survivor size 20112992 bytes, new threshold 8 (max 8)
- age   1:     239216 bytes,     239216 total
- age   2:     375304 bytes,     614520 total
- age   3:       3344 bytes,     617864 total
- age   4:       2928 bytes,     620792 total
- age   5:       2544 bytes,     623336 total
- age   6:      43528 bytes,     666864 total
- age   7:     151080 bytes,     817944 total
- age   8:     288552 bytes,    1106496 total
: 88828K->1443K(109248K), 0.0093601 secs] 136416K->49034K(502464K), 0.0094438 secs] [Times: user=0.03 sys=0.00, real=0.01 secs] 
Heap after GC invocations=241 (full 1):
 par new generation   total 109248K, used 1443K [0x00000000e0000000, 0x00000000e8000000, 0x00000000e8000000)
  eden space 87424K,   0% used [0x00000000e0000000, 0x00000000e0000000, 0x00000000e5560000)
  from space 21824K,   6% used [0x00000000e6ab0000, 0x00000000e6c18c30, 0x00000000e8000000)
  to   space 21824K,   0% used [0x00000000e5560000, 0x00000000e5560000, 0x00000000e6ab0000)
 concurrent mark-sweep generation total 393216K, used 47590K [0x00000000e8000000, 0x0000000100000000, 0x0000000100000000)
 Metaspace       used 37402K, capacity 38010K, committed 38288K, reserved 1083392K
  class space    used 4215K, capacity 4437K, committed 4528K, reserved 1048576K
}
2017-05-22T09:47:36.799+0000: 2732.831: Total time for which application threads were stopped: 0.0096550 seconds, Stopping threads took: 0.0000232 seconds
{Heap before GC invocations=241 (full 1):
 par new generation   total 109248K, used 88867K [0x00000000e0000000, 0x00000000e8000000, 0x00000000e8000000)
  eden space 87424K, 100% used [0x00000000e0000000, 0x00000000e5560000, 0x00000000e5560000)
  from space 21824K,   6% used [0x00000000e6ab0000, 0x00000000e6c18c30, 0x00000000e8000000)
  to   space 21824K,   0% used [0x00000000e5560000, 0x00000000e5560000, 0x00000000e6ab0000)
 concurrent mark-sweep generation total 393216K, used 47590K [0x00000000e8000000, 0x0000000100000000, 0x0000000100000000)
 Metaspace       used 37402K, capacity 38010K, committed 38288K, reserved 1083392K
  class space    used 4215K, capacity 4437K, committed 4528K, reserved 1048576K
2017-05-22T09:47:36.965+0000: 2732.996: [GC (Allocation Failure) 2017-05-22T09:47:36.965+0000: 2732.996: [ParNew
Desired survivor size 20112992 bytes, new threshold 8 (max 8)
- age   1:     203736 bytes,     203736 total
- age   2:       3312 bytes,     207048 total
- age   3:     375264 bytes,     582312 total
- age   4:       3344 bytes,     585656 total
- age   5:       2928 bytes,     588584 total
- age   6:       2544 bytes,     591128 total
- age   7:      43528 bytes,     634656 total
- age   8:     151056 bytes,     785712 total
: 88867K->1080K(109248K), 0.0068615 secs] 136458K->48956K(502464K), 0.0069470 secs] [Times: user=0.01 sys=0.00, real=0.01 secs] 
Heap after GC invocations=242 (full 1):
 par new generation   total 109248K, used 1080K [0x00000000e0000000, 0x00000000e8000000, 0x00000000e8000000)
  eden space 87424K,   0% used [0x00000000e0000000, 0x00000000e0000000, 0x00000000e5560000)
  from space 21824K,   4% used [0x00000000e5560000, 0x00000000e566e090, 0x00000000e6ab0000)
  to   space 21824K,   0% used [0x00000000e6ab0000, 0x00000000e6ab0000, 0x00000000e8000000)
 concurrent mark-sweep generation total 393216K, used 47875K [0x00000000e8000000, 0x0000000100000000, 0x0000000100000000)
 Metaspace       used 37402K, capacity 38010K, committed 38288K, reserved 1083392K
  class space    used 4215K, capacity 4437K, committed 4528K, reserved 1048576K
}
2017-05-22T09:47:36.972+0000: 2733.003: Total time for which application threads were stopped: 0.0071376 seconds, Stopping threads took: 0.0000231 seconds
{Heap before GC invocations=242 (full 1):
 par new generation   total 109248K, used 88504K [0x00000000e0000000, 0x00000000e8000000, 0x00000000e8000000)
  eden space 87424K, 100% used [0x00000000e0000000, 0x00000000e5560000, 0x00000000e5560000)
  from space 21824K,   4% used [0x00000000e5560000, 0x00000000e566e090, 0x00000000e6ab0000)
  to   space 21824K,   0% used [0x00000000e6ab0000, 0x00000000e6ab0000, 0x00000000e8000000)
 concurrent mark-sweep generation total 393216K, used 47875K [0x00000000e8000000, 0x0000000100000000, 0x0000000100000000)
 Metaspace       used 37402K, capacity 38010K, committed 38288K, reserved 1083392K
  class space    used 4215K, capacity 4437K, committed 4528K, reserved 1048576K
2017-05-22T09:47:37.132+0000: 2733.163: [GC (Allocation Failure) 2017-05-22T09:47:37.132+0000: 2733.163: [ParNew
Desired survivor size 20112992 bytes, new threshold 8 (max 8)
- age   1:     428800 bytes,     428800 total
- age   2:       3456 bytes,     432256 total
- age   3:       3272 bytes,     435528 total
- age   4:     375040 bytes,     810568 total
- age   5:       3344 bytes,     813912 total
- age   6:       2928 bytes,     816840 total
- age   7:       2544 bytes,     819384 total
- age   8:      43528 bytes,     862912 total
: 88504K->1002K(109248K), 0.0068031 secs] 136380K->49027K(502464K), 0.0069021 secs] [Times: user=0.02 sys=0.00, real=0.01 secs] 
Heap after GC invocations=243 (full 1):
 par new generation   total 109248K, used 1002K [0x00000000e0000000, 0x00000000e8000000, 0x00000000e8000000)
  eden space 87424K,   0% used [0x00000000e0000000, 0x00000000e0000000, 0x00000000e5560000)
  from space 21824K,   4% used [0x00000000e6ab0000, 0x00000000e6baaa98, 0x00000000e8000000)
  to   space 21824K,   0% used [0x00000000e5560000, 0x00000000e5560000, 0x00000000e6ab0000)
 concurrent mark-sweep generation total 393216K, used 48024K [0x00000000e8000000, 0x0000000100000000, 0x0000000100000000)
 Metaspace       used 37402K, capacity 38010K, committed 38288K, reserved 1083392K
  class space    used 4215K, capacity 4437K, committed 4528K, reserved 1048576K
}
2017-05-22T09:47:37.139+0000: 2733.170: Total time for which application threads were stopped: 0.0071178 seconds, Stopping threads took: 0.0000262 seconds
{Heap before GC invocations=243 (full 1):
 par new generation   total 109248K, used 88426K [0x00000000e0000000, 0x00000000e8000000, 0x00000000e8000000)
  eden space 87424K, 100% used [0x00000000e0000000, 0x00000000e5560000, 0x00000000e5560000)
  from space 21824K,   4% used [0x00000000e6ab0000, 0x00000000e6baaa98, 0x00000000e8000000)
  to   space 21824K,   0% used [0x00000000e5560000, 0x00000000e5560000, 0x00000000e6ab0000)
 concurrent mark-sweep generation total 393216K, used 48024K [0x00000000e8000000, 0x0000000100000000, 0x0000000100000000)
 Metaspace       used 37418K, capacity 38010K, committed 38288K, reserved 1083392K
  class space    used 4215K, capacity 4437K, committed 4528K, reserved 1048576K
2017-05-22T09:47:37.308+0000: 2733.340: [GC (Allocation Failure) 2017-05-22T09:47:37.308+0000: 2733.340: [ParNew
Desired survivor size 20112992 bytes, new threshold 8 (max 8)
- age   1:     365144 bytes,     365144 total
- age   2:       3176 bytes,     368320 total
- age   3:       3416 bytes,     371736 total
- age   4:       3272 bytes,     375008 total
- age   5:     374816 bytes,     749824 total
- age   6:       3344 bytes,     753168 total
- age   7:       2928 bytes,     756096 total
- age   8:       2544 bytes,     758640 total
: 88426K->937K(109248K), 0.0056919 secs] 136451K->49006K(502464K), 0.0057777 secs] [Times: user=0.02 sys=0.00, real=0.00 secs] 
Heap after GC invocations=244 (full 1):
 par new generation   total 109248K, used 937K [0x00000000e0000000, 0x00000000e8000000, 0x00000000e8000000)
  eden space 87424K,   0% used [0x00000000e0000000, 0x00000000e0000000, 0x00000000e5560000)
  from space 21824K,   4% used [0x00000000e5560000, 0x00000000e564a6f8, 0x00000000e6ab0000)
  to   space 21824K,   0% used [0x00000000e6ab0000, 0x00000000e6ab0000, 0x00000000e8000000)
 concurrent mark-sweep generation total 393216K, used 48068K [0x00000000e8000000, 0x0000000100000000, 0x0000000100000000)
 Metaspace       used 37418K, capacity 38010K, committed 38288K, reserved 1083392K
  class space    used 4215K, capacity 4437K, committed 4528K, reserved 1048576K
}
2017-05-22T09:47:37.314+0000: 2733.346: Total time for which application threads were stopped: 0.0059892 seconds, Stopping threads took: 0.0000399 seconds
2017-05-22T09:47:38.314+0000: 2734.346: Total time for which application threads were stopped: 0.0001428 seconds, Stopping threads took: 0.0000311 seconds
2017-05-22T09:47:45.316+0000: 2741.347: Total time for which application threads were stopped: 0.0004577 seconds, Stopping threads took: 0.0000868 seconds
{Heap before GC invocations=244 (full 1):
 par new generation   total 109248K, used 88361K [0x00000000e0000000, 0x00000000e8000000, 0x00000000e8000000)
  eden space 87424K, 100% used [0x00000000e0000000, 0x00000000e5560000, 0x00000000e5560000)
  from space 21824K,   4% used [0x00000000e5560000, 0x00000000e564a6f8, 0x00000000e6ab0000)
  to   space 21824K,   0% used [0x00000000e6ab0000, 0x00000000e6ab0000, 0x00000000e8000000)
 concurrent mark-sweep generation total 393216K, used 48068K [0x00000000e8000000, 0x0000000100000000, 0x0000000100000000)
 Metaspace       used 37423K, capacity 38010K, committed 38288K, reserved 1083392K
  class space    used 4215K, capacity 4437K, committed 4528K, reserved 1048576K
2017-05-22T09:47:57.477+0000: 2753.509: [GC (Allocation Failure) 2017-05-22T09:47:57.477+0000: 2753.509: [ParNew
Desired survivor size 20112992 bytes, new threshold 8 (max 8)
- age   1:     576064 bytes,     576064 total
- age   2:     194520 bytes,     770584 total
- age   3:       2688 bytes,     773272 total
- age   4:       3416 bytes,     776688 total
- age   5:       3272 bytes,     779960 total
- age   6:     373696 bytes,    1153656 total
- age   7:       3344 bytes,    1157000 total
- age   8:       2928 bytes,    1159928 total
: 88361K->1341K(109248K), 0.0063472 secs] 136430K->49412K(502464K), 0.0064477 secs] [Times: user=0.02 sys=0.00, real=0.00 secs] 
Heap after GC invocations=245 (full 1):
 par new generation   total 109248K, used 1341K [0x00000000e0000000, 0x00000000e8000000, 0x00000000e8000000)
  eden space 87424K,   0% used [0x00000000e0000000, 0x00000000e0000000, 0x00000000e5560000)
  from space 21824K,   6% used [0x00000000e6ab0000, 0x00000000e6bff750, 0x00000000e8000000)
  to   space 21824K,   0% used [0x00000000e5560000, 0x00000000e5560000, 0x00000000e6ab0000)
 concurrent mark-sweep generation total 393216K, used 48070K [0x00000000e8000000, 0x0000000100000000, 0x0000000100000000)
 Metaspace       used 37423K, capacity 38010K, committed 38288K, reserved 1083392K
  class space    used 4215K, capacity 4437K, committed 4528K, reserved 1048576K
}
2017-05-22T09:47:57.484+0000: 2753.515: Total time for which application threads were stopped: 0.0066492 seconds, Stopping threads took: 0.0000288 seconds
{Heap before GC invocations=245 (full 1):
 par new generation   total 109248K, used 88765K [0x00000000e0000000, 0x00000000e8000000, 0x00000000e8000000)
  eden space 87424K, 100% used [0x00000000e0000000, 0x00000000e5560000, 0x00000000e5560000)
  from space 21824K,   6% used [0x00000000e6ab0000, 0x00000000e6bff750, 0x00000000e8000000)
  to   space 21824K,   0% used [0x00000000e5560000, 0x00000000e5560000, 0x00000000e6ab0000)
 concurrent mark-sweep generation total 393216K, used 48070K [0x00000000e8000000, 0x0000000100000000, 0x0000000100000000)
 Metaspace       used 37423K, capacity 38010K, committed 38288K, reserved 1083392K
  class space    used 4215K, capacity 4437K, committed 4528K, reserved 1048576K
2017-05-22T09:47:57.656+0000: 2753.687: [GC (Allocation Failure) 2017-05-22T09:47:57.656+0000: 2753.687: [ParNew
Desired survivor size 20112992 bytes, new threshold 8 (max 8)
- age   1:     272792 bytes,     272792 total
- age   2:     159440 bytes,     432232 total
- age   3:     194480 bytes,     626712 total
- age   4:       2688 bytes,     629400 total
- age   5:       3416 bytes,     632816 total
- age   6:       3272 bytes,     636088 total
- age   7:     373696 bytes,    1009784 total
- age   8:       3344 bytes,    1013128 total
: 88765K->1288K(109248K), 0.0070851 secs] 136836K->49362K(502464K), 0.0071686 secs] [Times: user=0.02 sys=0.00, real=0.01 secs] 
Heap after GC invocations=246 (full 1):
 par new generation   total 109248K, used 1288K [0x00000000e0000000, 0x00000000e8000000, 0x00000000e8000000)
  eden space 87424K,   0% used [0x00000000e0000000, 0x00000000e0000000, 0x00000000e5560000)
  from space 21824K,   5% used [0x00000000e5560000, 0x00000000e56a2200, 0x00000000e6ab0000)
  to   space 21824K,   0% used [0x00000000e6ab0000, 0x00000000e6ab0000, 0x00000000e8000000)
 concurrent mark-sweep generation total 393216K, used 48073K [0x00000000e8000000, 0x0000000100000000, 0x0000000100000000)
 Metaspace       used 37423K, capacity 38010K, committed 38288K, reserved 1083392K
  class space    used 4215K, capacity 4437K, committed 4528K, reserved 1048576K
}
2017-05-22T09:47:57.663+0000: 2753.694: Total time for which application threads were stopped: 0.0073686 seconds, Stopping threads took: 0.0000253 seconds
{Heap before GC invocations=246 (full 1):
 par new generation   total 109248K, used 88712K [0x00000000e0000000, 0x00000000e8000000, 0x00000000e8000000)
  eden space 87424K, 100% used [0x00000000e0000000, 0x00000000e5560000, 0x00000000e5560000)
  from space 21824K,   5% used [0x00000000e5560000, 0x00000000e56a2200, 0x00000000e6ab0000)
  to   space 21824K,   0% used [0x00000000e6ab0000, 0x00000000e6ab0000, 0x00000000e8000000)
 concurrent mark-sweep generation total 393216K, used 48073K [0x00000000e8000000, 0x0000000100000000, 0x0000000100000000)
 Metaspace       used 37423K, capacity 38010K, committed 38288K, reserved 1083392K
  class space    used 4215K, capacity 4437K, committed 4528K, reserved 1048576K
2017-05-22T09:47:57.824+0000: 2753.855: [GC (Allocation Failure) 2017-05-22T09:47:57.824+0000: 2753.855: [ParNew
Desired survivor size 20112992 bytes, new threshold 8 (max 8)
- age   1:     383296 bytes,     383296 total
- age   2:       3464 bytes,     386760 total
- age   3:     158952 bytes,     545712 total
- age   4:     194480 bytes,     740192 total
- age   5:       2688 bytes,     742880 total
- age   6:       3416 bytes,     746296 total
- age   7:       3272 bytes,     749568 total
- age   8:     373696 bytes,    1123264 total
: 88712K->1529K(109248K), 0.0071904 secs] 136786K->49606K(502464K), 0.0073036 secs] [Times: user=0.02 sys=0.00, real=0.01 secs] 
Heap after GC invocations=247 (full 1):
 par new generation   total 109248K, used 1529K [0x00000000e0000000, 0x00000000e8000000, 0x00000000e8000000)
  eden space 87424K,   0% used [0x00000000e0000000, 0x00000000e0000000, 0x00000000e5560000)
  from space 21824K,   7% used [0x00000000e6ab0000, 0x00000000e6c2e5b0, 0x00000000e8000000)
  to   space 21824K,   0% used [0x00000000e5560000, 0x00000000e5560000, 0x00000000e6ab0000)
 concurrent mark-sweep generation total 393216K, used 48077K [0x00000000e8000000, 0x0000000100000000, 0x0000000100000000)
 Metaspace       used 37423K, capacity 38010K, committed 38288K, reserved 1083392K
  class space    used 4215K, capacity 4437K, committed 4528K, reserved 1048576K
}
2017-05-22T09:47:57.831+0000: 2753.863: Total time for which application threads were stopped: 0.0075309 seconds, Stopping threads took: 0.0000317 seconds
{Heap before GC invocations=247 (full 1):
 par new generation   total 109248K, used 88953K [0x00000000e0000000, 0x00000000e8000000, 0x00000000e8000000)
  eden space 87424K, 100% used [0x00000000e0000000, 0x00000000e5560000, 0x00000000e5560000)
  from space 21824K,   7% used [0x00000000e6ab0000, 0x00000000e6c2e5b0, 0x00000000e8000000)
  to   space 21824K,   0% used [0x00000000e5560000, 0x00000000e5560000, 0x00000000e6ab0000)
 concurrent mark-sweep generation total 393216K, used 48077K [0x00000000e8000000, 0x0000000100000000, 0x0000000100000000)
 Metaspace       used 37423K, capacity 38010K, committed 38288K, reserved 1083392K
  class space    used 4215K, capacity 4437K, committed 4528K, reserved 1048576K
2017-05-22T09:47:58.003+0000: 2754.035: [GC (Allocation Failure) 2017-05-22T09:47:58.003+0000: 2754.035: [ParNew
Desired survivor size 20112992 bytes, new threshold 8 (max 8)
- age   1:     283384 bytes,     283384 total
- age   2:       3224 bytes,     286608 total
- age   3:       3424 bytes,     290032 total
- age   4:     158952 bytes,     448984 total
- age   5:     194480 bytes,     643464 total
- age   6:       2688 bytes,     646152 total
- age   7:       3416 bytes,     649568 total
- age   8:       3272 bytes,     652840 total
: 88953K->933K(109248K), 0.0059942 secs] 137030K->49375K(502464K), 0.0060784 secs] [Times: user=0.02 sys=0.00, real=0.01 secs] 
Heap after GC invocations=248 (full 1):
 par new generation   total 109248K, used 933K [0x00000000e0000000, 0x00000000e8000000, 0x00000000e8000000)
  eden space 87424K,   0% used [0x00000000e0000000, 0x00000000e0000000, 0x00000000e5560000)
  from space 21824K,   4% used [0x00000000e5560000, 0x00000000e5649610, 0x00000000e6ab0000)
  to   space 21824K,   0% used [0x00000000e6ab0000, 0x00000000e6ab0000, 0x00000000e8000000)
 concurrent mark-sweep generation total 393216K, used 48442K [0x00000000e8000000, 0x0000000100000000, 0x0000000100000000)
 Metaspace       used 37423K, capacity 38010K, committed 38288K, reserved 1083392K
  class space    used 4215K, capacity 4437K, committed 4528K, reserved 1048576K
}
2017-05-22T09:47:58.009+0000: 2754.041: Total time for which application threads were stopped: 0.0062889 seconds, Stopping threads took: 0.0000267 seconds
{Heap before GC invocations=248 (full 1):
 par new generation   total 109248K, used 88357K [0x00000000e0000000, 0x00000000e8000000, 0x00000000e8000000)
  eden space 87424K, 100% used [0x00000000e0000000, 0x00000000e5560000, 0x00000000e5560000)
  from space 21824K,   4% used [0x00000000e5560000, 0x00000000e5649610, 0x00000000e6ab0000)
  to   space 21824K,   0% used [0x00000000e6ab0000, 0x00000000e6ab0000, 0x00000000e8000000)
 concurrent mark-sweep generation total 393216K, used 48442K [0x00000000e8000000, 0x0000000100000000, 0x0000000100000000)
 Metaspace       used 37423K, capacity 38010K, committed 38288K, reserved 1083392K
  class space    used 4215K, capacity 4437K, committed 4528K, reserved 1048576K
2017-05-22T09:47:58.303+0000: 2754.334: [GC (Allocation Failure) 2017-05-22T09:47:58.303+0000: 2754.334: [ParNew
Desired survivor size 20112992 bytes, new threshold 8 (max 8)
- age   1:      43688 bytes,      43688 total
- age   2:       2752 bytes,      46440 total
- age   3:       2960 bytes,      49400 total
- age   4:       3424 bytes,      52824 total
- age   5:     158056 bytes,     210880 total
- age   6:     194480 bytes,     405360 total
- age   7:       2688 bytes,     408048 total
- age   8:       3416 bytes,     411464 total
: 88357K->651K(109248K), 0.0098949 secs] 136799K->49097K(502464K), 0.0100791 secs] [Times: user=0.02 sys=0.00, real=0.01 secs] 
Heap after GC invocations=249 (full 1):
 par new generation   total 109248K, used 651K [0x00000000e0000000, 0x00000000e8000000, 0x00000000e8000000)
  eden space 87424K,   0% used [0x00000000e0000000, 0x00000000e0000000, 0x00000000e5560000)
  from space 21824K,   2% used [0x00000000e6ab0000, 0x00000000e6b52f10, 0x00000000e8000000)
  to   space 21824K,   0% used [0x00000000e5560000, 0x00000000e5560000, 0x00000000e6ab0000)
 concurrent mark-sweep generation total 393216K, used 48445K [0x00000000e8000000, 0x0000000100000000, 0x0000000100000000)
 Metaspace       used 37423K, capacity 38010K, committed 38288K, reserved 1083392K
  class space    used 4215K, capacity 4437K, committed 4528K, reserved 1048576K
}
2017-05-22T09:47:58.313+0000: 2754.345: Total time for which application threads were stopped: 0.0104555 seconds, Stopping threads took: 0.0000247 seconds
2017-05-22T09:47:59.314+0000: 2755.345: Total time for which application threads were stopped: 0.0001979 seconds, Stopping threads took: 0.0000495 seconds
2017-05-22T09:48:00.314+0000: 2756.345: Total time for which application threads were stopped: 0.0002067 seconds, Stopping threads took: 0.0001119 seconds
{Heap before GC invocations=249 (full 1):
 par new generation   total 109248K, used 88075K [0x00000000e0000000, 0x00000000e8000000, 0x00000000e8000000)
  eden space 87424K, 100% used [0x00000000e0000000, 0x00000000e5560000, 0x00000000e5560000)
  from space 21824K,   2% used [0x00000000e6ab0000, 0x00000000e6b52f10, 0x00000000e8000000)
  to   space 21824K,   0% used [0x00000000e5560000, 0x00000000e5560000, 0x00000000e6ab0000)
 concurrent mark-sweep generation total 393216K, used 48445K [0x00000000e8000000, 0x0000000100000000, 0x0000000100000000)
 Metaspace       used 37424K, capacity 38010K, committed 38288K, reserved 1083392K
  class space    used 4215K, capacity 4437K, committed 4528K, reserved 1048576K
2017-05-22T09:48:00.409+0000: 2756.441: [GC (Allocation Failure) 2017-05-22T09:48:00.409+0000: 2756.441: [ParNew
Desired survivor size 20112992 bytes, new threshold 8 (max 8)
- age   1:     802920 bytes,     802920 total
- age   2:      10192 bytes,     813112 total
- age   3:       2712 bytes,     815824 total
- age   4:       2736 bytes,     818560 total
- age   5:       3424 bytes,     821984 total
- age   6:     157832 bytes,     979816 total
- age   7:     175408 bytes,    1155224 total
- age   8:       2688 bytes,    1157912 total
: 88075K->1185K(109248K), 0.0061631 secs] 136521K->49634K(502464K), 0.0062677 secs] [Times: user=0.02 sys=0.00, real=0.00 secs] 
Heap after GC invocations=250 (full 1):
 par new generation   total 109248K, used 1185K [0x00000000e0000000, 0x00000000e8000000, 0x00000000e8000000)
  eden space 87424K,   0% used [0x00000000e0000000, 0x00000000e0000000, 0x00000000e5560000)
  from space 21824K,   5% used [0x00000000e5560000, 0x00000000e56886d8, 0x00000000e6ab0000)
  to   space 21824K,   0% used [0x00000000e6ab0000, 0x00000000e6ab0000, 0x00000000e8000000)
 concurrent mark-sweep generation total 393216K, used 48448K [0x00000000e8000000, 0x0000000100000000, 0x0000000100000000)
 Metaspace       used 37424K, capacity 38010K, committed 38288K, reserved 1083392K
  class space    used 4215K, capacity 4437K, committed 4528K, reserved 1048576K
}
2017-05-22T09:48:00.416+0000: 2756.447: Total time for which application threads were stopped: 0.0064672 seconds, Stopping threads took: 0.0000214 seconds
{Heap before GC invocations=250 (full 1):
 par new generation   total 109248K, used 88609K [0x00000000e0000000, 0x00000000e8000000, 0x00000000e8000000)
  eden space 87424K, 100% used [0x00000000e0000000, 0x00000000e5560000, 0x00000000e5560000)
  from space 21824K,   5% used [0x00000000e5560000, 0x00000000e56886d8, 0x00000000e6ab0000)
  to   space 21824K,   0% used [0x00000000e6ab0000, 0x00000000e6ab0000, 0x00000000e8000000)
 concurrent mark-sweep generation total 393216K, used 48448K [0x00000000e8000000, 0x0000000100000000, 0x0000000100000000)
 Metaspace       used 37424K, capacity 38010K, committed 38288K, reserved 1083392K
  class space    used 4215K, capacity 4437K, committed 4528K, reserved 1048576K
2017-05-22T09:48:00.576+0000: 2756.608: [GC (Allocation Failure) 2017-05-22T09:48:00.576+0000: 2756.608: [ParNew
Desired survivor size 20112992 bytes, new threshold 8 (max 8)
- age   1:     199944 bytes,     199944 total
- age   2:     463736 bytes,     663680 total
- age   3:      10192 bytes,     673872 total
- age   4:       2712 bytes,     676584 total
- age   5:       2736 bytes,     679320 total
- age   6:       3424 bytes,     682744 total
- age   7:     157832 bytes,     840576 total
- age   8:     175408 bytes,    1015984 total
: 88609K->1625K(109248K), 0.0076813 secs] 137058K->50076K(502464K), 0.0078501 secs] [Times: user=0.02 sys=0.00, real=0.01 secs] 
Heap after GC invocations=251 (full 1):
 par new generation   total 109248K, used 1625K [0x00000000e0000000, 0x00000000e8000000, 0x00000000e8000000)
  eden space 87424K,   0% used [0x00000000e0000000, 0x00000000e0000000, 0x00000000e5560000)
  from space 21824K,   7% used [0x00000000e6ab0000, 0x00000000e6c46460, 0x00000000e8000000)
  to   space 21824K,   0% used [0x00000000e5560000, 0x00000000e5560000, 0x00000000e6ab0000)
 concurrent mark-sweep generation total 393216K, used 48451K [0x00000000e8000000, 0x0000000100000000, 0x0000000100000000)
 Metaspace       used 37424K, capacity 38010K, committed 38288K, reserved 1083392K
  class space    used 4215K, capacity 4437K, committed 4528K, reserved 1048576K
}
2017-05-22T09:48:00.584+0000: 2756.616: Total time for which application threads were stopped: 0.0081756 seconds, Stopping threads took: 0.0000212 seconds
{Heap before GC invocations=251 (full 1):
 par new generation   total 109248K, used 89029K [0x00000000e0000000, 0x00000000e8000000, 0x00000000e8000000)
  eden space 87424K,  99% used [0x00000000e0000000, 0x00000000e555b290, 0x00000000e5560000)
  from space 21824K,   7% used [0x00000000e6ab0000, 0x00000000e6c46460, 0x00000000e8000000)
  to   space 21824K,   0% used [0x00000000e5560000, 0x00000000e5560000, 0x00000000e6ab0000)
 concurrent mark-sweep generation total 393216K, used 48451K [0x00000000e8000000, 0x0000000100000000, 0x0000000100000000)
 Metaspace       used 37424K, capacity 38010K, committed 38288K, reserved 1083392K
  class space    used 4215K, capacity 4437K, committed 4528K, reserved 1048576K
2017-05-22T09:48:00.780+0000: 2756.812: [GC (Allocation Failure) 2017-05-22T09:48:00.780+0000: 2756.812: [ParNew
Desired survivor size 20112992 bytes, new threshold 8 (max 8)
- age   1:     146776 bytes,     146776 total
- age   2:       3592 bytes,     150368 total
- age   3:     462800 bytes,     613168 total
- age   4:      10192 bytes,     623360 total
- age   5:       2712 bytes,     626072 total
- age   6:       2736 bytes,     628808 total
- age   7:       3424 bytes,     632232 total
- age   8:     157832 bytes,     790064 total
: 89029K->865K(109248K), 0.0176015 secs] 137481K->49489K(502464K), 0.0176973 secs] [Times: user=0.03 sys=0.01, real=0.02 secs] 
Heap after GC invocations=252 (full 1):
 par new generation   total 109248K, used 865K [0x00000000e0000000, 0x00000000e8000000, 0x00000000e8000000)
  eden space 87424K,   0% used [0x00000000e0000000, 0x00000000e0000000, 0x00000000e5560000)
  from space 21824K,   3% used [0x00000000e5560000, 0x00000000e56387f8, 0x00000000e6ab0000)
  to   space 21824K,   0% used [0x00000000e6ab0000, 0x00000000e6ab0000, 0x00000000e8000000)
 concurrent mark-sweep generation total 393216K, used 48623K [0x00000000e8000000, 0x0000000100000000, 0x0000000100000000)
 Metaspace       used 37424K, capacity 38010K, committed 38288K, reserved 1083392K
  class space    used 4215K, capacity 4437K, committed 4528K, reserved 1048576K
}
2017-05-22T09:48:00.798+0000: 2756.830: Total time for which application threads were stopped: 0.0178964 seconds, Stopping threads took: 0.0000191 seconds
{Heap before GC invocations=252 (full 1):
 par new generation   total 109248K, used 88289K [0x00000000e0000000, 0x00000000e8000000, 0x00000000e8000000)
  eden space 87424K, 100% used [0x00000000e0000000, 0x00000000e5560000, 0x00000000e5560000)
  from space 21824K,   3% used [0x00000000e5560000, 0x00000000e56387f8, 0x00000000e6ab0000)
  to   space 21824K,   0% used [0x00000000e6ab0000, 0x00000000e6ab0000, 0x00000000e8000000)
 concurrent mark-sweep generation total 393216K, used 48623K [0x00000000e8000000, 0x0000000100000000, 0x0000000100000000)
 Metaspace       used 37424K, capacity 38010K, committed 38288K, reserved 1083392K
  class space    used 4215K, capacity 4437K, committed 4528K, reserved 1048576K
2017-05-22T09:48:00.957+0000: 2756.989: [GC (Allocation Failure) 2017-05-22T09:48:00.957+0000: 2756.989: [ParNew
Desired survivor size 20112992 bytes, new threshold 8 (max 8)
- age   1:     393168 bytes,     393168 total
- age   2:       3592 bytes,     396760 total
- age   3:       3328 bytes,     400088 total
- age   4:     462800 bytes,     862888 total
- age   5:      10192 bytes,     873080 total
- age   6:       2712 bytes,     875792 total
- age   7:       2736 bytes,     878528 total
- age   8:       3424 bytes,     881952 total
: 88289K->1025K(109248K), 0.0096054 secs] 136913K->49805K(502464K), 0.0097903 secs] [Times: user=0.03 sys=0.00, real=0.01 secs] 
Heap after GC invocations=253 (full 1):
 par new generation   total 109248K, used 1025K [0x00000000e0000000, 0x00000000e8000000, 0x00000000e8000000)
  eden space 87424K,   0% used [0x00000000e0000000, 0x00000000e0000000, 0x00000000e5560000)
  from space 21824K,   4% used [0x00000000e6ab0000, 0x00000000e6bb0788, 0x00000000e8000000)
  to   space 21824K,   0% used [0x00000000e5560000, 0x00000000e5560000, 0x00000000e6ab0000)
 concurrent mark-sweep generation total 393216K, used 48779K [0x00000000e8000000, 0x0000000100000000, 0x0000000100000000)
 Metaspace       used 37424K, capacity 38010K, committed 38288K, reserved 1083392K
  class space    used 4215K, capacity 4437K, committed 4528K, reserved 1048576K
}
2017-05-22T09:48:00.967+0000: 2756.999: Total time for which application threads were stopped: 0.0102677 seconds, Stopping threads took: 0.0000312 seconds
2017-05-22T09:48:01.967+0000: 2757.999: Total time for which application threads were stopped: 0.0001373 seconds, Stopping threads took: 0.0000440 seconds
{Heap before GC invocations=253 (full 1):
 par new generation   total 109248K, used 88449K [0x00000000e0000000, 0x00000000e8000000, 0x00000000e8000000)
  eden space 87424K, 100% used [0x00000000e0000000, 0x00000000e5560000, 0x00000000e5560000)
  from space 21824K,   4% used [0x00000000e6ab0000, 0x00000000e6bb0788, 0x00000000e8000000)
  to   space 21824K,   0% used [0x00000000e5560000, 0x00000000e5560000, 0x00000000e6ab0000)
 concurrent mark-sweep generation total 393216K, used 48779K [0x00000000e8000000, 0x0000000100000000, 0x0000000100000000)
 Metaspace       used 37428K, capacity 38010K, committed 38288K, reserved 1083392K
  class space    used 4215K, capacity 4437K, committed 4528K, reserved 1048576K
2017-05-22T09:48:08.749+0000: 2764.781: [GC (Allocation Failure) 2017-05-22T09:48:08.749+0000: 2764.781: [ParNew
Desired survivor size 20112992 bytes, new threshold 8 (max 8)
- age   1:     605072 bytes,     605072 total
- age   2:       2752 bytes,     607824 total
- age   3:       3104 bytes,     610928 total
- age   4:       2880 bytes,     613808 total
- age   5:     462352 bytes,    1076160 total
- age   6:      10192 bytes,    1086352 total
- age   7:       2712 bytes,    1089064 total
- age   8:       2736 bytes,    1091800 total
: 88449K->1585K(109248K), 0.0069843 secs] 137229K->50367K(502464K), 0.0072362 secs] [Times: user=0.02 sys=0.00, real=0.00 secs] 
Heap after GC invocations=254 (full 1):
 par new generation   total 109248K, used 1585K [0x00000000e0000000, 0x00000000e8000000, 0x00000000e8000000)
  eden space 87424K,   0% used [0x00000000e0000000, 0x00000000e0000000, 0x00000000e5560000)
  from space 21824K,   7% used [0x00000000e5560000, 0x00000000e56ec440, 0x00000000e6ab0000)
  to   space 21824K,   0% used [0x00000000e6ab0000, 0x00000000e6ab0000, 0x00000000e8000000)
 concurrent mark-sweep generation total 393216K, used 48782K [0x00000000e8000000, 0x0000000100000000, 0x0000000100000000)
 Metaspace       used 37428K, capacity 38010K, committed 38288K, reserved 1083392K
  class space    used 4215K, capacity 4437K, committed 4528K, reserved 1048576K
}
2017-05-22T09:48:08.757+0000: 2764.788: Total time for which application threads were stopped: 0.0077704 seconds, Stopping threads took: 0.0000684 seconds
{Heap before GC invocations=254 (full 1):
 par new generation   total 109248K, used 89009K [0x00000000e0000000, 0x00000000e8000000, 0x00000000e8000000)
  eden space 87424K, 100% used [0x00000000e0000000, 0x00000000e5560000, 0x00000000e5560000)
  from space 21824K,   7% used [0x00000000e5560000, 0x00000000e56ec440, 0x00000000e6ab0000)
  to   space 21824K,   0% used [0x00000000e6ab0000, 0x00000000e6ab0000, 0x00000000e8000000)
 concurrent mark-sweep generation total 393216K, used 48782K [0x00000000e8000000, 0x0000000100000000, 0x0000000100000000)
 Metaspace       used 37428K, capacity 38010K, committed 38288K, reserved 1083392K
  class space    used 4215K, capacity 4437K, committed 4528K, reserved 1048576K
2017-05-22T09:48:08.923+0000: 2764.955: [GC (Allocation Failure) 2017-05-22T09:48:08.923+0000: 2764.955: [ParNew
Desired survivor size 20112992 bytes, new threshold 8 (max 8)
- age   1:     472976 bytes,     472976 total
- age   2:     507464 bytes,     980440 total
- age   3:       2712 bytes,     983152 total
- age   4:       3104 bytes,     986256 total
- age   5:       2880 bytes,     989136 total
- age   6:     462352 bytes,    1451488 total
- age   7:      10192 bytes,    1461680 total
- age   8:       2712 bytes,    1464392 total
: 89009K->1752K(109248K), 0.0064909 secs] 137791K->50538K(502464K), 0.0066567 secs] [Times: user=0.02 sys=0.00, real=0.01 secs] 
Heap after GC invocations=255 (full 1):
 par new generation   total 109248K, used 1752K [0x00000000e0000000, 0x00000000e8000000, 0x00000000e8000000)
  eden space 87424K,   0% used [0x00000000e0000000, 0x00000000e0000000, 0x00000000e5560000)
  from space 21824K,   8% used [0x00000000e6ab0000, 0x00000000e6c66388, 0x00000000e8000000)
  to   space 21824K,   0% used [0x00000000e5560000, 0x00000000e5560000, 0x00000000e6ab0000)
 concurrent mark-sweep generation total 393216K, used 48785K [0x00000000e8000000, 0x0000000100000000, 0x0000000100000000)
 Metaspace       used 37428K, capacity 38010K, committed 38288K, reserved 1083392K
  class space    used 4215K, capacity 4437K, committed 4528K, reserved 1048576K
}
2017-05-22T09:48:08.930+0000: 2764.961: Total time for which application threads were stopped: 0.0069721 seconds, Stopping threads took: 0.0000249 seconds
{Heap before GC invocations=255 (full 1):
 par new generation   total 109248K, used 89176K [0x00000000e0000000, 0x00000000e8000000, 0x00000000e8000000)
  eden space 87424K, 100% used [0x00000000e0000000, 0x00000000e5560000, 0x00000000e5560000)
  from space 21824K,   8% used [0x00000000e6ab0000, 0x00000000e6c66388, 0x00000000e8000000)
  to   space 21824K,   0% used [0x00000000e5560000, 0x00000000e5560000, 0x00000000e6ab0000)
 concurrent mark-sweep generation total 393216K, used 48785K [0x00000000e8000000, 0x0000000100000000, 0x0000000100000000)
 Metaspace       used 37428K, capacity 38010K, committed 38288K, reserved 1083392K
  class space    used 4215K, capacity 4437K, committed 4528K, reserved 1048576K
2017-05-22T09:48:09.093+0000: 2765.125: [GC (Allocation Failure) 2017-05-22T09:48:09.093+0000: 2765.125: [ParNew
Desired survivor size 20112992 bytes, new threshold 8 (max 8)
- age   1:     411192 bytes,     411192 total
- age   2:      48680 bytes,     459872 total
- age   3:     506976 bytes,     966848 total
- age   4:       2712 bytes,     969560 total
- age   5:       3104 bytes,     972664 total
- age   6:       2880 bytes,     975544 total
- age   7:     462352 bytes,    1437896 total
- age   8:      10192 bytes,    1448088 total
: 89176K->1996K(109248K), 0.0101406 secs] 137962K->50784K(502464K), 0.0102421 secs] [Times: user=0.03 sys=0.00, real=0.01 secs] 
Heap after GC invocations=256 (full 1):
 par new generation   total 109248K, used 1996K [0x00000000e0000000, 0x00000000e8000000, 0x00000000e8000000)
  eden space 87424K,   0% used [0x00000000e0000000, 0x00000000e0000000, 0x00000000e5560000)
  from space 21824K,   9% used [0x00000000e5560000, 0x00000000e5753108, 0x00000000e6ab0000)
  to   space 21824K,   0% used [0x00000000e6ab0000, 0x00000000e6ab0000, 0x00000000e8000000)
 concurrent mark-sweep generation total 393216K, used 48787K [0x00000000e8000000, 0x0000000100000000, 0x0000000100000000)
 Metaspace       used 37428K, capacity 38010K, committed 38288K, reserved 1083392K
  class space    used 4215K, capacity 4437K, committed 4528K, reserved 1048576K
}
2017-05-22T09:48:09.103+0000: 2765.135: Total time for which application threads were stopped: 0.0104794 seconds, Stopping threads took: 0.0000324 seconds
{Heap before GC invocations=256 (full 1):
 par new generation   total 109248K, used 89420K [0x00000000e0000000, 0x00000000e8000000, 0x00000000e8000000)
  eden space 87424K, 100% used [0x00000000e0000000, 0x00000000e5560000, 0x00000000e5560000)
  from space 21824K,   9% used [0x00000000e5560000, 0x00000000e5753108, 0x00000000e6ab0000)
  to   space 21824K,   0% used [0x00000000e6ab0000, 0x00000000e6ab0000, 0x00000000e8000000)
 concurrent mark-sweep generation total 393216K, used 48787K [0x00000000e8000000, 0x0000000100000000, 0x0000000100000000)
 Metaspace       used 37428K, capacity 38010K, committed 38288K, reserved 1083392K
  class space    used 4215K, capacity 4437K, committed 4528K, reserved 1048576K
2017-05-22T09:48:09.276+0000: 2765.308: [GC (Allocation Failure) 2017-05-22T09:48:09.276+0000: 2765.308: [ParNew
Desired survivor size 20112992 bytes, new threshold 8 (max 8)
- age   1:     153088 bytes,     153088 total
- age   2:       3248 bytes,     156336 total
- age   3:      48640 bytes,     204976 total
- age   4:     506976 bytes,     711952 total
- age   5:       2712 bytes,     714664 total
- age   6:       3104 bytes,     717768 total
- age   7:       2880 bytes,     720648 total
- age   8:     462352 bytes,    1183000 total
: 89420K->1600K(109248K), 0.0071131 secs] 138208K->50398K(502464K), 0.0072080 secs] [Times: user=0.03 sys=0.00, real=0.01 secs] 
Heap after GC invocations=257 (full 1):
 par new generation   total 109248K, used 1600K [0x00000000e0000000, 0x00000000e8000000, 0x00000000e8000000)
  eden space 87424K,   0% used [0x00000000e0000000, 0x00000000e0000000, 0x00000000e5560000)
  from space 21824K,   7% used [0x00000000e6ab0000, 0x00000000e6c402d0, 0x00000000e8000000)
  to   space 21824K,   0% used [0x00000000e5560000, 0x00000000e5560000, 0x00000000e6ab0000)
 concurrent mark-sweep generation total 393216K, used 48797K [0x00000000e8000000, 0x0000000100000000, 0x0000000100000000)
 Metaspace       used 37428K, capacity 38010K, committed 38288K, reserved 1083392K
  class space    used 4215K, capacity 4437K, committed 4528K, reserved 1048576K
}
2017-05-22T09:48:09.283+0000: 2765.315: Total time for which application threads were stopped: 0.0074588 seconds, Stopping threads took: 0.0000287 seconds
{Heap before GC invocations=257 (full 1):
 par new generation   total 109248K, used 89024K [0x00000000e0000000, 0x00000000e8000000, 0x00000000e8000000)
  eden space 87424K, 100% used [0x00000000e0000000, 0x00000000e5560000, 0x00000000e5560000)
  from space 21824K,   7% used [0x00000000e6ab0000, 0x00000000e6c402d0, 0x00000000e8000000)
  to   space 21824K,   0% used [0x00000000e5560000, 0x00000000e5560000, 0x00000000e6ab0000)
 concurrent mark-sweep generation total 393216K, used 48797K [0x00000000e8000000, 0x0000000100000000, 0x0000000100000000)
 Metaspace       used 37428K, capacity 38010K, committed 38288K, reserved 1083392K
  class space    used 4215K, capacity 4437K, committed 4528K, reserved 1048576K
2017-05-22T09:48:09.442+0000: 2765.474: [GC (Allocation Failure) 2017-05-22T09:48:09.442+0000: 2765.474: [ParNew
Desired survivor size 20112992 bytes, new threshold 8 (max 8)
- age   1:     447288 bytes,     447288 total
- age   2:       3144 bytes,     450432 total
- age   3:       3208 bytes,     453640 total
- age   4:      48640 bytes,     502280 total
- age   5:     506976 bytes,    1009256 total
- age   6:       2712 bytes,    1011968 total
- age   7:       3104 bytes,    1015072 total
- age   8:       2880 bytes,    1017952 total
: 89024K->1144K(109248K), 0.0074597 secs] 137822K->50395K(502464K), 0.0075704 secs] [Times: user=0.02 sys=0.00, real=0.01 secs] 
Heap after GC invocations=258 (full 1):
 par new generation   total 109248K, used 1144K [0x00000000e0000000, 0x00000000e8000000, 0x00000000e8000000)
  eden space 87424K,   0% used [0x00000000e0000000, 0x00000000e0000000, 0x00000000e5560000)
  from space 21824K,   5% used [0x00000000e5560000, 0x00000000e567e000, 0x00000000e6ab0000)
  to   space 21824K,   0% used [0x00000000e6ab0000, 0x00000000e6ab0000, 0x00000000e8000000)
 concurrent mark-sweep generation total 393216K, used 49251K [0x00000000e8000000, 0x0000000100000000, 0x0000000100000000)
 Metaspace       used 37428K, capacity 38010K, committed 38288K, reserved 1083392K
  class space    used 4215K, capacity 4437K, committed 4528K, reserved 1048576K
}
2017-05-22T09:48:09.450+0000: 2765.481: Total time for which application threads were stopped: 0.0078021 seconds, Stopping threads took: 0.0000284 seconds
{Heap before GC invocations=258 (full 1):
 par new generation   total 109248K, used 88568K [0x00000000e0000000, 0x00000000e8000000, 0x00000000e8000000)
  eden space 87424K, 100% used [0x00000000e0000000, 0x00000000e5560000, 0x00000000e5560000)
  from space 21824K,   5% used [0x00000000e5560000, 0x00000000e567e000, 0x00000000e6ab0000)
  to   space 21824K,   0% used [0x00000000e6ab0000, 0x00000000e6ab0000, 0x00000000e8000000)
 concurrent mark-sweep generation total 393216K, used 49251K [0x00000000e8000000, 0x0000000100000000, 0x0000000100000000)
 Metaspace       used 37428K, capacity 38010K, committed 38288K, reserved 1083392K
  class space    used 4215K, capacity 4437K, committed 4528K, reserved 1048576K
2017-05-22T09:48:12.957+0000: 2768.988: [GC (Allocation Failure) 2017-05-22T09:48:12.957+0000: 2768.988: [ParNew
Desired survivor size 20112992 bytes, new threshold 8 (max 8)
- age   1:     436024 bytes,     436024 total
- age   2:      94256 bytes,     530280 total
- age   3:       3104 bytes,     533384 total
- age   4:       2760 bytes,     536144 total
- age   5:      48192 bytes,     584336 total
- age   6:     506304 bytes,    1090640 total
- age   7:       2712 bytes,    1093352 total
- age   8:       3104 bytes,    1096456 total
: 88568K->1396K(109248K), 0.0079327 secs] 137819K->50650K(502464K), 0.0080298 secs] [Times: user=0.02 sys=0.00, real=0.01 secs] 
Heap after GC invocations=259 (full 1):
 par new generation   total 109248K, used 1396K [0x00000000e0000000, 0x00000000e8000000, 0x00000000e8000000)
  eden space 87424K,   0% used [0x00000000e0000000, 0x00000000e0000000, 0x00000000e5560000)
  from space 21824K,   6% used [0x00000000e6ab0000, 0x00000000e6c0d3b0, 0x00000000e8000000)
  to   space 21824K,   0% used [0x00000000e5560000, 0x00000000e5560000, 0x00000000e6ab0000)
 concurrent mark-sweep generation total 393216K, used 49254K [0x00000000e8000000, 0x0000000100000000, 0x0000000100000000)
 Metaspace       used 37428K, capacity 38010K, committed 38288K, reserved 1083392K
  class space    used 4215K, capacity 4437K, committed 4528K, reserved 1048576K
}
2017-05-22T09:48:12.965+0000: 2768.997: Total time for which application threads were stopped: 0.0082284 seconds, Stopping threads took: 0.0000263 seconds
{Heap before GC invocations=259 (full 1):
 par new generation   total 109248K, used 88820K [0x00000000e0000000, 0x00000000e8000000, 0x00000000e8000000)
  eden space 87424K, 100% used [0x00000000e0000000, 0x00000000e5560000, 0x00000000e5560000)
  from space 21824K,   6% used [0x00000000e6ab0000, 0x00000000e6c0d3b0, 0x00000000e8000000)
  to   space 21824K,   0% used [0x00000000e5560000, 0x00000000e5560000, 0x00000000e6ab0000)
 concurrent mark-sweep generation total 393216K, used 49254K [0x00000000e8000000, 0x0000000100000000, 0x0000000100000000)
 Metaspace       used 37428K, capacity 38010K, committed 38288K, reserved 1083392K
  class space    used 4215K, capacity 4437K, committed 4528K, reserved 1048576K
2017-05-22T09:48:13.149+0000: 2769.181: [GC (Allocation Failure) 2017-05-22T09:48:13.149+0000: 2769.181: [ParNew
Desired survivor size 20112992 bytes, new threshold 8 (max 8)
- age   1:     430608 bytes,     430608 total
- age   2:     248352 bytes,     678960 total
- age   3:      94216 bytes,     773176 total
- age   4:       3104 bytes,     776280 total
- age   5:       2760 bytes,     779040 total
- age   6:      48192 bytes,     827232 total
- age   7:     506304 bytes,    1333536 total
- age   8:       2712 bytes,    1336248 total
: 88820K->1649K(109248K), 0.0082870 secs] 138074K->50906K(502464K), 0.0084700 secs] [Times: user=0.02 sys=0.00, real=0.01 secs] 
Heap after GC invocations=260 (full 1):
 par new generation   total 109248K, used 1649K [0x00000000e0000000, 0x00000000e8000000, 0x00000000e8000000)
  eden space 87424K,   0% used [0x00000000e0000000, 0x00000000e0000000, 0x00000000e5560000)
  from space 21824K,   7% used [0x00000000e5560000, 0x00000000e56fc438, 0x00000000e6ab0000)
  to   space 21824K,   0% used [0x00000000e6ab0000, 0x00000000e6ab0000, 0x00000000e8000000)
 concurrent mark-sweep generation total 393216K, used 49257K [0x00000000e8000000, 0x0000000100000000, 0x0000000100000000)
 Metaspace       used 37428K, capacity 38010K, committed 38288K, reserved 1083392K
  class space    used 4215K, capacity 4437K, committed 4528K, reserved 1048576K
}
2017-05-22T09:48:13.158+0000: 2769.189: Total time for which application threads were stopped: 0.0088388 seconds, Stopping threads took: 0.0000304 seconds
{Heap before GC invocations=260 (full 1):
 par new generation   total 109248K, used 89073K [0x00000000e0000000, 0x00000000e8000000, 0x00000000e8000000)
  eden space 87424K, 100% used [0x00000000e0000000, 0x00000000e5560000, 0x00000000e5560000)
  from space 21824K,   7% used [0x00000000e5560000, 0x00000000e56fc438, 0x00000000e6ab0000)
  to   space 21824K,   0% used [0x00000000e6ab0000, 0x00000000e6ab0000, 0x00000000e8000000)
 concurrent mark-sweep generation total 393216K, used 49257K [0x00000000e8000000, 0x0000000100000000, 0x0000000100000000)
 Metaspace       used 37428K, capacity 38010K, committed 38288K, reserved 1083392K
  class space    used 4215K, capacity 4437K, committed 4528K, reserved 1048576K
2017-05-22T09:48:13.317+0000: 2769.348: [GC (Allocation Failure) 2017-05-22T09:48:13.317+0000: 2769.349: [ParNew
Desired survivor size 20112992 bytes, new threshold 8 (max 8)
- age   1:     224136 bytes,     224136 total
- age   2:       3016 bytes,     227152 total
- age   3:     248312 bytes,     475464 total
- age   4:      94216 bytes,     569680 total
- age   5:       3104 bytes,     572784 total
- age   6:       2760 bytes,     575544 total
- age   7:      48192 bytes,     623736 total
- age   8:     506304 bytes,    1130040 total
: 89073K->1692K(109248K), 0.0067032 secs] 138330K->50952K(502464K), 0.0068464 secs] [Times: user=0.03 sys=0.00, real=0.01 secs] 
Heap after GC invocations=261 (full 1):
 par new generation   total 109248K, used 1692K [0x00000000e0000000, 0x00000000e8000000, 0x00000000e8000000)
  eden space 87424K,   0% used [0x00000000e0000000, 0x00000000e0000000, 0x00000000e5560000)
  from space 21824K,   7% used [0x00000000e6ab0000, 0x00000000e6c573c0, 0x00000000e8000000)
  to   space 21824K,   0% used [0x00000000e5560000, 0x00000000e5560000, 0x00000000e6ab0000)
 concurrent mark-sweep generation total 393216K, used 49259K [0x00000000e8000000, 0x0000000100000000, 0x0000000100000000)
 Metaspace       used 37428K, capacity 38010K, committed 38288K, reserved 1083392K
  class space    used 4215K, capacity 4437K, committed 4528K, reserved 1048576K
}
2017-05-22T09:48:13.324+0000: 2769.355: Total time for which application threads were stopped: 0.0072052 seconds, Stopping threads took: 0.0000361 seconds
{Heap before GC invocations=261 (full 1):
 par new generation   total 109248K, used 89116K [0x00000000e0000000, 0x00000000e8000000, 0x00000000e8000000)
  eden space 87424K, 100% used [0x00000000e0000000, 0x00000000e5560000, 0x00000000e5560000)
  from space 21824K,   7% used [0x00000000e6ab0000, 0x00000000e6c573c0, 0x00000000e8000000)
  to   space 21824K,   0% used [0x00000000e5560000, 0x00000000e5560000, 0x00000000e6ab0000)
 concurrent mark-sweep generation total 393216K, used 49259K [0x00000000e8000000, 0x0000000100000000, 0x0000000100000000)
 Metaspace       used 37428K, capacity 38010K, committed 38288K, reserved 1083392K
  class space    used 4215K, capacity 4437K, committed 4528K, reserved 1048576K
2017-05-22T09:48:13.496+0000: 2769.528: [GC (Allocation Failure) 2017-05-22T09:48:13.496+0000: 2769.528: [ParNew
Desired survivor size 20112992 bytes, new threshold 8 (max 8)
- age   1:     407656 bytes,     407656 total
- age   2:       2800 bytes,     410456 total
- age   3:       2976 bytes,     413432 total
- age   4:     248312 bytes,     661744 total
- age   5:      94216 bytes,     755960 total
- age   6:       3104 bytes,     759064 total
- age   7:       2760 bytes,     761824 total
- age   8:      48192 bytes,     810016 total
: 89116K->1116K(109248K), 0.0095232 secs] 138376K->50875K(502464K), 0.0096113 secs] [Times: user=0.03 sys=0.00, real=0.02 secs] 
Heap after GC invocations=262 (full 1):
 par new generation   total 109248K, used 1116K [0x00000000e0000000, 0x00000000e8000000, 0x00000000e8000000)
  eden space 87424K,   0% used [0x00000000e0000000, 0x00000000e0000000, 0x00000000e5560000)
  from space 21824K,   5% used [0x00000000e5560000, 0x00000000e5677040, 0x00000000e6ab0000)
  to   space 21824K,   0% used [0x00000000e6ab0000, 0x00000000e6ab0000, 0x00000000e8000000)
 concurrent mark-sweep generation total 393216K, used 49759K [0x00000000e8000000, 0x0000000100000000, 0x0000000100000000)
 Metaspace       used 37428K, capacity 38010K, committed 38288K, reserved 1083392K
  class space    used 4215K, capacity 4437K, committed 4528K, reserved 1048576K
}
2017-05-22T09:48:13.506+0000: 2769.537: Total time for which application threads were stopped: 0.0098243 seconds, Stopping threads took: 0.0000297 seconds
{Heap before GC invocations=262 (full 1):
 par new generation   total 109248K, used 88540K [0x00000000e0000000, 0x00000000e8000000, 0x00000000e8000000)
  eden space 87424K, 100% used [0x00000000e0000000, 0x00000000e5560000, 0x00000000e5560000)
  from space 21824K,   5% used [0x00000000e5560000, 0x00000000e5677040, 0x00000000e6ab0000)
  to   space 21824K,   0% used [0x00000000e6ab0000, 0x00000000e6ab0000, 0x00000000e8000000)
 concurrent mark-sweep generation total 393216K, used 49759K [0x00000000e8000000, 0x0000000100000000, 0x0000000100000000)
 Metaspace       used 37428K, capacity 38010K, committed 38288K, reserved 1083392K
  class space    used 4215K, capacity 4437K, committed 4528K, reserved 1048576K
2017-05-22T09:48:14.144+0000: 2770.175: [GC (Allocation Failure) 2017-05-22T09:48:14.144+0000: 2770.175: [ParNew
Desired survivor size 20112992 bytes, new threshold 8 (max 8)
- age   1:      60672 bytes,      60672 total
- age   2:       3264 bytes,      63936 total
- age   3:       2760 bytes,      66696 total
- age   4:       2976 bytes,      69672 total
- age   5:     246968 bytes,     316640 total
- age   6:      94216 bytes,     410856 total
- age   7:       3104 bytes,     413960 total
- age   8:       2760 bytes,     416720 total
: 88540K->654K(109248K), 0.0098119 secs] 138299K->50460K(502464K), 0.0099022 secs] [Times: user=0.02 sys=0.00, real=0.01 secs] 
Heap after GC invocations=263 (full 1):
 par new generation   total 109248K, used 654K [0x00000000e0000000, 0x00000000e8000000, 0x00000000e8000000)
  eden space 87424K,   0% used [0x00000000e0000000, 0x00000000e0000000, 0x00000000e5560000)
  from space 21824K,   2% used [0x00000000e6ab0000, 0x00000000e6b538f0, 0x00000000e8000000)
  to   space 21824K,   0% used [0x00000000e5560000, 0x00000000e5560000, 0x00000000e6ab0000)
 concurrent mark-sweep generation total 393216K, used 49806K [0x00000000e8000000, 0x0000000100000000, 0x0000000100000000)
 Metaspace       used 37428K, capacity 38010K, committed 38288K, reserved 1083392K
  class space    used 4215K, capacity 4437K, committed 4528K, reserved 1048576K
}
2017-05-22T09:48:14.154+0000: 2770.185: Total time for which application threads were stopped: 0.0100831 seconds, Stopping threads took: 0.0000239 seconds
2017-05-22T09:55:24.207+0000: 3200.239: Total time for which application threads were stopped: 0.0002572 seconds, Stopping threads took: 0.0001015 seconds
2017-05-22T10:57:07.798+0000: 6903.829: Total time for which application threads were stopped: 0.0856845 seconds, Stopping threads took: 0.0128154 seconds
2017-05-22T10:57:37.812+0000: 6933.844: Total time for which application threads were stopped: 0.0002384 seconds, Stopping threads took: 0.0000874 seconds
2017-05-22T11:09:37.908+0000: 7653.940: Total time for which application threads were stopped: 0.0002932 seconds, Stopping threads took: 0.0001078 seconds
2017-05-22T11:10:06.917+0000: 7682.948: Total time for which application threads were stopped: 0.0040473 seconds, Stopping threads took: 0.0038503 seconds
2017-05-22T12:14:37.450+0000: 11553.482: Total time for which application threads were stopped: 0.0892640 seconds, Stopping threads took: 0.0377502 seconds
2017-05-22T12:31:15.574+0000: 12551.605: Total time for which application threads were stopped: 0.0001801 seconds, Stopping threads took: 0.0000753 seconds
2017-05-22T13:22:20.663+0000: 13896.366: Total time for which application threads were stopped: 0.0003025 seconds, Stopping threads took: 0.0001157 seconds
2017-05-22T13:30:00.724+0000: 14356.426: Total time for which application threads were stopped: 0.0097366 seconds, Stopping threads took: 0.0093057 seconds
2017-05-22T13:30:01.728+0000: 14357.430: Total time for which application threads were stopped: 0.0037778 seconds, Stopping threads took: 0.0035091 seconds
{Heap before GC invocations=263 (full 1):
 par new generation   total 109248K, used 88078K [0x00000000e0000000, 0x00000000e8000000, 0x00000000e8000000)
  eden space 87424K, 100% used [0x00000000e0000000, 0x00000000e5560000, 0x00000000e5560000)
  from space 21824K,   2% used [0x00000000e6ab0000, 0x00000000e6b538f0, 0x00000000e8000000)
  to   space 21824K,   0% used [0x00000000e5560000, 0x00000000e5560000, 0x00000000e6ab0000)
 concurrent mark-sweep generation total 393216K, used 49806K [0x00000000e8000000, 0x0000000100000000, 0x0000000100000000)
 Metaspace       used 37458K, capacity 38074K, committed 38288K, reserved 1083392K
  class space    used 4216K, capacity 4437K, committed 4528K, reserved 1048576K
2017-05-22T13:30:05.564+0000: 14361.266: [GC (Allocation Failure) 2017-05-22T13:30:05.583+0000: 14361.285: [ParNew
Desired survivor size 20112992 bytes, new threshold 8 (max 8)
- age   1:     807072 bytes,     807072 total
- age   2:      17232 bytes,     824304 total
- age   3:       2328 bytes,     826632 total
- age   4:       1992 bytes,     828624 total
- age   5:       2208 bytes,     830832 total
- age   6:     241368 bytes,    1072200 total
- age   7:      93448 bytes,    1165648 total
- age   8:       2208 bytes,    1167856 total
: 88078K->1317K(109248K), 2.2679626 secs] 137884K->51125K(502464K), 2.2977465 secs] [Times: user=0.09 sys=0.06, real=2.30 secs] 
Heap after GC invocations=264 (full 1):
 par new generation   total 109248K, used 1317K [0x00000000e0000000, 0x00000000e8000000, 0x00000000e8000000)
  eden space 87424K,   0% used [0x00000000e0000000, 0x00000000e0000000, 0x00000000e5560000)
  from space 21824K,   6% used [0x00000000e5560000, 0x00000000e56a9588, 0x00000000e6ab0000)
  to   space 21824K,   0% used [0x00000000e6ab0000, 0x00000000e6ab0000, 0x00000000e8000000)
 concurrent mark-sweep generation total 393216K, used 49808K [0x00000000e8000000, 0x0000000100000000, 0x0000000100000000)
 Metaspace       used 37458K, capacity 38074K, committed 38288K, reserved 1083392K
  class space    used 4216K, capacity 4437K, committed 4528K, reserved 1048576K
}
2017-05-22T13:30:07.862+0000: 14363.564: Total time for which application threads were stopped: 2.2986579 seconds, Stopping threads took: 0.0000428 seconds
{Heap before GC invocations=264 (full 1):
 par new generation   total 109248K, used 88741K [0x00000000e0000000, 0x00000000e8000000, 0x00000000e8000000)
  eden space 87424K, 100% used [0x00000000e0000000, 0x00000000e5560000, 0x00000000e5560000)
  from space 21824K,   6% used [0x00000000e5560000, 0x00000000e56a9588, 0x00000000e6ab0000)
  to   space 21824K,   0% used [0x00000000e6ab0000, 0x00000000e6ab0000, 0x00000000e8000000)
 concurrent mark-sweep generation total 393216K, used 49808K [0x00000000e8000000, 0x0000000100000000, 0x0000000100000000)
 Metaspace       used 37458K, capacity 38074K, committed 38288K, reserved 1083392K
  class space    used 4216K, capacity 4437K, committed 4528K, reserved 1048576K
2017-05-22T13:30:08.363+0000: 14364.066: [GC (Allocation Failure) 2017-05-22T13:30:08.364+0000: 14364.066: [ParNew
Desired survivor size 20112992 bytes, new threshold 8 (max 8)
- age   1:     315896 bytes,     315896 total
- age   2:     487912 bytes,     803808 total
- age   3:      17232 bytes,     821040 total
- age   4:       2328 bytes,     823368 total
- age   5:       1992 bytes,     825360 total
- age   6:       2208 bytes,     827568 total
- age   7:     241368 bytes,    1068936 total
- age   8:      93448 bytes,    1162384 total
: 88741K->1589K(109248K), 0.0607723 secs] 138549K->51399K(502464K), 0.0608758 secs] [Times: user=0.07 sys=0.00, real=0.06 secs] 
Heap after GC invocations=265 (full 1):
 par new generation   total 109248K, used 1589K [0x00000000e0000000, 0x00000000e8000000, 0x00000000e8000000)
  eden space 87424K,   0% used [0x00000000e0000000, 0x00000000e0000000, 0x00000000e5560000)
  from space 21824K,   7% used [0x00000000e6ab0000, 0x00000000e6c3d4a8, 0x00000000e8000000)
  to   space 21824K,   0% used [0x00000000e5560000, 0x00000000e5560000, 0x00000000e6ab0000)
 concurrent mark-sweep generation total 393216K, used 49810K [0x00000000e8000000, 0x0000000100000000, 0x0000000100000000)
 Metaspace       used 37458K, capacity 38074K, committed 38288K, reserved 1083392K
  class space    used 4216K, capacity 4437K, committed 4528K, reserved 1048576K
}
2017-05-22T13:30:08.424+0000: 14364.126: Total time for which application threads were stopped: 0.0611903 seconds, Stopping threads took: 0.0000311 seconds
{Heap before GC invocations=265 (full 1):
 par new generation   total 109248K, used 89013K [0x00000000e0000000, 0x00000000e8000000, 0x00000000e8000000)
  eden space 87424K, 100% used [0x00000000e0000000, 0x00000000e5560000, 0x00000000e5560000)
  from space 21824K,   7% used [0x00000000e6ab0000, 0x00000000e6c3d4a8, 0x00000000e8000000)
  to   space 21824K,   0% used [0x00000000e5560000, 0x00000000e5560000, 0x00000000e6ab0000)
 concurrent mark-sweep generation total 393216K, used 49810K [0x00000000e8000000, 0x0000000100000000, 0x0000000100000000)
 Metaspace       used 37458K, capacity 38074K, committed 38288K, reserved 1083392K
  class space    used 4216K, capacity 4437K, committed 4528K, reserved 1048576K
2017-05-22T13:30:08.607+0000: 14364.309: [GC (Allocation Failure) 2017-05-22T13:30:08.607+0000: 14364.309: [ParNew
Desired survivor size 20112992 bytes, new threshold 8 (max 8)
- age   1:     408440 bytes,     408440 total
- age   2:       2568 bytes,     411008 total
- age   3:     485368 bytes,     896376 total
- age   4:      17232 bytes,     913608 total
- age   5:       2328 bytes,     915936 total
- age   6:       1992 bytes,     917928 total
- age   7:       2208 bytes,     920136 total
- age   8:     241368 bytes,    1161504 total
: 89013K->1468K(109248K), 0.0875844 secs] 138823K->51371K(502464K), 0.0876944 secs] [Times: user=0.09 sys=0.00, real=0.09 secs] 
Heap after GC invocations=266 (full 1):
 par new generation   total 109248K, used 1468K [0x00000000e0000000, 0x00000000e8000000, 0x00000000e8000000)
  eden space 87424K,   0% used [0x00000000e0000000, 0x00000000e0000000, 0x00000000e5560000)
  from space 21824K,   6% used [0x00000000e5560000, 0x00000000e56cf278, 0x00000000e6ab0000)
  to   space 21824K,   0% used [0x00000000e6ab0000, 0x00000000e6ab0000, 0x00000000e8000000)
 concurrent mark-sweep generation total 393216K, used 49903K [0x00000000e8000000, 0x0000000100000000, 0x0000000100000000)
 Metaspace       used 37458K, capacity 38074K, committed 38288K, reserved 1083392K
  class space    used 4216K, capacity 4437K, committed 4528K, reserved 1048576K
}
2017-05-22T13:30:08.695+0000: 14364.397: Total time for which application threads were stopped: 0.0879026 seconds, Stopping threads took: 0.0000217 seconds
{Heap before GC invocations=266 (full 1):
 par new generation   total 109248K, used 88892K [0x00000000e0000000, 0x00000000e8000000, 0x00000000e8000000)
  eden space 87424K, 100% used [0x00000000e0000000, 0x00000000e5560000, 0x00000000e5560000)
  from space 21824K,   6% used [0x00000000e5560000, 0x00000000e56cf278, 0x00000000e6ab0000)
  to   space 21824K,   0% used [0x00000000e6ab0000, 0x00000000e6ab0000, 0x00000000e8000000)
 concurrent mark-sweep generation total 393216K, used 49903K [0x00000000e8000000, 0x0000000100000000, 0x0000000100000000)
 Metaspace       used 37458K, capacity 38074K, committed 38288K, reserved 1083392K
  class space    used 4216K, capacity 4437K, committed 4528K, reserved 1048576K
2017-05-22T13:30:08.880+0000: 14364.582: [GC (Allocation Failure) 2017-05-22T13:30:08.880+0000: 14364.582: [ParNew
Desired survivor size 20112992 bytes, new threshold 8 (max 8)
- age   1:     408064 bytes,     408064 total
- age   2:       2896 bytes,     410960 total
- age   3:       2528 bytes,     413488 total
- age   4:     483376 bytes,     896864 total
- age   5:      17232 bytes,     914096 total
- age   6:       2328 bytes,     916424 total
- age   7:       1992 bytes,     918416 total
- age   8:       2208 bytes,     920624 total
: 88892K->1177K(109248K), 0.0796559 secs] 138795K->51318K(502464K), 0.0797651 secs] [Times: user=0.07 sys=0.00, real=0.08 secs] 
Heap after GC invocations=267 (full 1):
 par new generation   total 109248K, used 1177K [0x00000000e0000000, 0x00000000e8000000, 0x00000000e8000000)
  eden space 87424K,   0% used [0x00000000e0000000, 0x00000000e0000000, 0x00000000e5560000)
  from space 21824K,   5% used [0x00000000e6ab0000, 0x00000000e6bd6440, 0x00000000e8000000)
  to   space 21824K,   0% used [0x00000000e5560000, 0x00000000e5560000, 0x00000000e6ab0000)
 concurrent mark-sweep generation total 393216K, used 50141K [0x00000000e8000000, 0x0000000100000000, 0x0000000100000000)
 Metaspace       used 37458K, capacity 38074K, committed 38288K, reserved 1083392K
  class space    used 4216K, capacity 4437K, committed 4528K, reserved 1048576K
}
2017-05-22T13:30:08.960+0000: 14364.662: Total time for which application threads were stopped: 0.0800669 seconds, Stopping threads took: 0.0000497 seconds
2017-05-22T13:30:11.973+0000: 14367.675: Total time for which application threads were stopped: 0.0129383 seconds, Stopping threads took: 0.0128257 seconds
{Heap before GC invocations=267 (full 1):
 par new generation   total 109248K, used 88601K [0x00000000e0000000, 0x00000000e8000000, 0x00000000e8000000)
  eden space 87424K, 100% used [0x00000000e0000000, 0x00000000e5560000, 0x00000000e5560000)
  from space 21824K,   5% used [0x00000000e6ab0000, 0x00000000e6bd6440, 0x00000000e8000000)
  to   space 21824K,   0% used [0x00000000e5560000, 0x00000000e5560000, 0x00000000e6ab0000)
 concurrent mark-sweep generation total 393216K, used 50141K [0x00000000e8000000, 0x0000000100000000, 0x0000000100000000)
 Metaspace       used 37458K, capacity 38074K, committed 38288K, reserved 1083392K
  class space    used 4216K, capacity 4437K, committed 4528K, reserved 1048576K
2017-05-22T13:40:44.599+0000: 14999.280: [GC (Allocation Failure) 2017-05-22T13:40:44.599+0000: 14999.280: [ParNew
Desired survivor size 20112992 bytes, new threshold 8 (max 8)
- age   1:     179240 bytes,     179240 total
- age   2:       2344 bytes,     181584 total
- age   3:       2408 bytes,     183992 total
- age   4:       2304 bytes,     186296 total
- age   5:     455032 bytes,     641328 total
- age   6:      17232 bytes,     658560 total
- age   7:       2328 bytes,     660888 total
- age   8:       1992 bytes,     662880 total
: 88601K->968K(109248K), 0.0172777 secs] 138742K->51112K(502464K), 0.0174104 secs] [Times: user=0.04 sys=0.01, real=0.02 secs] 
Heap after GC invocations=268 (full 1):
 par new generation   total 109248K, used 968K [0x00000000e0000000, 0x00000000e8000000, 0x00000000e8000000)
  eden space 87424K,   0% used [0x00000000e0000000, 0x00000000e0000000, 0x00000000e5560000)
  from space 21824K,   4% used [0x00000000e5560000, 0x00000000e5652240, 0x00000000e6ab0000)
  to   space 21824K,   0% used [0x00000000e6ab0000, 0x00000000e6ab0000, 0x00000000e8000000)
 concurrent mark-sweep generation total 393216K, used 50143K [0x00000000e8000000, 0x0000000100000000, 0x0000000100000000)
 Metaspace       used 37458K, capacity 38074K, committed 38288K, reserved 1083392K
  class space    used 4216K, capacity 4437K, committed 4528K, reserved 1048576K
}
2017-05-22T13:40:44.616+0000: 14999.298: Total time for which application threads were stopped: 0.0398178 seconds, Stopping threads took: 0.0220127 seconds
{Heap before GC invocations=268 (full 1):
 par new generation   total 109248K, used 88392K [0x00000000e0000000, 0x00000000e8000000, 0x00000000e8000000)
  eden space 87424K, 100% used [0x00000000e0000000, 0x00000000e5560000, 0x00000000e5560000)
  from space 21824K,   4% used [0x00000000e5560000, 0x00000000e5652240, 0x00000000e6ab0000)
  to   space 21824K,   0% used [0x00000000e6ab0000, 0x00000000e6ab0000, 0x00000000e8000000)
 concurrent mark-sweep generation total 393216K, used 50143K [0x00000000e8000000, 0x0000000100000000, 0x0000000100000000)
 Metaspace       used 37458K, capacity 38074K, committed 38288K, reserved 1083392K
  class space    used 4216K, capacity 4437K, committed 4528K, reserved 1048576K
2017-05-22T13:40:44.811+0000: 14999.492: [GC (Allocation Failure) 2017-05-22T13:40:44.811+0000: 14999.492: [ParNew
Desired survivor size 20112992 bytes, new threshold 8 (max 8)
- age   1:     469904 bytes,     469904 total
- age   2:      35584 bytes,     505488 total
- age   3:       2304 bytes,     507792 total
- age   4:       2408 bytes,     510200 total
- age   5:       2304 bytes,     512504 total
- age   6:     452800 bytes,     965304 total
- age   7:      17232 bytes,     982536 total
- age   8:       2328 bytes,     984864 total
: 88392K->1246K(109248K), 0.0183386 secs] 138536K->51391K(502464K), 0.0184199 secs] [Times: user=0.06 sys=0.00, real=0.02 secs] 
Heap after GC invocations=269 (full 1):
 par new generation   total 109248K, used 1246K [0x00000000e0000000, 0x00000000e8000000, 0x00000000e8000000)
  eden space 87424K,   0% used [0x00000000e0000000, 0x00000000e0000000, 0x00000000e5560000)
  from space 21824K,   5% used [0x00000000e6ab0000, 0x00000000e6be79b0, 0x00000000e8000000)
  to   space 21824K,   0% used [0x00000000e5560000, 0x00000000e5560000, 0x00000000e6ab0000)
 concurrent mark-sweep generation total 393216K, used 50145K [0x00000000e8000000, 0x0000000100000000, 0x0000000100000000)
 Metaspace       used 37458K, capacity 38074K, committed 38288K, reserved 1083392K
  class space    used 4216K, capacity 4437K, committed 4528K, reserved 1048576K
}
2017-05-22T13:40:44.829+0000: 14999.511: Total time for which application threads were stopped: 0.0186279 seconds, Stopping threads took: 0.0000257 seconds
{Heap before GC invocations=269 (full 1):
 par new generation   total 109248K, used 88670K [0x00000000e0000000, 0x00000000e8000000, 0x00000000e8000000)
  eden space 87424K, 100% used [0x00000000e0000000, 0x00000000e5560000, 0x00000000e5560000)
  from space 21824K,   5% used [0x00000000e6ab0000, 0x00000000e6be79b0, 0x00000000e8000000)
  to   space 21824K,   0% used [0x00000000e5560000, 0x00000000e5560000, 0x00000000e6ab0000)
 concurrent mark-sweep generation total 393216K, used 50145K [0x00000000e8000000, 0x0000000100000000, 0x0000000100000000)
 Metaspace       used 37458K, capacity 38074K, committed 38288K, reserved 1083392K
  class space    used 4216K, capacity 4437K, committed 4528K, reserved 1048576K
2017-05-22T13:40:44.995+0000: 14999.676: [GC (Allocation Failure) 2017-05-22T13:40:44.995+0000: 14999.676: [ParNew
Desired survivor size 20112992 bytes, new threshold 8 (max 8)
- age   1:     237520 bytes,     237520 total
- age   2:       2544 bytes,     240064 total
- age   3:      35544 bytes,     275608 total
- age   4:       2304 bytes,     277912 total
- age   5:       2408 bytes,     280320 total
- age   6:       2304 bytes,     282624 total
- age   7:     450664 bytes,     733288 total
- age   8:      17232 bytes,     750520 total
: 88670K->1068K(109248K), 0.0061483 secs] 138815K->51216K(502464K), 0.0062335 secs] [Times: user=0.02 sys=0.00, real=0.01 secs] 
Heap after GC invocations=270 (full 1):
 par new generation   total 109248K, used 1068K [0x00000000e0000000, 0x00000000e8000000, 0x00000000e8000000)
  eden space 87424K,   0% used [0x00000000e0000000, 0x00000000e0000000, 0x00000000e5560000)
  from space 21824K,   4% used [0x00000000e5560000, 0x00000000e566b3f0, 0x00000000e6ab0000)
  to   space 21824K,   0% used [0x00000000e6ab0000, 0x00000000e6ab0000, 0x00000000e8000000)
 concurrent mark-sweep generation total 393216K, used 50147K [0x00000000e8000000, 0x0000000100000000, 0x0000000100000000)
 Metaspace       used 37458K, capacity 38074K, committed 38288K, reserved 1083392K
  class space    used 4216K, capacity 4437K, committed 4528K, reserved 1048576K
}
2017-05-22T13:40:45.001+0000: 14999.683: Total time for which application threads were stopped: 0.0064346 seconds, Stopping threads took: 0.0000223 seconds
{Heap before GC invocations=270 (full 1):
 par new generation   total 109248K, used 88492K [0x00000000e0000000, 0x00000000e8000000, 0x00000000e8000000)
  eden space 87424K, 100% used [0x00000000e0000000, 0x00000000e5560000, 0x00000000e5560000)
  from space 21824K,   4% used [0x00000000e5560000, 0x00000000e566b3f0, 0x00000000e6ab0000)
  to   space 21824K,   0% used [0x00000000e6ab0000, 0x00000000e6ab0000, 0x00000000e8000000)
 concurrent mark-sweep generation total 393216K, used 50147K [0x00000000e8000000, 0x0000000100000000, 0x0000000100000000)
 Metaspace       used 37458K, capacity 38074K, committed 38288K, reserved 1083392K
  class space    used 4216K, capacity 4437K, committed 4528K, reserved 1048576K
2017-05-22T13:40:45.178+0000: 14999.859: [GC (Allocation Failure) 2017-05-22T13:40:45.178+0000: 14999.860: [ParNew
Desired survivor size 20112992 bytes, new threshold 8 (max 8)
- age   1:     276272 bytes,     276272 total
- age   2:       2224 bytes,     278496 total
- age   3:       2504 bytes,     281000 total
- age   4:      35096 bytes,     316096 total
- age   5:       2304 bytes,     318400 total
- age   6:       2408 bytes,     320808 total
- age   7:       2304 bytes,     323112 total
- age   8:     448504 bytes,     771616 total
: 88492K->954K(109248K), 0.0306773 secs] 138640K->51118K(502464K), 0.0307799 secs] [Times: user=0.08 sys=0.00, real=0.03 secs] 
Heap after GC invocations=271 (full 1):
 par new generation   total 109248K, used 954K [0x00000000e0000000, 0x00000000e8000000, 0x00000000e8000000)
  eden space 87424K,   0% used [0x00000000e0000000, 0x00000000e0000000, 0x00000000e5560000)
  from space 21824K,   4% used [0x00000000e6ab0000, 0x00000000e6b9e930, 0x00000000e8000000)
  to   space 21824K,   0% used [0x00000000e5560000, 0x00000000e5560000, 0x00000000e6ab0000)
 concurrent mark-sweep generation total 393216K, used 50164K [0x00000000e8000000, 0x0000000100000000, 0x0000000100000000)
 Metaspace       used 37458K, capacity 38074K, committed 38288K, reserved 1083392K
  class space    used 4216K, capacity 4437K, committed 4528K, reserved 1048576K
}
2017-05-22T13:40:45.209+0000: 14999.890: Total time for which application threads were stopped: 0.0309945 seconds, Stopping threads took: 0.0000224 seconds
2017-05-22T13:40:46.230+0000: 15000.912: Total time for which application threads were stopped: 0.0216843 seconds, Stopping threads took: 0.0207371 seconds
{Heap before GC invocations=271 (full 1):
 par new generation   total 109248K, used 88378K [0x00000000e0000000, 0x00000000e8000000, 0x00000000e8000000)
  eden space 87424K, 100% used [0x00000000e0000000, 0x00000000e5560000, 0x00000000e5560000)
  from space 21824K,   4% used [0x00000000e6ab0000, 0x00000000e6b9e930, 0x00000000e8000000)
  to   space 21824K,   0% used [0x00000000e5560000, 0x00000000e5560000, 0x00000000e6ab0000)
 concurrent mark-sweep generation total 393216K, used 50164K [0x00000000e8000000, 0x0000000100000000, 0x0000000100000000)
 Metaspace       used 37458K, capacity 38074K, committed 38288K, reserved 1083392K
  class space    used 4216K, capacity 4437K, committed 4528K, reserved 1048576K
2017-05-22T13:40:46.263+0000: 15000.944: [GC (Allocation Failure) 2017-05-22T13:40:46.263+0000: 15000.944: [ParNew
Desired survivor size 20112992 bytes, new threshold 8 (max 8)
- age   1:     229720 bytes,     229720 total
- age   2:       2960 bytes,     232680 total
- age   3:       2184 bytes,     234864 total
- age   4:       2280 bytes,     237144 total
- age   5:      34872 bytes,     272016 total
- age   6:       2304 bytes,     274320 total
- age   7:       2408 bytes,     276728 total
- age   8:       2304 bytes,     279032 total
: 88378K->660K(109248K), 0.1409089 secs] 138542K->51261K(502464K), 0.1410888 secs] [Times: user=0.05 sys=0.01, real=0.14 secs] 
Heap after GC invocations=272 (full 1):
 par new generation   total 109248K, used 660K [0x00000000e0000000, 0x00000000e8000000, 0x00000000e8000000)
  eden space 87424K,   0% used [0x00000000e0000000, 0x00000000e0000000, 0x00000000e5560000)
  from space 21824K,   3% used [0x00000000e5560000, 0x00000000e5605280, 0x00000000e6ab0000)
  to   space 21824K,   0% used [0x00000000e6ab0000, 0x00000000e6ab0000, 0x00000000e8000000)
 concurrent mark-sweep generation total 393216K, used 50600K [0x00000000e8000000, 0x0000000100000000, 0x0000000100000000)
 Metaspace       used 37458K, capacity 38074K, committed 38288K, reserved 1083392K
  class space    used 4216K, capacity 4437K, committed 4528K, reserved 1048576K
}
2017-05-22T13:40:46.404+0000: 15001.085: Total time for which application threads were stopped: 0.1536787 seconds, Stopping threads took: 0.0121752 seconds
2017-05-22T13:40:49.404+0000: 15004.086: Total time for which application threads were stopped: 0.0001546 seconds, Stopping threads took: 0.0000453 seconds
{Heap before GC invocations=272 (full 1):
 par new generation   total 109248K, used 88084K [0x00000000e0000000, 0x00000000e8000000, 0x00000000e8000000)
  eden space 87424K, 100% used [0x00000000e0000000, 0x00000000e5560000, 0x00000000e5560000)
  from space 21824K,   3% used [0x00000000e5560000, 0x00000000e5605280, 0x00000000e6ab0000)
  to   space 21824K,   0% used [0x00000000e6ab0000, 0x00000000e6ab0000, 0x00000000e8000000)
 concurrent mark-sweep generation total 393216K, used 50600K [0x00000000e8000000, 0x0000000100000000, 0x0000000100000000)
 Metaspace       used 37458K, capacity 38074K, committed 38288K, reserved 1083392K
  class space    used 4216K, capacity 4437K, committed 4528K, reserved 1048576K
2017-05-22T13:41:38.028+0000: 15052.710: [GC (Allocation Failure) 2017-05-22T13:41:38.028+0000: 15052.710: [ParNew
Desired survivor size 20112992 bytes, new threshold 8 (max 8)
- age   1:     521768 bytes,     521768 total
- age   2:      13264 bytes,     535032 total
- age   3:       2472 bytes,     537504 total
- age   4:       2184 bytes,     539688 total
- age   5:       2280 bytes,     541968 total
- age   6:      34024 bytes,     575992 total
- age   7:       2304 bytes,     578296 total
- age   8:       2408 bytes,     580704 total
: 88084K->669K(109248K), 0.0154899 secs] 138685K->51272K(502464K), 0.0155941 secs] [Times: user=0.06 sys=0.00, real=0.01 secs] 
Heap after GC invocations=273 (full 1):
 par new generation   total 109248K, used 669K [0x00000000e0000000, 0x00000000e8000000, 0x00000000e8000000)
  eden space 87424K,   0% used [0x00000000e0000000, 0x00000000e0000000, 0x00000000e5560000)
  from space 21824K,   3% used [0x00000000e6ab0000, 0x00000000e6b57668, 0x00000000e8000000)
  to   space 21824K,   0% used [0x00000000e5560000, 0x00000000e5560000, 0x00000000e6ab0000)
 concurrent mark-sweep generation total 393216K, used 50602K [0x00000000e8000000, 0x0000000100000000, 0x0000000100000000)
 Metaspace       used 37458K, capacity 38074K, committed 38288K, reserved 1083392K
  class space    used 4216K, capacity 4437K, committed 4528K, reserved 1048576K
}
2017-05-22T13:41:38.044+0000: 15052.725: Total time for which application threads were stopped: 0.0158134 seconds, Stopping threads took: 0.0000275 seconds
{Heap before GC invocations=273 (full 1):
 par new generation   total 109248K, used 88093K [0x00000000e0000000, 0x00000000e8000000, 0x00000000e8000000)
  eden space 87424K, 100% used [0x00000000e0000000, 0x00000000e5560000, 0x00000000e5560000)
  from space 21824K,   3% used [0x00000000e6ab0000, 0x00000000e6b57668, 0x00000000e8000000)
  to   space 21824K,   0% used [0x00000000e5560000, 0x00000000e5560000, 0x00000000e6ab0000)
 concurrent mark-sweep generation total 393216K, used 50602K [0x00000000e8000000, 0x0000000100000000, 0x0000000100000000)
 Metaspace       used 37458K, capacity 38074K, committed 38288K, reserved 1083392K
  class space    used 4216K, capacity 4437K, committed 4528K, reserved 1048576K
2017-05-22T13:41:38.252+0000: 15052.934: [GC (Allocation Failure) 2017-05-22T13:41:38.252+0000: 15052.934: [ParNew
Desired survivor size 20112992 bytes, new threshold 8 (max 8)
- age   1:     157584 bytes,     157584 total
- age   2:      49200 bytes,     206784 total
- age   3:      13224 bytes,     220008 total
- age   4:       2472 bytes,     222480 total
- age   5:       2184 bytes,     224664 total
- age   6:       2280 bytes,     226944 total
- age   7:      34024 bytes,     260968 total
- age   8:       2304 bytes,     263272 total
: 88093K->596K(109248K), 0.0264657 secs] 138696K->51201K(502464K), 0.0265466 secs] [Times: user=0.07 sys=0.00, real=0.03 secs] 
Heap after GC invocations=274 (full 1):
 par new generation   total 109248K, used 596K [0x00000000e0000000, 0x00000000e8000000, 0x00000000e8000000)
  eden space 87424K,   0% used [0x00000000e0000000, 0x00000000e0000000, 0x00000000e5560000)
  from space 21824K,   2% used [0x00000000e5560000, 0x00000000e55f5038, 0x00000000e6ab0000)
  to   space 21824K,   0% used [0x00000000e6ab0000, 0x00000000e6ab0000, 0x00000000e8000000)
 concurrent mark-sweep generation total 393216K, used 50604K [0x00000000e8000000, 0x0000000100000000, 0x0000000100000000)
 Metaspace       used 37458K, capacity 38074K, committed 38288K, reserved 1083392K
  class space    used 4216K, capacity 4437K, committed 4528K, reserved 1048576K
}
2017-05-22T13:41:38.279+0000: 15052.960: Total time for which application threads were stopped: 0.0267572 seconds, Stopping threads took: 0.0000267 seconds
{Heap before GC invocations=274 (full 1):
 par new generation   total 109248K, used 88020K [0x00000000e0000000, 0x00000000e8000000, 0x00000000e8000000)
  eden space 87424K, 100% used [0x00000000e0000000, 0x00000000e5560000, 0x00000000e5560000)
  from space 21824K,   2% used [0x00000000e5560000, 0x00000000e55f5038, 0x00000000e6ab0000)
  to   space 21824K,   0% used [0x00000000e6ab0000, 0x00000000e6ab0000, 0x00000000e8000000)
 concurrent mark-sweep generation total 393216K, used 50604K [0x00000000e8000000, 0x0000000100000000, 0x0000000100000000)
 Metaspace       used 37458K, capacity 38074K, committed 38288K, reserved 1083392K
  class space    used 4216K, capacity 4437K, committed 4528K, reserved 1048576K
2017-05-22T13:41:38.474+0000: 15053.155: [GC (Allocation Failure) 2017-05-22T13:41:38.474+0000: 15053.156: [ParNew
Desired survivor size 20112992 bytes, new threshold 8 (max 8)
- age   1:     288040 bytes,     288040 total
- age   2:       3680 bytes,     291720 total
- age   3:      48712 bytes,     340432 total
- age   4:      13224 bytes,     353656 total
- age   5:       2472 bytes,     356128 total
- age   6:       2184 bytes,     358312 total
- age   7:       2280 bytes,     360592 total
- age   8:      34024 bytes,     394616 total
: 88020K->473K(109248K), 0.0374525 secs] 138625K->51080K(502464K), 0.0375469 secs] [Times: user=0.09 sys=0.00, real=0.04 secs] 
Heap after GC invocations=275 (full 1):
 par new generation   total 109248K, used 473K [0x00000000e0000000, 0x00000000e8000000, 0x00000000e8000000)
  eden space 87424K,   0% used [0x00000000e0000000, 0x00000000e0000000, 0x00000000e5560000)
  from space 21824K,   2% used [0x00000000e6ab0000, 0x00000000e6b26500, 0x00000000e8000000)
  to   space 21824K,   0% used [0x00000000e5560000, 0x00000000e5560000, 0x00000000e6ab0000)
 concurrent mark-sweep generation total 393216K, used 50607K [0x00000000e8000000, 0x0000000100000000, 0x0000000100000000)
 Metaspace       used 37458K, capacity 38074K, committed 38288K, reserved 1083392K
  class space    used 4216K, capacity 4437K, committed 4528K, reserved 1048576K
}
2017-05-22T13:41:38.511+0000: 15053.193: Total time for which application threads were stopped: 0.0377672 seconds, Stopping threads took: 0.0000411 seconds
{Heap before GC invocations=275 (full 1):
 par new generation   total 109248K, used 87897K [0x00000000e0000000, 0x00000000e8000000, 0x00000000e8000000)
  eden space 87424K, 100% used [0x00000000e0000000, 0x00000000e5560000, 0x00000000e5560000)
  from space 21824K,   2% used [0x00000000e6ab0000, 0x00000000e6b26500, 0x00000000e8000000)
  to   space 21824K,   0% used [0x00000000e5560000, 0x00000000e5560000, 0x00000000e6ab0000)
 concurrent mark-sweep generation total 393216K, used 50607K [0x00000000e8000000, 0x0000000100000000, 0x0000000100000000)
 Metaspace       used 37458K, capacity 38074K, committed 38288K, reserved 1083392K
  class space    used 4216K, capacity 4437K, committed 4528K, reserved 1048576K
2017-05-22T13:41:38.713+0000: 15053.394: [GC (Allocation Failure) 2017-05-22T13:41:38.713+0000: 15053.394: [ParNew
Desired survivor size 20112992 bytes, new threshold 8 (max 8)
- age   1:     238664 bytes,     238664 total
- age   2:       3432 bytes,     242096 total
- age   3:       3456 bytes,     245552 total
- age   4:      48712 bytes,     294264 total
- age   5:      13224 bytes,     307488 total
- age   6:       2472 bytes,     309960 total
- age   7:       2184 bytes,     312144 total
- age   8:       2280 bytes,     314424 total
: 87897K->574K(109248K), 0.0309077 secs] 138504K->51215K(502464K), 0.0310804 secs] [Times: user=0.08 sys=0.00, real=0.03 secs] 
Heap after GC invocations=276 (full 1):
 par new generation   total 109248K, used 574K [0x00000000e0000000, 0x00000000e8000000, 0x00000000e8000000)
  eden space 87424K,   0% used [0x00000000e0000000, 0x00000000e0000000, 0x00000000e5560000)
  from space 21824K,   2% used [0x00000000e5560000, 0x00000000e55efb48, 0x00000000e6ab0000)
  to   space 21824K,   0% used [0x00000000e6ab0000, 0x00000000e6ab0000, 0x00000000e8000000)
 concurrent mark-sweep generation total 393216K, used 50640K [0x00000000e8000000, 0x0000000100000000, 0x0000000100000000)
 Metaspace       used 37458K, capacity 38074K, committed 38288K, reserved 1083392K
  class space    used 4216K, capacity 4437K, committed 4528K, reserved 1048576K
}
2017-05-22T13:41:38.744+0000: 15053.426: Total time for which application threads were stopped: 0.0315215 seconds, Stopping threads took: 0.0000572 seconds
{Heap before GC invocations=276 (full 1):
 par new generation   total 109248K, used 87998K [0x00000000e0000000, 0x00000000e8000000, 0x00000000e8000000)
  eden space 87424K, 100% used [0x00000000e0000000, 0x00000000e5560000, 0x00000000e5560000)
  from space 21824K,   2% used [0x00000000e5560000, 0x00000000e55efb48, 0x00000000e6ab0000)
  to   space 21824K,   0% used [0x00000000e6ab0000, 0x00000000e6ab0000, 0x00000000e8000000)
 concurrent mark-sweep generation total 393216K, used 50640K [0x00000000e8000000, 0x0000000100000000, 0x0000000100000000)
 Metaspace       used 37458K, capacity 38074K, committed 38288K, reserved 1083392K
  class space    used 4216K, capacity 4437K, committed 4528K, reserved 1048576K
2017-05-22T14:11:05.441+0000: 16820.123: [GC (Allocation Failure) 2017-05-22T14:11:05.502+0000: 16820.184: [ParNew
Desired survivor size 20112992 bytes, new threshold 8 (max 8)
- age   1:     427296 bytes,     427296 total
- age   2:       2896 bytes,     430192 total
- age   3:       3168 bytes,     433360 total
- age   4:       3008 bytes,     436368 total
- age   5:      48088 bytes,     484456 total
- age   6:      13224 bytes,     497680 total
- age   7:       2472 bytes,     500152 total
- age   8:       2184 bytes,     502336 total
: 87998K->543K(109248K), 0.0439690 secs] 138639K->51186K(502464K), 0.1190389 secs] [Times: user=0.05 sys=0.00, real=0.12 secs] 
Heap after GC invocations=277 (full 1):
 par new generation   total 109248K, used 543K [0x00000000e0000000, 0x00000000e8000000, 0x00000000e8000000)
  eden space 87424K,   0% used [0x00000000e0000000, 0x00000000e0000000, 0x00000000e5560000)
  from space 21824K,   2% used [0x00000000e6ab0000, 0x00000000e6b37e40, 0x00000000e8000000)
  to   space 21824K,   0% used [0x00000000e5560000, 0x00000000e5560000, 0x00000000e6ab0000)
 concurrent mark-sweep generation total 393216K, used 50642K [0x00000000e8000000, 0x0000000100000000, 0x0000000100000000)
 Metaspace       used 37458K, capacity 38074K, committed 38288K, reserved 1083392K
  class space    used 4216K, capacity 4437K, committed 4528K, reserved 1048576K
}
2017-05-22T14:11:05.560+0000: 16820.242: Total time for which application threads were stopped: 0.1629880 seconds, Stopping threads took: 0.0204608 seconds
{Heap before GC invocations=277 (full 1):
 par new generation   total 109248K, used 87967K [0x00000000e0000000, 0x00000000e8000000, 0x00000000e8000000)
  eden space 87424K, 100% used [0x00000000e0000000, 0x00000000e5560000, 0x00000000e5560000)
  from space 21824K,   2% used [0x00000000e6ab0000, 0x00000000e6b37e40, 0x00000000e8000000)
  to   space 21824K,   0% used [0x00000000e5560000, 0x00000000e5560000, 0x00000000e6ab0000)
 concurrent mark-sweep generation total 393216K, used 50642K [0x00000000e8000000, 0x0000000100000000, 0x0000000100000000)
 Metaspace       used 37458K, capacity 38074K, committed 38288K, reserved 1083392K
  class space    used 4216K, capacity 4437K, committed 4528K, reserved 1048576K
2017-05-22T14:11:05.810+0000: 16820.492: [GC (Allocation Failure) 2017-05-22T14:11:05.810+0000: 16820.492: [ParNew
Desired survivor size 20112992 bytes, new threshold 8 (max 8)
- age   1:     401032 bytes,     401032 total
- age   2:      21352 bytes,     422384 total
- age   3:       2856 bytes,     425240 total
- age   4:       3168 bytes,     428408 total
- age   5:       3008 bytes,     431416 total
- age   6:      48088 bytes,     479504 total
- age   7:      13224 bytes,     492728 total
- age   8:       2472 bytes,     495200 total
: 87967K->678K(109248K), 0.0389388 secs] 138610K->51323K(502464K), 0.0390329 secs] [Times: user=0.10 sys=0.00, real=0.04 secs] 
Heap after GC invocations=278 (full 1):
 par new generation   total 109248K, used 678K [0x00000000e0000000, 0x00000000e8000000, 0x00000000e8000000)
  eden space 87424K,   0% used [0x00000000e0000000, 0x00000000e0000000, 0x00000000e5560000)
  from space 21824K,   3% used [0x00000000e5560000, 0x00000000e5609bc8, 0x00000000e6ab0000)
  to   space 21824K,   0% used [0x00000000e6ab0000, 0x00000000e6ab0000, 0x00000000e8000000)
 concurrent mark-sweep generation total 393216K, used 50645K [0x00000000e8000000, 0x0000000100000000, 0x0000000100000000)
 Metaspace       used 37458K, capacity 38074K, committed 38288K, reserved 1083392K
  class space    used 4216K, capacity 4437K, committed 4528K, reserved 1048576K
}
2017-05-22T14:11:05.849+0000: 16820.531: Total time for which application threads were stopped: 0.0497837 seconds, Stopping threads took: 0.0105558 seconds
{Heap before GC invocations=278 (full 1):
 par new generation   total 109248K, used 88102K [0x00000000e0000000, 0x00000000e8000000, 0x00000000e8000000)
  eden space 87424K, 100% used [0x00000000e0000000, 0x00000000e5560000, 0x00000000e5560000)
  from space 21824K,   3% used [0x00000000e5560000, 0x00000000e5609bc8, 0x00000000e6ab0000)
  to   space 21824K,   0% used [0x00000000e6ab0000, 0x00000000e6ab0000, 0x00000000e8000000)
 concurrent mark-sweep generation total 393216K, used 50645K [0x00000000e8000000, 0x0000000100000000, 0x0000000100000000)
 Metaspace       used 37458K, capacity 38074K, committed 38288K, reserved 1083392K
  class space    used 4216K, capacity 4437K, committed 4528K, reserved 1048576K
2017-05-22T14:11:06.320+0000: 16821.002: [GC (Allocation Failure) 2017-05-22T14:11:06.320+0000: 16821.002: [ParNew
Desired survivor size 20112992 bytes, new threshold 8 (max 8)
- age   1:     395472 bytes,     395472 total
- age   2:       3008 bytes,     398480 total
- age   3:      21088 bytes,     419568 total
- age   4:       2856 bytes,     422424 total
- age   5:       3168 bytes,     425592 total
- age   6:       3008 bytes,     428600 total
- age   7:      48088 bytes,     476688 total
- age   8:      13224 bytes,     489912 total
: 88102K->626K(109248K), 0.0939373 secs] 138747K->51273K(502464K), 0.0940409 secs] [Times: user=0.07 sys=0.00, real=0.09 secs] 
Heap after GC invocations=279 (full 1):
 par new generation   total 109248K, used 626K [0x00000000e0000000, 0x00000000e8000000, 0x00000000e8000000)
  eden space 87424K,   0% used [0x00000000e0000000, 0x00000000e0000000, 0x00000000e5560000)
  from space 21824K,   2% used [0x00000000e6ab0000, 0x00000000e6b4c918, 0x00000000e8000000)
  to   space 21824K,   0% used [0x00000000e5560000, 0x00000000e5560000, 0x00000000e6ab0000)
 concurrent mark-sweep generation total 393216K, used 50647K [0x00000000e8000000, 0x0000000100000000, 0x0000000100000000)
 Metaspace       used 37458K, capacity 38074K, committed 38288K, reserved 1083392K
  class space    used 4216K, capacity 4437K, committed 4528K, reserved 1048576K
}
2017-05-22T14:11:06.414+0000: 16821.096: Total time for which application threads were stopped: 0.0981369 seconds, Stopping threads took: 0.0038390 seconds
{Heap before GC invocations=279 (full 1):
 par new generation   total 109248K, used 88050K [0x00000000e0000000, 0x00000000e8000000, 0x00000000e8000000)
  eden space 87424K, 100% used [0x00000000e0000000, 0x00000000e5560000, 0x00000000e5560000)
  from space 21824K,   2% used [0x00000000e6ab0000, 0x00000000e6b4c918, 0x00000000e8000000)
  to   space 21824K,   0% used [0x00000000e5560000, 0x00000000e5560000, 0x00000000e6ab0000)
 concurrent mark-sweep generation total 393216K, used 50647K [0x00000000e8000000, 0x0000000100000000, 0x0000000100000000)
 Metaspace       used 37458K, capacity 38074K, committed 38288K, reserved 1083392K
  class space    used 4216K, capacity 4437K, committed 4528K, reserved 1048576K
2017-05-22T14:11:06.632+0000: 16821.313: [GC (Allocation Failure) 2017-05-22T14:11:06.632+0000: 16821.313: [ParNew
Desired survivor size 20112992 bytes, new threshold 8 (max 8)
- age   1:     215480 bytes,     215480 total
- age   2:       3272 bytes,     218752 total
- age   3:       2968 bytes,     221720 total
- age   4:      20640 bytes,     242360 total
- age   5:       2856 bytes,     245216 total
- age   6:       3168 bytes,     248384 total
- age   7:       3008 bytes,     251392 total
- age   8:      48088 bytes,     299480 total
: 88050K->498K(109248K), 0.0151811 secs] 138697K->51158K(502464K), 0.0152789 secs] [Times: user=0.02 sys=0.00, real=0.02 secs] 
Heap after GC invocations=280 (full 1):
 par new generation   total 109248K, used 498K [0x00000000e0000000, 0x00000000e8000000, 0x00000000e8000000)
  eden space 87424K,   0% used [0x00000000e0000000, 0x00000000e0000000, 0x00000000e5560000)
  from space 21824K,   2% used [0x00000000e5560000, 0x00000000e55dc800, 0x00000000e6ab0000)
  to   space 21824K,   0% used [0x00000000e6ab0000, 0x00000000e6ab0000, 0x00000000e8000000)
 concurrent mark-sweep generation total 393216K, used 50660K [0x00000000e8000000, 0x0000000100000000, 0x0000000100000000)
 Metaspace       used 37458K, capacity 38074K, committed 38288K, reserved 1083392K
  class space    used 4216K, capacity 4437K, committed 4528K, reserved 1048576K
}
2017-05-22T14:11:06.647+0000: 16821.329: Total time for which application threads were stopped: 0.0154904 seconds, Stopping threads took: 0.0000244 seconds
{Heap before GC invocations=280 (full 1):
 par new generation   total 109248K, used 87922K [0x00000000e0000000, 0x00000000e8000000, 0x00000000e8000000)
  eden space 87424K, 100% used [0x00000000e0000000, 0x00000000e5560000, 0x00000000e5560000)
  from space 21824K,   2% used [0x00000000e5560000, 0x00000000e55dc800, 0x00000000e6ab0000)
  to   space 21824K,   0% used [0x00000000e6ab0000, 0x00000000e6ab0000, 0x00000000e8000000)
 concurrent mark-sweep generation total 393216K, used 50660K [0x00000000e8000000, 0x0000000100000000, 0x0000000100000000)
 Metaspace       used 37458K, capacity 38074K, committed 38288K, reserved 1083392K
  class space    used 4216K, capacity 4437K, committed 4528K, reserved 1048576K
2017-05-22T14:11:06.816+0000: 16821.498: [GC (Allocation Failure) 2017-05-22T14:11:06.816+0000: 16821.498: [ParNew
Desired survivor size 20112992 bytes, new threshold 8 (max 8)
- age   1:     436776 bytes,     436776 total
- age   2:       3512 bytes,     440288 total
- age   3:       3232 bytes,     443520 total
- age   4:       2968 bytes,     446488 total
- age   5:      20640 bytes,     467128 total
- age   6:       2856 bytes,     469984 total
- age   7:       3168 bytes,     473152 total
- age   8:       3008 bytes,     476160 total
: 87922K->513K(109248K), 0.0071581 secs] 138582K->51221K(502464K), 0.0072476 secs] [Times: user=0.02 sys=0.00, real=0.00 secs] 
Heap after GC invocations=281 (full 1):
 par new generation   total 109248K, used 513K [0x00000000e0000000, 0x00000000e8000000, 0x00000000e8000000)
  eden space 87424K,   0% used [0x00000000e0000000, 0x00000000e0000000, 0x00000000e5560000)
  from space 21824K,   2% used [0x00000000e6ab0000, 0x00000000e6b306d0, 0x00000000e8000000)
  to   space 21824K,   0% used [0x00000000e5560000, 0x00000000e5560000, 0x00000000e6ab0000)
 concurrent mark-sweep generation total 393216K, used 50708K [0x00000000e8000000, 0x0000000100000000, 0x0000000100000000)
 Metaspace       used 37458K, capacity 38074K, committed 38288K, reserved 1083392K
  class space    used 4216K, capacity 4437K, committed 4528K, reserved 1048576K
}
2017-05-22T14:11:06.823+0000: 16821.505: Total time for which application threads were stopped: 0.0074533 seconds, Stopping threads took: 0.0000274 seconds
2017-05-22T14:11:44.828+0000: 16859.510: Total time for which application threads were stopped: 0.0001432 seconds, Stopping threads took: 0.0000400 seconds
{Heap before GC invocations=281 (full 1):
 par new generation   total 109248K, used 87937K [0x00000000e0000000, 0x00000000e8000000, 0x00000000e8000000)
  eden space 87424K, 100% used [0x00000000e0000000, 0x00000000e5560000, 0x00000000e5560000)
  from space 21824K,   2% used [0x00000000e6ab0000, 0x00000000e6b306d0, 0x00000000e8000000)
  to   space 21824K,   0% used [0x00000000e5560000, 0x00000000e5560000, 0x00000000e6ab0000)
 concurrent mark-sweep generation total 393216K, used 50708K [0x00000000e8000000, 0x0000000100000000, 0x0000000100000000)
 Metaspace       used 37474K, capacity 38138K, committed 38544K, reserved 1083392K
  class space    used 4216K, capacity 4437K, committed 4528K, reserved 1048576K
2017-05-22T14:11:52.684+0000: 16867.366: [GC (Allocation Failure) 2017-05-22T14:11:52.684+0000: 16867.366: [ParNew
Desired survivor size 20112992 bytes, new threshold 8 (max 8)
- age   1:     581808 bytes,     581808 total
- age   2:       2944 bytes,     584752 total
- age   3:       3248 bytes,     588000 total
- age   4:       2784 bytes,     590784 total
- age   5:       2936 bytes,     593720 total
- age   6:      19568 bytes,     613288 total
- age   7:       2856 bytes,     616144 total
- age   8:       3168 bytes,     619312 total
: 87937K->793K(109248K), 0.0310689 secs] 138645K->51504K(502464K), 0.0311866 secs] [Times: user=0.02 sys=0.01, real=0.04 secs] 
Heap after GC invocations=282 (full 1):
 par new generation   total 109248K, used 793K [0x00000000e0000000, 0x00000000e8000000, 0x00000000e8000000)
  eden space 87424K,   0% used [0x00000000e0000000, 0x00000000e0000000, 0x00000000e5560000)
  from space 21824K,   3% used [0x00000000e5560000, 0x00000000e5626630, 0x00000000e6ab0000)
  to   space 21824K,   0% used [0x00000000e6ab0000, 0x00000000e6ab0000, 0x00000000e8000000)
 concurrent mark-sweep generation total 393216K, used 50710K [0x00000000e8000000, 0x0000000100000000, 0x0000000100000000)
 Metaspace       used 37474K, capacity 38138K, committed 38544K, reserved 1083392K
  class space    used 4216K, capacity 4437K, committed 4528K, reserved 1048576K
}
2017-05-22T14:11:52.716+0000: 16867.397: Total time for which application threads were stopped: 0.0454219 seconds, Stopping threads took: 0.0140136 seconds
2017-05-22T14:11:53.716+0000: 16868.397: Total time for which application threads were stopped: 0.0001485 seconds, Stopping threads took: 0.0000438 seconds
{Heap before GC invocations=282 (full 1):
 par new generation   total 109248K, used 88217K [0x00000000e0000000, 0x00000000e8000000, 0x00000000e8000000)
  eden space 87424K, 100% used [0x00000000e0000000, 0x00000000e5560000, 0x00000000e5560000)
  from space 21824K,   3% used [0x00000000e5560000, 0x00000000e5626630, 0x00000000e6ab0000)
  to   space 21824K,   0% used [0x00000000e6ab0000, 0x00000000e6ab0000, 0x00000000e8000000)
 concurrent mark-sweep generation total 393216K, used 50710K [0x00000000e8000000, 0x0000000100000000, 0x0000000100000000)
 Metaspace       used 37475K, capacity 38138K, committed 38544K, reserved 1083392K
  class space    used 4216K, capacity 4437K, committed 4528K, reserved 1048576K
2017-05-22T14:12:16.595+0000: 16891.277: [GC (Allocation Failure) 2017-05-22T14:12:16.595+0000: 16891.277: [ParNew
Desired survivor size 20112992 bytes, new threshold 8 (max 8)
- age   1:     214344 bytes,     214344 total
- age   2:     546032 bytes,     760376 total
- age   3:       2904 bytes,     763280 total
- age   4:       3248 bytes,     766528 total
- age   5:       2784 bytes,     769312 total
- age   6:       2904 bytes,     772216 total
- age   7:      19568 bytes,     791784 total
- age   8:       2856 bytes,     794640 total
: 88217K->944K(109248K), 0.0320557 secs] 138928K->51658K(502464K), 0.0322052 secs] [Times: user=0.08 sys=0.00, real=0.03 secs] 
Heap after GC invocations=283 (full 1):
 par new generation   total 109248K, used 944K [0x00000000e0000000, 0x00000000e8000000, 0x00000000e8000000)
  eden space 87424K,   0% used [0x00000000e0000000, 0x00000000e0000000, 0x00000000e5560000)
  from space 21824K,   4% used [0x00000000e6ab0000, 0x00000000e6b9c3a0, 0x00000000e8000000)
  to   space 21824K,   0% used [0x00000000e5560000, 0x00000000e5560000, 0x00000000e6ab0000)
 concurrent mark-sweep generation total 393216K, used 50714K [0x00000000e8000000, 0x0000000100000000, 0x0000000100000000)
 Metaspace       used 37475K, capacity 38138K, committed 38544K, reserved 1083392K
  class space    used 4216K, capacity 4437K, committed 4528K, reserved 1048576K
}
2017-05-22T14:12:16.628+0000: 16891.309: Total time for which application threads were stopped: 0.0324013 seconds, Stopping threads took: 0.0000216 seconds
{Heap before GC invocations=283 (full 1):
 par new generation   total 109248K, used 88368K [0x00000000e0000000, 0x00000000e8000000, 0x00000000e8000000)
  eden space 87424K, 100% used [0x00000000e0000000, 0x00000000e5560000, 0x00000000e5560000)
  from space 21824K,   4% used [0x00000000e6ab0000, 0x00000000e6b9c3a0, 0x00000000e8000000)
  to   space 21824K,   0% used [0x00000000e5560000, 0x00000000e5560000, 0x00000000e6ab0000)
 concurrent mark-sweep generation total 393216K, used 50714K [0x00000000e8000000, 0x0000000100000000, 0x0000000100000000)
 Metaspace       used 37475K, capacity 38138K, committed 38544K, reserved 1083392K
  class space    used 4216K, capacity 4437K, committed 4528K, reserved 1048576K
2017-05-22T14:12:16.783+0000: 16891.465: [GC (Allocation Failure) 2017-05-22T14:12:16.783+0000: 16891.465: [ParNew
Desired survivor size 20112992 bytes, new threshold 8 (max 8)
- age   1:     402904 bytes,     402904 total
- age   2:      23944 bytes,     426848 total
- age   3:     546032 bytes,     972880 total
- age   4:       2904 bytes,     975784 total
- age   5:       3248 bytes,     979032 total
- age   6:       2784 bytes,     981816 total
- age   7:       2904 bytes,     984720 total
- age   8:      19568 bytes,    1004288 total
: 88368K->1486K(109248K), 0.0073921 secs] 139082K->52203K(502464K), 0.0075244 secs] [Times: user=0.03 sys=0.00, real=0.01 secs] 
Heap after GC invocations=284 (full 1):
 par new generation   total 109248K, used 1486K [0x00000000e0000000, 0x00000000e8000000, 0x00000000e8000000)
  eden space 87424K,   0% used [0x00000000e0000000, 0x00000000e0000000, 0x00000000e5560000)
  from space 21824K,   6% used [0x00000000e5560000, 0x00000000e56d3b08, 0x00000000e6ab0000)
  to   space 21824K,   0% used [0x00000000e6ab0000, 0x00000000e6ab0000, 0x00000000e8000000)
 concurrent mark-sweep generation total 393216K, used 50716K [0x00000000e8000000, 0x0000000100000000, 0x0000000100000000)
 Metaspace       used 37475K, capacity 38138K, committed 38544K, reserved 1083392K
  class space    used 4216K, capacity 4437K, committed 4528K, reserved 1048576K
}
2017-05-22T14:12:16.791+0000: 16891.472: Total time for which application threads were stopped: 0.0081088 seconds, Stopping threads took: 0.0000795 seconds
{Heap before GC invocations=284 (full 1):
 par new generation   total 109248K, used 88910K [0x00000000e0000000, 0x00000000e8000000, 0x00000000e8000000)
  eden space 87424K, 100% used [0x00000000e0000000, 0x00000000e5560000, 0x00000000e5560000)
  from space 21824K,   6% used [0x00000000e5560000, 0x00000000e56d3b08, 0x00000000e6ab0000)
  to   space 21824K,   0% used [0x00000000e6ab0000, 0x00000000e6ab0000, 0x00000000e8000000)
 concurrent mark-sweep generation total 393216K, used 50716K [0x00000000e8000000, 0x0000000100000000, 0x0000000100000000)
 Metaspace       used 37475K, capacity 38138K, committed 38544K, reserved 1083392K
  class space    used 4216K, capacity 4437K, committed 4528K, reserved 1048576K
2017-05-22T14:12:16.949+0000: 16891.631: [GC (Allocation Failure) 2017-05-22T14:12:16.949+0000: 16891.631: [ParNew
Desired survivor size 20112992 bytes, new threshold 8 (max 8)
- age   1:     116792 bytes,     116792 total
- age   2:       2832 bytes,     119624 total
- age   3:      23904 bytes,     143528 total
- age   4:     546032 bytes,     689560 total
- age   5:       2904 bytes,     692464 total
- age   6:       3248 bytes,     695712 total
- age   7:       2784 bytes,     698496 total
- age   8:       2904 bytes,     701400 total
: 88910K->923K(109248K), 0.0066069 secs] 139627K->51659K(502464K), 0.0066943 secs] [Times: user=0.01 sys=0.00, real=0.01 secs] 
Heap after GC invocations=285 (full 1):
 par new generation   total 109248K, used 923K [0x00000000e0000000, 0x00000000e8000000, 0x00000000e8000000)
  eden space 87424K,   0% used [0x00000000e0000000, 0x00000000e0000000, 0x00000000e5560000)
  from space 21824K,   4% used [0x00000000e6ab0000, 0x00000000e6b96d60, 0x00000000e8000000)
  to   space 21824K,   0% used [0x00000000e5560000, 0x00000000e5560000, 0x00000000e6ab0000)
 concurrent mark-sweep generation total 393216K, used 50735K [0x00000000e8000000, 0x0000000100000000, 0x0000000100000000)
 Metaspace       used 37475K, capacity 38138K, committed 38544K, reserved 1083392K
  class space    used 4216K, capacity 4437K, committed 4528K, reserved 1048576K
}
2017-05-22T14:12:16.956+0000: 16891.638: Total time for which application threads were stopped: 0.0069110 seconds, Stopping threads took: 0.0000292 seconds
{Heap before GC invocations=285 (full 1):
 par new generation   total 109248K, used 88330K [0x00000000e0000000, 0x00000000e8000000, 0x00000000e8000000)
  eden space 87424K,  99% used [0x00000000e0000000, 0x00000000e555bc00, 0x00000000e5560000)
  from space 21824K,   4% used [0x00000000e6ab0000, 0x00000000e6b96d60, 0x00000000e8000000)
  to   space 21824K,   0% used [0x00000000e5560000, 0x00000000e5560000, 0x00000000e6ab0000)
 concurrent mark-sweep generation total 393216K, used 50735K [0x00000000e8000000, 0x0000000100000000, 0x0000000100000000)
 Metaspace       used 37475K, capacity 38138K, committed 38544K, reserved 1083392K
  class space    used 4216K, capacity 4437K, committed 4528K, reserved 1048576K
2017-05-22T14:12:17.122+0000: 16891.803: [GC (Allocation Failure) 2017-05-22T14:12:17.122+0000: 16891.803: [ParNew
Desired survivor size 20112992 bytes, new threshold 8 (max 8)
- age   1:     423776 bytes,     423776 total
- age   2:       2944 bytes,     426720 total
- age   3:       2792 bytes,     429512 total
- age   4:      23456 bytes,     452968 total
- age   5:     546032 bytes,     999000 total
- age   6:       2904 bytes,    1001904 total
- age   7:       3248 bytes,    1005152 total
- age   8:       2784 bytes,    1007936 total
: 88330K->1168K(109248K), 0.0121680 secs] 139066K->51907K(502464K), 0.0122659 secs] [Times: user=0.03 sys=0.00, real=0.01 secs] 
Heap after GC invocations=286 (full 1):
 par new generation   total 109248K, used 1168K [0x00000000e0000000, 0x00000000e8000000, 0x00000000e8000000)
  eden space 87424K,   0% used [0x00000000e0000000, 0x00000000e0000000, 0x00000000e5560000)
  from space 21824K,   5% used [0x00000000e5560000, 0x00000000e5684118, 0x00000000e6ab0000)
  to   space 21824K,   0% used [0x00000000e6ab0000, 0x00000000e6ab0000, 0x00000000e8000000)
 concurrent mark-sweep generation total 393216K, used 50738K [0x00000000e8000000, 0x0000000100000000, 0x0000000100000000)
 Metaspace       used 37475K, capacity 38138K, committed 38544K, reserved 1083392K
  class space    used 4216K, capacity 4437K, committed 4528K, reserved 1048576K
}
2017-05-22T14:12:17.134+0000: 16891.815: Total time for which application threads were stopped: 0.0124628 seconds, Stopping threads took: 0.0000218 seconds
{Heap before GC invocations=286 (full 1):
 par new generation   total 109248K, used 88592K [0x00000000e0000000, 0x00000000e8000000, 0x00000000e8000000)
  eden space 87424K, 100% used [0x00000000e0000000, 0x00000000e5560000, 0x00000000e5560000)
  from space 21824K,   5% used [0x00000000e5560000, 0x00000000e5684118, 0x00000000e6ab0000)
  to   space 21824K,   0% used [0x00000000e6ab0000, 0x00000000e6ab0000, 0x00000000e8000000)
 concurrent mark-sweep generation total 393216K, used 50738K [0x00000000e8000000, 0x0000000100000000, 0x0000000100000000)
 Metaspace       used 37475K, capacity 38138K, committed 38544K, reserved 1083392K
  class space    used 4216K, capacity 4437K, committed 4528K, reserved 1048576K
2017-05-22T14:17:50.023+0000: 17224.705: [GC (Allocation Failure) 2017-05-22T14:17:50.023+0000: 17224.705: [ParNew
Desired survivor size 20112992 bytes, new threshold 8 (max 8)
- age   1:     207336 bytes,     207336 total
- age   2:       3088 bytes,     210424 total
- age   3:       2904 bytes,     213328 total
- age   4:       2792 bytes,     216120 total
- age   5:      22336 bytes,     238456 total
- age   6:     545856 bytes,     784312 total
- age   7:       2904 bytes,     787216 total
- age   8:       3248 bytes,     790464 total
: 88592K->1242K(109248K), 0.0114196 secs] 139331K->51983K(502464K), 0.0115401 secs] [Times: user=0.03 sys=0.00, real=0.01 secs] 
Heap after GC invocations=287 (full 1):
 par new generation   total 109248K, used 1242K [0x00000000e0000000, 0x00000000e8000000, 0x00000000e8000000)
  eden space 87424K,   0% used [0x00000000e0000000, 0x00000000e0000000, 0x00000000e5560000)
  from space 21824K,   5% used [0x00000000e6ab0000, 0x00000000e6be68c0, 0x00000000e8000000)
  to   space 21824K,   0% used [0x00000000e5560000, 0x00000000e5560000, 0x00000000e6ab0000)
 concurrent mark-sweep generation total 393216K, used 50741K [0x00000000e8000000, 0x0000000100000000, 0x0000000100000000)
 Metaspace       used 37475K, capacity 38138K, committed 38544K, reserved 1083392K
  class space    used 4216K, capacity 4437K, committed 4528K, reserved 1048576K
}
2017-05-22T14:17:50.035+0000: 17224.716: Total time for which application threads were stopped: 0.0118273 seconds, Stopping threads took: 0.0000525 seconds
{Heap before GC invocations=287 (full 1):
 par new generation   total 109248K, used 88666K [0x00000000e0000000, 0x00000000e8000000, 0x00000000e8000000)
  eden space 87424K, 100% used [0x00000000e0000000, 0x00000000e5560000, 0x00000000e5560000)
  from space 21824K,   5% used [0x00000000e6ab0000, 0x00000000e6be68c0, 0x00000000e8000000)
  to   space 21824K,   0% used [0x00000000e5560000, 0x00000000e5560000, 0x00000000e6ab0000)
 concurrent mark-sweep generation total 393216K, used 50741K [0x00000000e8000000, 0x0000000100000000, 0x0000000100000000)
 Metaspace       used 37475K, capacity 38138K, committed 38544K, reserved 1083392K
  class space    used 4216K, capacity 4437K, committed 4528K, reserved 1048576K
2017-05-22T14:17:50.216+0000: 17224.898: [GC (Allocation Failure) 2017-05-22T14:17:50.216+0000: 17224.898: [ParNew
Desired survivor size 20112992 bytes, new threshold 8 (max 8)
- age   1:     375120 bytes,     375120 total
- age   2:      20880 bytes,     396000 total
- age   3:       3048 bytes,     399048 total
- age   4:       2904 bytes,     401952 total
- age   5:       2792 bytes,     404744 total
- age   6:      22336 bytes,     427080 total
- age   7:     545856 bytes,     972936 total
- age   8:       2904 bytes,     975840 total
: 88666K->1200K(109248K), 0.0311823 secs] 139407K->51944K(502464K), 0.0312644 secs] [Times: user=0.07 sys=0.00, real=0.03 secs] 
Heap after GC invocations=288 (full 1):
 par new generation   total 109248K, used 1200K [0x00000000e0000000, 0x00000000e8000000, 0x00000000e8000000)
  eden space 87424K,   0% used [0x00000000e0000000, 0x00000000e0000000, 0x00000000e5560000)
  from space 21824K,   5% used [0x00000000e5560000, 0x00000000e568c000, 0x00000000e6ab0000)
  to   space 21824K,   0% used [0x00000000e6ab0000, 0x00000000e6ab0000, 0x00000000e8000000)
 concurrent mark-sweep generation total 393216K, used 50744K [0x00000000e8000000, 0x0000000100000000, 0x0000000100000000)
 Metaspace       used 37475K, capacity 38138K, committed 38544K, reserved 1083392K
  class space    used 4216K, capacity 4437K, committed 4528K, reserved 1048576K
}
2017-05-22T14:17:50.247+0000: 17224.929: Total time for which application threads were stopped: 0.0314509 seconds, Stopping threads took: 0.0000190 seconds
{Heap before GC invocations=288 (full 1):
 par new generation   total 109248K, used 88624K [0x00000000e0000000, 0x00000000e8000000, 0x00000000e8000000)
  eden space 87424K, 100% used [0x00000000e0000000, 0x00000000e5560000, 0x00000000e5560000)
  from space 21824K,   5% used [0x00000000e5560000, 0x00000000e568c000, 0x00000000e6ab0000)
  to   space 21824K,   0% used [0x00000000e6ab0000, 0x00000000e6ab0000, 0x00000000e8000000)
 concurrent mark-sweep generation total 393216K, used 50744K [0x00000000e8000000, 0x0000000100000000, 0x0000000100000000)
 Metaspace       used 37475K, capacity 38138K, committed 38544K, reserved 1083392K
  class space    used 4216K, capacity 4437K, committed 4528K, reserved 1048576K
2017-05-22T14:17:50.428+0000: 17225.109: [GC (Allocation Failure) 2017-05-22T14:17:50.428+0000: 17225.109: [ParNew
Desired survivor size 20112992 bytes, new threshold 8 (max 8)
- age   1:     290096 bytes,     290096 total
- age   2:       3488 bytes,     293584 total
- age   3:      20840 bytes,     314424 total
- age   4:       3048 bytes,     317472 total
- age   5:       2904 bytes,     320376 total
- age   6:       2792 bytes,     323168 total
- age   7:      22336 bytes,     345504 total
- age   8:     545856 bytes,     891360 total
: 88624K->1425K(109248K), 0.0079308 secs] 139368K->52173K(502464K), 0.0080223 secs] [Times: user=0.03 sys=0.00, real=0.01 secs] 
Heap after GC invocations=289 (full 1):
 par new generation   total 109248K, used 1425K [0x00000000e0000000, 0x00000000e8000000, 0x00000000e8000000)
  eden space 87424K,   0% used [0x00000000e0000000, 0x00000000e0000000, 0x00000000e5560000)
  from space 21824K,   6% used [0x00000000e6ab0000, 0x00000000e6c14740, 0x00000000e8000000)
  to   space 21824K,   0% used [0x00000000e5560000, 0x00000000e5560000, 0x00000000e6ab0000)
 concurrent mark-sweep generation total 393216K, used 50747K [0x00000000e8000000, 0x0000000100000000, 0x0000000100000000)
 Metaspace       used 37475K, capacity 38138K, committed 38544K, reserved 1083392K
  class space    used 4216K, capacity 4437K, committed 4528K, reserved 1048576K
}
2017-05-22T14:17:50.436+0000: 17225.118: Total time for which application threads were stopped: 0.0082311 seconds, Stopping threads took: 0.0000303 seconds
{Heap before GC invocations=289 (full 1):
 par new generation   total 109248K, used 88849K [0x00000000e0000000, 0x00000000e8000000, 0x00000000e8000000)
  eden space 87424K, 100% used [0x00000000e0000000, 0x00000000e5560000, 0x00000000e5560000)
  from space 21824K,   6% used [0x00000000e6ab0000, 0x00000000e6c14740, 0x00000000e8000000)
  to   space 21824K,   0% used [0x00000000e5560000, 0x00000000e5560000, 0x00000000e6ab0000)
 concurrent mark-sweep generation total 393216K, used 50747K [0x00000000e8000000, 0x0000000100000000, 0x0000000100000000)
 Metaspace       used 37475K, capacity 38138K, committed 38544K, reserved 1083392K
  class space    used 4216K, capacity 4437K, committed 4528K, reserved 1048576K
2017-05-22T14:17:50.593+0000: 17225.274: [GC (Allocation Failure) 2017-05-22T14:17:50.593+0000: 17225.274: [ParNew
Desired survivor size 20112992 bytes, new threshold 8 (max 8)
- age   1:     329488 bytes,     329488 total
- age   2:       2944 bytes,     332432 total
- age   3:       3448 bytes,     335880 total
- age   4:      20840 bytes,     356720 total
- age   5:       3048 bytes,     359768 total
- age   6:       2904 bytes,     362672 total
- age   7:       2760 bytes,     365432 total
- age   8:      22336 bytes,     387768 total
: 88849K->631K(109248K), 0.0481525 secs] 139597K->51917K(502464K), 0.0482364 secs] [Times: user=0.06 sys=0.01, real=0.05 secs] 
Heap after GC invocations=290 (full 1):
 par new generation   total 109248K, used 631K [0x00000000e0000000, 0x00000000e8000000, 0x00000000e8000000)
  eden space 87424K,   0% used [0x00000000e0000000, 0x00000000e0000000, 0x00000000e5560000)
  from space 21824K,   2% used [0x00000000e5560000, 0x00000000e55fdfb0, 0x00000000e6ab0000)
  to   space 21824K,   0% used [0x00000000e6ab0000, 0x00000000e6ab0000, 0x00000000e8000000)
 concurrent mark-sweep generation total 393216K, used 51286K [0x00000000e8000000, 0x0000000100000000, 0x0000000100000000)
 Metaspace       used 37475K, capacity 38138K, committed 38544K, reserved 1083392K
  class space    used 4216K, capacity 4437K, committed 4528K, reserved 1048576K
}
2017-05-22T14:17:50.641+0000: 17225.322: Total time for which application threads were stopped: 0.0484515 seconds, Stopping threads took: 0.0000245 seconds
{Heap before GC invocations=290 (full 1):
 par new generation   total 109248K, used 88055K [0x00000000e0000000, 0x00000000e8000000, 0x00000000e8000000)
  eden space 87424K, 100% used [0x00000000e0000000, 0x00000000e5560000, 0x00000000e5560000)
  from space 21824K,   2% used [0x00000000e5560000, 0x00000000e55fdfb0, 0x00000000e6ab0000)
  to   space 21824K,   0% used [0x00000000e6ab0000, 0x00000000e6ab0000, 0x00000000e8000000)
 concurrent mark-sweep generation total 393216K, used 51286K [0x00000000e8000000, 0x0000000100000000, 0x0000000100000000)
 Metaspace       used 37475K, capacity 38138K, committed 38544K, reserved 1083392K
  class space    used 4216K, capacity 4437K, committed 4528K, reserved 1048576K
2017-05-22T14:17:50.814+0000: 17225.496: [GC (Allocation Failure) 2017-05-22T14:17:50.814+0000: 17225.496: [ParNew
Desired survivor size 20112992 bytes, new threshold 8 (max 8)
- age   1:     408920 bytes,     408920 total
- age   2:       3160 bytes,     412080 total
- age   3:       2904 bytes,     414984 total
- age   4:       3448 bytes,     418432 total
- age   5:      20392 bytes,     438824 total
- age   6:       3048 bytes,     441872 total
- age   7:       2904 bytes,     444776 total
- age   8:       2760 bytes,     447536 total
: 88055K->557K(109248K), 0.0068916 secs] 139341K->51865K(502464K), 0.0069961 secs] [Times: user=0.02 sys=0.00, real=0.01 secs] 
Heap after GC invocations=291 (full 1):
 par new generation   total 109248K, used 557K [0x00000000e0000000, 0x00000000e8000000, 0x00000000e8000000)
  eden space 87424K,   0% used [0x00000000e0000000, 0x00000000e0000000, 0x00000000e5560000)
  from space 21824K,   2% used [0x00000000e6ab0000, 0x00000000e6b3b7e0, 0x00000000e8000000)
  to   space 21824K,   0% used [0x00000000e5560000, 0x00000000e5560000, 0x00000000e6ab0000)
 concurrent mark-sweep generation total 393216K, used 51307K [0x00000000e8000000, 0x0000000100000000, 0x0000000100000000)
 Metaspace       used 37475K, capacity 38138K, committed 38544K, reserved 1083392K
  class space    used 4216K, capacity 4437K, committed 4528K, reserved 1048576K
}
2017-05-22T14:17:50.821+0000: 17225.503: Total time for which application threads were stopped: 0.0072228 seconds, Stopping threads took: 0.0000261 seconds
2017-05-22T14:17:51.821+0000: 17226.503: Total time for which application threads were stopped: 0.0001166 seconds, Stopping threads took: 0.0000257 seconds
2017-05-22T14:18:18.827+0000: 17253.509: Total time for which application threads were stopped: 0.0005296 seconds, Stopping threads took: 0.0004186 seconds
2017-05-22T14:18:19.400+0000: 17254.082: Total time for which application threads were stopped: 0.0009451 seconds, Stopping threads took: 0.0000325 seconds
2017-05-22T14:18:20.401+0000: 17255.082: Total time for which application threads were stopped: 0.0003640 seconds, Stopping threads took: 0.0000715 seconds
2017-05-22T14:18:20.421+0000: 17255.102: Total time for which application threads were stopped: 0.0002018 seconds, Stopping threads took: 0.0000323 seconds
2017-05-22T14:18:21.428+0000: 17256.110: Total time for which application threads were stopped: 0.0071256 seconds, Stopping threads took: 0.0068840 seconds
2017-05-22T14:18:22.559+0000: 17257.240: Total time for which application threads were stopped: 0.1304739 seconds, Stopping threads took: 0.1301151 seconds
2017-05-22T14:18:23.492+0000: 17258.173: Total time for which application threads were stopped: 0.0123240 seconds, Stopping threads took: 0.0121536 seconds
2017-05-22T14:18:23.502+0000: 17258.184: Total time for which application threads were stopped: 0.0104707 seconds, Stopping threads took: 0.0103650 seconds
2017-05-22T14:18:23.506+0000: 17258.188: Total time for which application threads were stopped: 0.0034595 seconds, Stopping threads took: 0.0033509 seconds
2017-05-22T14:18:23.513+0000: 17258.194: Total time for which application threads were stopped: 0.0065120 seconds, Stopping threads took: 0.0063933 seconds
2017-05-22T14:18:23.513+0000: 17258.195: Total time for which application threads were stopped: 0.0002940 seconds, Stopping threads took: 0.0002101 seconds
2017-05-22T14:18:23.533+0000: 17258.214: Total time for which application threads were stopped: 0.0103372 seconds, Stopping threads took: 0.0099632 seconds
2017-05-22T14:18:23.562+0000: 17258.243: Total time for which application threads were stopped: 0.0285723 seconds, Stopping threads took: 0.0284576 seconds
2017-05-22T14:18:23.562+0000: 17258.244: Total time for which application threads were stopped: 0.0002752 seconds, Stopping threads took: 0.0002093 seconds
2017-05-22T14:18:23.562+0000: 17258.244: Total time for which application threads were stopped: 0.0001200 seconds, Stopping threads took: 0.0000637 seconds
2017-05-22T14:18:23.562+0000: 17258.244: Total time for which application threads were stopped: 0.0000967 seconds, Stopping threads took: 0.0000408 seconds
2017-05-22T14:18:23.563+0000: 17258.244: Total time for which application threads were stopped: 0.0001304 seconds, Stopping threads took: 0.0000740 seconds
2017-05-22T14:18:23.563+0000: 17258.244: Total time for which application threads were stopped: 0.0000935 seconds, Stopping threads took: 0.0000370 seconds
2017-05-22T14:18:23.563+0000: 17258.244: Total time for which application threads were stopped: 0.0001037 seconds, Stopping threads took: 0.0000462 seconds
2017-05-22T14:18:23.620+0000: 17258.301: Total time for which application threads were stopped: 0.0029228 seconds, Stopping threads took: 0.0027724 seconds
2017-05-22T14:18:23.620+0000: 17258.302: Total time for which application threads were stopped: 0.0001145 seconds, Stopping threads took: 0.0000362 seconds
2017-05-22T14:18:24.178+0000: 17258.860: Total time for which application threads were stopped: 0.0009711 seconds, Stopping threads took: 0.0000274 seconds
2017-05-22T14:18:24.317+0000: 17258.998: Total time for which application threads were stopped: 0.0002439 seconds, Stopping threads took: 0.0000315 seconds
2017-05-22T14:18:24.317+0000: 17258.999: Total time for which application threads were stopped: 0.0001545 seconds, Stopping threads took: 0.0000170 seconds
2017-05-22T14:18:24.385+0000: 17259.067: Total time for which application threads were stopped: 0.0002694 seconds, Stopping threads took: 0.0000733 seconds
2017-05-22T14:18:24.386+0000: 17259.067: Total time for which application threads were stopped: 0.0001747 seconds, Stopping threads took: 0.0000458 seconds
2017-05-22T14:18:24.387+0000: 17259.068: Total time for which application threads were stopped: 0.0001097 seconds, Stopping threads took: 0.0000163 seconds
2017-05-22T14:18:24.441+0000: 17259.123: Total time for which application threads were stopped: 0.0225070 seconds, Stopping threads took: 0.0223525 seconds
2017-05-22T14:18:24.441+0000: 17259.123: Total time for which application threads were stopped: 0.0001049 seconds, Stopping threads took: 0.0000299 seconds
2017-05-22T14:18:24.442+0000: 17259.123: Total time for which application threads were stopped: 0.0001009 seconds, Stopping threads took: 0.0000298 seconds
2017-05-22T14:18:24.442+0000: 17259.123: Total time for which application threads were stopped: 0.0001281 seconds, Stopping threads took: 0.0000533 seconds
2017-05-22T14:18:24.442+0000: 17259.124: Total time for which application threads were stopped: 0.0002963 seconds, Stopping threads took: 0.0000458 seconds
2017-05-22T14:18:24.464+0000: 17259.145: Total time for which application threads were stopped: 0.0165633 seconds, Stopping threads took: 0.0163906 seconds
2017-05-22T14:18:24.477+0000: 17259.158: Total time for which application threads were stopped: 0.0118317 seconds, Stopping threads took: 0.0116491 seconds
2017-05-22T14:18:24.479+0000: 17259.161: Total time for which application threads were stopped: 0.0015471 seconds, Stopping threads took: 0.0013119 seconds
2017-05-22T14:18:24.480+0000: 17259.161: Total time for which application threads were stopped: 0.0002059 seconds, Stopping threads took: 0.0000609 seconds
2017-05-22T14:18:25.480+0000: 17260.162: Total time for which application threads were stopped: 0.0002015 seconds, Stopping threads took: 0.0000401 seconds
2017-05-22T14:18:27.573+0000: 17262.255: Total time for which application threads were stopped: 0.0002126 seconds, Stopping threads took: 0.0000786 seconds
2017-05-22T14:18:27.574+0000: 17262.256: Total time for which application threads were stopped: 0.0001836 seconds, Stopping threads took: 0.0000540 seconds
2017-05-22T14:18:27.574+0000: 17262.256: Total time for which application threads were stopped: 0.0001072 seconds, Stopping threads took: 0.0000317 seconds
2017-05-22T14:18:27.575+0000: 17262.256: Total time for which application threads were stopped: 0.0001357 seconds, Stopping threads took: 0.0000416 seconds
2017-05-22T14:18:27.575+0000: 17262.257: Total time for which application threads were stopped: 0.0001151 seconds, Stopping threads took: 0.0000420 seconds
2017-05-22T14:18:27.585+0000: 17262.266: Total time for which application threads were stopped: 0.0083352 seconds, Stopping threads took: 0.0081544 seconds
2017-05-22T14:18:27.615+0000: 17262.296: Total time for which application threads were stopped: 0.0291749 seconds, Stopping threads took: 0.0290452 seconds
2017-05-22T14:18:27.714+0000: 17262.396: Total time for which application threads were stopped: 0.0947785 seconds, Stopping threads took: 0.0308034 seconds
2017-05-22T14:18:27.715+0000: 17262.397: Total time for which application threads were stopped: 0.0004997 seconds, Stopping threads took: 0.0000316 seconds
2017-05-22T14:18:27.731+0000: 17262.413: Total time for which application threads were stopped: 0.0141092 seconds, Stopping threads took: 0.0139066 seconds
2017-05-22T14:18:27.731+0000: 17262.413: Total time for which application threads were stopped: 0.0001128 seconds, Stopping threads took: 0.0000318 seconds
2017-05-22T14:18:27.878+0000: 17262.560: Total time for which application threads were stopped: 0.0461393 seconds, Stopping threads took: 0.0459371 seconds
2017-05-22T14:18:27.894+0000: 17262.576: Total time for which application threads were stopped: 0.0155368 seconds, Stopping threads took: 0.0153597 seconds
2017-05-22T14:18:27.903+0000: 17262.585: Total time for which application threads were stopped: 0.0075808 seconds, Stopping threads took: 0.0074328 seconds
2017-05-22T14:18:27.903+0000: 17262.585: Total time for which application threads were stopped: 0.0001120 seconds, Stopping threads took: 0.0000392 seconds
2017-05-22T14:18:27.939+0000: 17262.621: Total time for which application threads were stopped: 0.0001510 seconds, Stopping threads took: 0.0000259 seconds
2017-05-22T14:18:28.142+0000: 17262.824: Total time for which application threads were stopped: 0.0212495 seconds, Stopping threads took: 0.0210505 seconds
2017-05-22T14:18:28.151+0000: 17262.833: Total time for which application threads were stopped: 0.0090341 seconds, Stopping threads took: 0.0088955 seconds
2017-05-22T14:18:28.158+0000: 17262.839: Total time for which application threads were stopped: 0.0057897 seconds, Stopping threads took: 0.0055200 seconds
2017-05-22T14:18:28.158+0000: 17262.839: Total time for which application threads were stopped: 0.0002175 seconds, Stopping threads took: 0.0000491 seconds
2017-05-22T14:18:28.288+0000: 17262.969: Total time for which application threads were stopped: 0.0173518 seconds, Stopping threads took: 0.0171891 seconds
2017-05-22T14:18:29.288+0000: 17263.969: Total time for which application threads were stopped: 0.0001838 seconds, Stopping threads took: 0.0000385 seconds
2017-05-22T14:18:30.194+0000: 17264.876: Total time for which application threads were stopped: 0.0001867 seconds, Stopping threads took: 0.0000540 seconds
2017-05-22T14:18:30.194+0000: 17264.876: Total time for which application threads were stopped: 0.0001121 seconds, Stopping threads took: 0.0000205 seconds
2017-05-22T14:18:30.197+0000: 17264.878: Total time for which application threads were stopped: 0.0001619 seconds, Stopping threads took: 0.0000441 seconds
2017-05-22T14:18:30.197+0000: 17264.879: Total time for which application threads were stopped: 0.0000860 seconds, Stopping threads took: 0.0000233 seconds
2017-05-22T14:18:30.299+0000: 17264.980: Total time for which application threads were stopped: 0.0004693 seconds, Stopping threads took: 0.0000769 seconds
2017-05-22T14:18:30.299+0000: 17264.981: Total time for which application threads were stopped: 0.0003192 seconds, Stopping threads took: 0.0000683 seconds
2017-05-22T14:18:32.165+0000: 17266.846: Total time for which application threads were stopped: 0.0001991 seconds, Stopping threads took: 0.0000298 seconds
2017-05-22T14:18:32.448+0000: 17267.130: Total time for which application threads were stopped: 0.0002694 seconds, Stopping threads took: 0.0000488 seconds
2017-05-22T14:18:32.450+0000: 17267.132: Total time for which application threads were stopped: 0.0001809 seconds, Stopping threads took: 0.0000405 seconds
2017-05-22T14:18:32.452+0000: 17267.134: Total time for which application threads were stopped: 0.0002050 seconds, Stopping threads took: 0.0000256 seconds
2017-05-22T14:18:32.455+0000: 17267.137: Total time for which application threads were stopped: 0.0001915 seconds, Stopping threads took: 0.0000294 seconds
2017-05-22T14:18:32.470+0000: 17267.151: Total time for which application threads were stopped: 0.0002024 seconds, Stopping threads took: 0.0000295 seconds
2017-05-22T14:18:32.470+0000: 17267.152: Total time for which application threads were stopped: 0.0001305 seconds, Stopping threads took: 0.0000196 seconds
2017-05-22T14:18:32.477+0000: 17267.158: Total time for which application threads were stopped: 0.0048344 seconds, Stopping threads took: 0.0046024 seconds
2017-05-22T14:18:32.479+0000: 17267.160: Total time for which application threads were stopped: 0.0002310 seconds, Stopping threads took: 0.0000527 seconds
2017-05-22T14:18:32.481+0000: 17267.163: Total time for which application threads were stopped: 0.0002236 seconds, Stopping threads took: 0.0000578 seconds
2017-05-22T14:19:08.487+0000: 17303.169: Total time for which application threads were stopped: 0.0002732 seconds, Stopping threads took: 0.0001027 seconds
2017-05-22T14:19:18.489+0000: 17313.170: Total time for which application threads were stopped: 0.0001657 seconds, Stopping threads took: 0.0000339 seconds
2017-05-22T14:19:24.488+0000: 17319.170: Total time for which application threads were stopped: 0.0002347 seconds, Stopping threads took: 0.0000364 seconds
2017-05-22T14:19:26.489+0000: 17321.171: Total time for which application threads were stopped: 0.0001843 seconds, Stopping threads took: 0.0000397 seconds
2017-05-22T14:19:30.300+0000: 17324.982: Total time for which application threads were stopped: 0.0004538 seconds, Stopping threads took: 0.0000354 seconds
2017-05-22T14:28:26.393+0000: 17861.074: Total time for which application threads were stopped: 0.0194827 seconds, Stopping threads took: 0.0193419 seconds
{Heap before GC invocations=291 (full 1):
 par new generation   total 109248K, used 87973K [0x00000000e0000000, 0x00000000e8000000, 0x00000000e8000000)
  eden space 87424K,  99% used [0x00000000e0000000, 0x00000000e555dd00, 0x00000000e5560000)
  from space 21824K,   2% used [0x00000000e6ab0000, 0x00000000e6b3b7e0, 0x00000000e8000000)
  to   space 21824K,   0% used [0x00000000e5560000, 0x00000000e5560000, 0x00000000e6ab0000)
 concurrent mark-sweep generation total 393216K, used 51307K [0x00000000e8000000, 0x0000000100000000, 0x0000000100000000)
 Metaspace       used 37834K, capacity 38536K, committed 38800K, reserved 1083392K
  class space    used 4257K, capacity 4478K, committed 4528K, reserved 1048576K
2017-05-22T14:28:26.558+0000: 17861.240: [GC (Allocation Failure) 2017-05-22T14:28:26.558+0000: 17861.240: [ParNew
Desired survivor size 20112992 bytes, new threshold 8 (max 8)
- age   1:    1189376 bytes,    1189376 total
- age   2:       2800 bytes,    1192176 total
- age   3:       2672 bytes,    1194848 total
- age   4:       2904 bytes,    1197752 total
- age   5:       3224 bytes,    1200976 total
- age   6:      19368 bytes,    1220344 total
- age   7:       3048 bytes,    1223392 total
- age   8:       2904 bytes,    1226296 total
: 87973K->1322K(109248K), 0.0373244 secs] 139281K->52633K(502464K), 0.0374266 secs] [Times: user=0.06 sys=0.00, real=0.04 secs] 
Heap after GC invocations=292 (full 1):
 par new generation   total 109248K, used 1322K [0x00000000e0000000, 0x00000000e8000000, 0x00000000e8000000)
  eden space 87424K,   0% used [0x00000000e0000000, 0x00000000e0000000, 0x00000000e5560000)
  from space 21824K,   6% used [0x00000000e5560000, 0x00000000e56aaab0, 0x00000000e6ab0000)
  to   space 21824K,   0% used [0x00000000e6ab0000, 0x00000000e6ab0000, 0x00000000e8000000)
 concurrent mark-sweep generation total 393216K, used 51310K [0x00000000e8000000, 0x0000000100000000, 0x0000000100000000)
 Metaspace       used 37834K, capacity 38536K, committed 38800K, reserved 1083392K
  class space    used 4257K, capacity 4478K, committed 4528K, reserved 1048576K
}
2017-05-22T14:28:26.596+0000: 17861.277: Total time for which application threads were stopped: 0.0377331 seconds, Stopping threads took: 0.0000797 seconds
{Heap before GC invocations=292 (full 1):
 par new generation   total 109248K, used 88746K [0x00000000e0000000, 0x00000000e8000000, 0x00000000e8000000)
  eden space 87424K, 100% used [0x00000000e0000000, 0x00000000e5560000, 0x00000000e5560000)
  from space 21824K,   6% used [0x00000000e5560000, 0x00000000e56aaab0, 0x00000000e6ab0000)
  to   space 21824K,   0% used [0x00000000e6ab0000, 0x00000000e6ab0000, 0x00000000e8000000)
 concurrent mark-sweep generation total 393216K, used 51310K [0x00000000e8000000, 0x0000000100000000, 0x0000000100000000)
 Metaspace       used 37835K, capacity 38536K, committed 38800K, reserved 1083392K
  class space    used 4257K, capacity 4478K, committed 4528K, reserved 1048576K
2017-05-22T14:28:26.796+0000: 17861.477: [GC (Allocation Failure) 2017-05-22T14:28:26.796+0000: 17861.477: [ParNew
Desired survivor size 20112992 bytes, new threshold 8 (max 8)
- age   1:     417704 bytes,     417704 total
- age   2:     490696 bytes,     908400 total
- age   3:       2760 bytes,     911160 total
- age   4:       2672 bytes,     913832 total
- age   5:       2904 bytes,     916736 total
- age   6:       3224 bytes,     919960 total
- age   7:      19320 bytes,     939280 total
- age   8:       3048 bytes,     942328 total
: 88746K->1218K(109248K), 0.0072396 secs] 140057K->52532K(502464K), 0.0073330 secs] [Times: user=0.02 sys=0.00, real=0.00 secs] 
Heap after GC invocations=293 (full 1):
 par new generation   total 109248K, used 1218K [0x00000000e0000000, 0x00000000e8000000, 0x00000000e8000000)
  eden space 87424K,   0% used [0x00000000e0000000, 0x00000000e0000000, 0x00000000e5560000)
  from space 21824K,   5% used [0x00000000e6ab0000, 0x00000000e6be0ab0, 0x00000000e8000000)
  to   space 21824K,   0% used [0x00000000e5560000, 0x00000000e5560000, 0x00000000e6ab0000)
 concurrent mark-sweep generation total 393216K, used 51313K [0x00000000e8000000, 0x0000000100000000, 0x0000000100000000)
 Metaspace       used 37835K, capacity 38536K, committed 38800K, reserved 1083392K
  class space    used 4257K, capacity 4478K, committed 4528K, reserved 1048576K
}
2017-05-22T14:28:26.803+0000: 17861.485: Total time for which application threads were stopped: 0.0227039 seconds, Stopping threads took: 0.0151611 seconds
{Heap before GC invocations=293 (full 1):
 par new generation   total 109248K, used 88642K [0x00000000e0000000, 0x00000000e8000000, 0x00000000e8000000)
  eden space 87424K, 100% used [0x00000000e0000000, 0x00000000e5560000, 0x00000000e5560000)
  from space 21824K,   5% used [0x00000000e6ab0000, 0x00000000e6be0ab0, 0x00000000e8000000)
  to   space 21824K,   0% used [0x00000000e5560000, 0x00000000e5560000, 0x00000000e6ab0000)
 concurrent mark-sweep generation total 393216K, used 51313K [0x00000000e8000000, 0x0000000100000000, 0x0000000100000000)
 Metaspace       used 37835K, capacity 38536K, committed 38800K, reserved 1083392K
  class space    used 4257K, capacity 4478K, committed 4528K, reserved 1048576K
2017-05-22T14:28:27.019+0000: 17861.700: [GC (Allocation Failure) 2017-05-22T14:28:27.019+0000: 17861.700: [ParNew
Desired survivor size 20112992 bytes, new threshold 8 (max 8)
- age   1:     261520 bytes,     261520 total
- age   2:       3864 bytes,     265384 total
- age   3:     490176 bytes,     755560 total
- age   4:       2760 bytes,     758320 total
- age   5:       2672 bytes,     760992 total
- age   6:       2904 bytes,     763896 total
- age   7:       3224 bytes,     767120 total
- age   8:      19320 bytes,     786440 total
: 88642K->1177K(109248K), 0.0070967 secs] 139956K->52493K(502464K), 0.0072096 secs] [Times: user=0.02 sys=0.00, real=0.00 secs] 
Heap after GC invocations=294 (full 1):
 par new generation   total 109248K, used 1177K [0x00000000e0000000, 0x00000000e8000000, 0x00000000e8000000)
  eden space 87424K,   0% used [0x00000000e0000000, 0x00000000e0000000, 0x00000000e5560000)
  from space 21824K,   5% used [0x00000000e5560000, 0x00000000e5686680, 0x00000000e6ab0000)
  to   space 21824K,   0% used [0x00000000e6ab0000, 0x00000000e6ab0000, 0x00000000e8000000)
 concurrent mark-sweep generation total 393216K, used 51316K [0x00000000e8000000, 0x0000000100000000, 0x0000000100000000)
 Metaspace       used 37835K, capacity 38536K, committed 38800K, reserved 1083392K
  class space    used 4257K, capacity 4478K, committed 4528K, reserved 1048576K
}
2017-05-22T14:28:27.026+0000: 17861.707: Total time for which application threads were stopped: 0.0075351 seconds, Stopping threads took: 0.0000304 seconds
{Heap before GC invocations=294 (full 1):
 par new generation   total 109248K, used 88601K [0x00000000e0000000, 0x00000000e8000000, 0x00000000e8000000)
  eden space 87424K, 100% used [0x00000000e0000000, 0x00000000e5560000, 0x00000000e5560000)
  from space 21824K,   5% used [0x00000000e5560000, 0x00000000e5686680, 0x00000000e6ab0000)
  to   space 21824K,   0% used [0x00000000e6ab0000, 0x00000000e6ab0000, 0x00000000e8000000)
 concurrent mark-sweep generation total 393216K, used 51316K [0x00000000e8000000, 0x0000000100000000, 0x0000000100000000)
 Metaspace       used 37835K, capacity 38536K, committed 38800K, reserved 1083392K
  class space    used 4257K, capacity 4478K, committed 4528K, reserved 1048576K
2017-05-22T14:28:27.204+0000: 17861.885: [GC (Allocation Failure) 2017-05-22T14:28:27.204+0000: 17861.885: [ParNew
Desired survivor size 20112992 bytes, new threshold 8 (max 8)
- age   1:     147480 bytes,     147480 total
- age   2:       4120 bytes,     151600 total
- age   3:       3824 bytes,     155424 total
- age   4:     490176 bytes,     645600 total
- age   5:       2760 bytes,     648360 total
- age   6:       2672 bytes,     651032 total
- age   7:       2904 bytes,     653936 total
- age   8:       3224 bytes,     657160 total
: 88601K->847K(109248K), 0.0070315 secs] 139917K->52183K(502464K), 0.0071273 secs] [Times: user=0.02 sys=0.00, real=0.01 secs] 
Heap after GC invocations=295 (full 1):
 par new generation   total 109248K, used 847K [0x00000000e0000000, 0x00000000e8000000, 0x00000000e8000000)
  eden space 87424K,   0% used [0x00000000e0000000, 0x00000000e0000000, 0x00000000e5560000)
  from space 21824K,   3% used [0x00000000e6ab0000, 0x00000000e6b83fe0, 0x00000000e8000000)
  to   space 21824K,   0% used [0x00000000e5560000, 0x00000000e5560000, 0x00000000e6ab0000)
 concurrent mark-sweep generation total 393216K, used 51335K [0x00000000e8000000, 0x0000000100000000, 0x0000000100000000)
 Metaspace       used 37835K, capacity 38536K, committed 38800K, reserved 1083392K
  class space    used 4257K, capacity 4478K, committed 4528K, reserved 1048576K
}
2017-05-22T14:28:27.211+0000: 17861.893: Total time for which application threads were stopped: 0.0073363 seconds, Stopping threads took: 0.0000230 seconds
{Heap before GC invocations=295 (full 1):
 par new generation   total 109248K, used 88271K [0x00000000e0000000, 0x00000000e8000000, 0x00000000e8000000)
  eden space 87424K, 100% used [0x00000000e0000000, 0x00000000e5560000, 0x00000000e5560000)
  from space 21824K,   3% used [0x00000000e6ab0000, 0x00000000e6b83fe0, 0x00000000e8000000)
  to   space 21824K,   0% used [0x00000000e5560000, 0x00000000e5560000, 0x00000000e6ab0000)
 concurrent mark-sweep generation total 393216K, used 51335K [0x00000000e8000000, 0x0000000100000000, 0x0000000100000000)
 Metaspace       used 37835K, capacity 38536K, committed 38800K, reserved 1083392K
  class space    used 4257K, capacity 4478K, committed 4528K, reserved 1048576K
2017-05-22T14:28:27.394+0000: 17862.076: [GC (Allocation Failure) 2017-05-22T14:28:27.394+0000: 17862.076: [ParNew
Desired survivor size 20112992 bytes, new threshold 8 (max 8)
- age   1:     237512 bytes,     237512 total
- age   2:       2904 bytes,     240416 total
- age   3:       3856 bytes,     244272 total
- age   4:       3824 bytes,     248096 total
- age   5:     490176 bytes,     738272 total
- age   6:       2760 bytes,     741032 total
- age   7:       2672 bytes,     743704 total
- age   8:       2904 bytes,     746608 total
: 88271K->911K(109248K), 0.0064792 secs] 139607K->52249K(502464K), 0.0065789 secs] [Times: user=0.02 sys=0.00, real=0.01 secs] 
Heap after GC invocations=296 (full 1):
 par new generation   total 109248K, used 911K [0x00000000e0000000, 0x00000000e8000000, 0x00000000e8000000)
  eden space 87424K,   0% used [0x00000000e0000000, 0x00000000e0000000, 0x00000000e5560000)
  from space 21824K,   4% used [0x00000000e5560000, 0x00000000e5643c60, 0x00000000e6ab0000)
  to   space 21824K,   0% used [0x00000000e6ab0000, 0x00000000e6ab0000, 0x00000000e8000000)
 concurrent mark-sweep generation total 393216K, used 51338K [0x00000000e8000000, 0x0000000100000000, 0x0000000100000000)
 Metaspace       used 37835K, capacity 38536K, committed 38800K, reserved 1083392K
  class space    used 4257K, capacity 4478K, committed 4528K, reserved 1048576K
}
2017-05-22T14:28:27.401+0000: 17862.082: Total time for which application threads were stopped: 0.0194132 seconds, Stopping threads took: 0.0124945 seconds
2017-05-22T14:28:28.418+0000: 17863.100: Total time for which application threads were stopped: 0.0169077 seconds, Stopping threads took: 0.0167405 seconds
2017-05-22T14:28:29.419+0000: 17864.100: Total time for which application threads were stopped: 0.0001883 seconds, Stopping threads took: 0.0000367 seconds
2017-05-22T14:29:19.424+0000: 17914.106: Total time for which application threads were stopped: 0.0001743 seconds, Stopping threads took: 0.0000919 seconds
{Heap before GC invocations=296 (full 1):
 par new generation   total 109248K, used 88335K [0x00000000e0000000, 0x00000000e8000000, 0x00000000e8000000)
  eden space 87424K, 100% used [0x00000000e0000000, 0x00000000e5560000, 0x00000000e5560000)
  from space 21824K,   4% used [0x00000000e5560000, 0x00000000e5643c60, 0x00000000e6ab0000)
  to   space 21824K,   0% used [0x00000000e6ab0000, 0x00000000e6ab0000, 0x00000000e8000000)
 concurrent mark-sweep generation total 393216K, used 51338K [0x00000000e8000000, 0x0000000100000000, 0x0000000100000000)
 Metaspace       used 37835K, capacity 38536K, committed 38800K, reserved 1083392K
  class space    used 4257K, capacity 4478K, committed 4528K, reserved 1048576K
2017-05-22T14:31:31.223+0000: 18045.905: [GC (Allocation Failure) 2017-05-22T14:31:31.224+0000: 18045.905: [ParNew
Desired survivor size 20112992 bytes, new threshold 8 (max 8)
- age   1:     892552 bytes,     892552 total
- age   2:       3288 bytes,     895840 total
- age   3:       1872 bytes,     897712 total
- age   4:       2544 bytes,     900256 total
- age   5:       2384 bytes,     902640 total
- age   6:     469120 bytes,    1371760 total
- age   7:       1992 bytes,    1373752 total
- age   8:       1904 bytes,    1375656 total
: 88335K->1694K(109248K), 0.0219842 secs] 139673K->53034K(502464K), 0.0221858 secs] [Times: user=0.04 sys=0.00, real=0.02 secs] 
Heap after GC invocations=297 (full 1):
 par new generation   total 109248K, used 1694K [0x00000000e0000000, 0x00000000e8000000, 0x00000000e8000000)
  eden space 87424K,   0% used [0x00000000e0000000, 0x00000000e0000000, 0x00000000e5560000)
  from space 21824K,   7% used [0x00000000e6ab0000, 0x00000000e6c57960, 0x00000000e8000000)
  to   space 21824K,   0% used [0x00000000e5560000, 0x00000000e5560000, 0x00000000e6ab0000)
 concurrent mark-sweep generation total 393216K, used 51340K [0x00000000e8000000, 0x0000000100000000, 0x0000000100000000)
 Metaspace       used 37835K, capacity 38536K, committed 38800K, reserved 1083392K
  class space    used 4257K, capacity 4478K, committed 4528K, reserved 1048576K
}
2017-05-22T14:31:31.246+0000: 18045.927: Total time for which application threads were stopped: 0.0438248 seconds, Stopping threads took: 0.0211566 seconds
{Heap before GC invocations=297 (full 1):
 par new generation   total 109248K, used 89118K [0x00000000e0000000, 0x00000000e8000000, 0x00000000e8000000)
  eden space 87424K, 100% used [0x00000000e0000000, 0x00000000e5560000, 0x00000000e5560000)
  from space 21824K,   7% used [0x00000000e6ab0000, 0x00000000e6c57960, 0x00000000e8000000)
  to   space 21824K,   0% used [0x00000000e5560000, 0x00000000e5560000, 0x00000000e6ab0000)
 concurrent mark-sweep generation total 393216K, used 51340K [0x00000000e8000000, 0x0000000100000000, 0x0000000100000000)
 Metaspace       used 37835K, capacity 38536K, committed 38800K, reserved 1083392K
  class space    used 4257K, capacity 4478K, committed 4528K, reserved 1048576K
2017-05-22T14:31:31.472+0000: 18046.153: [GC (Allocation Failure) 2017-05-22T14:31:31.472+0000: 18046.153: [ParNew
Desired survivor size 20112992 bytes, new threshold 8 (max 8)
- age   1:     430240 bytes,     430240 total
- age   2:     499168 bytes,     929408 total
- age   3:       3248 bytes,     932656 total
- age   4:       1872 bytes,     934528 total
- age   5:       2544 bytes,     937072 total
- age   6:       2384 bytes,     939456 total
- age   7:     469120 bytes,    1408576 total
- age   8:       1992 bytes,    1410568 total
: 89118K->2323K(109248K), 0.0375208 secs] 140458K->53665K(502464K), 0.0376267 secs] [Times: user=0.08 sys=0.00, real=0.04 secs] 
Heap after GC invocations=298 (full 1):
 par new generation   total 109248K, used 2323K [0x00000000e0000000, 0x00000000e8000000, 0x00000000e8000000)
  eden space 87424K,   0% used [0x00000000e0000000, 0x00000000e0000000, 0x00000000e5560000)
  from space 21824K,  10% used [0x00000000e5560000, 0x00000000e57a4d00, 0x00000000e6ab0000)
  to   space 21824K,   0% used [0x00000000e6ab0000, 0x00000000e6ab0000, 0x00000000e8000000)
 concurrent mark-sweep generation total 393216K, used 51342K [0x00000000e8000000, 0x0000000100000000, 0x0000000100000000)
 Metaspace       used 37835K, capacity 38536K, committed 38800K, reserved 1083392K
  class space    used 4257K, capacity 4478K, committed 4528K, reserved 1048576K
}
2017-05-22T14:31:31.509+0000: 18046.191: Total time for which application threads were stopped: 0.0470074 seconds, Stopping threads took: 0.0091371 seconds
{Heap before GC invocations=298 (full 1):
 par new generation   total 109248K, used 89747K [0x00000000e0000000, 0x00000000e8000000, 0x00000000e8000000)
  eden space 87424K, 100% used [0x00000000e0000000, 0x00000000e5560000, 0x00000000e5560000)
  from space 21824K,  10% used [0x00000000e5560000, 0x00000000e57a4d00, 0x00000000e6ab0000)
  to   space 21824K,   0% used [0x00000000e6ab0000, 0x00000000e6ab0000, 0x00000000e8000000)
 concurrent mark-sweep generation total 393216K, used 51342K [0x00000000e8000000, 0x0000000100000000, 0x0000000100000000)
 Metaspace       used 37835K, capacity 38536K, committed 38800K, reserved 1083392K
  class space    used 4257K, capacity 4478K, committed 4528K, reserved 1048576K
2017-05-22T14:31:31.676+0000: 18046.358: [GC (Allocation Failure) 2017-05-22T14:31:31.676+0000: 18046.358: [ParNew
Desired survivor size 20112992 bytes, new threshold 8 (max 8)
- age   1:     403176 bytes,     403176 total
- age   2:       3064 bytes,     406240 total
- age   3:     496568 bytes,     902808 total
- age   4:       3248 bytes,     906056 total
- age   5:       1872 bytes,     907928 total
- age   6:       2544 bytes,     910472 total
- age   7:       2384 bytes,     912856 total
- age   8:     469120 bytes,    1381976 total
: 89747K->1904K(109248K), 0.0180777 secs] 141089K->53248K(502464K), 0.0182322 secs] [Times: user=0.02 sys=0.00, real=0.01 secs] 
Heap after GC invocations=299 (full 1):
 par new generation   total 109248K, used 1904K [0x00000000e0000000, 0x00000000e8000000, 0x00000000e8000000)
  eden space 87424K,   0% used [0x00000000e0000000, 0x00000000e0000000, 0x00000000e5560000)
  from space 21824K,   8% used [0x00000000e6ab0000, 0x00000000e6c8c160, 0x00000000e8000000)
  to   space 21824K,   0% used [0x00000000e5560000, 0x00000000e5560000, 0x00000000e6ab0000)
 concurrent mark-sweep generation total 393216K, used 51344K [0x00000000e8000000, 0x0000000100000000, 0x0000000100000000)
 Metaspace       used 37835K, capacity 38536K, committed 38800K, reserved 1083392K
  class space    used 4257K, capacity 4478K, committed 4528K, reserved 1048576K
}
2017-05-22T14:31:31.694+0000: 18046.376: Total time for which application threads were stopped: 0.0185920 seconds, Stopping threads took: 0.0000505 seconds
{Heap before GC invocations=299 (full 1):
 par new generation   total 109248K, used 89328K [0x00000000e0000000, 0x00000000e8000000, 0x00000000e8000000)
  eden space 87424K, 100% used [0x00000000e0000000, 0x00000000e5560000, 0x00000000e5560000)
  from space 21824K,   8% used [0x00000000e6ab0000, 0x00000000e6c8c160, 0x00000000e8000000)
  to   space 21824K,   0% used [0x00000000e5560000, 0x00000000e5560000, 0x00000000e6ab0000)
 concurrent mark-sweep generation total 393216K, used 51344K [0x00000000e8000000, 0x0000000100000000, 0x0000000100000000)
 Metaspace       used 37835K, capacity 38536K, committed 38800K, reserved 1083392K
  class space    used 4257K, capacity 4478K, committed 4528K, reserved 1048576K
2017-05-22T14:31:31.856+0000: 18046.538: [GC (Allocation Failure) 2017-05-22T14:31:31.856+0000: 18046.538: [ParNew
Desired survivor size 20112992 bytes, new threshold 8 (max 8)
- age   1:     481560 bytes,     481560 total
- age   2:       3216 bytes,     484776 total
- age   3:       2800 bytes,     487576 total
- age   4:     493968 bytes,     981544 total
- age   5:       3248 bytes,     984792 total
- age   6:       1872 bytes,     986664 total
- age   7:       2544 bytes,     989208 total
- age   8:       2384 bytes,     991592 total
: 89328K->1329K(109248K), 0.1225512 secs] 140672K->53135K(502464K), 0.1226540 secs] [Times: user=0.06 sys=0.01, real=0.12 secs] 
Heap after GC invocations=300 (full 1):
 par new generation   total 109248K, used 1329K [0x00000000e0000000, 0x00000000e8000000, 0x00000000e8000000)
  eden space 87424K,   0% used [0x00000000e0000000, 0x00000000e0000000, 0x00000000e5560000)
  from space 21824K,   6% used [0x00000000e5560000, 0x00000000e56ac640, 0x00000000e6ab0000)
  to   space 21824K,   0% used [0x00000000e6ab0000, 0x00000000e6ab0000, 0x00000000e8000000)
 concurrent mark-sweep generation total 393216K, used 51805K [0x00000000e8000000, 0x0000000100000000, 0x0000000100000000)
 Metaspace       used 37835K, capacity 38536K, committed 38800K, reserved 1083392K
  class space    used 4257K, capacity 4478K, committed 4528K, reserved 1048576K
}
2017-05-22T14:31:31.979+0000: 18046.661: Total time for which application threads were stopped: 0.1228912 seconds, Stopping threads took: 0.0000225 seconds
2017-05-22T14:31:32.979+0000: 18047.661: Total time for which application threads were stopped: 0.0001734 seconds, Stopping threads took: 0.0000382 seconds
{Heap before GC invocations=300 (full 1):
 par new generation   total 109248K, used 88753K [0x00000000e0000000, 0x00000000e8000000, 0x00000000e8000000)
  eden space 87424K, 100% used [0x00000000e0000000, 0x00000000e5560000, 0x00000000e5560000)
  from space 21824K,   6% used [0x00000000e5560000, 0x00000000e56ac640, 0x00000000e6ab0000)
  to   space 21824K,   0% used [0x00000000e6ab0000, 0x00000000e6ab0000, 0x00000000e8000000)
 concurrent mark-sweep generation total 393216K, used 51805K [0x00000000e8000000, 0x0000000100000000, 0x0000000100000000)
 Metaspace       used 37835K, capacity 38536K, committed 38800K, reserved 1083392K
  class space    used 4257K, capacity 4478K, committed 4528K, reserved 1048576K
2017-05-22T14:33:06.887+0000: 18141.568: [GC (Allocation Failure) 2017-05-22T14:33:06.887+0000: 18141.568: [ParNew
Desired survivor size 20112992 bytes, new threshold 8 (max 8)
- age   1:     150272 bytes,     150272 total
- age   2:       2128 bytes,     152400 total
- age   3:       2728 bytes,     155128 total
- age   4:       2352 bytes,     157480 total
- age   5:     477752 bytes,     635232 total
- age   6:       3248 bytes,     638480 total
- age   7:       1872 bytes,     640352 total
- age   8:       2544 bytes,     642896 total
: 88753K->926K(109248K), 0.0065428 secs] 140559K->52734K(502464K), 0.0066354 secs] [Times: user=0.02 sys=0.00, real=0.01 secs] 
Heap after GC invocations=301 (full 1):
 par new generation   total 109248K, used 926K [0x00000000e0000000, 0x00000000e8000000, 0x00000000e8000000)
  eden space 87424K,   0% used [0x00000000e0000000, 0x00000000e0000000, 0x00000000e5560000)
  from space 21824K,   4% used [0x00000000e6ab0000, 0x00000000e6b97930, 0x00000000e8000000)
  to   space 21824K,   0% used [0x00000000e5560000, 0x00000000e5560000, 0x00000000e6ab0000)
 concurrent mark-sweep generation total 393216K, used 51808K [0x00000000e8000000, 0x0000000100000000, 0x0000000100000000)
 Metaspace       used 37835K, capacity 38536K, committed 38800K, reserved 1083392K
  class space    used 4257K, capacity 4478K, committed 4528K, reserved 1048576K
}
2017-05-22T14:33:06.894+0000: 18141.575: Total time for which application threads were stopped: 0.0068767 seconds, Stopping threads took: 0.0000574 seconds
{Heap before GC invocations=301 (full 1):
 par new generation   total 109248K, used 88350K [0x00000000e0000000, 0x00000000e8000000, 0x00000000e8000000)
  eden space 87424K, 100% used [0x00000000e0000000, 0x00000000e5560000, 0x00000000e5560000)
  from space 21824K,   4% used [0x00000000e6ab0000, 0x00000000e6b97930, 0x00000000e8000000)
  to   space 21824K,   0% used [0x00000000e5560000, 0x00000000e5560000, 0x00000000e6ab0000)
 concurrent mark-sweep generation total 393216K, used 51808K [0x00000000e8000000, 0x0000000100000000, 0x0000000100000000)
 Metaspace       used 37835K, capacity 38536K, committed 38800K, reserved 1083392K
  class space    used 4257K, capacity 4478K, committed 4528K, reserved 1048576K
2017-05-22T14:33:07.072+0000: 18141.754: [GC (Allocation Failure) 2017-05-22T14:33:07.072+0000: 18141.754: [ParNew
Desired survivor size 20112992 bytes, new threshold 8 (max 8)
- age   1:      50568 bytes,      50568 total
- age   2:      18072 bytes,      68640 total
- age   3:       2088 bytes,      70728 total
- age   4:       2728 bytes,      73456 total
- age   5:       2352 bytes,      75808 total
- age   6:     475248 bytes,     551056 total
- age   7:       3272 bytes,     554328 total
- age   8:       1872 bytes,     556200 total
: 88350K->735K(109248K), 0.0056060 secs] 140158K->52546K(502464K), 0.0056797 secs] [Times: user=0.01 sys=0.00, real=0.01 secs] 
Heap after GC invocations=302 (full 1):
 par new generation   total 109248K, used 735K [0x00000000e0000000, 0x00000000e8000000, 0x00000000e8000000)
  eden space 87424K,   0% used [0x00000000e0000000, 0x00000000e0000000, 0x00000000e5560000)
  from space 21824K,   3% used [0x00000000e5560000, 0x00000000e5617e40, 0x00000000e6ab0000)
  to   space 21824K,   0% used [0x00000000e6ab0000, 0x00000000e6ab0000, 0x00000000e8000000)
 concurrent mark-sweep generation total 393216K, used 51810K [0x00000000e8000000, 0x0000000100000000, 0x0000000100000000)
 Metaspace       used 37835K, capacity 38536K, committed 38800K, reserved 1083392K
  class space    used 4257K, capacity 4478K, committed 4528K, reserved 1048576K
}
2017-05-22T14:33:07.078+0000: 18141.759: Total time for which application threads were stopped: 0.0058765 seconds, Stopping threads took: 0.0000311 seconds
{Heap before GC invocations=302 (full 1):
 par new generation   total 109248K, used 88159K [0x00000000e0000000, 0x00000000e8000000, 0x00000000e8000000)
  eden space 87424K, 100% used [0x00000000e0000000, 0x00000000e5560000, 0x00000000e5560000)
  from space 21824K,   3% used [0x00000000e5560000, 0x00000000e5617e40, 0x00000000e6ab0000)
  to   space 21824K,   0% used [0x00000000e6ab0000, 0x00000000e6ab0000, 0x00000000e8000000)
 concurrent mark-sweep generation total 393216K, used 51810K [0x00000000e8000000, 0x0000000100000000, 0x0000000100000000)
 Metaspace       used 37835K, capacity 38536K, committed 38800K, reserved 1083392K
  class space    used 4257K, capacity 4478K, committed 4528K, reserved 1048576K
2017-05-22T14:33:07.296+0000: 18141.977: [GC (Allocation Failure) 2017-05-22T14:33:07.296+0000: 18141.978: [ParNew
Desired survivor size 20112992 bytes, new threshold 8 (max 8)
- age   1:     436744 bytes,     436744 total
- age   2:       2976 bytes,     439720 total
- age   3:      17136 bytes,     456856 total
- age   4:       2088 bytes,     458944 total
- age   5:       2728 bytes,     461672 total
- age   6:       2352 bytes,     464024 total
- age   7:     473064 bytes,     937088 total
- age   8:       3248 bytes,     940336 total
: 88159K->1144K(109248K), 0.0069366 secs] 139970K->52956K(502464K), 0.0071161 secs] [Times: user=0.02 sys=0.00, real=0.00 secs] 
Heap after GC invocations=303 (full 1):
 par new generation   total 109248K, used 1144K [0x00000000e0000000, 0x00000000e8000000, 0x00000000e8000000)
  eden space 87424K,   0% used [0x00000000e0000000, 0x00000000e0000000, 0x00000000e5560000)
  from space 21824K,   5% used [0x00000000e6ab0000, 0x00000000e6bce270, 0x00000000e8000000)
  to   space 21824K,   0% used [0x00000000e5560000, 0x00000000e5560000, 0x00000000e6ab0000)
 concurrent mark-sweep generation total 393216K, used 51812K [0x00000000e8000000, 0x0000000100000000, 0x0000000100000000)
 Metaspace       used 37835K, capacity 38536K, committed 38800K, reserved 1083392K
  class space    used 4257K, capacity 4478K, committed 4528K, reserved 1048576K
}
2017-05-22T14:33:07.303+0000: 18141.985: Total time for which application threads were stopped: 0.0075108 seconds, Stopping threads took: 0.0000270 seconds
{Heap before GC invocations=303 (full 1):
 par new generation   total 109248K, used 88568K [0x00000000e0000000, 0x00000000e8000000, 0x00000000e8000000)
  eden space 87424K, 100% used [0x00000000e0000000, 0x00000000e5560000, 0x00000000e5560000)
  from space 21824K,   5% used [0x00000000e6ab0000, 0x00000000e6bce270, 0x00000000e8000000)
  to   space 21824K,   0% used [0x00000000e5560000, 0x00000000e5560000, 0x00000000e6ab0000)
 concurrent mark-sweep generation total 393216K, used 51812K [0x00000000e8000000, 0x0000000100000000, 0x0000000100000000)
 Metaspace       used 37835K, capacity 38536K, committed 38800K, reserved 1083392K
  class space    used 4257K, capacity 4478K, committed 4528K, reserved 1048576K
2017-05-22T14:33:07.460+0000: 18142.142: [GC (Allocation Failure) 2017-05-22T14:33:07.460+0000: 18142.142: [ParNew
Desired survivor size 20112992 bytes, new threshold 8 (max 8)
- age   1:     400048 bytes,     400048 total
- age   2:      10688 bytes,     410736 total
- age   3:       2976 bytes,     413712 total
- age   4:      17136 bytes,     430848 total
- age   5:       2088 bytes,     432936 total
- age   6:       2728 bytes,     435664 total
- age   7:       2352 bytes,     438016 total
- age   8:     470928 bytes,     908944 total
: 88568K->1287K(109248K), 0.0082571 secs] 140380K->53102K(502464K), 0.0084301 secs] [Times: user=0.02 sys=0.00, real=0.01 secs] 
Heap after GC invocations=304 (full 1):
 par new generation   total 109248K, used 1287K [0x00000000e0000000, 0x00000000e8000000, 0x00000000e8000000)
  eden space 87424K,   0% used [0x00000000e0000000, 0x00000000e0000000, 0x00000000e5560000)
  from space 21824K,   5% used [0x00000000e5560000, 0x00000000e56a1d98, 0x00000000e6ab0000)
  to   space 21824K,   0% used [0x00000000e6ab0000, 0x00000000e6ab0000, 0x00000000e8000000)
 concurrent mark-sweep generation total 393216K, used 51815K [0x00000000e8000000, 0x0000000100000000, 0x0000000100000000)
 Metaspace       used 37835K, capacity 38536K, committed 38800K, reserved 1083392K
  class space    used 4257K, capacity 4478K, committed 4528K, reserved 1048576K
}
2017-05-22T14:33:07.469+0000: 18142.150: Total time for which application threads were stopped: 0.0087549 seconds, Stopping threads took: 0.0000243 seconds
{Heap before GC invocations=304 (full 1):
 par new generation   total 109248K, used 88707K [0x00000000e0000000, 0x00000000e8000000, 0x00000000e8000000)
  eden space 87424K,  99% used [0x00000000e0000000, 0x00000000e555eff0, 0x00000000e5560000)
  from space 21824K,   5% used [0x00000000e5560000, 0x00000000e56a1d98, 0x00000000e6ab0000)
  to   space 21824K,   0% used [0x00000000e6ab0000, 0x00000000e6ab0000, 0x00000000e8000000)
 concurrent mark-sweep generation total 393216K, used 51815K [0x00000000e8000000, 0x0000000100000000, 0x0000000100000000)
 Metaspace       used 37835K, capacity 38536K, committed 38800K, reserved 1083392K
  class space    used 4257K, capacity 4478K, committed 4528K, reserved 1048576K
2017-05-22T14:33:07.642+0000: 18142.324: [GC (Allocation Failure) 2017-05-22T14:33:07.642+0000: 18142.324: [ParNew
Desired survivor size 20112992 bytes, new threshold 8 (max 8)
- age   1:     130632 bytes,     130632 total
- age   2:       2104 bytes,     132736 total
- age   3:      10648 bytes,     143384 total
- age   4:       2976 bytes,     146360 total
- age   5:      17136 bytes,     163496 total
- age   6:       2088 bytes,     165584 total
- age   7:       2728 bytes,     168312 total
- age   8:       2352 bytes,     170664 total
: 88707K->645K(109248K), 0.0333206 secs] 140522K->52918K(502464K), 0.0334207 secs] [Times: user=0.07 sys=0.00, real=0.04 secs] 
Heap after GC invocations=305 (full 1):
 par new generation   total 109248K, used 645K [0x00000000e0000000, 0x00000000e8000000, 0x00000000e8000000)
  eden space 87424K,   0% used [0x00000000e0000000, 0x00000000e0000000, 0x00000000e5560000)
  from space 21824K,   2% used [0x00000000e6ab0000, 0x00000000e6b517e8, 0x00000000e8000000)
  to   space 21824K,   0% used [0x00000000e5560000, 0x00000000e5560000, 0x00000000e6ab0000)
 concurrent mark-sweep generation total 393216K, used 52272K [0x00000000e8000000, 0x0000000100000000, 0x0000000100000000)
 Metaspace       used 37835K, capacity 38536K, committed 38800K, reserved 1083392K
  class space    used 4257K, capacity 4478K, committed 4528K, reserved 1048576K
}
2017-05-22T14:33:07.676+0000: 18142.357: Total time for which application threads were stopped: 0.0336218 seconds, Stopping threads took: 0.0000232 seconds
2017-05-22T14:33:07.949+0000: 18142.631: Total time for which application threads were stopped: 0.0001431 seconds, Stopping threads took: 0.0000235 seconds
2017-05-22T14:33:07.965+0000: 18142.647: Total time for which application threads were stopped: 0.0001448 seconds, Stopping threads took: 0.0000248 seconds
{Heap before GC invocations=305 (full 1):
 par new generation   total 109248K, used 88069K [0x00000000e0000000, 0x00000000e8000000, 0x00000000e8000000)
  eden space 87424K, 100% used [0x00000000e0000000, 0x00000000e5560000, 0x00000000e5560000)
  from space 21824K,   2% used [0x00000000e6ab0000, 0x00000000e6b517e8, 0x00000000e8000000)
  to   space 21824K,   0% used [0x00000000e5560000, 0x00000000e5560000, 0x00000000e6ab0000)
 concurrent mark-sweep generation total 393216K, used 52272K [0x00000000e8000000, 0x0000000100000000, 0x0000000100000000)
 Metaspace       used 37835K, capacity 38536K, committed 38800K, reserved 1083392K
  class space    used 4257K, capacity 4478K, committed 4528K, reserved 1048576K
2017-05-22T14:33:43.548+0000: 18178.230: [GC (Allocation Failure) 2017-05-22T14:33:43.548+0000: 18178.230: [ParNew
Desired survivor size 20112992 bytes, new threshold 8 (max 8)
- age   1:     430000 bytes,     430000 total
- age   2:       4048 bytes,     434048 total
- age   3:       2064 bytes,     436112 total
- age   4:       9976 bytes,     446088 total
- age   5:       2528 bytes,     448616 total
- age   6:      16544 bytes,     465160 total
- age   7:       2088 bytes,     467248 total
- age   8:       2728 bytes,     469976 total
: 88069K->566K(109248K), 0.0061733 secs] 140342K->52841K(502464K), 0.0062559 secs] [Times: user=0.00 sys=0.01, real=0.00 secs] 
Heap after GC invocations=306 (full 1):
 par new generation   total 109248K, used 566K [0x00000000e0000000, 0x00000000e8000000, 0x00000000e8000000)
  eden space 87424K,   0% used [0x00000000e0000000, 0x00000000e0000000, 0x00000000e5560000)
  from space 21824K,   2% used [0x00000000e5560000, 0x00000000e55eda88, 0x00000000e6ab0000)
  to   space 21824K,   0% used [0x00000000e6ab0000, 0x00000000e6ab0000, 0x00000000e8000000)
 concurrent mark-sweep generation total 393216K, used 52274K [0x00000000e8000000, 0x0000000100000000, 0x0000000100000000)
 Metaspace       used 37835K, capacity 38536K, committed 38800K, reserved 1083392K
  class space    used 4257K, capacity 4478K, committed 4528K, reserved 1048576K
}
2017-05-22T14:33:43.555+0000: 18178.236: Total time for which application threads were stopped: 0.0064682 seconds, Stopping threads took: 0.0000419 seconds
{Heap before GC invocations=306 (full 1):
 par new generation   total 109248K, used 87990K [0x00000000e0000000, 0x00000000e8000000, 0x00000000e8000000)
  eden space 87424K, 100% used [0x00000000e0000000, 0x00000000e5560000, 0x00000000e5560000)
  from space 21824K,   2% used [0x00000000e5560000, 0x00000000e55eda88, 0x00000000e6ab0000)
  to   space 21824K,   0% used [0x00000000e6ab0000, 0x00000000e6ab0000, 0x00000000e8000000)
 concurrent mark-sweep generation total 393216K, used 52274K [0x00000000e8000000, 0x0000000100000000, 0x0000000100000000)
 Metaspace       used 37835K, capacity 38536K, committed 38800K, reserved 1083392K
  class space    used 4257K, capacity 4478K, committed 4528K, reserved 1048576K
2017-05-22T14:33:43.710+0000: 18178.392: [GC (Allocation Failure) 2017-05-22T14:33:43.710+0000: 18178.392: [ParNew
Desired survivor size 20112992 bytes, new threshold 8 (max 8)
- age   1:     436304 bytes,     436304 total
- age   2:      28952 bytes,     465256 total
- age   3:       4008 bytes,     469264 total
- age   4:       2064 bytes,     471328 total
- age   5:       9976 bytes,     481304 total
- age   6:       2528 bytes,     483832 total
- age   7:      16544 bytes,     500376 total
- age   8:       2088 bytes,     502464 total
: 87990K->757K(109248K), 0.0068895 secs] 140265K->53035K(502464K), 0.0070261 secs] [Times: user=0.02 sys=0.00, real=0.01 secs] 
Heap after GC invocations=307 (full 1):
 par new generation   total 109248K, used 757K [0x00000000e0000000, 0x00000000e8000000, 0x00000000e8000000)
  eden space 87424K,   0% used [0x00000000e0000000, 0x00000000e0000000, 0x00000000e5560000)
  from space 21824K,   3% used [0x00000000e6ab0000, 0x00000000e6b6d600, 0x00000000e8000000)
  to   space 21824K,   0% used [0x00000000e5560000, 0x00000000e5560000, 0x00000000e6ab0000)
 concurrent mark-sweep generation total 393216K, used 52277K [0x00000000e8000000, 0x0000000100000000, 0x0000000100000000)
 Metaspace       used 37835K, capacity 38536K, committed 38800K, reserved 1083392K
  class space    used 4257K, capacity 4478K, committed 4528K, reserved 1048576K
}
2017-05-22T14:33:43.717+0000: 18178.399: Total time for which application threads were stopped: 0.0073318 seconds, Stopping threads took: 0.0000238 seconds
{Heap before GC invocations=307 (full 1):
 par new generation   total 109248K, used 88181K [0x00000000e0000000, 0x00000000e8000000, 0x00000000e8000000)
  eden space 87424K, 100% used [0x00000000e0000000, 0x00000000e5560000, 0x00000000e5560000)
  from space 21824K,   3% used [0x00000000e6ab0000, 0x00000000e6b6d600, 0x00000000e8000000)
  to   space 21824K,   0% used [0x00000000e5560000, 0x00000000e5560000, 0x00000000e6ab0000)
 concurrent mark-sweep generation total 393216K, used 52277K [0x00000000e8000000, 0x0000000100000000, 0x0000000100000000)
 Metaspace       used 37835K, capacity 38536K, committed 38800K, reserved 1083392K
  class space    used 4257K, capacity 4478K, committed 4528K, reserved 1048576K
2017-05-22T14:33:43.898+0000: 18178.580: [GC (Allocation Failure) 2017-05-22T14:33:43.898+0000: 18178.580: [ParNew
Desired survivor size 20112992 bytes, new threshold 8 (max 8)
- age   1:     122712 bytes,     122712 total
- age   2:       3368 bytes,     126080 total
- age   3:      28464 bytes,     154544 total
- age   4:       4008 bytes,     158552 total
- age   5:       2064 bytes,     160616 total
- age   6:       9976 bytes,     170592 total
- age   7:       2528 bytes,     173120 total
- age   8:      16544 bytes,     189664 total
: 88181K->271K(109248K), 0.0060232 secs] 140459K->52551K(502464K), 0.0061101 secs] [Times: user=0.02 sys=0.00, real=0.00 secs] 
Heap after GC invocations=308 (full 1):
 par new generation   total 109248K, used 271K [0x00000000e0000000, 0x00000000e8000000, 0x00000000e8000000)
  eden space 87424K,   0% used [0x00000000e0000000, 0x00000000e0000000, 0x00000000e5560000)
  from space 21824K,   1% used [0x00000000e5560000, 0x00000000e55a3eb8, 0x00000000e6ab0000)
  to   space 21824K,   0% used [0x00000000e6ab0000, 0x00000000e6ab0000, 0x00000000e8000000)
 concurrent mark-sweep generation total 393216K, used 52279K [0x00000000e8000000, 0x0000000100000000, 0x0000000100000000)
 Metaspace       used 37835K, capacity 38536K, committed 38800K, reserved 1083392K
  class space    used 4257K, capacity 4478K, committed 4528K, reserved 1048576K
}
2017-05-22T14:33:43.905+0000: 18178.586: Total time for which application threads were stopped: 0.0063069 seconds, Stopping threads took: 0.0000224 seconds
{Heap before GC invocations=308 (full 1):
 par new generation   total 109248K, used 87695K [0x00000000e0000000, 0x00000000e8000000, 0x00000000e8000000)
  eden space 87424K, 100% used [0x00000000e0000000, 0x00000000e5560000, 0x00000000e5560000)
  from space 21824K,   1% used [0x00000000e5560000, 0x00000000e55a3eb8, 0x00000000e6ab0000)
  to   space 21824K,   0% used [0x00000000e6ab0000, 0x00000000e6ab0000, 0x00000000e8000000)
 concurrent mark-sweep generation total 393216K, used 52279K [0x00000000e8000000, 0x0000000100000000, 0x0000000100000000)
 Metaspace       used 37835K, capacity 38536K, committed 38800K, reserved 1083392K
  class space    used 4257K, capacity 4478K, committed 4528K, reserved 1048576K
2017-05-22T14:33:44.059+0000: 18178.741: [GC (Allocation Failure) 2017-05-22T14:33:44.059+0000: 18178.741: [ParNew
Desired survivor size 20112992 bytes, new threshold 8 (max 8)
- age   1:     125584 bytes,     125584 total
- age   2:       3584 bytes,     129168 total
- age   3:       3328 bytes,     132496 total
- age   4:      28464 bytes,     160960 total
- age   5:       4008 bytes,     164968 total
- age   6:       2064 bytes,     167032 total
- age   7:       9976 bytes,     177008 total
- age   8:       2528 bytes,     179536 total
: 87695K->263K(109248K), 0.0161656 secs] 139975K->52559K(502464K), 0.0163926 secs] [Times: user=0.05 sys=0.00, real=0.02 secs] 
Heap after GC invocations=309 (full 1):
 par new generation   total 109248K, used 263K [0x00000000e0000000, 0x00000000e8000000, 0x00000000e8000000)
  eden space 87424K,   0% used [0x00000000e0000000, 0x00000000e0000000, 0x00000000e5560000)
  from space 21824K,   1% used [0x00000000e6ab0000, 0x00000000e6af1d50, 0x00000000e8000000)
  to   space 21824K,   0% used [0x00000000e5560000, 0x00000000e5560000, 0x00000000e6ab0000)
 concurrent mark-sweep generation total 393216K, used 52295K [0x00000000e8000000, 0x0000000100000000, 0x0000000100000000)
 Metaspace       used 37835K, capacity 38536K, committed 38800K, reserved 1083392K
  class space    used 4257K, capacity 4478K, committed 4528K, reserved 1048576K
}
2017-05-22T14:33:44.075+0000: 18178.757: Total time for which application threads were stopped: 0.0166963 seconds, Stopping threads took: 0.0000249 seconds
2017-05-22T14:33:46.076+0000: 18180.758: Total time for which application threads were stopped: 0.0002026 seconds, Stopping threads took: 0.0000387 seconds
{Heap before GC invocations=309 (full 1):
 par new generation   total 109248K, used 87687K [0x00000000e0000000, 0x00000000e8000000, 0x00000000e8000000)
  eden space 87424K, 100% used [0x00000000e0000000, 0x00000000e5560000, 0x00000000e5560000)
  from space 21824K,   1% used [0x00000000e6ab0000, 0x00000000e6af1d50, 0x00000000e8000000)
  to   space 21824K,   0% used [0x00000000e5560000, 0x00000000e5560000, 0x00000000e6ab0000)
 concurrent mark-sweep generation total 393216K, used 52295K [0x00000000e8000000, 0x0000000100000000, 0x0000000100000000)
 Metaspace       used 37835K, capacity 38536K, committed 38800K, reserved 1083392K
  class space    used 4257K, capacity 4478K, committed 4528K, reserved 1048576K
2017-05-22T14:37:30.673+0000: 18405.355: [GC (Allocation Failure) 2017-05-22T14:37:30.674+0000: 18405.355: [ParNew
Desired survivor size 20112992 bytes, new threshold 8 (max 8)
- age   1:     233016 bytes,     233016 total
- age   2:       3064 bytes,     236080 total
- age   3:       3320 bytes,     239400 total
- age   4:       2880 bytes,     242280 total
- age   5:      27424 bytes,     269704 total
- age   6:       4008 bytes,     273712 total
- age   7:       2064 bytes,     275776 total
- age   8:       9976 bytes,     285752 total
: 87687K->322K(109248K), 0.0077031 secs] 139983K->52621K(502464K), 0.0078085 secs] [Times: user=0.02 sys=0.00, real=0.01 secs] 
Heap after GC invocations=310 (full 1):
 par new generation   total 109248K, used 322K [0x00000000e0000000, 0x00000000e8000000, 0x00000000e8000000)
  eden space 87424K,   0% used [0x00000000e0000000, 0x00000000e0000000, 0x00000000e5560000)
  from space 21824K,   1% used [0x00000000e5560000, 0x00000000e55b0bc0, 0x00000000e6ab0000)
  to   space 21824K,   0% used [0x00000000e6ab0000, 0x00000000e6ab0000, 0x00000000e8000000)
 concurrent mark-sweep generation total 393216K, used 52298K [0x00000000e8000000, 0x0000000100000000, 0x0000000100000000)
 Metaspace       used 37835K, capacity 38536K, committed 38800K, reserved 1083392K
  class space    used 4257K, capacity 4478K, committed 4528K, reserved 1048576K
}
2017-05-22T14:37:30.681+0000: 18405.363: Total time for which application threads were stopped: 0.0080426 seconds, Stopping threads took: 0.0000248 seconds
{Heap before GC invocations=310 (full 1):
 par new generation   total 109248K, used 87746K [0x00000000e0000000, 0x00000000e8000000, 0x00000000e8000000)
  eden space 87424K, 100% used [0x00000000e0000000, 0x00000000e5560000, 0x00000000e5560000)
  from space 21824K,   1% used [0x00000000e5560000, 0x00000000e55b0bc0, 0x00000000e6ab0000)
  to   space 21824K,   0% used [0x00000000e6ab0000, 0x00000000e6ab0000, 0x00000000e8000000)
 concurrent mark-sweep generation total 393216K, used 52298K [0x00000000e8000000, 0x0000000100000000, 0x0000000100000000)
 Metaspace       used 37835K, capacity 38536K, committed 38800K, reserved 1083392K
  class space    used 4257K, capacity 4478K, committed 4528K, reserved 1048576K
2017-05-22T14:37:30.861+0000: 18405.543: [GC (Allocation Failure) 2017-05-22T14:37:30.861+0000: 18405.543: [ParNew
Desired survivor size 20112992 bytes, new threshold 8 (max 8)
- age   1:     350944 bytes,     350944 total
- age   2:      37712 bytes,     388656 total
- age   3:       3024 bytes,     391680 total
- age   4:       3320 bytes,     395000 total
- age   5:       2880 bytes,     397880 total
- age   6:      27424 bytes,     425304 total
- age   7:       4008 bytes,     429312 total
- age   8:       2064 bytes,     431376 total
: 87746K->526K(109248K), 0.0071080 secs] 140045K->52834K(502464K), 0.0071931 secs] [Times: user=0.02 sys=0.00, real=0.01 secs] 
Heap after GC invocations=311 (full 1):
 par new generation   total 109248K, used 526K [0x00000000e0000000, 0x00000000e8000000, 0x00000000e8000000)
  eden space 87424K,   0% used [0x00000000e0000000, 0x00000000e0000000, 0x00000000e5560000)
  from space 21824K,   2% used [0x00000000e6ab0000, 0x00000000e6b33950, 0x00000000e8000000)
  to   space 21824K,   0% used [0x00000000e5560000, 0x00000000e5560000, 0x00000000e6ab0000)
 concurrent mark-sweep generation total 393216K, used 52307K [0x00000000e8000000, 0x0000000100000000, 0x0000000100000000)
 Metaspace       used 37835K, capacity 38536K, committed 38800K, reserved 1083392K
  class space    used 4257K, capacity 4478K, committed 4528K, reserved 1048576K
}
2017-05-22T14:37:30.868+0000: 18405.550: Total time for which application threads were stopped: 0.0073961 seconds, Stopping threads took: 0.0000228 seconds
{Heap before GC invocations=311 (full 1):
 par new generation   total 109248K, used 87950K [0x00000000e0000000, 0x00000000e8000000, 0x00000000e8000000)
  eden space 87424K, 100% used [0x00000000e0000000, 0x00000000e5560000, 0x00000000e5560000)
  from space 21824K,   2% used [0x00000000e6ab0000, 0x00000000e6b33950, 0x00000000e8000000)
  to   space 21824K,   0% used [0x00000000e5560000, 0x00000000e5560000, 0x00000000e6ab0000)
 concurrent mark-sweep generation total 393216K, used 52307K [0x00000000e8000000, 0x0000000100000000, 0x0000000100000000)
 Metaspace       used 37835K, capacity 38536K, committed 38800K, reserved 1083392K
  class space    used 4257K, capacity 4478K, committed 4528K, reserved 1048576K
2017-05-22T14:37:31.037+0000: 18405.718: [GC (Allocation Failure) 2017-05-22T14:37:31.037+0000: 18405.718: [ParNew
Desired survivor size 20112992 bytes, new threshold 8 (max 8)
- age   1:     218552 bytes,     218552 total
- age   2:       4032 bytes,     222584 total
- age   3:      37224 bytes,     259808 total
- age   4:       3024 bytes,     262832 total
- age   5:       3320 bytes,     266152 total
- age   6:       2880 bytes,     269032 total
- age   7:      27424 bytes,     296456 total
- age   8:       4008 bytes,     300464 total
: 87950K->552K(109248K), 0.0075018 secs] 140258K->52862K(502464K), 0.0076958 secs] [Times: user=0.01 sys=0.01, real=0.00 secs] 
Heap after GC invocations=312 (full 1):
 par new generation   total 109248K, used 552K [0x00000000e0000000, 0x00000000e8000000, 0x00000000e8000000)
  eden space 87424K,   0% used [0x00000000e0000000, 0x00000000e0000000, 0x00000000e5560000)
  from space 21824K,   2% used [0x00000000e5560000, 0x00000000e55ea390, 0x00000000e6ab0000)
  to   space 21824K,   0% used [0x00000000e6ab0000, 0x00000000e6ab0000, 0x00000000e8000000)
 concurrent mark-sweep generation total 393216K, used 52309K [0x00000000e8000000, 0x0000000100000000, 0x0000000100000000)
 Metaspace       used 37835K, capacity 38536K, committed 38800K, reserved 1083392K
  class space    used 4257K, capacity 4478K, committed 4528K, reserved 1048576K
}
2017-05-22T14:37:31.044+0000: 18405.726: Total time for which application threads were stopped: 0.0079924 seconds, Stopping threads took: 0.0000235 seconds
{Heap before GC invocations=312 (full 1):
 par new generation   total 109248K, used 87976K [0x00000000e0000000, 0x00000000e8000000, 0x00000000e8000000)
  eden space 87424K, 100% used [0x00000000e0000000, 0x00000000e5560000, 0x00000000e5560000)
  from space 21824K,   2% used [0x00000000e5560000, 0x00000000e55ea390, 0x00000000e6ab0000)
  to   space 21824K,   0% used [0x00000000e6ab0000, 0x00000000e6ab0000, 0x00000000e8000000)
 concurrent mark-sweep generation total 393216K, used 52309K [0x00000000e8000000, 0x0000000100000000, 0x0000000100000000)
 Metaspace       used 37835K, capacity 38536K, committed 38800K, reserved 1083392K
  class space    used 4257K, capacity 4478K, committed 4528K, reserved 1048576K
2017-05-22T14:37:31.207+0000: 18405.888: [GC (Allocation Failure) 2017-05-22T14:37:31.207+0000: 18405.888: [ParNew
Desired survivor size 20112992 bytes, new threshold 8 (max 8)
- age   1:     129752 bytes,     129752 total
- age   2:       2944 bytes,     132696 total
- age   3:       3992 bytes,     136688 total
- age   4:      37224 bytes,     173912 total
- age   5:       3024 bytes,     176936 total
- age   6:       3320 bytes,     180256 total
- age   7:       2880 bytes,     183136 total
- age   8:      27424 bytes,     210560 total
: 87976K->265K(109248K), 0.0067632 secs] 140286K->52579K(502464K), 0.0069450 secs] [Times: user=0.02 sys=0.00, real=0.01 secs] 
Heap after GC invocations=313 (full 1):
 par new generation   total 109248K, used 265K [0x00000000e0000000, 0x00000000e8000000, 0x00000000e8000000)
  eden space 87424K,   0% used [0x00000000e0000000, 0x00000000e0000000, 0x00000000e5560000)
  from space 21824K,   1% used [0x00000000e6ab0000, 0x00000000e6af25f0, 0x00000000e8000000)
  to   space 21824K,   0% used [0x00000000e5560000, 0x00000000e5560000, 0x00000000e6ab0000)
 concurrent mark-sweep generation total 393216K, used 52313K [0x00000000e8000000, 0x0000000100000000, 0x0000000100000000)
 Metaspace       used 37835K, capacity 38536K, committed 38800K, reserved 1083392K
  class space    used 4257K, capacity 4478K, committed 4528K, reserved 1048576K
}
2017-05-22T14:37:31.214+0000: 18405.895: Total time for which application threads were stopped: 0.0072672 seconds, Stopping threads took: 0.0000244 seconds
{Heap before GC invocations=313 (full 1):
 par new generation   total 109248K, used 87689K [0x00000000e0000000, 0x00000000e8000000, 0x00000000e8000000)
  eden space 87424K, 100% used [0x00000000e0000000, 0x00000000e5560000, 0x00000000e5560000)
  from space 21824K,   1% used [0x00000000e6ab0000, 0x00000000e6af25f0, 0x00000000e8000000)
  to   space 21824K,   0% used [0x00000000e5560000, 0x00000000e5560000, 0x00000000e6ab0000)
 concurrent mark-sweep generation total 393216K, used 52313K [0x00000000e8000000, 0x0000000100000000, 0x0000000100000000)
 Metaspace       used 37835K, capacity 38536K, committed 38800K, reserved 1083392K
  class space    used 4257K, capacity 4478K, committed 4528K, reserved 1048576K
2017-05-22T14:37:31.393+0000: 18406.075: [GC (Allocation Failure) 2017-05-22T14:37:31.393+0000: 18406.075: [ParNew
Desired survivor size 20112992 bytes, new threshold 8 (max 8)
- age   1:     318944 bytes,     318944 total
- age   2:       2952 bytes,     321896 total
- age   3:       2904 bytes,     324800 total
- age   4:       3768 bytes,     328568 total
- age   5:      37000 bytes,     365568 total
- age   6:       3024 bytes,     368592 total
- age   7:       3320 bytes,     371912 total
- age   8:       2880 bytes,     374792 total
: 87689K->439K(109248K), 0.0105700 secs] 140003K->52780K(502464K), 0.0106780 secs] [Times: user=0.03 sys=0.00, real=0.01 secs] 
Heap after GC invocations=314 (full 1):
 par new generation   total 109248K, used 439K [0x00000000e0000000, 0x00000000e8000000, 0x00000000e8000000)
  eden space 87424K,   0% used [0x00000000e0000000, 0x00000000e0000000, 0x00000000e5560000)
  from space 21824K,   2% used [0x00000000e5560000, 0x00000000e55cdf40, 0x00000000e6ab0000)
  to   space 21824K,   0% used [0x00000000e6ab0000, 0x00000000e6ab0000, 0x00000000e8000000)
 concurrent mark-sweep generation total 393216K, used 52340K [0x00000000e8000000, 0x0000000100000000, 0x0000000100000000)
 Metaspace       used 37835K, capacity 38536K, committed 38800K, reserved 1083392K
  class space    used 4257K, capacity 4478K, committed 4528K, reserved 1048576K
}
2017-05-22T14:37:31.404+0000: 18406.085: Total time for which application threads were stopped: 0.0109246 seconds, Stopping threads took: 0.0000304 seconds
2017-05-22T14:37:32.404+0000: 18407.086: Total time for which application threads were stopped: 0.0001697 seconds, Stopping threads took: 0.0000329 seconds
{Heap before GC invocations=314 (full 1):
 par new generation   total 109248K, used 87863K [0x00000000e0000000, 0x00000000e8000000, 0x00000000e8000000)
  eden space 87424K, 100% used [0x00000000e0000000, 0x00000000e5560000, 0x00000000e5560000)
  from space 21824K,   2% used [0x00000000e5560000, 0x00000000e55cdf40, 0x00000000e6ab0000)
  to   space 21824K,   0% used [0x00000000e6ab0000, 0x00000000e6ab0000, 0x00000000e8000000)
 concurrent mark-sweep generation total 393216K, used 52340K [0x00000000e8000000, 0x0000000100000000, 0x0000000100000000)
 Metaspace       used 37837K, capacity 38536K, committed 38800K, reserved 1083392K
  class space    used 4258K, capacity 4478K, committed 4528K, reserved 1048576K
2017-05-22T14:38:45.640+0000: 18480.321: [GC (Allocation Failure) 2017-05-22T14:38:45.640+0000: 18480.321: [ParNew
Desired survivor size 20112992 bytes, new threshold 8 (max 8)
- age   1:     433408 bytes,     433408 total
- age   2:       3248 bytes,     436656 total
- age   3:       2688 bytes,     439344 total
- age   4:       2904 bytes,     442248 total
- age   5:       3320 bytes,     445568 total
- age   6:      36152 bytes,     481720 total
- age   7:       3024 bytes,     484744 total
- age   8:       3320 bytes,     488064 total
: 87863K->639K(109248K), 0.0105109 secs] 140204K->52982K(502464K), 0.0106055 secs] [Times: user=0.04 sys=0.00, real=0.01 secs] 
Heap after GC invocations=315 (full 1):
 par new generation   total 109248K, used 639K [0x00000000e0000000, 0x00000000e8000000, 0x00000000e8000000)
  eden space 87424K,   0% used [0x00000000e0000000, 0x00000000e0000000, 0x00000000e5560000)
  from space 21824K,   2% used [0x00000000e6ab0000, 0x00000000e6b4fd68, 0x00000000e8000000)
  to   space 21824K,   0% used [0x00000000e5560000, 0x00000000e5560000, 0x00000000e6ab0000)
 concurrent mark-sweep generation total 393216K, used 52343K [0x00000000e8000000, 0x0000000100000000, 0x0000000100000000)
 Metaspace       used 37837K, capacity 38536K, committed 38800K, reserved 1083392K
  class space    used 4258K, capacity 4478K, committed 4528K, reserved 1048576K
}
2017-05-22T14:38:45.650+0000: 18480.332: Total time for which application threads were stopped: 0.0108293 seconds, Stopping threads took: 0.0000273 seconds
{Heap before GC invocations=315 (full 1):
 par new generation   total 109248K, used 88063K [0x00000000e0000000, 0x00000000e8000000, 0x00000000e8000000)
  eden space 87424K, 100% used [0x00000000e0000000, 0x00000000e5560000, 0x00000000e5560000)
  from space 21824K,   2% used [0x00000000e6ab0000, 0x00000000e6b4fd68, 0x00000000e8000000)
  to   space 21824K,   0% used [0x00000000e5560000, 0x00000000e5560000, 0x00000000e6ab0000)
 concurrent mark-sweep generation total 393216K, used 52343K [0x00000000e8000000, 0x0000000100000000, 0x0000000100000000)
 Metaspace       used 37837K, capacity 38536K, committed 38800K, reserved 1083392K
  class space    used 4258K, capacity 4478K, committed 4528K, reserved 1048576K
2017-05-22T14:38:45.839+0000: 18480.521: [GC (Allocation Failure) 2017-05-22T14:38:45.839+0000: 18480.521: [ParNew
Desired survivor size 20112992 bytes, new threshold 8 (max 8)
- age   1:     415496 bytes,     415496 total
- age   2:      21224 bytes,     436720 total
- age   3:       3208 bytes,     439928 total
- age   4:       2688 bytes,     442616 total
- age   5:       2904 bytes,     445520 total
- age   6:       3320 bytes,     448840 total
- age   7:      36152 bytes,     484992 total
- age   8:       3024 bytes,     488016 total
: 88063K->562K(109248K), 0.0204718 secs] 140406K->52908K(502464K), 0.0205831 secs] [Times: user=0.03 sys=0.00, real=0.02 secs] 
Heap after GC invocations=316 (full 1):
 par new generation   total 109248K, used 562K [0x00000000e0000000, 0x00000000e8000000, 0x00000000e8000000)
  eden space 87424K,   0% used [0x00000000e0000000, 0x00000000e0000000, 0x00000000e5560000)
  from space 21824K,   2% used [0x00000000e5560000, 0x00000000e55ec808, 0x00000000e6ab0000)
  to   space 21824K,   0% used [0x00000000e6ab0000, 0x00000000e6ab0000, 0x00000000e8000000)
 concurrent mark-sweep generation total 393216K, used 52346K [0x00000000e8000000, 0x0000000100000000, 0x0000000100000000)
 Metaspace       used 37837K, capacity 38536K, committed 38800K, reserved 1083392K
  class space    used 4258K, capacity 4478K, committed 4528K, reserved 1048576K
}
2017-05-22T14:38:45.860+0000: 18480.541: Total time for which application threads were stopped: 0.0208469 seconds, Stopping threads took: 0.0000253 seconds
{Heap before GC invocations=316 (full 1):
 par new generation   total 109248K, used 87986K [0x00000000e0000000, 0x00000000e8000000, 0x00000000e8000000)
  eden space 87424K, 100% used [0x00000000e0000000, 0x00000000e5560000, 0x00000000e5560000)
  from space 21824K,   2% used [0x00000000e5560000, 0x00000000e55ec808, 0x00000000e6ab0000)
  to   space 21824K,   0% used [0x00000000e6ab0000, 0x00000000e6ab0000, 0x00000000e8000000)
 concurrent mark-sweep generation total 393216K, used 52346K [0x00000000e8000000, 0x0000000100000000, 0x0000000100000000)
 Metaspace       used 37837K, capacity 38536K, committed 38800K, reserved 1083392K
  class space    used 4258K, capacity 4478K, committed 4528K, reserved 1048576K
2017-05-22T14:38:46.047+0000: 18480.728: [GC (Allocation Failure) 2017-05-22T14:38:46.047+0000: 18480.728: [ParNew
Desired survivor size 20112992 bytes, new threshold 8 (max 8)
- age   1:     162512 bytes,     162512 total
- age   2:       3320 bytes,     165832 total
- age   3:      20512 bytes,     186344 total
- age   4:       3208 bytes,     189552 total
- age   5:       2688 bytes,     192240 total
- age   6:       2904 bytes,     195144 total
- age   7:       3320 bytes,     198464 total
- age   8:      36152 bytes,     234616 total
: 87986K->524K(109248K), 0.0058765 secs] 140332K->52874K(502464K), 0.0059632 secs] [Times: user=0.02 sys=0.00, real=0.01 secs] 
Heap after GC invocations=317 (full 1):
 par new generation   total 109248K, used 524K [0x00000000e0000000, 0x00000000e8000000, 0x00000000e8000000)
  eden space 87424K,   0% used [0x00000000e0000000, 0x00000000e0000000, 0x00000000e5560000)
  from space 21824K,   2% used [0x00000000e6ab0000, 0x00000000e6b33360, 0x00000000e8000000)
  to   space 21824K,   0% used [0x00000000e5560000, 0x00000000e5560000, 0x00000000e6ab0000)
 concurrent mark-sweep generation total 393216K, used 52349K [0x00000000e8000000, 0x0000000100000000, 0x0000000100000000)
 Metaspace       used 37837K, capacity 38536K, committed 38800K, reserved 1083392K
  class space    used 4258K, capacity 4478K, committed 4528K, reserved 1048576K
}
2017-05-22T14:38:46.053+0000: 18480.734: Total time for which application threads were stopped: 0.0061792 seconds, Stopping threads took: 0.0000230 seconds
{Heap before GC invocations=317 (full 1):
 par new generation   total 109248K, used 87948K [0x00000000e0000000, 0x00000000e8000000, 0x00000000e8000000)
  eden space 87424K, 100% used [0x00000000e0000000, 0x00000000e5560000, 0x00000000e5560000)
  from space 21824K,   2% used [0x00000000e6ab0000, 0x00000000e6b33360, 0x00000000e8000000)
  to   space 21824K,   0% used [0x00000000e5560000, 0x00000000e5560000, 0x00000000e6ab0000)
 concurrent mark-sweep generation total 393216K, used 52349K [0x00000000e8000000, 0x0000000100000000, 0x0000000100000000)
 Metaspace       used 37837K, capacity 38536K, committed 38800K, reserved 1083392K
  class space    used 4258K, capacity 4478K, committed 4528K, reserved 1048576K
2017-05-22T14:38:46.252+0000: 18480.934: [GC (Allocation Failure) 2017-05-22T14:38:46.252+0000: 18480.934: [ParNew
Desired survivor size 20112992 bytes, new threshold 8 (max 8)
- age   1:     400704 bytes,     400704 total
- age   2:       3768 bytes,     404472 total
- age   3:       3280 bytes,     407752 total
- age   4:      20512 bytes,     428264 total
- age   5:       3208 bytes,     431472 total
- age   6:       2688 bytes,     434160 total
- age   7:       2904 bytes,     437064 total
- age   8:       3320 bytes,     440384 total
: 87948K->526K(109248K), 0.0061115 secs] 140298K->52911K(502464K), 0.0062061 secs] [Times: user=0.02 sys=0.00, real=0.01 secs] 
Heap after GC invocations=318 (full 1):
 par new generation   total 109248K, used 526K [0x00000000e0000000, 0x00000000e8000000, 0x00000000e8000000)
  eden space 87424K,   0% used [0x00000000e0000000, 0x00000000e0000000, 0x00000000e5560000)
  from space 21824K,   2% used [0x00000000e5560000, 0x00000000e55e3930, 0x00000000e6ab0000)
  to   space 21824K,   0% used [0x00000000e6ab0000, 0x00000000e6ab0000, 0x00000000e8000000)
 concurrent mark-sweep generation total 393216K, used 52384K [0x00000000e8000000, 0x0000000100000000, 0x0000000100000000)
 Metaspace       used 37837K, capacity 38536K, committed 38800K, reserved 1083392K
  class space    used 4258K, capacity 4478K, committed 4528K, reserved 1048576K
}
2017-05-22T14:38:46.259+0000: 18480.940: Total time for which application threads were stopped: 0.0064224 seconds, Stopping threads took: 0.0000236 seconds
2017-05-22T14:38:47.259+0000: 18481.940: Total time for which application threads were stopped: 0.0001772 seconds, Stopping threads took: 0.0000433 seconds
{Heap before GC invocations=318 (full 1):
 par new generation   total 109248K, used 87925K [0x00000000e0000000, 0x00000000e8000000, 0x00000000e8000000)
  eden space 87424K,  99% used [0x00000000e0000000, 0x00000000e5559d90, 0x00000000e5560000)
  from space 21824K,   2% used [0x00000000e5560000, 0x00000000e55e3930, 0x00000000e6ab0000)
  to   space 21824K,   0% used [0x00000000e6ab0000, 0x00000000e6ab0000, 0x00000000e8000000)
 concurrent mark-sweep generation total 393216K, used 52384K [0x00000000e8000000, 0x0000000100000000, 0x0000000100000000)
 Metaspace       used 37837K, capacity 38536K, committed 38800K, reserved 1083392K
  class space    used 4258K, capacity 4478K, committed 4528K, reserved 1048576K
2017-05-22T14:43:21.185+0000: 18755.867: [GC (Allocation Failure) 2017-05-22T14:43:21.185+0000: 18755.867: [ParNew
Desired survivor size 20112992 bytes, new threshold 8 (max 8)
- age   1:     407592 bytes,     407592 total
- age   2:       2896 bytes,     410488 total
- age   3:       3056 bytes,     413544 total
- age   4:       2832 bytes,     416376 total
- age   5:      19888 bytes,     436264 total
- age   6:       3208 bytes,     439472 total
- age   7:       2688 bytes,     442160 total
- age   8:       2904 bytes,     445064 total
: 87925K->620K(109248K), 0.0084337 secs] 140310K->53008K(502464K), 0.0086297 secs] [Times: user=0.02 sys=0.00, real=0.01 secs] 
Heap after GC invocations=319 (full 1):
 par new generation   total 109248K, used 620K [0x00000000e0000000, 0x00000000e8000000, 0x00000000e8000000)
  eden space 87424K,   0% used [0x00000000e0000000, 0x00000000e0000000, 0x00000000e5560000)
  from space 21824K,   2% used [0x00000000e6ab0000, 0x00000000e6b4b180, 0x00000000e8000000)
  to   space 21824K,   0% used [0x00000000e5560000, 0x00000000e5560000, 0x00000000e6ab0000)
 concurrent mark-sweep generation total 393216K, used 52388K [0x00000000e8000000, 0x0000000100000000, 0x0000000100000000)
 Metaspace       used 37837K, capacity 38536K, committed 38800K, reserved 1083392K
  class space    used 4258K, capacity 4478K, committed 4528K, reserved 1048576K
}
2017-05-22T14:43:21.194+0000: 18755.876: Total time for which application threads were stopped: 0.0090306 seconds, Stopping threads took: 0.0000482 seconds
{Heap before GC invocations=319 (full 1):
 par new generation   total 109248K, used 88044K [0x00000000e0000000, 0x00000000e8000000, 0x00000000e8000000)
  eden space 87424K, 100% used [0x00000000e0000000, 0x00000000e5560000, 0x00000000e5560000)
  from space 21824K,   2% used [0x00000000e6ab0000, 0x00000000e6b4b180, 0x00000000e8000000)
  to   space 21824K,   0% used [0x00000000e5560000, 0x00000000e5560000, 0x00000000e6ab0000)
 concurrent mark-sweep generation total 393216K, used 52388K [0x00000000e8000000, 0x0000000100000000, 0x0000000100000000)
 Metaspace       used 37837K, capacity 38536K, committed 38800K, reserved 1083392K
  class space    used 4258K, capacity 4478K, committed 4528K, reserved 1048576K
2017-05-22T14:43:21.375+0000: 18756.056: [GC (Allocation Failure) 2017-05-22T14:43:21.375+0000: 18756.056: [ParNew
Desired survivor size 20112992 bytes, new threshold 8 (max 8)
- age   1:     424208 bytes,     424208 total
- age   2:      21192 bytes,     445400 total
- age   3:       2856 bytes,     448256 total
- age   4:       3056 bytes,     451312 total
- age   5:       2832 bytes,     454144 total
- age   6:      19888 bytes,     474032 total
- age   7:       3208 bytes,     477240 total
- age   8:       2688 bytes,     479928 total
: 88044K->535K(109248K), 0.0066947 secs] 140432K->52926K(502464K), 0.0067794 secs] [Times: user=0.02 sys=0.00, real=0.01 secs] 
Heap after GC invocations=320 (full 1):
 par new generation   total 109248K, used 535K [0x00000000e0000000, 0x00000000e8000000, 0x00000000e8000000)
  eden space 87424K,   0% used [0x00000000e0000000, 0x00000000e0000000, 0x00000000e5560000)
  from space 21824K,   2% used [0x00000000e5560000, 0x00000000e55e5d10, 0x00000000e6ab0000)
  to   space 21824K,   0% used [0x00000000e6ab0000, 0x00000000e6ab0000, 0x00000000e8000000)
 concurrent mark-sweep generation total 393216K, used 52391K [0x00000000e8000000, 0x0000000100000000, 0x0000000100000000)
 Metaspace       used 37837K, capacity 38536K, committed 38800K, reserved 1083392K
  class space    used 4258K, capacity 4478K, committed 4528K, reserved 1048576K
}
2017-05-22T14:43:21.381+0000: 18756.063: Total time for which application threads were stopped: 0.0069859 seconds, Stopping threads took: 0.0000268 seconds
{Heap before GC invocations=320 (full 1):
 par new generation   total 109248K, used 87959K [0x00000000e0000000, 0x00000000e8000000, 0x00000000e8000000)
  eden space 87424K, 100% used [0x00000000e0000000, 0x00000000e5560000, 0x00000000e5560000)
  from space 21824K,   2% used [0x00000000e5560000, 0x00000000e55e5d10, 0x00000000e6ab0000)
  to   space 21824K,   0% used [0x00000000e6ab0000, 0x00000000e6ab0000, 0x00000000e8000000)
 concurrent mark-sweep generation total 393216K, used 52391K [0x00000000e8000000, 0x0000000100000000, 0x0000000100000000)
 Metaspace       used 37837K, capacity 38536K, committed 38800K, reserved 1083392K
  class space    used 4258K, capacity 4478K, committed 4528K, reserved 1048576K
2017-05-22T14:43:21.557+0000: 18756.239: [GC (Allocation Failure) 2017-05-22T14:43:21.557+0000: 18756.239: [ParNew
Desired survivor size 20112992 bytes, new threshold 8 (max 8)
- age   1:     401072 bytes,     401072 total
- age   2:       2928 bytes,     404000 total
- age   3:      21152 bytes,     425152 total
- age   4:       2856 bytes,     428008 total
- age   5:       3056 bytes,     431064 total
- age   6:       2832 bytes,     433896 total
- age   7:      19888 bytes,     453784 total
- age   8:       3208 bytes,     456992 total
: 87959K->780K(109248K), 0.0064091 secs] 140350K->53174K(502464K), 0.0065136 secs] [Times: user=0.02 sys=0.00, real=0.00 secs] 
Heap after GC invocations=321 (full 1):
 par new generation   total 109248K, used 780K [0x00000000e0000000, 0x00000000e8000000, 0x00000000e8000000)
  eden space 87424K,   0% used [0x00000000e0000000, 0x00000000e0000000, 0x00000000e5560000)
  from space 21824K,   3% used [0x00000000e6ab0000, 0x00000000e6b73380, 0x00000000e8000000)
  to   space 21824K,   0% used [0x00000000e5560000, 0x00000000e5560000, 0x00000000e6ab0000)
 concurrent mark-sweep generation total 393216K, used 52393K [0x00000000e8000000, 0x0000000100000000, 0x0000000100000000)
 Metaspace       used 37837K, capacity 38536K, committed 38800K, reserved 1083392K
  class space    used 4258K, capacity 4478K, committed 4528K, reserved 1048576K
}
2017-05-22T14:43:21.564+0000: 18756.245: Total time for which application threads were stopped: 0.0067197 seconds, Stopping threads took: 0.0000217 seconds
{Heap before GC invocations=321 (full 1):
 par new generation   total 109248K, used 88204K [0x00000000e0000000, 0x00000000e8000000, 0x00000000e8000000)
  eden space 87424K, 100% used [0x00000000e0000000, 0x00000000e5560000, 0x00000000e5560000)
  from space 21824K,   3% used [0x00000000e6ab0000, 0x00000000e6b73380, 0x00000000e8000000)
  to   space 21824K,   0% used [0x00000000e5560000, 0x00000000e5560000, 0x00000000e6ab0000)
 concurrent mark-sweep generation total 393216K, used 52393K [0x00000000e8000000, 0x0000000100000000, 0x0000000100000000)
 Metaspace       used 37837K, capacity 38536K, committed 38800K, reserved 1083392K
  class space    used 4258K, capacity 4478K, committed 4528K, reserved 1048576K
2017-05-22T14:43:21.746+0000: 18756.427: [GC (Allocation Failure) 2017-05-22T14:43:21.746+0000: 18756.427: [ParNew
Desired survivor size 20112992 bytes, new threshold 8 (max 8)
- age   1:     237640 bytes,     237640 total
- age   2:       4760 bytes,     242400 total
- age   3:       2664 bytes,     245064 total
- age   4:      20928 bytes,     265992 total
- age   5:       2856 bytes,     268848 total
- age   6:       3056 bytes,     271904 total
- age   7:       2832 bytes,     274736 total
- age   8:      19888 bytes,     294624 total
: 88204K->418K(109248K), 0.0066387 secs] 140598K->52815K(502464K), 0.0067550 secs] [Times: user=0.02 sys=0.00, real=0.01 secs] 
Heap after GC invocations=322 (full 1):
 par new generation   total 109248K, used 418K [0x00000000e0000000, 0x00000000e8000000, 0x00000000e8000000)
  eden space 87424K,   0% used [0x00000000e0000000, 0x00000000e0000000, 0x00000000e5560000)
  from space 21824K,   1% used [0x00000000e5560000, 0x00000000e55c8980, 0x00000000e6ab0000)
  to   space 21824K,   0% used [0x00000000e6ab0000, 0x00000000e6ab0000, 0x00000000e8000000)
 concurrent mark-sweep generation total 393216K, used 52396K [0x00000000e8000000, 0x0000000100000000, 0x0000000100000000)
 Metaspace       used 37837K, capacity 38536K, committed 38800K, reserved 1083392K
  class space    used 4258K, capacity 4478K, committed 4528K, reserved 1048576K
}
2017-05-22T14:43:21.753+0000: 18756.434: Total time for which application threads were stopped: 0.0154164 seconds, Stopping threads took: 0.0083657 seconds
{Heap before GC invocations=322 (full 1):
 par new generation   total 109248K, used 87842K [0x00000000e0000000, 0x00000000e8000000, 0x00000000e8000000)
  eden space 87424K, 100% used [0x00000000e0000000, 0x00000000e5560000, 0x00000000e5560000)
  from space 21824K,   1% used [0x00000000e5560000, 0x00000000e55c8980, 0x00000000e6ab0000)
  to   space 21824K,   0% used [0x00000000e6ab0000, 0x00000000e6ab0000, 0x00000000e8000000)
 concurrent mark-sweep generation total 393216K, used 52396K [0x00000000e8000000, 0x0000000100000000, 0x0000000100000000)
 Metaspace       used 37837K, capacity 38536K, committed 38800K, reserved 1083392K
  class space    used 4258K, capacity 4478K, committed 4528K, reserved 1048576K
2017-05-22T14:43:21.926+0000: 18756.608: [GC (Allocation Failure) 2017-05-22T14:43:21.926+0000: 18756.608: [ParNew
Desired survivor size 20112992 bytes, new threshold 8 (max 8)
- age   1:     164248 bytes,     164248 total
- age   2:       3952 bytes,     168200 total
- age   3:       4720 bytes,     172920 total
- age   4:       2664 bytes,     175584 total
- age   5:      20928 bytes,     196512 total
- age   6:       2856 bytes,     199368 total
- age   7:       3056 bytes,     202424 total
- age   8:       2832 bytes,     205256 total
: 87842K->285K(109248K), 0.0062079 secs] 140239K->52701K(502464K), 0.0063016 secs] [Times: user=0.02 sys=0.00, real=0.01 secs] 
Heap after GC invocations=323 (full 1):
 par new generation   total 109248K, used 285K [0x00000000e0000000, 0x00000000e8000000, 0x00000000e8000000)
  eden space 87424K,   0% used [0x00000000e0000000, 0x00000000e0000000, 0x00000000e5560000)
  from space 21824K,   1% used [0x00000000e6ab0000, 0x00000000e6af7698, 0x00000000e8000000)
  to   space 21824K,   0% used [0x00000000e5560000, 0x00000000e5560000, 0x00000000e6ab0000)
 concurrent mark-sweep generation total 393216K, used 52416K [0x00000000e8000000, 0x0000000100000000, 0x0000000100000000)
 Metaspace       used 37837K, capacity 38536K, committed 38800K, reserved 1083392K
  class space    used 4258K, capacity 4478K, committed 4528K, reserved 1048576K
}
2017-05-22T14:43:21.933+0000: 18756.614: Total time for which application threads were stopped: 0.0065084 seconds, Stopping threads took: 0.0000234 seconds
{Heap before GC invocations=323 (full 1):
 par new generation   total 109248K, used 87709K [0x00000000e0000000, 0x00000000e8000000, 0x00000000e8000000)
  eden space 87424K, 100% used [0x00000000e0000000, 0x00000000e5560000, 0x00000000e5560000)
  from space 21824K,   1% used [0x00000000e6ab0000, 0x00000000e6af7698, 0x00000000e8000000)
  to   space 21824K,   0% used [0x00000000e5560000, 0x00000000e5560000, 0x00000000e6ab0000)
 concurrent mark-sweep generation total 393216K, used 52416K [0x00000000e8000000, 0x0000000100000000, 0x0000000100000000)
 Metaspace       used 37838K, capacity 38536K, committed 38800K, reserved 1083392K
  class space    used 4258K, capacity 4478K, committed 4528K, reserved 1048576K
2017-05-22T14:43:57.831+0000: 18792.513: [GC (Allocation Failure) 2017-05-22T14:43:57.831+0000: 18792.513: [ParNew
Desired survivor size 20112992 bytes, new threshold 8 (max 8)
- age   1:     427744 bytes,     427744 total
- age   2:       2824 bytes,     430568 total
- age   3:       3464 bytes,     434032 total
- age   4:       4720 bytes,     438752 total
- age   5:       2664 bytes,     441416 total
- age   6:      19664 bytes,     461080 total
- age   7:       2856 bytes,     463936 total
- age   8:       3056 bytes,     466992 total
: 87709K->527K(109248K), 0.0178399 secs] 140125K->52946K(502464K), 0.0180897 secs] [Times: user=0.05 sys=0.00, real=0.02 secs] 
Heap after GC invocations=324 (full 1):
 par new generation   total 109248K, used 527K [0x00000000e0000000, 0x00000000e8000000, 0x00000000e8000000)
  eden space 87424K,   0% used [0x00000000e0000000, 0x00000000e0000000, 0x00000000e5560000)
  from space 21824K,   2% used [0x00000000e5560000, 0x00000000e55e3eb8, 0x00000000e6ab0000)
  to   space 21824K,   0% used [0x00000000e6ab0000, 0x00000000e6ab0000, 0x00000000e8000000)
 concurrent mark-sweep generation total 393216K, used 52419K [0x00000000e8000000, 0x0000000100000000, 0x0000000100000000)
 Metaspace       used 37838K, capacity 38536K, committed 38800K, reserved 1083392K
  class space    used 4258K, capacity 4478K, committed 4528K, reserved 1048576K
}
2017-05-22T14:43:57.850+0000: 18792.531: Total time for which application threads were stopped: 0.0185442 seconds, Stopping threads took: 0.0000494 seconds
{Heap before GC invocations=324 (full 1):
 par new generation   total 109248K, used 87951K [0x00000000e0000000, 0x00000000e8000000, 0x00000000e8000000)
  eden space 87424K, 100% used [0x00000000e0000000, 0x00000000e5560000, 0x00000000e5560000)
  from space 21824K,   2% used [0x00000000e5560000, 0x00000000e55e3eb8, 0x00000000e6ab0000)
  to   space 21824K,   0% used [0x00000000e6ab0000, 0x00000000e6ab0000, 0x00000000e8000000)
 concurrent mark-sweep generation total 393216K, used 52419K [0x00000000e8000000, 0x0000000100000000, 0x0000000100000000)
 Metaspace       used 37838K, capacity 38536K, committed 38800K, reserved 1083392K
  class space    used 4258K, capacity 4478K, committed 4528K, reserved 1048576K
2017-05-22T14:43:58.028+0000: 18792.709: [GC (Allocation Failure) 2017-05-22T14:43:58.028+0000: 18792.709: [ParNew
Desired survivor size 20112992 bytes, new threshold 8 (max 8)
- age   1:     411832 bytes,     411832 total
- age   2:      21024 bytes,     432856 total
- age   3:       2784 bytes,     435640 total
- age   4:       3464 bytes,     439104 total
- age   5:       4720 bytes,     443824 total
- age   6:       2664 bytes,     446488 total
- age   7:      19664 bytes,     466152 total
- age   8:       2856 bytes,     469008 total
: 87951K->624K(109248K), 0.0075804 secs] 140370K->53046K(502464K), 0.0077603 secs] [Times: user=0.02 sys=0.00, real=0.01 secs] 
Heap after GC invocations=325 (full 1):
 par new generation   total 109248K, used 624K [0x00000000e0000000, 0x00000000e8000000, 0x00000000e8000000)
  eden space 87424K,   0% used [0x00000000e0000000, 0x00000000e0000000, 0x00000000e5560000)
  from space 21824K,   2% used [0x00000000e6ab0000, 0x00000000e6b4c0d0, 0x00000000e8000000)
  to   space 21824K,   0% used [0x00000000e5560000, 0x00000000e5560000, 0x00000000e6ab0000)
 concurrent mark-sweep generation total 393216K, used 52422K [0x00000000e8000000, 0x0000000100000000, 0x0000000100000000)
 Metaspace       used 37838K, capacity 38536K, committed 38800K, reserved 1083392K
  class space    used 4258K, capacity 4478K, committed 4528K, reserved 1048576K
}
2017-05-22T14:43:58.035+0000: 18792.717: Total time for which application threads were stopped: 0.0081118 seconds, Stopping threads took: 0.0000463 seconds
{Heap before GC invocations=325 (full 1):
 par new generation   total 109248K, used 88048K [0x00000000e0000000, 0x00000000e8000000, 0x00000000e8000000)
  eden space 87424K, 100% used [0x00000000e0000000, 0x00000000e5560000, 0x00000000e5560000)
  from space 21824K,   2% used [0x00000000e6ab0000, 0x00000000e6b4c0d0, 0x00000000e8000000)
  to   space 21824K,   0% used [0x00000000e5560000, 0x00000000e5560000, 0x00000000e6ab0000)
 concurrent mark-sweep generation total 393216K, used 52422K [0x00000000e8000000, 0x0000000100000000, 0x0000000100000000)
 Metaspace       used 37838K, capacity 38536K, committed 38800K, reserved 1083392K
  class space    used 4258K, capacity 4478K, committed 4528K, reserved 1048576K
2017-05-22T14:43:58.212+0000: 18792.893: [GC (Allocation Failure) 2017-05-22T14:43:58.212+0000: 18792.893: [ParNew
Desired survivor size 20112992 bytes, new threshold 8 (max 8)
- age   1:     403424 bytes,     403424 total
- age   2:       3376 bytes,     406800 total
- age   3:      20536 bytes,     427336 total
- age   4:       2784 bytes,     430120 total
- age   5:       3464 bytes,     433584 total
- age   6:       4720 bytes,     438304 total
- age   7:       2664 bytes,     440968 total
- age   8:      19664 bytes,     460632 total
: 88048K->595K(109248K), 0.0075587 secs] 140470K->53019K(502464K), 0.0076592 secs] [Times: user=0.03 sys=0.00, real=0.01 secs] 
Heap after GC invocations=326 (full 1):
 par new generation   total 109248K, used 595K [0x00000000e0000000, 0x00000000e8000000, 0x00000000e8000000)
  eden space 87424K,   0% used [0x00000000e0000000, 0x00000000e0000000, 0x00000000e5560000)
  from space 21824K,   2% used [0x00000000e5560000, 0x00000000e55f4c08, 0x00000000e6ab0000)
  to   space 21824K,   0% used [0x00000000e6ab0000, 0x00000000e6ab0000, 0x00000000e8000000)
 concurrent mark-sweep generation total 393216K, used 52424K [0x00000000e8000000, 0x0000000100000000, 0x0000000100000000)
 Metaspace       used 37838K, capacity 38536K, committed 38800K, reserved 1083392K
  class space    used 4258K, capacity 4478K, committed 4528K, reserved 1048576K
}
2017-05-22T14:43:58.219+0000: 18792.901: Total time for which application threads were stopped: 0.0078906 seconds, Stopping threads took: 0.0000273 seconds
{Heap before GC invocations=326 (full 1):
 par new generation   total 109248K, used 88019K [0x00000000e0000000, 0x00000000e8000000, 0x00000000e8000000)
  eden space 87424K, 100% used [0x00000000e0000000, 0x00000000e5560000, 0x00000000e5560000)
  from space 21824K,   2% used [0x00000000e5560000, 0x00000000e55f4c08, 0x00000000e6ab0000)
  to   space 21824K,   0% used [0x00000000e6ab0000, 0x00000000e6ab0000, 0x00000000e8000000)
 concurrent mark-sweep generation total 393216K, used 52424K [0x00000000e8000000, 0x0000000100000000, 0x0000000100000000)
 Metaspace       used 37838K, capacity 38536K, committed 38800K, reserved 1083392K
  class space    used 4258K, capacity 4478K, committed 4528K, reserved 1048576K
2017-05-22T14:43:58.392+0000: 18793.074: [GC (Allocation Failure) 2017-05-22T14:43:58.392+0000: 18793.074: [ParNew
Desired survivor size 20112992 bytes, new threshold 8 (max 8)
- age   1:     355088 bytes,     355088 total
- age   2:       3024 bytes,     358112 total
- age   3:       3112 bytes,     361224 total
- age   4:      20312 bytes,     381536 total
- age   5:       2784 bytes,     384320 total
- age   6:       3464 bytes,     387784 total
- age   7:       4720 bytes,     392504 total
- age   8:       2664 bytes,     395168 total
: 88019K->577K(109248K), 0.0085982 secs] 140443K->53021K(502464K), 0.0086852 secs] [Times: user=0.02 sys=0.00, real=0.01 secs] 
Heap after GC invocations=327 (full 1):
 par new generation   total 109248K, used 577K [0x00000000e0000000, 0x00000000e8000000, 0x00000000e8000000)
  eden space 87424K,   0% used [0x00000000e0000000, 0x00000000e0000000, 0x00000000e5560000)
  from space 21824K,   2% used [0x00000000e6ab0000, 0x00000000e6b405b0, 0x00000000e8000000)
  to   space 21824K,   0% used [0x00000000e5560000, 0x00000000e5560000, 0x00000000e6ab0000)
 concurrent mark-sweep generation total 393216K, used 52443K [0x00000000e8000000, 0x0000000100000000, 0x0000000100000000)
 Metaspace       used 37838K, capacity 38536K, committed 38800K, reserved 1083392K
  class space    used 4258K, capacity 4478K, committed 4528K, reserved 1048576K
}
2017-05-22T14:43:58.401+0000: 18793.083: Total time for which application threads were stopped: 0.0088808 seconds, Stopping threads took: 0.0000244 seconds
2017-05-22T14:43:59.401+0000: 18794.083: Total time for which application threads were stopped: 0.0001603 seconds, Stopping threads took: 0.0000334 seconds
{Heap before GC invocations=327 (full 1):
 par new generation   total 109248K, used 88001K [0x00000000e0000000, 0x00000000e8000000, 0x00000000e8000000)
  eden space 87424K,  99% used [0x00000000e0000000, 0x00000000e555fff8, 0x00000000e5560000)
  from space 21824K,   2% used [0x00000000e6ab0000, 0x00000000e6b405b0, 0x00000000e8000000)
  to   space 21824K,   0% used [0x00000000e5560000, 0x00000000e5560000, 0x00000000e6ab0000)
 concurrent mark-sweep generation total 393216K, used 52443K [0x00000000e8000000, 0x0000000100000000, 0x0000000100000000)
 Metaspace       used 37838K, capacity 38536K, committed 38800K, reserved 1083392K
  class space    used 4258K, capacity 4478K, committed 4528K, reserved 1048576K
2017-05-22T14:44:12.033+0000: 18806.715: [GC (Allocation Failure) 2017-05-22T14:44:12.034+0000: 18806.715: [ParNew
Desired survivor size 20112992 bytes, new threshold 8 (max 8)
- age   1:     156352 bytes,     156352 total
- age   2:       3312 bytes,     159664 total
- age   3:       2760 bytes,     162424 total
- age   4:       2664 bytes,     165088 total
- age   5:      19864 bytes,     184952 total
- age   6:       2784 bytes,     187736 total
- age   7:       3464 bytes,     191200 total
- age   8:       4720 bytes,     195920 total
: 88001K->261K(109248K), 0.0172378 secs] 140445K->52707K(502464K), 0.0174569 secs] [Times: user=0.05 sys=0.00, real=0.02 secs] 
Heap after GC invocations=328 (full 1):
 par new generation   total 109248K, used 261K [0x00000000e0000000, 0x00000000e8000000, 0x00000000e8000000)
  eden space 87424K,   0% used [0x00000000e0000000, 0x00000000e0000000, 0x00000000e5560000)
  from space 21824K,   1% used [0x00000000e5560000, 0x00000000e55a14a8, 0x00000000e6ab0000)
  to   space 21824K,   0% used [0x00000000e6ab0000, 0x00000000e6ab0000, 0x00000000e8000000)
 concurrent mark-sweep generation total 393216K, used 52446K [0x00000000e8000000, 0x0000000100000000, 0x0000000100000000)
 Metaspace       used 37838K, capacity 38536K, committed 38800K, reserved 1083392K
  class space    used 4258K, capacity 4478K, committed 4528K, reserved 1048576K
}
2017-05-22T14:44:12.051+0000: 18806.733: Total time for which application threads were stopped: 0.0179049 seconds, Stopping threads took: 0.0000400 seconds
{Heap before GC invocations=328 (full 1):
 par new generation   total 109248K, used 87685K [0x00000000e0000000, 0x00000000e8000000, 0x00000000e8000000)
  eden space 87424K, 100% used [0x00000000e0000000, 0x00000000e5560000, 0x00000000e5560000)
  from space 21824K,   1% used [0x00000000e5560000, 0x00000000e55a14a8, 0x00000000e6ab0000)
  to   space 21824K,   0% used [0x00000000e6ab0000, 0x00000000e6ab0000, 0x00000000e8000000)
 concurrent mark-sweep generation total 393216K, used 52446K [0x00000000e8000000, 0x0000000100000000, 0x0000000100000000)
 Metaspace       used 37838K, capacity 38536K, committed 38800K, reserved 1083392K
  class space    used 4258K, capacity 4478K, committed 4528K, reserved 1048576K
2017-05-22T14:44:12.239+0000: 18806.920: [GC (Allocation Failure) 2017-05-22T14:44:12.239+0000: 18806.920: [ParNew
Desired survivor size 20112992 bytes, new threshold 8 (max 8)
- age   1:     391352 bytes,     391352 total
- age   2:      22112 bytes,     413464 total
- age   3:       3272 bytes,     416736 total
- age   4:       2760 bytes,     419496 total
- age   5:       2664 bytes,     422160 total
- age   6:      19864 bytes,     442024 total
- age   7:       2784 bytes,     444808 total
- age   8:       3464 bytes,     448272 total
: 87685K->459K(109248K), 0.0059542 secs] 140131K->52910K(502464K), 0.0060349 secs] [Times: user=0.02 sys=0.00, real=0.00 secs] 
Heap after GC invocations=329 (full 1):
 par new generation   total 109248K, used 459K [0x00000000e0000000, 0x00000000e8000000, 0x00000000e8000000)
  eden space 87424K,   0% used [0x00000000e0000000, 0x00000000e0000000, 0x00000000e5560000)
  from space 21824K,   2% used [0x00000000e6ab0000, 0x00000000e6b22d40, 0x00000000e8000000)
  to   space 21824K,   0% used [0x00000000e5560000, 0x00000000e5560000, 0x00000000e6ab0000)
 concurrent mark-sweep generation total 393216K, used 52451K [0x00000000e8000000, 0x0000000100000000, 0x0000000100000000)
 Metaspace       used 37838K, capacity 38536K, committed 38800K, reserved 1083392K
  class space    used 4258K, capacity 4478K, committed 4528K, reserved 1048576K
}
2017-05-22T14:44:12.245+0000: 18806.926: Total time for which application threads were stopped: 0.0062298 seconds, Stopping threads took: 0.0000244 seconds
{Heap before GC invocations=329 (full 1):
 par new generation   total 109248K, used 87874K [0x00000000e0000000, 0x00000000e8000000, 0x00000000e8000000)
  eden space 87424K,  99% used [0x00000000e0000000, 0x00000000e555dc38, 0x00000000e5560000)
  from space 21824K,   2% used [0x00000000e6ab0000, 0x00000000e6b22d40, 0x00000000e8000000)
  to   space 21824K,   0% used [0x00000000e5560000, 0x00000000e5560000, 0x00000000e6ab0000)
 concurrent mark-sweep generation total 393216K, used 52451K [0x00000000e8000000, 0x0000000100000000, 0x0000000100000000)
 Metaspace       used 37838K, capacity 38536K, committed 38800K, reserved 1083392K
  class space    used 4258K, capacity 4478K, committed 4528K, reserved 1048576K
2017-05-22T14:44:12.413+0000: 18807.095: [GC (Allocation Failure) 2017-05-22T14:44:12.413+0000: 18807.095: [ParNew
Desired survivor size 20112992 bytes, new threshold 8 (max 8)
- age   1:     389752 bytes,     389752 total
- age   2:       3712 bytes,     393464 total
- age   3:      21176 bytes,     414640 total
- age   4:       3272 bytes,     417912 total
- age   5:       2760 bytes,     420672 total
- age   6:       2664 bytes,     423336 total
- age   7:      19864 bytes,     443200 total
- age   8:       2784 bytes,     445984 total
: 87874K->698K(109248K), 0.0069779 secs] 140325K->53153K(502464K), 0.0070892 secs] [Times: user=0.02 sys=0.00, real=0.01 secs] 
Heap after GC invocations=330 (full 1):
 par new generation   total 109248K, used 698K [0x00000000e0000000, 0x00000000e8000000, 0x00000000e8000000)
  eden space 87424K,   0% used [0x00000000e0000000, 0x00000000e0000000, 0x00000000e5560000)
  from space 21824K,   3% used [0x00000000e5560000, 0x00000000e560eac0, 0x00000000e6ab0000)
  to   space 21824K,   0% used [0x00000000e6ab0000, 0x00000000e6ab0000, 0x00000000e8000000)
 concurrent mark-sweep generation total 393216K, used 52454K [0x00000000e8000000, 0x0000000100000000, 0x0000000100000000)
 Metaspace       used 37838K, capacity 38536K, committed 38800K, reserved 1083392K
  class space    used 4258K, capacity 4478K, committed 4528K, reserved 1048576K
}
2017-05-22T14:44:12.420+0000: 18807.102: Total time for which application threads were stopped: 0.0073139 seconds, Stopping threads took: 0.0000229 seconds
{Heap before GC invocations=330 (full 1):
 par new generation   total 109248K, used 88122K [0x00000000e0000000, 0x00000000e8000000, 0x00000000e8000000)
  eden space 87424K, 100% used [0x00000000e0000000, 0x00000000e5560000, 0x00000000e5560000)
  from space 21824K,   3% used [0x00000000e5560000, 0x00000000e560eac0, 0x00000000e6ab0000)
  to   space 21824K,   0% used [0x00000000e6ab0000, 0x00000000e6ab0000, 0x00000000e8000000)
 concurrent mark-sweep generation total 393216K, used 52454K [0x00000000e8000000, 0x0000000100000000, 0x0000000100000000)
 Metaspace       used 37838K, capacity 38536K, committed 38800K, reserved 1083392K
  class space    used 4258K, capacity 4478K, committed 4528K, reserved 1048576K
2017-05-22T14:44:12.592+0000: 18807.274: [GC (Allocation Failure) 2017-05-22T14:44:12.592+0000: 18807.274: [ParNew
Desired survivor size 20112992 bytes, new threshold 8 (max 8)
- age   1:     286912 bytes,     286912 total
- age   2:       3392 bytes,     290304 total
- age   3:       3672 bytes,     293976 total
- age   4:      21176 bytes,     315152 total
- age   5:       3272 bytes,     318424 total
- age   6:       2760 bytes,     321184 total
- age   7:       2664 bytes,     323848 total
- age   8:      19864 bytes,     343712 total
: 88122K->446K(109248K), 0.0068800 secs] 140577K->52903K(502464K), 0.0070544 secs] [Times: user=0.02 sys=0.00, real=0.01 secs] 
Heap after GC invocations=331 (full 1):
 par new generation   total 109248K, used 446K [0x00000000e0000000, 0x00000000e8000000, 0x00000000e8000000)
  eden space 87424K,   0% used [0x00000000e0000000, 0x00000000e0000000, 0x00000000e5560000)
  from space 21824K,   2% used [0x00000000e6ab0000, 0x00000000e6b1faa0, 0x00000000e8000000)
  to   space 21824K,   0% used [0x00000000e5560000, 0x00000000e5560000, 0x00000000e6ab0000)
 concurrent mark-sweep generation total 393216K, used 52457K [0x00000000e8000000, 0x0000000100000000, 0x0000000100000000)
 Metaspace       used 37838K, capacity 38536K, committed 38800K, reserved 1083392K
  class space    used 4258K, capacity 4478K, committed 4528K, reserved 1048576K
}
2017-05-22T14:44:12.599+0000: 18807.281: Total time for which application threads were stopped: 0.0075959 seconds, Stopping threads took: 0.0001085 seconds
{Heap before GC invocations=331 (full 1):
 par new generation   total 109248K, used 87870K [0x00000000e0000000, 0x00000000e8000000, 0x00000000e8000000)
  eden space 87424K, 100% used [0x00000000e0000000, 0x00000000e5560000, 0x00000000e5560000)
  from space 21824K,   2% used [0x00000000e6ab0000, 0x00000000e6b1faa0, 0x00000000e8000000)
  to   space 21824K,   0% used [0x00000000e5560000, 0x00000000e5560000, 0x00000000e6ab0000)
 concurrent mark-sweep generation total 393216K, used 52457K [0x00000000e8000000, 0x0000000100000000, 0x0000000100000000)
 Metaspace       used 37838K, capacity 38536K, committed 38800K, reserved 1083392K
  class space    used 4258K, capacity 4478K, committed 4528K, reserved 1048576K
2017-05-22T14:44:12.764+0000: 18807.446: [GC (Allocation Failure) 2017-05-22T14:44:12.764+0000: 18807.446: [ParNew
Desired survivor size 20112992 bytes, new threshold 8 (max 8)
- age   1:     284184 bytes,     284184 total
- age   2:       2656 bytes,     286840 total
- age   3:       3352 bytes,     290192 total
- age   4:       3672 bytes,     293864 total
- age   5:      21176 bytes,     315040 total
- age   6:       3272 bytes,     318312 total
- age   7:       2760 bytes,     321072 total
- age   8:       2664 bytes,     323736 total
: 87870K->389K(109248K), 0.0120542 secs] 140327K->52865K(502464K), 0.0122148 secs] [Times: user=0.03 sys=0.00, real=0.02 secs] 
Heap after GC invocations=332 (full 1):
 par new generation   total 109248K, used 389K [0x00000000e0000000, 0x00000000e8000000, 0x00000000e8000000)
  eden space 87424K,   0% used [0x00000000e0000000, 0x00000000e0000000, 0x00000000e5560000)
  from space 21824K,   1% used [0x00000000e5560000, 0x00000000e55c14b8, 0x00000000e6ab0000)
  to   space 21824K,   0% used [0x00000000e6ab0000, 0x00000000e6ab0000, 0x00000000e8000000)
 concurrent mark-sweep generation total 393216K, used 52476K [0x00000000e8000000, 0x0000000100000000, 0x0000000100000000)
 Metaspace       used 37838K, capacity 38536K, committed 38800K, reserved 1083392K
  class space    used 4258K, capacity 4478K, committed 4528K, reserved 1048576K
}
2017-05-22T14:44:12.776+0000: 18807.458: Total time for which application threads were stopped: 0.0125234 seconds, Stopping threads took: 0.0000224 seconds
2017-05-22T14:44:13.777+0000: 18808.458: Total time for which application threads were stopped: 0.0001417 seconds, Stopping threads took: 0.0000260 seconds
{Heap before GC invocations=332 (full 1):
 par new generation   total 109248K, used 87813K [0x00000000e0000000, 0x00000000e8000000, 0x00000000e8000000)
  eden space 87424K, 100% used [0x00000000e0000000, 0x00000000e5560000, 0x00000000e5560000)
  from space 21824K,   1% used [0x00000000e5560000, 0x00000000e55c14b8, 0x00000000e6ab0000)
  to   space 21824K,   0% used [0x00000000e6ab0000, 0x00000000e6ab0000, 0x00000000e8000000)
 concurrent mark-sweep generation total 393216K, used 52476K [0x00000000e8000000, 0x0000000100000000, 0x0000000100000000)
 Metaspace       used 37838K, capacity 38536K, committed 38800K, reserved 1083392K
  class space    used 4258K, capacity 4478K, committed 4528K, reserved 1048576K
2017-05-22T14:46:33.893+0000: 18948.575: [GC (Allocation Failure) 2017-05-22T14:46:33.894+0000: 18948.575: [ParNew
Desired survivor size 20112992 bytes, new threshold 8 (max 8)
- age   1:     183120 bytes,     183120 total
- age   2:       2800 bytes,     185920 total
- age   3:       2616 bytes,     188536 total
- age   4:       2904 bytes,     191440 total
- age   5:       3224 bytes,     194664 total
- age   6:      20504 bytes,     215168 total
- age   7:       3272 bytes,     218440 total
- age   8:       2760 bytes,     221200 total
: 87813K->350K(109248K), 0.0066595 secs] 140289K->52829K(502464K), 0.0069101 secs] [Times: user=0.02 sys=0.00, real=0.01 secs] 
Heap after GC invocations=333 (full 1):
 par new generation   total 109248K, used 350K [0x00000000e0000000, 0x00000000e8000000, 0x00000000e8000000)
  eden space 87424K,   0% used [0x00000000e0000000, 0x00000000e0000000, 0x00000000e5560000)
  from space 21824K,   1% used [0x00000000e6ab0000, 0x00000000e6b079e0, 0x00000000e8000000)
  to   space 21824K,   0% used [0x00000000e5560000, 0x00000000e5560000, 0x00000000e6ab0000)
 concurrent mark-sweep generation total 393216K, used 52479K [0x00000000e8000000, 0x0000000100000000, 0x0000000100000000)
 Metaspace       used 37838K, capacity 38536K, committed 38800K, reserved 1083392K
  class space    used 4258K, capacity 4478K, committed 4528K, reserved 1048576K
}
2017-05-22T14:46:33.900+0000: 18948.582: Total time for which application threads were stopped: 0.0073995 seconds, Stopping threads took: 0.0000538 seconds
{Heap before GC invocations=333 (full 1):
 par new generation   total 109248K, used 87774K [0x00000000e0000000, 0x00000000e8000000, 0x00000000e8000000)
  eden space 87424K, 100% used [0x00000000e0000000, 0x00000000e5560000, 0x00000000e5560000)
  from space 21824K,   1% used [0x00000000e6ab0000, 0x00000000e6b079e0, 0x00000000e8000000)
  to   space 21824K,   0% used [0x00000000e5560000, 0x00000000e5560000, 0x00000000e6ab0000)
 concurrent mark-sweep generation total 393216K, used 52479K [0x00000000e8000000, 0x0000000100000000, 0x0000000100000000)
 Metaspace       used 37838K, capacity 38536K, committed 38800K, reserved 1083392K
  class space    used 4258K, capacity 4478K, committed 4528K, reserved 1048576K
2017-05-22T14:46:34.077+0000: 18948.758: [GC (Allocation Failure) 2017-05-22T14:46:34.077+0000: 18948.758: [ParNew
Desired survivor size 20112992 bytes, new threshold 8 (max 8)
- age   1:      58304 bytes,      58304 total
- age   2:      25528 bytes,      83832 total
- age   3:       2760 bytes,      86592 total
- age   4:       2616 bytes,      89208 total
- age   5:       2904 bytes,      92112 total
- age   6:       3224 bytes,      95336 total
- age   7:      20504 bytes,     115840 total
- age   8:       3272 bytes,     119112 total
: 87774K->186K(109248K), 0.0094347 secs] 140253K->52668K(502464K), 0.0095342 secs] [Times: user=0.02 sys=0.01, real=0.00 secs] 
Heap after GC invocations=334 (full 1):
 par new generation   total 109248K, used 186K [0x00000000e0000000, 0x00000000e8000000, 0x00000000e8000000)
  eden space 87424K,   0% used [0x00000000e0000000, 0x00000000e0000000, 0x00000000e5560000)
  from space 21824K,   0% used [0x00000000e5560000, 0x00000000e558e860, 0x00000000e6ab0000)
  to   space 21824K,   0% used [0x00000000e6ab0000, 0x00000000e6ab0000, 0x00000000e8000000)
 concurrent mark-sweep generation total 393216K, used 52482K [0x00000000e8000000, 0x0000000100000000, 0x0000000100000000)
 Metaspace       used 37838K, capacity 38536K, committed 38800K, reserved 1083392K
  class space    used 4258K, capacity 4478K, committed 4528K, reserved 1048576K
}
2017-05-22T14:46:34.086+0000: 18948.768: Total time for which application threads were stopped: 0.0097787 seconds, Stopping threads took: 0.0000547 seconds
{Heap before GC invocations=334 (full 1):
 par new generation   total 109248K, used 87610K [0x00000000e0000000, 0x00000000e8000000, 0x00000000e8000000)
  eden space 87424K, 100% used [0x00000000e0000000, 0x00000000e5560000, 0x00000000e5560000)
  from space 21824K,   0% used [0x00000000e5560000, 0x00000000e558e860, 0x00000000e6ab0000)
  to   space 21824K,   0% used [0x00000000e6ab0000, 0x00000000e6ab0000, 0x00000000e8000000)
 concurrent mark-sweep generation total 393216K, used 52482K [0x00000000e8000000, 0x0000000100000000, 0x0000000100000000)
 Metaspace       used 37838K, capacity 38536K, committed 38800K, reserved 1083392K
  class space    used 4258K, capacity 4478K, committed 4528K, reserved 1048576K
2017-05-22T14:46:34.289+0000: 18948.970: [GC (Allocation Failure) 2017-05-22T14:46:34.289+0000: 18948.970: [ParNew
Desired survivor size 20112992 bytes, new threshold 8 (max 8)
- age   1:     286360 bytes,     286360 total
- age   2:       3648 bytes,     290008 total
- age   3:      25040 bytes,     315048 total
- age   4:       2760 bytes,     317808 total
- age   5:       2616 bytes,     320424 total
- age   6:       2904 bytes,     323328 total
- age   7:       3224 bytes,     326552 total
- age   8:      20504 bytes,     347056 total
: 87610K->367K(109248K), 0.0174431 secs] 140092K->52853K(502464K), 0.0175368 secs] [Times: user=0.03 sys=0.00, real=0.01 secs] 
Heap after GC invocations=335 (full 1):
 par new generation   total 109248K, used 367K [0x00000000e0000000, 0x00000000e8000000, 0x00000000e8000000)
  eden space 87424K,   0% used [0x00000000e0000000, 0x00000000e0000000, 0x00000000e5560000)
  from space 21824K,   1% used [0x00000000e6ab0000, 0x00000000e6b0bf40, 0x00000000e8000000)
  to   space 21824K,   0% used [0x00000000e5560000, 0x00000000e5560000, 0x00000000e6ab0000)
 concurrent mark-sweep generation total 393216K, used 52485K [0x00000000e8000000, 0x0000000100000000, 0x0000000100000000)
 Metaspace       used 37838K, capacity 38536K, committed 38800K, reserved 1083392K
  class space    used 4258K, capacity 4478K, committed 4528K, reserved 1048576K
}
2017-05-22T14:46:34.306+0000: 18948.988: Total time for which application threads were stopped: 0.0177448 seconds, Stopping threads took: 0.0000239 seconds
{Heap before GC invocations=335 (full 1):
 par new generation   total 109248K, used 87791K [0x00000000e0000000, 0x00000000e8000000, 0x00000000e8000000)
  eden space 87424K, 100% used [0x00000000e0000000, 0x00000000e5560000, 0x00000000e5560000)
  from space 21824K,   1% used [0x00000000e6ab0000, 0x00000000e6b0bf40, 0x00000000e8000000)
  to   space 21824K,   0% used [0x00000000e5560000, 0x00000000e5560000, 0x00000000e6ab0000)
 concurrent mark-sweep generation total 393216K, used 52485K [0x00000000e8000000, 0x0000000100000000, 0x0000000100000000)
 Metaspace       used 37838K, capacity 38536K, committed 38800K, reserved 1083392K
  class space    used 4258K, capacity 4478K, committed 4528K, reserved 1048576K
2017-05-22T14:46:34.515+0000: 18949.196: [GC (Allocation Failure) 2017-05-22T14:46:34.515+0000: 18949.196: [ParNew
Desired survivor size 20112992 bytes, new threshold 8 (max 8)
- age   1:     122840 bytes,     122840 total
- age   2:       3192 bytes,     126032 total
- age   3:       3648 bytes,     129680 total
- age   4:      24368 bytes,     154048 total
- age   5:       2760 bytes,     156808 total
- age   6:       2616 bytes,     159424 total
- age   7:       2904 bytes,     162328 total
- age   8:       3224 bytes,     165552 total
: 87791K->315K(109248K), 0.0064967 secs] 140277K->52820K(502464K), 0.0065775 secs] [Times: user=0.02 sys=0.00, real=0.01 secs] 
Heap after GC invocations=336 (full 1):
 par new generation   total 109248K, used 315K [0x00000000e0000000, 0x00000000e8000000, 0x00000000e8000000)
  eden space 87424K,   0% used [0x00000000e0000000, 0x00000000e0000000, 0x00000000e5560000)
  from space 21824K,   1% used [0x00000000e5560000, 0x00000000e55aee80, 0x00000000e6ab0000)
  to   space 21824K,   0% used [0x00000000e6ab0000, 0x00000000e6ab0000, 0x00000000e8000000)
 concurrent mark-sweep generation total 393216K, used 52505K [0x00000000e8000000, 0x0000000100000000, 0x0000000100000000)
 Metaspace       used 37838K, capacity 38536K, committed 38800K, reserved 1083392K
  class space    used 4258K, capacity 4478K, committed 4528K, reserved 1048576K
}
2017-05-22T14:46:34.521+0000: 18949.203: Total time for which application threads were stopped: 0.0239358 seconds, Stopping threads took: 0.0171623 seconds
{Heap before GC invocations=336 (full 1):
 par new generation   total 109248K, used 87739K [0x00000000e0000000, 0x00000000e8000000, 0x00000000e8000000)
  eden space 87424K, 100% used [0x00000000e0000000, 0x00000000e5560000, 0x00000000e5560000)
  from space 21824K,   1% used [0x00000000e5560000, 0x00000000e55aee80, 0x00000000e6ab0000)
  to   space 21824K,   0% used [0x00000000e6ab0000, 0x00000000e6ab0000, 0x00000000e8000000)
 concurrent mark-sweep generation total 393216K, used 52505K [0x00000000e8000000, 0x0000000100000000, 0x0000000100000000)
 Metaspace       used 37838K, capacity 38536K, committed 38800K, reserved 1083392K
  class space    used 4258K, capacity 4478K, committed 4528K, reserved 1048576K
2017-05-22T14:46:34.736+0000: 18949.417: [GC (Allocation Failure) 2017-05-22T14:46:34.736+0000: 18949.418: [ParNew
Desired survivor size 20112992 bytes, new threshold 8 (max 8)
- age   1:     125536 bytes,     125536 total
- age   2:       3936 bytes,     129472 total
- age   3:       2704 bytes,     132176 total
- age   4:       3200 bytes,     135376 total
- age   5:      24368 bytes,     159744 total
- age   6:       2760 bytes,     162504 total
- age   7:       2616 bytes,     165120 total
- age   8:       2904 bytes,     168024 total
: 87739K->227K(109248K), 0.0435092 secs] 140244K->52735K(502464K), 0.0437543 secs] [Times: user=0.14 sys=0.00, real=0.04 secs] 
Heap after GC invocations=337 (full 1):
 par new generation   total 109248K, used 227K [0x00000000e0000000, 0x00000000e8000000, 0x00000000e8000000)
  eden space 87424K,   0% used [0x00000000e0000000, 0x00000000e0000000, 0x00000000e5560000)
  from space 21824K,   1% used [0x00000000e6ab0000, 0x00000000e6ae8df8, 0x00000000e8000000)
  to   space 21824K,   0% used [0x00000000e5560000, 0x00000000e5560000, 0x00000000e6ab0000)
 concurrent mark-sweep generation total 393216K, used 52508K [0x00000000e8000000, 0x0000000100000000, 0x0000000100000000)
 Metaspace       used 37838K, capacity 38536K, committed 38800K, reserved 1083392K
  class space    used 4258K, capacity 4478K, committed 4528K, reserved 1048576K
}
2017-05-22T14:46:34.780+0000: 18949.461: Total time for which application threads were stopped: 0.0498095 seconds, Stopping threads took: 0.0057147 seconds
2017-05-22T14:46:35.780+0000: 18950.462: Total time for which application threads were stopped: 0.0001473 seconds, Stopping threads took: 0.0000350 seconds
{Heap before GC invocations=337 (full 1):
 par new generation   total 109248K, used 87651K [0x00000000e0000000, 0x00000000e8000000, 0x00000000e8000000)
  eden space 87424K, 100% used [0x00000000e0000000, 0x00000000e5560000, 0x00000000e5560000)
  from space 21824K,   1% used [0x00000000e6ab0000, 0x00000000e6ae8df8, 0x00000000e8000000)
  to   space 21824K,   0% used [0x00000000e5560000, 0x00000000e5560000, 0x00000000e6ab0000)
 concurrent mark-sweep generation total 393216K, used 52508K [0x00000000e8000000, 0x0000000100000000, 0x0000000100000000)
 Metaspace       used 37838K, capacity 38536K, committed 38800K, reserved 1083392K
  class space    used 4258K, capacity 4478K, committed 4528K, reserved 1048576K
2017-05-22T14:46:43.905+0000: 18958.587: [GC (Allocation Failure) 2017-05-22T14:46:43.905+0000: 18958.587: [ParNew
Desired survivor size 20112992 bytes, new threshold 8 (max 8)
- age   1:     317560 bytes,     317560 total
- age   2:       4192 bytes,     321752 total
- age   3:       3448 bytes,     325200 total
- age   4:       2704 bytes,     327904 total
- age   5:       3200 bytes,     331104 total
- age   6:      24368 bytes,     355472 total
- age   7:       2760 bytes,     358232 total
- age   8:       2616 bytes,     360848 total
: 87651K->391K(109248K), 0.0124090 secs] 140159K->52902K(502464K), 0.0125104 secs] [Times: user=0.01 sys=0.00, real=0.02 secs] 
Heap after GC invocations=338 (full 1):
 par new generation   total 109248K, used 391K [0x00000000e0000000, 0x00000000e8000000, 0x00000000e8000000)
  eden space 87424K,   0% used [0x00000000e0000000, 0x00000000e0000000, 0x00000000e5560000)
  from space 21824K,   1% used [0x00000000e5560000, 0x00000000e55c1e40, 0x00000000e6ab0000)
  to   space 21824K,   0% used [0x00000000e6ab0000, 0x00000000e6ab0000, 0x00000000e8000000)
 concurrent mark-sweep generation total 393216K, used 52511K [0x00000000e8000000, 0x0000000100000000, 0x0000000100000000)
 Metaspace       used 37838K, capacity 38536K, committed 38800K, reserved 1083392K
  class space    used 4258K, capacity 4478K, committed 4528K, reserved 1048576K
}
2017-05-22T14:46:43.917+0000: 18958.599: Total time for which application threads were stopped: 0.0127339 seconds, Stopping threads took: 0.0000237 seconds
{Heap before GC invocations=338 (full 1):
 par new generation   total 109248K, used 87815K [0x00000000e0000000, 0x00000000e8000000, 0x00000000e8000000)
  eden space 87424K, 100% used [0x00000000e0000000, 0x00000000e5560000, 0x00000000e5560000)
  from space 21824K,   1% used [0x00000000e5560000, 0x00000000e55c1e40, 0x00000000e6ab0000)
  to   space 21824K,   0% used [0x00000000e6ab0000, 0x00000000e6ab0000, 0x00000000e8000000)
 concurrent mark-sweep generation total 393216K, used 52511K [0x00000000e8000000, 0x0000000100000000, 0x0000000100000000)
 Metaspace       used 37838K, capacity 38536K, committed 38800K, reserved 1083392K
  class space    used 4258K, capacity 4478K, committed 4528K, reserved 1048576K
2017-05-22T14:46:44.117+0000: 18958.798: [GC (Allocation Failure) 2017-05-22T14:46:44.117+0000: 18958.799: [ParNew
Desired survivor size 20112992 bytes, new threshold 8 (max 8)
- age   1:     397568 bytes,     397568 total
- age   2:      18648 bytes,     416216 total
- age   3:       4152 bytes,     420368 total
- age   4:       3448 bytes,     423816 total
- age   5:       2704 bytes,     426520 total
- age   6:       3200 bytes,     429720 total
- age   7:      24368 bytes,     454088 total
- age   8:       2760 bytes,     456848 total
: 87815K->547K(109248K), 0.0103255 secs] 140326K->53060K(502464K), 0.0104302 secs] [Times: user=0.03 sys=0.00, real=0.01 secs] 
Heap after GC invocations=339 (full 1):
 par new generation   total 109248K, used 547K [0x00000000e0000000, 0x00000000e8000000, 0x00000000e8000000)
  eden space 87424K,   0% used [0x00000000e0000000, 0x00000000e0000000, 0x00000000e5560000)
  from space 21824K,   2% used [0x00000000e6ab0000, 0x00000000e6b38c90, 0x00000000e8000000)
  to   space 21824K,   0% used [0x00000000e5560000, 0x00000000e5560000, 0x00000000e6ab0000)
 concurrent mark-sweep generation total 393216K, used 52513K [0x00000000e8000000, 0x0000000100000000, 0x0000000100000000)
 Metaspace       used 37838K, capacity 38536K, committed 38800K, reserved 1083392K
  class space    used 4258K, capacity 4478K, committed 4528K, reserved 1048576K
}
2017-05-22T14:46:44.127+0000: 18958.809: Total time for which application threads were stopped: 0.0106785 seconds, Stopping threads took: 0.0000323 seconds
{Heap before GC invocations=339 (full 1):
 par new generation   total 109248K, used 87967K [0x00000000e0000000, 0x00000000e8000000, 0x00000000e8000000)
  eden space 87424K,  99% used [0x00000000e0000000, 0x00000000e555ef88, 0x00000000e5560000)
  from space 21824K,   2% used [0x00000000e6ab0000, 0x00000000e6b38c90, 0x00000000e8000000)
  to   space 21824K,   0% used [0x00000000e5560000, 0x00000000e5560000, 0x00000000e6ab0000)
 concurrent mark-sweep generation total 393216K, used 52513K [0x00000000e8000000, 0x0000000100000000, 0x0000000100000000)
 Metaspace       used 37838K, capacity 38536K, committed 38800K, reserved 1083392K
  class space    used 4258K, capacity 4478K, committed 4528K, reserved 1048576K
2017-05-22T14:46:44.306+0000: 18958.988: [GC (Allocation Failure) 2017-05-22T14:46:44.306+0000: 18958.988: [ParNew
Desired survivor size 20112992 bytes, new threshold 8 (max 8)
- age   1:     408232 bytes,     408232 total
- age   2:       3696 bytes,     411928 total
- age   3:      18160 bytes,     430088 total
- age   4:       4152 bytes,     434240 total
- age   5:       3448 bytes,     437688 total
- age   6:       2704 bytes,     440392 total
- age   7:       3200 bytes,     443592 total
- age   8:      24368 bytes,     467960 total
: 87967K->710K(109248K), 0.0074052 secs] 140480K->53227K(502464K), 0.0074846 secs] [Times: user=0.02 sys=0.00, real=0.01 secs] 
Heap after GC invocations=340 (full 1):
 par new generation   total 109248K, used 710K [0x00000000e0000000, 0x00000000e8000000, 0x00000000e8000000)
  eden space 87424K,   0% used [0x00000000e0000000, 0x00000000e0000000, 0x00000000e5560000)
  from space 21824K,   3% used [0x00000000e5560000, 0x00000000e5611ba0, 0x00000000e6ab0000)
  to   space 21824K,   0% used [0x00000000e6ab0000, 0x00000000e6ab0000, 0x00000000e8000000)
 concurrent mark-sweep generation total 393216K, used 52516K [0x00000000e8000000, 0x0000000100000000, 0x0000000100000000)
 Metaspace       used 37838K, capacity 38536K, committed 38800K, reserved 1083392K
  class space    used 4258K, capacity 4478K, committed 4528K, reserved 1048576K
}
2017-05-22T14:46:44.314+0000: 18958.995: Total time for which application threads were stopped: 0.0076764 seconds, Stopping threads took: 0.0000260 seconds
{Heap before GC invocations=340 (full 1):
 par new generation   total 109248K, used 88134K [0x00000000e0000000, 0x00000000e8000000, 0x00000000e8000000)
  eden space 87424K, 100% used [0x00000000e0000000, 0x00000000e5560000, 0x00000000e5560000)
  from space 21824K,   3% used [0x00000000e5560000, 0x00000000e5611ba0, 0x00000000e6ab0000)
  to   space 21824K,   0% used [0x00000000e6ab0000, 0x00000000e6ab0000, 0x00000000e8000000)
 concurrent mark-sweep generation total 393216K, used 52516K [0x00000000e8000000, 0x0000000100000000, 0x0000000100000000)
 Metaspace       used 37838K, capacity 38536K, committed 38800K, reserved 1083392K
  class space    used 4258K, capacity 4478K, committed 4528K, reserved 1048576K
2017-05-22T14:46:44.469+0000: 18959.150: [GC (Allocation Failure) 2017-05-22T14:46:44.469+0000: 18959.150: [ParNew
Desired survivor size 20112992 bytes, new threshold 8 (max 8)
- age   1:     408320 bytes,     408320 total
- age   2:       3768 bytes,     412088 total
- age   3:       3208 bytes,     415296 total
- age   4:      18160 bytes,     433456 total
- age   5:       4152 bytes,     437608 total
- age   6:       3448 bytes,     441056 total
- age   7:       2704 bytes,     443760 total
- age   8:       3200 bytes,     446960 total
: 88134K->573K(109248K), 0.0058182 secs] 140651K->53114K(502464K), 0.0059163 secs] [Times: user=0.02 sys=0.00, real=0.00 secs] 
Heap after GC invocations=341 (full 1):
 par new generation   total 109248K, used 573K [0x00000000e0000000, 0x00000000e8000000, 0x00000000e8000000)
  eden space 87424K,   0% used [0x00000000e0000000, 0x00000000e0000000, 0x00000000e5560000)
  from space 21824K,   2% used [0x00000000e6ab0000, 0x00000000e6b3f7e8, 0x00000000e8000000)
  to   space 21824K,   0% used [0x00000000e5560000, 0x00000000e5560000, 0x00000000e6ab0000)
 concurrent mark-sweep generation total 393216K, used 52540K [0x00000000e8000000, 0x0000000100000000, 0x0000000100000000)
 Metaspace       used 37838K, capacity 38536K, committed 38800K, reserved 1083392K
  class space    used 4258K, capacity 4478K, committed 4528K, reserved 1048576K
}
2017-05-22T14:46:44.475+0000: 18959.156: Total time for which application threads were stopped: 0.0061284 seconds, Stopping threads took: 0.0000355 seconds
2017-05-22T14:46:45.475+0000: 18960.157: Total time for which application threads were stopped: 0.0001706 seconds, Stopping threads took: 0.0000455 seconds
{Heap before GC invocations=341 (full 1):
 par new generation   total 109248K, used 87970K [0x00000000e0000000, 0x00000000e8000000, 0x00000000e8000000)
  eden space 87424K,  99% used [0x00000000e0000000, 0x00000000e5559180, 0x00000000e5560000)
  from space 21824K,   2% used [0x00000000e6ab0000, 0x00000000e6b3f7e8, 0x00000000e8000000)
  to   space 21824K,   0% used [0x00000000e5560000, 0x00000000e5560000, 0x00000000e6ab0000)
 concurrent mark-sweep generation total 393216K, used 52540K [0x00000000e8000000, 0x0000000100000000, 0x0000000100000000)
 Metaspace       used 37838K, capacity 38536K, committed 38800K, reserved 1083392K
  class space    used 4258K, capacity 4478K, committed 4528K, reserved 1048576K
2017-05-22T14:49:48.055+0000: 19142.736: [GC (Allocation Failure) 2017-05-22T14:49:48.055+0000: 19142.737: [ParNew
Desired survivor size 20112992 bytes, new threshold 8 (max 8)
- age   1:     406848 bytes,     406848 total
- age   2:       2968 bytes,     409816 total
- age   3:       3280 bytes,     413096 total
- age   4:       2984 bytes,     416080 total
- age   5:      17712 bytes,     433792 total
- age   6:       4152 bytes,     437944 total
- age   7:       3448 bytes,     441392 total
- age   8:       2704 bytes,     444096 total
: 87970K->546K(109248K), 0.0080132 secs] 140510K->53089K(502464K), 0.0082544 secs] [Times: user=0.02 sys=0.00, real=0.01 secs] 
Heap after GC invocations=342 (full 1):
 par new generation   total 109248K, used 546K [0x00000000e0000000, 0x00000000e8000000, 0x00000000e8000000)
  eden space 87424K,   0% used [0x00000000e0000000, 0x00000000e0000000, 0x00000000e5560000)
  from space 21824K,   2% used [0x00000000e5560000, 0x00000000e55e8820, 0x00000000e6ab0000)
  to   space 21824K,   0% used [0x00000000e6ab0000, 0x00000000e6ab0000, 0x00000000e8000000)
 concurrent mark-sweep generation total 393216K, used 52543K [0x00000000e8000000, 0x0000000100000000, 0x0000000100000000)
 Metaspace       used 37838K, capacity 38536K, committed 38800K, reserved 1083392K
  class space    used 4258K, capacity 4478K, committed 4528K, reserved 1048576K
}
2017-05-22T14:49:48.063+0000: 19142.745: Total time for which application threads were stopped: 0.0085760 seconds, Stopping threads took: 0.0000273 seconds
{Heap before GC invocations=342 (full 1):
 par new generation   total 109248K, used 87970K [0x00000000e0000000, 0x00000000e8000000, 0x00000000e8000000)
  eden space 87424K, 100% used [0x00000000e0000000, 0x00000000e5560000, 0x00000000e5560000)
  from space 21824K,   2% used [0x00000000e5560000, 0x00000000e55e8820, 0x00000000e6ab0000)
  to   space 21824K,   0% used [0x00000000e6ab0000, 0x00000000e6ab0000, 0x00000000e8000000)
 concurrent mark-sweep generation total 393216K, used 52543K [0x00000000e8000000, 0x0000000100000000, 0x0000000100000000)
 Metaspace       used 37838K, capacity 38536K, committed 38800K, reserved 1083392K
  class space    used 4258K, capacity 4478K, committed 4528K, reserved 1048576K
2017-05-22T14:49:48.235+0000: 19142.916: [GC (Allocation Failure) 2017-05-22T14:49:48.235+0000: 19142.916: [ParNew
Desired survivor size 20112992 bytes, new threshold 8 (max 8)
- age   1:     469840 bytes,     469840 total
- age   2:      20096 bytes,     489936 total
- age   3:       2928 bytes,     492864 total
- age   4:       3280 bytes,     496144 total
- age   5:       2984 bytes,     499128 total
- age   6:      17712 bytes,     516840 total
- age   7:       4152 bytes,     520992 total
- age   8:       3448 bytes,     524440 total
: 87970K->780K(109248K), 0.0069068 secs] 140513K->53326K(502464K), 0.0070032 secs] [Times: user=0.02 sys=0.00, real=0.01 secs] 
Heap after GC invocations=343 (full 1):
 par new generation   total 109248K, used 780K [0x00000000e0000000, 0x00000000e8000000, 0x00000000e8000000)
  eden space 87424K,   0% used [0x00000000e0000000, 0x00000000e0000000, 0x00000000e5560000)
  from space 21824K,   3% used [0x00000000e6ab0000, 0x00000000e6b73390, 0x00000000e8000000)
  to   space 21824K,   0% used [0x00000000e5560000, 0x00000000e5560000, 0x00000000e6ab0000)
 concurrent mark-sweep generation total 393216K, used 52546K [0x00000000e8000000, 0x0000000100000000, 0x0000000100000000)
 Metaspace       used 37838K, capacity 38536K, committed 38800K, reserved 1083392K
  class space    used 4258K, capacity 4478K, committed 4528K, reserved 1048576K
}
2017-05-22T14:49:48.242+0000: 19142.923: Total time for which application threads were stopped: 0.0072260 seconds, Stopping threads took: 0.0000265 seconds
{Heap before GC invocations=343 (full 1):
 par new generation   total 109248K, used 88204K [0x00000000e0000000, 0x00000000e8000000, 0x00000000e8000000)
  eden space 87424K, 100% used [0x00000000e0000000, 0x00000000e5560000, 0x00000000e5560000)
  from space 21824K,   3% used [0x00000000e6ab0000, 0x00000000e6b73390, 0x00000000e8000000)
  to   space 21824K,   0% used [0x00000000e5560000, 0x00000000e5560000, 0x00000000e6ab0000)
 concurrent mark-sweep generation total 393216K, used 52546K [0x00000000e8000000, 0x0000000100000000, 0x0000000100000000)
 Metaspace       used 37838K, capacity 38536K, committed 38800K, reserved 1083392K
  class space    used 4258K, capacity 4478K, committed 4528K, reserved 1048576K
2017-05-22T14:49:48.415+0000: 19143.097: [GC (Allocation Failure) 2017-05-22T14:49:48.415+0000: 19143.097: [ParNew
Desired survivor size 20112992 bytes, new threshold 8 (max 8)
- age   1:     426536 bytes,     426536 total
- age   2:       3672 bytes,     430208 total
- age   3:      19832 bytes,     450040 total
- age   4:       2928 bytes,     452968 total
- age   5:       3280 bytes,     456248 total
- age   6:       2760 bytes,     459008 total
- age   7:      17712 bytes,     476720 total
- age   8:       4152 bytes,     480872 total
: 88204K->572K(109248K), 0.0113255 secs] 140750K->53122K(502464K), 0.0114341 secs] [Times: user=0.02 sys=0.00, real=0.00 secs] 
Heap after GC invocations=344 (full 1):
 par new generation   total 109248K, used 572K [0x00000000e0000000, 0x00000000e8000000, 0x00000000e8000000)
  eden space 87424K,   0% used [0x00000000e0000000, 0x00000000e0000000, 0x00000000e5560000)
  from space 21824K,   2% used [0x00000000e5560000, 0x00000000e55ef250, 0x00000000e6ab0000)
  to   space 21824K,   0% used [0x00000000e6ab0000, 0x00000000e6ab0000, 0x00000000e8000000)
 concurrent mark-sweep generation total 393216K, used 52549K [0x00000000e8000000, 0x0000000100000000, 0x0000000100000000)
 Metaspace       used 37838K, capacity 38536K, committed 38800K, reserved 1083392K
  class space    used 4258K, capacity 4478K, committed 4528K, reserved 1048576K
}
2017-05-22T14:49:48.427+0000: 19143.108: Total time for which application threads were stopped: 0.0116581 seconds, Stopping threads took: 0.0000242 seconds
{Heap before GC invocations=344 (full 1):
 par new generation   total 109248K, used 87996K [0x00000000e0000000, 0x00000000e8000000, 0x00000000e8000000)
  eden space 87424K, 100% used [0x00000000e0000000, 0x00000000e5560000, 0x00000000e5560000)
  from space 21824K,   2% used [0x00000000e5560000, 0x00000000e55ef250, 0x00000000e6ab0000)
  to   space 21824K,   0% used [0x00000000e6ab0000, 0x00000000e6ab0000, 0x00000000e8000000)
 concurrent mark-sweep generation total 393216K, used 52549K [0x00000000e8000000, 0x0000000100000000, 0x0000000100000000)
 Metaspace       used 37839K, capacity 38536K, committed 38800K, reserved 1083392K
  class space    used 4258K, capacity 4478K, committed 4528K, reserved 1048576K
2017-05-22T14:49:48.627+0000: 19143.309: [GC (Allocation Failure) 2017-05-22T14:49:48.627+0000: 19143.309: [ParNew
Desired survivor size 20112992 bytes, new threshold 8 (max 8)
- age   1:     121400 bytes,     121400 total
- age   2:       3240 bytes,     124640 total
- age   3:       3408 bytes,     128048 total
- age   4:      19688 bytes,     147736 total
- age   5:       2928 bytes,     150664 total
- age   6:       3280 bytes,     153944 total
- age   7:       2760 bytes,     156704 total
- age   8:      17712 bytes,     174416 total
: 87996K->282K(109248K), 0.0060711 secs] 140546K->52836K(502464K), 0.0061532 secs] [Times: user=0.02 sys=0.00, real=0.01 secs] 
Heap after GC invocations=345 (full 1):
 par new generation   total 109248K, used 282K [0x00000000e0000000, 0x00000000e8000000, 0x00000000e8000000)
  eden space 87424K,   0% used [0x00000000e0000000, 0x00000000e0000000, 0x00000000e5560000)
  from space 21824K,   1% used [0x00000000e6ab0000, 0x00000000e6af6a58, 0x00000000e8000000)
  to   space 21824K,   0% used [0x00000000e5560000, 0x00000000e5560000, 0x00000000e6ab0000)
 concurrent mark-sweep generation total 393216K, used 52553K [0x00000000e8000000, 0x0000000100000000, 0x0000000100000000)
 Metaspace       used 37839K, capacity 38536K, committed 38800K, reserved 1083392K
  class space    used 4258K, capacity 4478K, committed 4528K, reserved 1048576K
}
2017-05-22T14:49:48.633+0000: 19143.315: Total time for which application threads were stopped: 0.0063616 seconds, Stopping threads took: 0.0000245 seconds
{Heap before GC invocations=345 (full 1):
 par new generation   total 109248K, used 87706K [0x00000000e0000000, 0x00000000e8000000, 0x00000000e8000000)
  eden space 87424K, 100% used [0x00000000e0000000, 0x00000000e5560000, 0x00000000e5560000)
  from space 21824K,   1% used [0x00000000e6ab0000, 0x00000000e6af6a58, 0x00000000e8000000)
  to   space 21824K,   0% used [0x00000000e5560000, 0x00000000e5560000, 0x00000000e6ab0000)
 concurrent mark-sweep generation total 393216K, used 52553K [0x00000000e8000000, 0x0000000100000000, 0x0000000100000000)
 Metaspace       used 37839K, capacity 38536K, committed 38800K, reserved 1083392K
  class space    used 4258K, capacity 4478K, committed 4528K, reserved 1048576K
2017-05-22T14:49:48.814+0000: 19143.496: [GC (Allocation Failure) 2017-05-22T14:49:48.814+0000: 19143.496: [ParNew
Desired survivor size 20112992 bytes, new threshold 8 (max 8)
- age   1:     107544 bytes,     107544 total
- age   2:       3656 bytes,     111200 total
- age   3:       3200 bytes,     114400 total
- age   4:       3408 bytes,     117808 total
- age   5:      19464 bytes,     137272 total
- age   6:       2928 bytes,     140200 total
- age   7:       3280 bytes,     143480 total
- age   8:       2760 bytes,     146240 total
: 87706K->190K(109248K), 0.0086502 secs] 140260K->52761K(502464K), 0.0087468 secs] [Times: user=0.02 sys=0.00, real=0.01 secs] 
Heap after GC invocations=346 (full 1):
 par new generation   total 109248K, used 190K [0x00000000e0000000, 0x00000000e8000000, 0x00000000e8000000)
  eden space 87424K,   0% used [0x00000000e0000000, 0x00000000e0000000, 0x00000000e5560000)
  from space 21824K,   0% used [0x00000000e5560000, 0x00000000e558fbd0, 0x00000000e6ab0000)
  to   space 21824K,   0% used [0x00000000e6ab0000, 0x00000000e6ab0000, 0x00000000e8000000)
 concurrent mark-sweep generation total 393216K, used 52570K [0x00000000e8000000, 0x0000000100000000, 0x0000000100000000)
 Metaspace       used 37839K, capacity 38536K, committed 38800K, reserved 1083392K
  class space    used 4258K, capacity 4478K, committed 4528K, reserved 1048576K
}
2017-05-22T14:49:48.823+0000: 19143.505: Total time for which application threads were stopped: 0.0089434 seconds, Stopping threads took: 0.0000212 seconds
{Heap before GC invocations=346 (full 1):
 par new generation   total 109248K, used 87585K [0x00000000e0000000, 0x00000000e8000000, 0x00000000e8000000)
  eden space 87424K,  99% used [0x00000000e0000000, 0x00000000e55589e8, 0x00000000e5560000)
  from space 21824K,   0% used [0x00000000e5560000, 0x00000000e558fbd0, 0x00000000e6ab0000)
  to   space 21824K,   0% used [0x00000000e6ab0000, 0x00000000e6ab0000, 0x00000000e8000000)
 concurrent mark-sweep generation total 393216K, used 52570K [0x00000000e8000000, 0x0000000100000000, 0x0000000100000000)
 Metaspace       used 37839K, capacity 38536K, committed 38800K, reserved 1083392K
  class space    used 4258K, capacity 4478K, committed 4528K, reserved 1048576K
2017-05-22T14:50:00.791+0000: 19155.473: [GC (Allocation Failure) 2017-05-22T14:50:00.791+0000: 19155.473: [ParNew
Desired survivor size 20112992 bytes, new threshold 8 (max 8)
- age   1:     437320 bytes,     437320 total
- age   2:       4152 bytes,     441472 total
- age   3:       3616 bytes,     445088 total
- age   4:       2976 bytes,     448064 total
- age   5:       2736 bytes,     450800 total
- age   6:      19016 bytes,     469816 total
- age   7:       2928 bytes,     472744 total
- age   8:       3280 bytes,     476024 total
: 87585K->481K(109248K), 0.0214379 secs] 140156K->53054K(502464K), 0.0215485 secs] [Times: user=0.04 sys=0.00, real=0.02 secs] 
Heap after GC invocations=347 (full 1):
 par new generation   total 109248K, used 481K [0x00000000e0000000, 0x00000000e8000000, 0x00000000e8000000)
  eden space 87424K,   0% used [0x00000000e0000000, 0x00000000e0000000, 0x00000000e5560000)
  from space 21824K,   2% used [0x00000000e6ab0000, 0x00000000e6b285e0, 0x00000000e8000000)
  to   space 21824K,   0% used [0x00000000e5560000, 0x00000000e5560000, 0x00000000e6ab0000)
 concurrent mark-sweep generation total 393216K, used 52573K [0x00000000e8000000, 0x0000000100000000, 0x0000000100000000)
 Metaspace       used 37839K, capacity 38536K, committed 38800K, reserved 1083392K
  class space    used 4258K, capacity 4478K, committed 4528K, reserved 1048576K
}
2017-05-22T14:50:00.813+0000: 19155.494: Total time for which application threads were stopped: 0.0219314 seconds, Stopping threads took: 0.0000945 seconds
{Heap before GC invocations=347 (full 1):
 par new generation   total 109248K, used 87905K [0x00000000e0000000, 0x00000000e8000000, 0x00000000e8000000)
  eden space 87424K, 100% used [0x00000000e0000000, 0x00000000e5560000, 0x00000000e5560000)
  from space 21824K,   2% used [0x00000000e6ab0000, 0x00000000e6b285e0, 0x00000000e8000000)
  to   space 21824K,   0% used [0x00000000e5560000, 0x00000000e5560000, 0x00000000e6ab0000)
 concurrent mark-sweep generation total 393216K, used 52573K [0x00000000e8000000, 0x0000000100000000, 0x0000000100000000)
 Metaspace       used 37839K, capacity 38536K, committed 38800K, reserved 1083392K
  class space    used 4258K, capacity 4478K, committed 4528K, reserved 1048576K
2017-05-22T14:50:00.993+0000: 19155.675: [GC (Allocation Failure) 2017-05-22T14:50:00.993+0000: 19155.675: [ParNew
Desired survivor size 20112992 bytes, new threshold 8 (max 8)
- age   1:     287944 bytes,     287944 total
- age   2:      19408 bytes,     307352 total
- age   3:       4152 bytes,     311504 total
- age   4:       3616 bytes,     315120 total
- age   5:       2976 bytes,     318096 total
- age   6:       2736 bytes,     320832 total
- age   7:      19016 bytes,     339848 total
- age   8:       2928 bytes,     342776 total
: 87905K->507K(109248K), 0.0073734 secs] 140478K->53084K(502464K), 0.0074604 secs] [Times: user=0.02 sys=0.00, real=0.01 secs] 
Heap after GC invocations=348 (full 1):
 par new generation   total 109248K, used 507K [0x00000000e0000000, 0x00000000e8000000, 0x00000000e8000000)
  eden space 87424K,   0% used [0x00000000e0000000, 0x00000000e0000000, 0x00000000e5560000)
  from space 21824K,   2% used [0x00000000e5560000, 0x00000000e55deff0, 0x00000000e6ab0000)
  to   space 21824K,   0% used [0x00000000e6ab0000, 0x00000000e6ab0000, 0x00000000e8000000)
 concurrent mark-sweep generation total 393216K, used 52576K [0x00000000e8000000, 0x0000000100000000, 0x0000000100000000)
 Metaspace       used 37839K, capacity 38536K, committed 38800K, reserved 1083392K
  class space    used 4258K, capacity 4478K, committed 4528K, reserved 1048576K
}
2017-05-22T14:50:01.001+0000: 19155.682: Total time for which application threads were stopped: 0.0076558 seconds, Stopping threads took: 0.0000223 seconds
{Heap before GC invocations=348 (full 1):
 par new generation   total 109248K, used 87931K [0x00000000e0000000, 0x00000000e8000000, 0x00000000e8000000)
  eden space 87424K, 100% used [0x00000000e0000000, 0x00000000e5560000, 0x00000000e5560000)
  from space 21824K,   2% used [0x00000000e5560000, 0x00000000e55deff0, 0x00000000e6ab0000)
  to   space 21824K,   0% used [0x00000000e6ab0000, 0x00000000e6ab0000, 0x00000000e8000000)
 concurrent mark-sweep generation total 393216K, used 52576K [0x00000000e8000000, 0x0000000100000000, 0x0000000100000000)
 Metaspace       used 37839K, capacity 38536K, committed 38800K, reserved 1083392K
  class space    used 4258K, capacity 4478K, committed 4528K, reserved 1048576K
2017-05-22T14:50:01.180+0000: 19155.861: [GC (Allocation Failure) 2017-05-22T14:50:01.180+0000: 19155.862: [ParNew
Desired survivor size 20112992 bytes, new threshold 8 (max 8)
- age   1:     252928 bytes,     252928 total
- age   2:       3048 bytes,     255976 total
- age   3:      19368 bytes,     275344 total
- age   4:       4152 bytes,     279496 total
- age   5:       3616 bytes,     283112 total
- age   6:       2976 bytes,     286088 total
- age   7:       2736 bytes,     288824 total
- age   8:      19016 bytes,     307840 total
: 87931K->420K(109248K), 0.0058950 secs] 140508K->53000K(502464K), 0.0059837 secs] [Times: user=0.02 sys=0.00, real=0.00 secs] 
Heap after GC invocations=349 (full 1):
 par new generation   total 109248K, used 420K [0x00000000e0000000, 0x00000000e8000000, 0x00000000e8000000)
  eden space 87424K,   0% used [0x00000000e0000000, 0x00000000e0000000, 0x00000000e5560000)
  from space 21824K,   1% used [0x00000000e6ab0000, 0x00000000e6b19370, 0x00000000e8000000)
  to   space 21824K,   0% used [0x00000000e5560000, 0x00000000e5560000, 0x00000000e6ab0000)
 concurrent mark-sweep generation total 393216K, used 52579K [0x00000000e8000000, 0x0000000100000000, 0x0000000100000000)
 Metaspace       used 37839K, capacity 38536K, committed 38800K, reserved 1083392K
  class space    used 4258K, capacity 4478K, committed 4528K, reserved 1048576K
}
2017-05-22T14:50:01.186+0000: 19155.868: Total time for which application threads were stopped: 0.0061860 seconds, Stopping threads took: 0.0000229 seconds
{Heap before GC invocations=349 (full 1):
 par new generation   total 109248K, used 87844K [0x00000000e0000000, 0x00000000e8000000, 0x00000000e8000000)
  eden space 87424K, 100% used [0x00000000e0000000, 0x00000000e5560000, 0x00000000e5560000)
  from space 21824K,   1% used [0x00000000e6ab0000, 0x00000000e6b19370, 0x00000000e8000000)
  to   space 21824K,   0% used [0x00000000e5560000, 0x00000000e5560000, 0x00000000e6ab0000)
 concurrent mark-sweep generation total 393216K, used 52579K [0x00000000e8000000, 0x0000000100000000, 0x0000000100000000)
 Metaspace       used 37905K, capacity 38600K, committed 38800K, reserved 1083392K
  class space    used 4259K, capacity 4478K, committed 4528K, reserved 1048576K
2017-05-22T14:50:01.414+0000: 19156.096: [GC (Allocation Failure) 2017-05-22T14:50:01.415+0000: 19156.096: [ParNew
Desired survivor size 20112992 bytes, new threshold 8 (max 8)
- age   1:     194600 bytes,     194600 total
- age   2:       2760 bytes,     197360 total
- age   3:       2784 bytes,     200144 total
- age   4:      18920 bytes,     219064 total
- age   5:       4152 bytes,     223216 total
- age   6:       3616 bytes,     226832 total
- age   7:       2976 bytes,     229808 total
- age   8:       2736 bytes,     232544 total
: 87844K->314K(109248K), 0.0077611 secs] 140424K->52912K(502464K), 0.0078638 secs] [Times: user=0.02 sys=0.00, real=0.01 secs] 
Heap after GC invocations=350 (full 1):
 par new generation   total 109248K, used 314K [0x00000000e0000000, 0x00000000e8000000, 0x00000000e8000000)
  eden space 87424K,   0% used [0x00000000e0000000, 0x00000000e0000000, 0x00000000e5560000)
  from space 21824K,   1% used [0x00000000e5560000, 0x00000000e55aeb68, 0x00000000e6ab0000)
  to   space 21824K,   0% used [0x00000000e6ab0000, 0x00000000e6ab0000, 0x00000000e8000000)
 concurrent mark-sweep generation total 393216K, used 52598K [0x00000000e8000000, 0x0000000100000000, 0x0000000100000000)
 Metaspace       used 37905K, capacity 38600K, committed 38800K, reserved 1083392K
  class space    used 4259K, capacity 4478K, committed 4528K, reserved 1048576K
}
2017-05-22T14:50:01.422+0000: 19156.104: Total time for which application threads were stopped: 0.0080763 seconds, Stopping threads took: 0.0000247 seconds
{Heap before GC invocations=350 (full 1):
 par new generation   total 109248K, used 87738K [0x00000000e0000000, 0x00000000e8000000, 0x00000000e8000000)
  eden space 87424K, 100% used [0x00000000e0000000, 0x00000000e5560000, 0x00000000e5560000)
  from space 21824K,   1% used [0x00000000e5560000, 0x00000000e55aeb68, 0x00000000e6ab0000)
  to   space 21824K,   0% used [0x00000000e6ab0000, 0x00000000e6ab0000, 0x00000000e8000000)
 concurrent mark-sweep generation total 393216K, used 52598K [0x00000000e8000000, 0x0000000100000000, 0x0000000100000000)
 Metaspace       used 37905K, capacity 38600K, committed 38800K, reserved 1083392K
  class space    used 4259K, capacity 4478K, committed 4528K, reserved 1048576K
2017-05-22T15:41:17.141+0000: 22231.823: [GC (Allocation Failure) 2017-05-22T15:41:17.162+0000: 22231.844: [ParNew
Desired survivor size 20112992 bytes, new threshold 8 (max 8)
- age   1:     724952 bytes,     724952 total
- age   2:       2632 bytes,     727584 total
- age   3:       1952 bytes,     729536 total
- age   4:       2016 bytes,     731552 total
- age   5:      13032 bytes,     744584 total
- age   6:       3000 bytes,     747584 total
- age   7:       2576 bytes,     750160 total
- age   8:       2208 bytes,     752368 total
: 87738K->792K(109248K), 0.0445148 secs] 140336K->53392K(502464K), 0.0655528 secs] [Times: user=0.02 sys=0.00, real=0.06 secs] 
Heap after GC invocations=351 (full 1):
 par new generation   total 109248K, used 792K [0x00000000e0000000, 0x00000000e8000000, 0x00000000e8000000)
  eden space 87424K,   0% used [0x00000000e0000000, 0x00000000e0000000, 0x00000000e5560000)
  from space 21824K,   3% used [0x00000000e6ab0000, 0x00000000e6b76260, 0x00000000e8000000)
  to   space 21824K,   0% used [0x00000000e5560000, 0x00000000e5560000, 0x00000000e6ab0000)
 concurrent mark-sweep generation total 393216K, used 52600K [0x00000000e8000000, 0x0000000100000000, 0x0000000100000000)
 Metaspace       used 37905K, capacity 38600K, committed 38800K, reserved 1083392K
  class space    used 4259K, capacity 4478K, committed 4528K, reserved 1048576K
}
2017-05-22T15:41:17.207+0000: 22231.889: Total time for which application threads were stopped: 0.0658619 seconds, Stopping threads took: 0.0000562 seconds
{Heap before GC invocations=351 (full 1):
 par new generation   total 109248K, used 88216K [0x00000000e0000000, 0x00000000e8000000, 0x00000000e8000000)
  eden space 87424K, 100% used [0x00000000e0000000, 0x00000000e5560000, 0x00000000e5560000)
  from space 21824K,   3% used [0x00000000e6ab0000, 0x00000000e6b76260, 0x00000000e8000000)
  to   space 21824K,   0% used [0x00000000e5560000, 0x00000000e5560000, 0x00000000e6ab0000)
 concurrent mark-sweep generation total 393216K, used 52600K [0x00000000e8000000, 0x0000000100000000, 0x0000000100000000)
 Metaspace       used 37905K, capacity 38600K, committed 38800K, reserved 1083392K
  class space    used 4259K, capacity 4478K, committed 4528K, reserved 1048576K
2017-05-22T15:41:17.431+0000: 22232.112: [GC (Allocation Failure) 2017-05-22T15:41:17.431+0000: 22232.112: [ParNew
Desired survivor size 20112992 bytes, new threshold 8 (max 8)
- age   1:     362440 bytes,     362440 total
- age   2:     490680 bytes,     853120 total
- age   3:       2592 bytes,     855712 total
- age   4:       1952 bytes,     857664 total
- age   5:       2016 bytes,     859680 total
- age   6:      13032 bytes,     872712 total
- age   7:       3000 bytes,     875712 total
- age   8:       2576 bytes,     878288 total
: 88216K->1163K(109248K), 0.0063878 secs] 140816K->53765K(502464K), 0.0065797 secs] [Times: user=0.02 sys=0.00, real=0.01 secs] 
Heap after GC invocations=352 (full 1):
 par new generation   total 109248K, used 1163K [0x00000000e0000000, 0x00000000e8000000, 0x00000000e8000000)
  eden space 87424K,   0% used [0x00000000e0000000, 0x00000000e0000000, 0x00000000e5560000)
  from space 21824K,   5% used [0x00000000e5560000, 0x00000000e5682c80, 0x00000000e6ab0000)
  to   space 21824K,   0% used [0x00000000e6ab0000, 0x00000000e6ab0000, 0x00000000e8000000)
 concurrent mark-sweep generation total 393216K, used 52602K [0x00000000e8000000, 0x0000000100000000, 0x0000000100000000)
 Metaspace       used 37905K, capacity 38600K, committed 38800K, reserved 1083392K
  class space    used 4259K, capacity 4478K, committed 4528K, reserved 1048576K
}
2017-05-22T15:41:17.437+0000: 22232.119: Total time for which application threads were stopped: 0.0069802 seconds, Stopping threads took: 0.0000591 seconds
{Heap before GC invocations=352 (full 1):
 par new generation   total 109248K, used 88587K [0x00000000e0000000, 0x00000000e8000000, 0x00000000e8000000)
  eden space 87424K, 100% used [0x00000000e0000000, 0x00000000e5560000, 0x00000000e5560000)
  from space 21824K,   5% used [0x00000000e5560000, 0x00000000e5682c80, 0x00000000e6ab0000)
  to   space 21824K,   0% used [0x00000000e6ab0000, 0x00000000e6ab0000, 0x00000000e8000000)
 concurrent mark-sweep generation total 393216K, used 52602K [0x00000000e8000000, 0x0000000100000000, 0x0000000100000000)
 Metaspace       used 37905K, capacity 38600K, committed 38800K, reserved 1083392K
  class space    used 4259K, capacity 4478K, committed 4528K, reserved 1048576K
2017-05-22T15:41:17.615+0000: 22232.297: [GC (Allocation Failure) 2017-05-22T15:41:17.616+0000: 22232.297: [ParNew
Desired survivor size 20112992 bytes, new threshold 8 (max 8)
- age   1:     408984 bytes,     408984 total
- age   2:       2752 bytes,     411736 total
- age   3:     487448 bytes,     899184 total
- age   4:       2592 bytes,     901776 total
- age   5:       1952 bytes,     903728 total
- age   6:       2016 bytes,     905744 total
- age   7:      13032 bytes,     918776 total
- age   8:       3000 bytes,     921776 total
: 88587K->1167K(109248K), 0.0059810 secs] 141189K->53772K(502464K), 0.0060825 secs] [Times: user=0.01 sys=0.00, real=0.00 secs] 
Heap after GC invocations=353 (full 1):
 par new generation   total 109248K, used 1167K [0x00000000e0000000, 0x00000000e8000000, 0x00000000e8000000)
  eden space 87424K,   0% used [0x00000000e0000000, 0x00000000e0000000, 0x00000000e5560000)
  from space 21824K,   5% used [0x00000000e6ab0000, 0x00000000e6bd3e00, 0x00000000e8000000)
  to   space 21824K,   0% used [0x00000000e5560000, 0x00000000e5560000, 0x00000000e6ab0000)
 concurrent mark-sweep generation total 393216K, used 52604K [0x00000000e8000000, 0x0000000100000000, 0x0000000100000000)
 Metaspace       used 37905K, capacity 38600K, committed 38800K, reserved 1083392K
  class space    used 4259K, capacity 4478K, committed 4528K, reserved 1048576K
}
2017-05-22T15:41:17.622+0000: 22232.303: Total time for which application threads were stopped: 0.0063358 seconds, Stopping threads took: 0.0000356 seconds
{Heap before GC invocations=353 (full 1):
 par new generation   total 109248K, used 88591K [0x00000000e0000000, 0x00000000e8000000, 0x00000000e8000000)
  eden space 87424K, 100% used [0x00000000e0000000, 0x00000000e5560000, 0x00000000e5560000)
  from space 21824K,   5% used [0x00000000e6ab0000, 0x00000000e6bd3e00, 0x00000000e8000000)
  to   space 21824K,   0% used [0x00000000e5560000, 0x00000000e5560000, 0x00000000e6ab0000)
 concurrent mark-sweep generation total 393216K, used 52604K [0x00000000e8000000, 0x0000000100000000, 0x0000000100000000)
 Metaspace       used 37905K, capacity 38600K, committed 38800K, reserved 1083392K
  class space    used 4259K, capacity 4478K, committed 4528K, reserved 1048576K
2017-05-22T15:41:17.817+0000: 22232.499: [GC (Allocation Failure) 2017-05-22T15:41:17.817+0000: 22232.499: [ParNew
Desired survivor size 20112992 bytes, new threshold 8 (max 8)
- age   1:     395088 bytes,     395088 total
- age   2:       2896 bytes,     397984 total
- age   3:       2264 bytes,     400248 total
- age   4:     484808 bytes,     885056 total
- age   5:       2592 bytes,     887648 total
- age   6:       1952 bytes,     889600 total
- age   7:       2016 bytes,     891616 total
- age   8:      13032 bytes,     904648 total
: 88591K->1135K(109248K), 0.0106580 secs] 141196K->53743K(502464K), 0.0108017 secs] [Times: user=0.03 sys=0.00, real=0.01 secs] 
Heap after GC invocations=354 (full 1):
 par new generation   total 109248K, used 1135K [0x00000000e0000000, 0x00000000e8000000, 0x00000000e8000000)
  eden space 87424K,   0% used [0x00000000e0000000, 0x00000000e0000000, 0x00000000e5560000)
  from space 21824K,   5% used [0x00000000e5560000, 0x00000000e567bf20, 0x00000000e6ab0000)
  to   space 21824K,   0% used [0x00000000e6ab0000, 0x00000000e6ab0000, 0x00000000e8000000)
 concurrent mark-sweep generation total 393216K, used 52607K [0x00000000e8000000, 0x0000000100000000, 0x0000000100000000)
 Metaspace       used 37905K, capacity 38600K, committed 38800K, reserved 1083392K
  class space    used 4259K, capacity 4478K, committed 4528K, reserved 1048576K
}
2017-05-22T15:41:17.828+0000: 22232.510: Total time for which application threads were stopped: 0.0112036 seconds, Stopping threads took: 0.0000725 seconds
{Heap before GC invocations=354 (full 1):
 par new generation   total 109248K, used 88559K [0x00000000e0000000, 0x00000000e8000000, 0x00000000e8000000)
  eden space 87424K, 100% used [0x00000000e0000000, 0x00000000e5560000, 0x00000000e5560000)
  from space 21824K,   5% used [0x00000000e5560000, 0x00000000e567bf20, 0x00000000e6ab0000)
  to   space 21824K,   0% used [0x00000000e6ab0000, 0x00000000e6ab0000, 0x00000000e8000000)
 concurrent mark-sweep generation total 393216K, used 52607K [0x00000000e8000000, 0x0000000100000000, 0x0000000100000000)
 Metaspace       used 37905K, capacity 38600K, committed 38800K, reserved 1083392K
  class space    used 4259K, capacity 4478K, committed 4528K, reserved 1048576K
2017-05-22T15:41:18.034+0000: 22232.715: [GC (Allocation Failure) 2017-05-22T15:41:18.034+0000: 22232.716: [ParNew
Desired survivor size 20112992 bytes, new threshold 8 (max 8)
- age   1:     210592 bytes,     210592 total
- age   2:       3112 bytes,     213704 total
- age   3:       2408 bytes,     216112 total
- age   4:       2040 bytes,     218152 total
- age   5:     482256 bytes,     700408 total
- age   6:       2592 bytes,     703000 total
- age   7:       1952 bytes,     704952 total
- age   8:       2016 bytes,     706968 total
: 88559K->1164K(109248K), 0.0075076 secs] 141167K->53784K(502464K), 0.0076842 secs] [Times: user=0.03 sys=0.00, real=0.01 secs] 
