Java HotSpot(TM) 64-Bit Server VM (25.121-b13) for linux-amd64 JRE (1.8.0_121-b13), built on Dec 12 2016 16:36:53 by "java_re" with gcc 4.3.0 20080428 (Red Hat 4.3.0-8)
Memory: 4k page, physical 3991748k(353852k free), swap 1999868k(1999776k free)
CommandLine flags: -XX:CMSInitiatingOccupancyFraction=50 -XX:CMSMaxAbortablePrecleanTime=6000 -XX:+CMSParallelRemarkEnabled -XX:+CMSScavengeBeforeRemark -XX:ConcGCThreads=4 -XX:GCLogFileSize=20971520 -XX:InitialHeapSize=536870912 -XX:MaxHeapSize=536870912 -XX:MaxTenuringThreshold=8 -XX:NewRatio=3 -XX:NumberOfGCLogFiles=9 -XX:OldPLABSize=16 -XX:-OmitStackTraceInFastThrow -XX:OnOutOfMemoryError=/home/harbouj/Downloads/solr-6.4.2/bin/oom_solr.sh 8983 /home/harbouj/Downloads/solr-6.4.2/example/cloud/node1/solr/../logs -XX:ParallelGCThreads=4 -XX:+ParallelRefProcEnabled -XX:PretenureSizeThreshold=67108864 -XX:+PrintGC -XX:+PrintGCApplicationStoppedTime -XX:+PrintGCDateStamps -XX:+PrintGCDetails -XX:+PrintGCTimeStamps -XX:+PrintHeapAtGC -XX:+PrintTenuringDistribution -XX:SurvivorRatio=4 -XX:TargetSurvivorRatio=90 -XX:ThreadStackSize=256 -XX:+UseCMSInitiatingOccupancyOnly -XX:+UseCompressedClassPointers -XX:+UseCompressedOops -XX:+UseConcMarkSweepGC -XX:+UseGCLogFileRotation -XX:+UseParNewGC 
2017-03-14T09:29:26.116+0000: 0.128: Total time for which application threads were stopped: 0.0000858 seconds, Stopping threads took: 0.0000174 seconds
2017-03-14T09:29:26.199+0000: 0.211: Total time for which application threads were stopped: 0.0001367 seconds, Stopping threads took: 0.0000249 seconds
2017-03-14T09:29:26.524+0000: 0.536: Total time for which application threads were stopped: 0.0001696 seconds, Stopping threads took: 0.0000211 seconds
2017-03-14T09:29:26.663+0000: 0.675: Total time for which application threads were stopped: 0.0001758 seconds, Stopping threads took: 0.0000201 seconds
2017-03-14T09:29:26.676+0000: 0.688: Total time for which application threads were stopped: 0.0001849 seconds, Stopping threads took: 0.0000278 seconds
2017-03-14T09:29:26.890+0000: 0.903: Total time for which application threads were stopped: 0.0002025 seconds, Stopping threads took: 0.0000204 seconds
2017-03-14T09:29:26.916+0000: 0.928: Total time for which application threads were stopped: 0.0001976 seconds, Stopping threads took: 0.0000213 seconds
2017-03-14T09:29:27.182+0000: 1.195: Total time for which application threads were stopped: 0.0002621 seconds, Stopping threads took: 0.0000194 seconds
2017-03-14T09:29:27.184+0000: 1.196: Total time for which application threads were stopped: 0.0001219 seconds, Stopping threads took: 0.0000100 seconds
2017-03-14T09:29:27.186+0000: 1.199: Total time for which application threads were stopped: 0.0002320 seconds, Stopping threads took: 0.0000216 seconds
2017-03-14T09:29:27.195+0000: 1.207: Total time for which application threads were stopped: 0.0001977 seconds, Stopping threads took: 0.0000150 seconds
2017-03-14T09:29:27.279+0000: 1.292: Total time for which application threads were stopped: 0.0003095 seconds, Stopping threads took: 0.0000222 seconds
{Heap before GC invocations=0 (full 0):
 par new generation   total 109248K, used 87424K [0x00000000e0000000, 0x00000000e8000000, 0x00000000e8000000)
  eden space 87424K, 100% used [0x00000000e0000000, 0x00000000e5560000, 0x00000000e5560000)
  from space 21824K,   0% used [0x00000000e5560000, 0x00000000e5560000, 0x00000000e6ab0000)
  to   space 21824K,   0% used [0x00000000e6ab0000, 0x00000000e6ab0000, 0x00000000e8000000)
 concurrent mark-sweep generation total 393216K, used 0K [0x00000000e8000000, 0x0000000100000000, 0x0000000100000000)
 Metaspace       used 20534K, capacity 20910K, committed 21248K, reserved 1069056K
  class space    used 2409K, capacity 2555K, committed 2560K, reserved 1048576K
2017-03-14T09:29:28.037+0000: 2.050: [GC (Allocation Failure) 2017-03-14T09:29:28.037+0000: 2.050: [ParNew
Desired survivor size 20112992 bytes, new threshold 8 (max 8)
- age   1:   11690752 bytes,   11690752 total
: 87424K->11535K(109248K), 0.0312826 secs] 87424K->11535K(502464K), 0.0313934 secs] [Times: user=0.04 sys=0.03, real=0.03 secs] 
Heap after GC invocations=1 (full 0):
 par new generation   total 109248K, used 11535K [0x00000000e0000000, 0x00000000e8000000, 0x00000000e8000000)
  eden space 87424K,   0% used [0x00000000e0000000, 0x00000000e0000000, 0x00000000e5560000)
  from space 21824K,  52% used [0x00000000e6ab0000, 0x00000000e75f3d40, 0x00000000e8000000)
  to   space 21824K,   0% used [0x00000000e5560000, 0x00000000e5560000, 0x00000000e6ab0000)
 concurrent mark-sweep generation total 393216K, used 0K [0x00000000e8000000, 0x0000000100000000, 0x0000000100000000)
 Metaspace       used 20534K, capacity 20910K, committed 21248K, reserved 1069056K
  class space    used 2409K, capacity 2555K, committed 2560K, reserved 1048576K
}
2017-03-14T09:29:28.069+0000: 2.081: Total time for which application threads were stopped: 0.0316926 seconds, Stopping threads took: 0.0000541 seconds
2017-03-14T09:29:28.194+0000: 2.206: Total time for which application threads were stopped: 0.0001606 seconds, Stopping threads took: 0.0000214 seconds
2017-03-14T09:29:28.462+0000: 2.475: Total time for which application threads were stopped: 0.0001473 seconds, Stopping threads took: 0.0000210 seconds
2017-03-14T09:29:28.608+0000: 2.620: Total time for which application threads were stopped: 0.0001769 seconds, Stopping threads took: 0.0000290 seconds
2017-03-14T09:29:28.657+0000: 2.670: Total time for which application threads were stopped: 0.0001192 seconds, Stopping threads took: 0.0000214 seconds
2017-03-14T09:29:28.694+0000: 2.706: Total time for which application threads were stopped: 0.0001907 seconds, Stopping threads took: 0.0000525 seconds
2017-03-14T09:29:28.921+0000: 2.933: Total time for which application threads were stopped: 0.0001621 seconds, Stopping threads took: 0.0000296 seconds
2017-03-14T09:29:28.961+0000: 2.973: Total time for which application threads were stopped: 0.0001750 seconds, Stopping threads took: 0.0000284 seconds
2017-03-14T09:29:29.961+0000: 3.973: Total time for which application threads were stopped: 0.0002202 seconds, Stopping threads took: 0.0000525 seconds
2017-03-14T09:29:30.052+0000: 4.064: Total time for which application threads were stopped: 0.0005421 seconds, Stopping threads took: 0.0000550 seconds
2017-03-14T09:29:30.072+0000: 4.084: [GC (CMS Initial Mark) [1 CMS-initial-mark: 0K(393216K)] 44769K(502464K), 0.0175086 secs] [Times: user=0.05 sys=0.00, real=0.01 secs] 
2017-03-14T09:29:30.090+0000: 4.102: Total time for which application threads were stopped: 0.0177391 seconds, Stopping threads took: 0.0000391 seconds
2017-03-14T09:29:30.090+0000: 4.102: [CMS-concurrent-mark-start]
2017-03-14T09:29:30.090+0000: 4.103: [CMS-concurrent-mark: 0.000/0.000 secs] [Times: user=0.00 sys=0.00, real=0.01 secs] 
2017-03-14T09:29:30.090+0000: 4.103: [CMS-concurrent-preclean-start]
2017-03-14T09:29:30.092+0000: 4.104: [CMS-concurrent-preclean: 0.002/0.002 secs] [Times: user=0.00 sys=0.00, real=0.00 secs] 
2017-03-14T09:29:30.092+0000: 4.105: [CMS-concurrent-abortable-preclean-start]
2017-03-14T09:29:30.574+0000: 4.586: Total time for which application threads were stopped: 0.0001151 seconds, Stopping threads took: 0.0000243 seconds
2017-03-14T09:29:30.579+0000: 4.592: Total time for which application threads were stopped: 0.0001279 seconds, Stopping threads took: 0.0000372 seconds
2017-03-14T09:29:30.589+0000: 4.601: Total time for which application threads were stopped: 0.0001443 seconds, Stopping threads took: 0.0000463 seconds
2017-03-14T09:29:30.606+0000: 4.619: Total time for which application threads were stopped: 0.0003433 seconds, Stopping threads took: 0.0000345 seconds
2017-03-14T09:29:30.622+0000: 4.634: Total time for which application threads were stopped: 0.0001477 seconds, Stopping threads took: 0.0000319 seconds
2017-03-14T09:29:30.661+0000: 4.673: Total time for which application threads were stopped: 0.0002156 seconds, Stopping threads took: 0.0000293 seconds
2017-03-14T09:29:30.685+0000: 4.697: Total time for which application threads were stopped: 0.0001154 seconds, Stopping threads took: 0.0000261 seconds
2017-03-14T09:29:30.691+0000: 4.703: Total time for which application threads were stopped: 0.0002938 seconds, Stopping threads took: 0.0000262 seconds
2017-03-14T09:29:30.692+0000: 4.704: Total time for which application threads were stopped: 0.0001239 seconds, Stopping threads took: 0.0000235 seconds
2017-03-14T09:29:30.692+0000: 4.704: Total time for which application threads were stopped: 0.0000865 seconds, Stopping threads took: 0.0000135 seconds
2017-03-14T09:29:30.692+0000: 4.704: Total time for which application threads were stopped: 0.0000902 seconds, Stopping threads took: 0.0000170 seconds
2017-03-14T09:29:30.692+0000: 4.704: Total time for which application threads were stopped: 0.0000555 seconds, Stopping threads took: 0.0000099 seconds
2017-03-14T09:29:30.692+0000: 4.704: Total time for which application threads were stopped: 0.0000546 seconds, Stopping threads took: 0.0000107 seconds
2017-03-14T09:29:30.727+0000: 4.739: Total time for which application threads were stopped: 0.0001420 seconds, Stopping threads took: 0.0000574 seconds
2017-03-14T09:29:30.727+0000: 4.739: Total time for which application threads were stopped: 0.0000782 seconds, Stopping threads took: 0.0000231 seconds
2017-03-14T09:29:30.727+0000: 4.739: Total time for which application threads were stopped: 0.0001230 seconds, Stopping threads took: 0.0000813 seconds
2017-03-14T09:29:30.727+0000: 4.740: Total time for which application threads were stopped: 0.0000667 seconds, Stopping threads took: 0.0000294 seconds
2017-03-14T09:29:30.727+0000: 4.740: Total time for which application threads were stopped: 0.0000595 seconds, Stopping threads took: 0.0000232 seconds
2017-03-14T09:29:30.778+0000: 4.791: Total time for which application threads were stopped: 0.0000989 seconds, Stopping threads took: 0.0000232 seconds
2017-03-14T09:29:30.793+0000: 4.806: Total time for which application threads were stopped: 0.0001263 seconds, Stopping threads took: 0.0000336 seconds
2017-03-14T09:29:30.803+0000: 4.815: Total time for which application threads were stopped: 0.0001026 seconds, Stopping threads took: 0.0000307 seconds
2017-03-14T09:29:30.804+0000: 4.817: Total time for which application threads were stopped: 0.0002011 seconds, Stopping threads took: 0.0001282 seconds
2017-03-14T09:29:30.807+0000: 4.820: Total time for which application threads were stopped: 0.0001822 seconds, Stopping threads took: 0.0000860 seconds
2017-03-14T09:29:31.808+0000: 5.820: Total time for which application threads were stopped: 0.0001166 seconds, Stopping threads took: 0.0000274 seconds
2017-03-14T09:29:32.808+0000: 6.820: Total time for which application threads were stopped: 0.0001120 seconds, Stopping threads took: 0.0000257 seconds
2017-03-14T09:29:33.481+0000: 7.493: Total time for which application threads were stopped: 0.0001289 seconds, Stopping threads took: 0.0000262 seconds
2017-03-14T09:29:33.481+0000: 7.493: Total time for which application threads were stopped: 0.0000733 seconds, Stopping threads took: 0.0000149 seconds
2017-03-14T09:29:33.504+0000: 7.516: Total time for which application threads were stopped: 0.0001168 seconds, Stopping threads took: 0.0000222 seconds
2017-03-14T09:29:33.505+0000: 7.517: Total time for which application threads were stopped: 0.0001179 seconds, Stopping threads took: 0.0000356 seconds
2017-03-14T09:29:33.936+0000: 7.949: Total time for which application threads were stopped: 0.0001010 seconds, Stopping threads took: 0.0000248 seconds
2017-03-14T09:29:33.936+0000: 7.949: Total time for which application threads were stopped: 0.0000668 seconds, Stopping threads took: 0.0000093 seconds
2017-03-14T09:29:34.170+0000: 8.182: Total time for which application threads were stopped: 0.0001242 seconds, Stopping threads took: 0.0000317 seconds
2017-03-14T09:29:34.193+0000: 8.205: Total time for which application threads were stopped: 0.0001563 seconds, Stopping threads took: 0.0000702 seconds
2017-03-14T09:29:34.712+0000: 8.724: Total time for which application threads were stopped: 0.0005039 seconds, Stopping threads took: 0.0000555 seconds
 CMS: abort preclean due to time 2017-03-14T09:29:36.205+0000: 10.218: [CMS-concurrent-abortable-preclean: 3.234/6.113 secs] [Times: user=3.50 sys=0.04, real=6.11 secs] 
2017-03-14T09:29:36.206+0000: 10.218: [GC (CMS Final Remark) [YG occupancy: 65078 K (109248 K)]{Heap before GC invocations=1 (full 1):
 par new generation   total 109248K, used 65078K [0x00000000e0000000, 0x00000000e8000000, 0x00000000e8000000)
  eden space 87424K,  61% used [0x00000000e0000000, 0x00000000e3449c78, 0x00000000e5560000)
  from space 21824K,  52% used [0x00000000e6ab0000, 0x00000000e75f3d40, 0x00000000e8000000)
  to   space 21824K,   0% used [0x00000000e5560000, 0x00000000e5560000, 0x00000000e6ab0000)
 concurrent mark-sweep generation total 393216K, used 0K [0x00000000e8000000, 0x0000000100000000, 0x0000000100000000)
 Metaspace       used 24442K, capacity 24935K, committed 25280K, reserved 1071104K
  class space    used 2896K, capacity 3078K, committed 3192K, reserved 1048576K
2017-03-14T09:29:36.206+0000: 10.218: [GC (CMS Final Remark) 2017-03-14T09:29:36.206+0000: 10.218: [ParNew
Desired survivor size 20112992 bytes, new threshold 8 (max 8)
- age   1:    3912504 bytes,    3912504 total
- age   2:    5625864 bytes,    9538368 total
: 65078K->13036K(109248K), 0.0215313 secs] 65078K->13036K(502464K), 0.0216981 secs] [Times: user=0.05 sys=0.01, real=0.02 secs] 
Heap after GC invocations=2 (full 1):
 par new generation   total 109248K, used 13036K [0x00000000e0000000, 0x00000000e8000000, 0x00000000e8000000)
  eden space 87424K,   0% used [0x00000000e0000000, 0x00000000e0000000, 0x00000000e5560000)
  from space 21824K,  59% used [0x00000000e5560000, 0x00000000e621b280, 0x00000000e6ab0000)
  to   space 21824K,   0% used [0x00000000e6ab0000, 0x00000000e6ab0000, 0x00000000e8000000)
 concurrent mark-sweep generation total 393216K, used 0K [0x00000000e8000000, 0x0000000100000000, 0x0000000100000000)
 Metaspace       used 24442K, capacity 24935K, committed 25280K, reserved 1071104K
  class space    used 2896K, capacity 3078K, committed 3192K, reserved 1048576K
}
2017-03-14T09:29:36.228+0000: 10.240: [Rescan (parallel) , 0.0037369 secs]2017-03-14T09:29:36.232+0000: 10.244: [weak refs processing, 0.0007603 secs]2017-03-14T09:29:36.232+0000: 10.245: [class unloading, 0.0031910 secs]2017-03-14T09:29:36.236+0000: 10.248: [scrub symbol table, 0.0026427 secs]2017-03-14T09:29:36.238+0000: 10.250: [scrub string table, 0.0004451 secs][1 CMS-remark: 0K(393216K)] 13036K(502464K), 0.0332796 secs] [Times: user=0.07 sys=0.01, real=0.03 secs] 
2017-03-14T09:29:36.239+0000: 10.251: Total time for which application threads were stopped: 0.0335118 seconds, Stopping threads took: 0.0000467 seconds
2017-03-14T09:29:36.239+0000: 10.252: [CMS-concurrent-sweep-start]
2017-03-14T09:29:36.239+0000: 10.252: [CMS-concurrent-sweep: 0.000/0.000 secs] [Times: user=0.00 sys=0.00, real=0.00 secs] 
2017-03-14T09:29:36.239+0000: 10.252: [CMS-concurrent-reset-start]
2017-03-14T09:29:36.240+0000: 10.252: Total time for which application threads were stopped: 0.0001140 seconds, Stopping threads took: 0.0000318 seconds
2017-03-14T09:29:36.241+0000: 10.253: Total time for which application threads were stopped: 0.0000667 seconds, Stopping threads took: 0.0000218 seconds
2017-03-14T09:29:36.241+0000: 10.253: Total time for which application threads were stopped: 0.0000482 seconds, Stopping threads took: 0.0000103 seconds
2017-03-14T09:29:36.241+0000: 10.253: Total time for which application threads were stopped: 0.0000405 seconds, Stopping threads took: 0.0000080 seconds
2017-03-14T09:29:36.242+0000: 10.254: [CMS-concurrent-reset: 0.003/0.003 secs] [Times: user=0.01 sys=0.00, real=0.01 secs] 
2017-03-14T09:29:36.970+0000: 10.982: Total time for which application threads were stopped: 0.0001269 seconds, Stopping threads took: 0.0000368 seconds
2017-03-14T09:29:36.970+0000: 10.982: Total time for which application threads were stopped: 0.0001691 seconds, Stopping threads took: 0.0000110 seconds
2017-03-14T09:29:36.987+0000: 10.999: Total time for which application threads were stopped: 0.0001116 seconds, Stopping threads took: 0.0000320 seconds
2017-03-14T09:29:37.031+0000: 11.043: Total time for which application threads were stopped: 0.0001587 seconds, Stopping threads took: 0.0000449 seconds
2017-03-14T09:29:37.032+0000: 11.044: Total time for which application threads were stopped: 0.0001233 seconds, Stopping threads took: 0.0000238 seconds
2017-03-14T09:29:37.032+0000: 11.045: Total time for which application threads were stopped: 0.0000623 seconds, Stopping threads took: 0.0000112 seconds
2017-03-14T09:29:37.036+0000: 11.048: Total time for which application threads were stopped: 0.0001310 seconds, Stopping threads took: 0.0000327 seconds
2017-03-14T09:29:37.036+0000: 11.048: Total time for which application threads were stopped: 0.0000633 seconds, Stopping threads took: 0.0000096 seconds
2017-03-14T09:29:37.039+0000: 11.051: Total time for which application threads were stopped: 0.0001120 seconds, Stopping threads took: 0.0000231 seconds
2017-03-14T09:29:37.039+0000: 11.051: Total time for which application threads were stopped: 0.0000710 seconds, Stopping threads took: 0.0000131 seconds
2017-03-14T09:29:37.050+0000: 11.063: Total time for which application threads were stopped: 0.0001651 seconds, Stopping threads took: 0.0000562 seconds
2017-03-14T09:29:37.050+0000: 11.063: Total time for which application threads were stopped: 0.0000751 seconds, Stopping threads took: 0.0000189 seconds
2017-03-14T09:29:37.050+0000: 11.063: Total time for which application threads were stopped: 0.0000548 seconds, Stopping threads took: 0.0000131 seconds
2017-03-14T09:29:37.051+0000: 11.063: Total time for which application threads were stopped: 0.0000516 seconds, Stopping threads took: 0.0000110 seconds
2017-03-14T09:29:37.051+0000: 11.063: Total time for which application threads were stopped: 0.0000745 seconds, Stopping threads took: 0.0000152 seconds
2017-03-14T09:29:37.052+0000: 11.065: Total time for which application threads were stopped: 0.0000948 seconds, Stopping threads took: 0.0000214 seconds
2017-03-14T09:29:37.052+0000: 11.065: Total time for which application threads were stopped: 0.0000739 seconds, Stopping threads took: 0.0000286 seconds
2017-03-14T09:29:37.053+0000: 11.065: Total time for which application threads were stopped: 0.0000607 seconds, Stopping threads took: 0.0000180 seconds
2017-03-14T09:29:37.053+0000: 11.065: Total time for which application threads were stopped: 0.0000688 seconds, Stopping threads took: 0.0000217 seconds
2017-03-14T09:29:37.053+0000: 11.065: Total time for which application threads were stopped: 0.0000669 seconds, Stopping threads took: 0.0000209 seconds
2017-03-14T09:29:37.066+0000: 11.078: Total time for which application threads were stopped: 0.0001814 seconds, Stopping threads took: 0.0000816 seconds
2017-03-14T09:29:37.070+0000: 11.083: Total time for which application threads were stopped: 0.0001441 seconds, Stopping threads took: 0.0000450 seconds
2017-03-14T09:29:37.072+0000: 11.084: Total time for which application threads were stopped: 0.0001094 seconds, Stopping threads took: 0.0000214 seconds
2017-03-14T09:29:37.092+0000: 11.104: Total time for which application threads were stopped: 0.0004720 seconds, Stopping threads took: 0.0000469 seconds
2017-03-14T09:29:37.093+0000: 11.105: Total time for which application threads were stopped: 0.0001850 seconds, Stopping threads took: 0.0000373 seconds
2017-03-14T09:29:37.181+0000: 11.193: Total time for which application threads were stopped: 0.0001060 seconds, Stopping threads took: 0.0000234 seconds
2017-03-14T09:29:37.203+0000: 11.215: Total time for which application threads were stopped: 0.0001011 seconds, Stopping threads took: 0.0000239 seconds
2017-03-14T09:29:37.405+0000: 11.417: Total time for which application threads were stopped: 0.0001699 seconds, Stopping threads took: 0.0000780 seconds
2017-03-14T09:29:38.405+0000: 12.417: Total time for which application threads were stopped: 0.0001185 seconds, Stopping threads took: 0.0000266 seconds
2017-03-14T09:29:38.607+0000: 12.619: Total time for which application threads were stopped: 0.0001048 seconds, Stopping threads took: 0.0000237 seconds
2017-03-14T09:29:38.607+0000: 12.619: Total time for which application threads were stopped: 0.0002281 seconds, Stopping threads took: 0.0000271 seconds
2017-03-14T09:29:38.642+0000: 12.655: Total time for which application threads were stopped: 0.0001646 seconds, Stopping threads took: 0.0000501 seconds
2017-03-14T09:29:38.642+0000: 12.655: Total time for which application threads were stopped: 0.0000696 seconds, Stopping threads took: 0.0000142 seconds
2017-03-14T09:29:38.657+0000: 12.669: Total time for which application threads were stopped: 0.0001141 seconds, Stopping threads took: 0.0000315 seconds
2017-03-14T09:29:38.659+0000: 12.671: Total time for which application threads were stopped: 0.0001123 seconds, Stopping threads took: 0.0000189 seconds
2017-03-14T09:29:38.674+0000: 12.686: Total time for which application threads were stopped: 0.0003717 seconds, Stopping threads took: 0.0000483 seconds
2017-03-14T09:29:38.723+0000: 12.735: Total time for which application threads were stopped: 0.0001647 seconds, Stopping threads took: 0.0000600 seconds
2017-03-14T09:29:38.731+0000: 12.744: Total time for which application threads were stopped: 0.0001528 seconds, Stopping threads took: 0.0000673 seconds
2017-03-14T09:29:38.747+0000: 12.759: Total time for which application threads were stopped: 0.0008825 seconds, Stopping threads took: 0.0006674 seconds
2017-03-14T09:29:38.804+0000: 12.816: Total time for which application threads were stopped: 0.0001313 seconds, Stopping threads took: 0.0000400 seconds
2017-03-14T09:29:38.805+0000: 12.817: Total time for which application threads were stopped: 0.0005691 seconds, Stopping threads took: 0.0002533 seconds
2017-03-14T09:29:38.806+0000: 12.819: Total time for which application threads were stopped: 0.0006032 seconds, Stopping threads took: 0.0005074 seconds
2017-03-14T09:29:38.807+0000: 12.819: Total time for which application threads were stopped: 0.0001397 seconds, Stopping threads took: 0.0000686 seconds
2017-03-14T09:29:38.807+0000: 12.820: Total time for which application threads were stopped: 0.0000988 seconds, Stopping threads took: 0.0000431 seconds
2017-03-14T09:29:38.808+0000: 12.820: Total time for which application threads were stopped: 0.0000951 seconds, Stopping threads took: 0.0000277 seconds
2017-03-14T09:29:38.811+0000: 12.823: Total time for which application threads were stopped: 0.0001689 seconds, Stopping threads took: 0.0000543 seconds
2017-03-14T09:29:38.815+0000: 12.827: Total time for which application threads were stopped: 0.0001748 seconds, Stopping threads took: 0.0000519 seconds
2017-03-14T09:29:38.816+0000: 12.828: Total time for which application threads were stopped: 0.0000891 seconds, Stopping threads took: 0.0000162 seconds
2017-03-14T09:29:38.816+0000: 12.829: Total time for which application threads were stopped: 0.0000812 seconds, Stopping threads took: 0.0000207 seconds
2017-03-14T09:29:38.818+0000: 12.830: Total time for which application threads were stopped: 0.0003807 seconds, Stopping threads took: 0.0000763 seconds
2017-03-14T09:29:38.819+0000: 12.831: Total time for which application threads were stopped: 0.0001324 seconds, Stopping threads took: 0.0000228 seconds
2017-03-14T09:29:38.824+0000: 12.836: Total time for which application threads were stopped: 0.0001301 seconds, Stopping threads took: 0.0000240 seconds
2017-03-14T09:29:38.826+0000: 12.838: Total time for which application threads were stopped: 0.0003050 seconds, Stopping threads took: 0.0000269 seconds
2017-03-14T09:29:38.827+0000: 12.839: Total time for which application threads were stopped: 0.0001217 seconds, Stopping threads took: 0.0000446 seconds
2017-03-14T09:29:38.828+0000: 12.841: Total time for which application threads were stopped: 0.0000960 seconds, Stopping threads took: 0.0000222 seconds
2017-03-14T09:29:38.880+0000: 12.892: Total time for which application threads were stopped: 0.0002288 seconds, Stopping threads took: 0.0000631 seconds
2017-03-14T09:29:38.884+0000: 12.896: Total time for which application threads were stopped: 0.0002346 seconds, Stopping threads took: 0.0000414 seconds
2017-03-14T09:29:38.893+0000: 12.905: Total time for which application threads were stopped: 0.0002133 seconds, Stopping threads took: 0.0000635 seconds
2017-03-14T09:29:38.895+0000: 12.907: Total time for which application threads were stopped: 0.0004415 seconds, Stopping threads took: 0.0000247 seconds
2017-03-14T09:29:38.898+0000: 12.911: Total time for which application threads were stopped: 0.0002617 seconds, Stopping threads took: 0.0001123 seconds
2017-03-14T09:29:38.899+0000: 12.911: Total time for which application threads were stopped: 0.0000991 seconds, Stopping threads took: 0.0000128 seconds
2017-03-14T09:29:38.902+0000: 12.914: Total time for which application threads were stopped: 0.0001555 seconds, Stopping threads took: 0.0000451 seconds
2017-03-14T09:29:38.903+0000: 12.915: Total time for which application threads were stopped: 0.0001745 seconds, Stopping threads took: 0.0000597 seconds
2017-03-14T09:29:38.904+0000: 12.916: Total time for which application threads were stopped: 0.0001078 seconds, Stopping threads took: 0.0000254 seconds
2017-03-14T09:29:38.906+0000: 12.919: Total time for which application threads were stopped: 0.0001473 seconds, Stopping threads took: 0.0000266 seconds
2017-03-14T09:29:38.910+0000: 12.922: Total time for which application threads were stopped: 0.0001507 seconds, Stopping threads took: 0.0000470 seconds
2017-03-14T09:29:38.910+0000: 12.922: Total time for which application threads were stopped: 0.0001361 seconds, Stopping threads took: 0.0000417 seconds
2017-03-14T09:29:39.016+0000: 13.028: Total time for which application threads were stopped: 0.0002096 seconds, Stopping threads took: 0.0000427 seconds
2017-03-14T09:29:39.017+0000: 13.029: Total time for which application threads were stopped: 0.0001986 seconds, Stopping threads took: 0.0000454 seconds
2017-03-14T09:29:39.062+0000: 13.075: Total time for which application threads were stopped: 0.0001634 seconds, Stopping threads took: 0.0000264 seconds
2017-03-14T09:29:39.085+0000: 13.098: Total time for which application threads were stopped: 0.0001702 seconds, Stopping threads took: 0.0000273 seconds
2017-03-14T09:29:39.108+0000: 13.120: Total time for which application threads were stopped: 0.0001558 seconds, Stopping threads took: 0.0000312 seconds
2017-03-14T09:29:39.129+0000: 13.142: Total time for which application threads were stopped: 0.0001645 seconds, Stopping threads took: 0.0000267 seconds
2017-03-14T09:29:39.245+0000: 13.257: Total time for which application threads were stopped: 0.0002678 seconds, Stopping threads took: 0.0000365 seconds
2017-03-14T09:29:39.255+0000: 13.267: Total time for which application threads were stopped: 0.0001685 seconds, Stopping threads took: 0.0000289 seconds
2017-03-14T09:29:39.263+0000: 13.275: Total time for which application threads were stopped: 0.0001195 seconds, Stopping threads took: 0.0000259 seconds
2017-03-14T09:29:39.274+0000: 13.286: Total time for which application threads were stopped: 0.0001367 seconds, Stopping threads took: 0.0000270 seconds
2017-03-14T09:29:39.285+0000: 13.297: Total time for which application threads were stopped: 0.0001425 seconds, Stopping threads took: 0.0000269 seconds
2017-03-14T09:29:40.025+0000: 14.037: Total time for which application threads were stopped: 0.0004350 seconds, Stopping threads took: 0.0000498 seconds
2017-03-14T09:29:40.112+0000: 14.125: Total time for which application threads were stopped: 0.0002426 seconds, Stopping threads took: 0.0000516 seconds
2017-03-14T09:29:40.115+0000: 14.127: Total time for which application threads were stopped: 0.0002736 seconds, Stopping threads took: 0.0000525 seconds
2017-03-14T09:29:40.128+0000: 14.140: Total time for which application threads were stopped: 0.0059751 seconds, Stopping threads took: 0.0058110 seconds
2017-03-14T09:29:40.140+0000: 14.153: Total time for which application threads were stopped: 0.0005440 seconds, Stopping threads took: 0.0000316 seconds
2017-03-14T09:29:40.185+0000: 14.197: Total time for which application threads were stopped: 0.0143328 seconds, Stopping threads took: 0.0141082 seconds
2017-03-14T09:29:40.186+0000: 14.198: Total time for which application threads were stopped: 0.0001744 seconds, Stopping threads took: 0.0000203 seconds
2017-03-14T09:29:40.186+0000: 14.199: Total time for which application threads were stopped: 0.0001506 seconds, Stopping threads took: 0.0000154 seconds
2017-03-14T09:29:40.187+0000: 14.199: Total time for which application threads were stopped: 0.0001319 seconds, Stopping threads took: 0.0000124 seconds
2017-03-14T09:29:40.187+0000: 14.200: Total time for which application threads were stopped: 0.0001280 seconds, Stopping threads took: 0.0000117 seconds
2017-03-14T09:29:40.382+0000: 14.395: Total time for which application threads were stopped: 0.0003300 seconds, Stopping threads took: 0.0001064 seconds
2017-03-14T09:29:40.387+0000: 14.399: Total time for which application threads were stopped: 0.0035253 seconds, Stopping threads took: 0.0033109 seconds
2017-03-14T09:29:40.387+0000: 14.399: Total time for which application threads were stopped: 0.0001993 seconds, Stopping threads took: 0.0000192 seconds
2017-03-14T09:29:40.421+0000: 14.433: Total time for which application threads were stopped: 0.0002040 seconds, Stopping threads took: 0.0000477 seconds
2017-03-14T09:29:40.422+0000: 14.434: Total time for which application threads were stopped: 0.0001581 seconds, Stopping threads took: 0.0000222 seconds
2017-03-14T09:29:40.438+0000: 14.451: Total time for which application threads were stopped: 0.0012296 seconds, Stopping threads took: 0.0010656 seconds
2017-03-14T09:29:40.654+0000: 14.666: Total time for which application threads were stopped: 0.0005771 seconds, Stopping threads took: 0.0000637 seconds
{Heap before GC invocations=2 (full 1):
 par new generation   total 109248K, used 100460K [0x00000000e0000000, 0x00000000e8000000, 0x00000000e8000000)
  eden space 87424K, 100% used [0x00000000e0000000, 0x00000000e5560000, 0x00000000e5560000)
  from space 21824K,  59% used [0x00000000e5560000, 0x00000000e621b280, 0x00000000e6ab0000)
  to   space 21824K,   0% used [0x00000000e6ab0000, 0x00000000e6ab0000, 0x00000000e8000000)
 concurrent mark-sweep generation total 393216K, used 0K [0x00000000e8000000, 0x0000000100000000, 0x0000000100000000)
 Metaspace       used 28022K, capacity 28631K, committed 28892K, reserved 1075200K
  class space    used 3340K, capacity 3540K, committed 3576K, reserved 1048576K
2017-03-14T09:29:40.749+0000: 14.761: [GC (Allocation Failure) 2017-03-14T09:29:40.749+0000: 14.762: [ParNew
Desired survivor size 20112992 bytes, new threshold 8 (max 8)
- age   1:    6245352 bytes,    6245352 total
- age   2:    1015352 bytes,    7260704 total
- age   3:    5614704 bytes,   12875408 total
: 100460K->16066K(109248K), 0.0321440 secs] 100460K->16066K(502464K), 0.0322890 secs] [Times: user=0.05 sys=0.00, real=0.03 secs] 
Heap after GC invocations=3 (full 1):
 par new generation   total 109248K, used 16066K [0x00000000e0000000, 0x00000000e8000000, 0x00000000e8000000)
  eden space 87424K,   0% used [0x00000000e0000000, 0x00000000e0000000, 0x00000000e5560000)
  from space 21824K,  73% used [0x00000000e6ab0000, 0x00000000e7a608e0, 0x00000000e8000000)
  to   space 21824K,   0% used [0x00000000e5560000, 0x00000000e5560000, 0x00000000e6ab0000)
 concurrent mark-sweep generation total 393216K, used 0K [0x00000000e8000000, 0x0000000100000000, 0x0000000100000000)
 Metaspace       used 28022K, capacity 28631K, committed 28892K, reserved 1075200K
  class space    used 3340K, capacity 3540K, committed 3576K, reserved 1048576K
}
2017-03-14T09:29:40.782+0000: 14.794: Total time for which application threads were stopped: 0.0326436 seconds, Stopping threads took: 0.0000491 seconds
2017-03-14T09:29:40.792+0000: 14.804: Total time for which application threads were stopped: 0.0015536 seconds, Stopping threads took: 0.0009862 seconds
2017-03-14T09:29:40.792+0000: 14.804: Total time for which application threads were stopped: 0.0001617 seconds, Stopping threads took: 0.0000128 seconds
2017-03-14T09:29:40.794+0000: 14.807: Total time for which application threads were stopped: 0.0002353 seconds, Stopping threads took: 0.0000599 seconds
2017-03-14T09:29:41.134+0000: 15.147: Total time for which application threads were stopped: 0.0195551 seconds, Stopping threads took: 0.0192639 seconds
2017-03-14T09:29:41.149+0000: 15.162: Total time for which application threads were stopped: 0.0027375 seconds, Stopping threads took: 0.0025237 seconds
{Heap before GC invocations=3 (full 1):
 par new generation   total 109248K, used 103490K [0x00000000e0000000, 0x00000000e8000000, 0x00000000e8000000)
  eden space 87424K, 100% used [0x00000000e0000000, 0x00000000e5560000, 0x00000000e5560000)
  from space 21824K,  73% used [0x00000000e6ab0000, 0x00000000e7a608e0, 0x00000000e8000000)
  to   space 21824K,   0% used [0x00000000e5560000, 0x00000000e5560000, 0x00000000e6ab0000)
 concurrent mark-sweep generation total 393216K, used 0K [0x00000000e8000000, 0x0000000100000000, 0x0000000100000000)
 Metaspace       used 28765K, capacity 29365K, committed 29788K, reserved 1075200K
  class space    used 3417K, capacity 3617K, committed 3704K, reserved 1048576K
2017-03-14T09:29:41.374+0000: 15.386: [GC (Allocation Failure) 2017-03-14T09:29:41.374+0000: 15.386: [ParNew
Desired survivor size 20112992 bytes, new threshold 8 (max 8)
- age   1:    2367384 bytes,    2367384 total
- age   2:    2854496 bytes,    5221880 total
- age   3:    1011280 bytes,    6233160 total
- age   4:    5614408 bytes,   11847568 total
: 103490K->16153K(109248K), 0.1147454 secs] 103490K->16153K(502464K), 0.1148743 secs] [Times: user=0.18 sys=0.00, real=0.11 secs] 
Heap after GC invocations=4 (full 1):
 par new generation   total 109248K, used 16153K [0x00000000e0000000, 0x00000000e8000000, 0x00000000e8000000)
  eden space 87424K,   0% used [0x00000000e0000000, 0x00000000e0000000, 0x00000000e5560000)
  from space 21824K,  74% used [0x00000000e5560000, 0x00000000e6526690, 0x00000000e6ab0000)
  to   space 21824K,   0% used [0x00000000e6ab0000, 0x00000000e6ab0000, 0x00000000e8000000)
 concurrent mark-sweep generation total 393216K, used 0K [0x00000000e8000000, 0x0000000100000000, 0x0000000100000000)
 Metaspace       used 28765K, capacity 29365K, committed 29788K, reserved 1075200K
  class space    used 3417K, capacity 3617K, committed 3704K, reserved 1048576K
}
2017-03-14T09:29:41.489+0000: 15.501: Total time for which application threads were stopped: 0.1152345 seconds, Stopping threads took: 0.0000578 seconds
2017-03-14T09:29:41.495+0000: 15.507: Total time for which application threads were stopped: 0.0002810 seconds, Stopping threads took: 0.0000741 seconds
2017-03-14T09:29:41.495+0000: 15.507: Total time for which application threads were stopped: 0.0001815 seconds, Stopping threads took: 0.0000525 seconds
2017-03-14T09:29:41.496+0000: 15.509: Total time for which application threads were stopped: 0.0016696 seconds, Stopping threads took: 0.0014438 seconds
2017-03-14T09:29:41.601+0000: 15.613: Total time for which application threads were stopped: 0.0003788 seconds, Stopping threads took: 0.0001989 seconds
2017-03-14T09:29:41.690+0000: 15.702: Total time for which application threads were stopped: 0.0003191 seconds, Stopping threads took: 0.0000538 seconds
2017-03-14T09:29:41.704+0000: 15.717: Total time for which application threads were stopped: 0.0003117 seconds, Stopping threads took: 0.0000469 seconds
{Heap before GC invocations=4 (full 1):
 par new generation   total 109248K, used 103577K [0x00000000e0000000, 0x00000000e8000000, 0x00000000e8000000)
  eden space 87424K, 100% used [0x00000000e0000000, 0x00000000e5560000, 0x00000000e5560000)
  from space 21824K,  74% used [0x00000000e5560000, 0x00000000e6526690, 0x00000000e6ab0000)
  to   space 21824K,   0% used [0x00000000e6ab0000, 0x00000000e6ab0000, 0x00000000e8000000)
 concurrent mark-sweep generation total 393216K, used 0K [0x00000000e8000000, 0x0000000100000000, 0x0000000100000000)
 Metaspace       used 29214K, capacity 29747K, committed 30044K, reserved 1075200K
  class space    used 3473K, capacity 3654K, committed 3704K, reserved 1048576K
2017-03-14T09:29:41.787+0000: 15.800: [GC (Allocation Failure) 2017-03-14T09:29:41.787+0000: 15.800: [ParNew
Desired survivor size 20112992 bytes, new threshold 8 (max 8)
- age   1:     684168 bytes,     684168 total
- age   2:    1744816 bytes,    2428984 total
- age   3:    2889456 bytes,    5318440 total
- age   4:    1010912 bytes,    6329352 total
- age   5:    5614176 bytes,   11943528 total
: 103577K->17577K(109248K), 0.0549832 secs] 103577K->17577K(502464K), 0.0551193 secs] [Times: user=0.06 sys=0.00, real=0.06 secs] 
Heap after GC invocations=5 (full 1):
 par new generation   total 109248K, used 17577K [0x00000000e0000000, 0x00000000e8000000, 0x00000000e8000000)
  eden space 87424K,   0% used [0x00000000e0000000, 0x00000000e0000000, 0x00000000e5560000)
  from space 21824K,  80% used [0x00000000e6ab0000, 0x00000000e7bda5b0, 0x00000000e8000000)
  to   space 21824K,   0% used [0x00000000e5560000, 0x00000000e5560000, 0x00000000e6ab0000)
 concurrent mark-sweep generation total 393216K, used 0K [0x00000000e8000000, 0x0000000100000000, 0x0000000100000000)
 Metaspace       used 29214K, capacity 29747K, committed 30044K, reserved 1075200K
  class space    used 3473K, capacity 3654K, committed 3704K, reserved 1048576K
}
2017-03-14T09:29:41.843+0000: 15.855: Total time for which application threads were stopped: 0.0554581 seconds, Stopping threads took: 0.0000543 seconds
{Heap before GC invocations=5 (full 1):
 par new generation   total 109248K, used 105001K [0x00000000e0000000, 0x00000000e8000000, 0x00000000e8000000)
  eden space 87424K, 100% used [0x00000000e0000000, 0x00000000e5560000, 0x00000000e5560000)
  from space 21824K,  80% used [0x00000000e6ab0000, 0x00000000e7bda5b0, 0x00000000e8000000)
  to   space 21824K,   0% used [0x00000000e5560000, 0x00000000e5560000, 0x00000000e6ab0000)
 concurrent mark-sweep generation total 393216K, used 0K [0x00000000e8000000, 0x0000000100000000, 0x0000000100000000)
 Metaspace       used 29325K, capacity 29907K, committed 30044K, reserved 1075200K
  class space    used 3487K, capacity 3686K, committed 3704K, reserved 1048576K
2017-03-14T09:29:42.036+0000: 16.048: [GC (Allocation Failure) 2017-03-14T09:29:42.036+0000: 16.048: [ParNew
Desired survivor size 20112992 bytes, new threshold 8 (max 8)
- age   1:    1289144 bytes,    1289144 total
- age   2:     288920 bytes,    1578064 total
- age   3:    1744672 bytes,    3322736 total
- age   4:    2830408 bytes,    6153144 total
- age   5:    1010912 bytes,    7164056 total
- age   6:    5614176 bytes,   12778232 total
: 105001K->13977K(109248K), 0.0255446 secs] 105001K->13977K(502464K), 0.0256644 secs] [Times: user=0.05 sys=0.00, real=0.02 secs] 
Heap after GC invocations=6 (full 1):
 par new generation   total 109248K, used 13977K [0x00000000e0000000, 0x00000000e8000000, 0x00000000e8000000)
  eden space 87424K,   0% used [0x00000000e0000000, 0x00000000e0000000, 0x00000000e5560000)
  from space 21824K,  64% used [0x00000000e5560000, 0x00000000e63067c0, 0x00000000e6ab0000)
  to   space 21824K,   0% used [0x00000000e6ab0000, 0x00000000e6ab0000, 0x00000000e8000000)
 concurrent mark-sweep generation total 393216K, used 0K [0x00000000e8000000, 0x0000000100000000, 0x0000000100000000)
 Metaspace       used 29325K, capacity 29907K, committed 30044K, reserved 1075200K
  class space    used 3487K, capacity 3686K, committed 3704K, reserved 1048576K
}
2017-03-14T09:29:42.062+0000: 16.074: Total time for which application threads were stopped: 0.0261792 seconds, Stopping threads took: 0.0001537 seconds
2017-03-14T09:29:42.280+0000: 16.293: Total time for which application threads were stopped: 0.0002924 seconds, Stopping threads took: 0.0000806 seconds
2017-03-14T09:29:42.282+0000: 16.294: Total time for which application threads were stopped: 0.0002484 seconds, Stopping threads took: 0.0000482 seconds
2017-03-14T09:29:42.343+0000: 16.355: Total time for which application threads were stopped: 0.0074509 seconds, Stopping threads took: 0.0072249 seconds
2017-03-14T09:29:42.622+0000: 16.635: Total time for which application threads were stopped: 0.0008488 seconds, Stopping threads took: 0.0000911 seconds
{Heap before GC invocations=6 (full 1):
 par new generation   total 109248K, used 101401K [0x00000000e0000000, 0x00000000e8000000, 0x00000000e8000000)
  eden space 87424K, 100% used [0x00000000e0000000, 0x00000000e5560000, 0x00000000e5560000)
  from space 21824K,  64% used [0x00000000e5560000, 0x00000000e63067c0, 0x00000000e6ab0000)
  to   space 21824K,   0% used [0x00000000e6ab0000, 0x00000000e6ab0000, 0x00000000e8000000)
 concurrent mark-sweep generation total 393216K, used 0K [0x00000000e8000000, 0x0000000100000000, 0x0000000100000000)
 Metaspace       used 30878K, capacity 31529K, committed 31836K, reserved 1077248K
  class space    used 3662K, capacity 3885K, committed 3960K, reserved 1048576K
2017-03-14T09:29:43.134+0000: 17.146: [GC (Allocation Failure) 2017-03-14T09:29:43.134+0000: 17.146: [ParNew
Desired survivor size 20112992 bytes, new threshold 8 (max 8)
- age   1:    2517872 bytes,    2517872 total
- age   2:     100488 bytes,    2618360 total
- age   3:     280360 bytes,    2898720 total
- age   4:     363368 bytes,    3262088 total
- age   5:    2824304 bytes,    6086392 total
- age   6:    1010752 bytes,    7097144 total
- age   7:    5613920 bytes,   12711064 total
: 101401K->18416K(109248K), 0.0300625 secs] 101401K->18416K(502464K), 0.0301813 secs] [Times: user=0.09 sys=0.00, real=0.03 secs] 
Heap after GC invocations=7 (full 1):
 par new generation   total 109248K, used 18416K [0x00000000e0000000, 0x00000000e8000000, 0x00000000e8000000)
  eden space 87424K,   0% used [0x00000000e0000000, 0x00000000e0000000, 0x00000000e5560000)
  from space 21824K,  84% used [0x00000000e6ab0000, 0x00000000e7cac358, 0x00000000e8000000)
  to   space 21824K,   0% used [0x00000000e5560000, 0x00000000e5560000, 0x00000000e6ab0000)
 concurrent mark-sweep generation total 393216K, used 0K [0x00000000e8000000, 0x0000000100000000, 0x0000000100000000)
 Metaspace       used 30878K, capacity 31529K, committed 31836K, reserved 1077248K
  class space    used 3662K, capacity 3885K, committed 3960K, reserved 1048576K
}
2017-03-14T09:29:43.164+0000: 17.176: Total time for which application threads were stopped: 0.0366189 seconds, Stopping threads took: 0.0060896 seconds
2017-03-14T09:29:43.263+0000: 17.276: Total time for which application threads were stopped: 0.0013240 seconds, Stopping threads took: 0.0007992 seconds
2017-03-14T09:29:43.307+0000: 17.320: Total time for which application threads were stopped: 0.0007857 seconds, Stopping threads took: 0.0000565 seconds
2017-03-14T09:29:43.319+0000: 17.332: Total time for which application threads were stopped: 0.0092830 seconds, Stopping threads took: 0.0091139 seconds
2017-03-14T09:29:43.320+0000: 17.332: Total time for which application threads were stopped: 0.0001840 seconds, Stopping threads took: 0.0000445 seconds
2017-03-14T09:29:43.377+0000: 17.390: Total time for which application threads were stopped: 0.0002299 seconds, Stopping threads took: 0.0000500 seconds
2017-03-14T09:29:43.397+0000: 17.409: Total time for which application threads were stopped: 0.0066019 seconds, Stopping threads took: 0.0063760 seconds
2017-03-14T09:29:43.398+0000: 17.410: Total time for which application threads were stopped: 0.0009115 seconds, Stopping threads took: 0.0007416 seconds
2017-03-14T09:29:43.408+0000: 17.421: Total time for which application threads were stopped: 0.0015349 seconds, Stopping threads took: 0.0013604 seconds
2017-03-14T09:29:43.409+0000: 17.421: Total time for which application threads were stopped: 0.0000993 seconds, Stopping threads took: 0.0000248 seconds
2017-03-14T09:29:43.409+0000: 17.421: Total time for which application threads were stopped: 0.0001150 seconds, Stopping threads took: 0.0000428 seconds
2017-03-14T09:29:43.413+0000: 17.426: Total time for which application threads were stopped: 0.0005727 seconds, Stopping threads took: 0.0000384 seconds
2017-03-14T09:29:43.517+0000: 17.529: Total time for which application threads were stopped: 0.0002693 seconds, Stopping threads took: 0.0000644 seconds
2017-03-14T09:29:43.527+0000: 17.539: Total time for which application threads were stopped: 0.0007385 seconds, Stopping threads took: 0.0005303 seconds
2017-03-14T09:29:43.698+0000: 17.711: Total time for which application threads were stopped: 0.0067521 seconds, Stopping threads took: 0.0065327 seconds
2017-03-14T09:29:43.701+0000: 17.713: Total time for which application threads were stopped: 0.0011257 seconds, Stopping threads took: 0.0009042 seconds
2017-03-14T09:29:43.703+0000: 17.716: Total time for which application threads were stopped: 0.0002653 seconds, Stopping threads took: 0.0000887 seconds
2017-03-14T09:29:43.710+0000: 17.722: Total time for which application threads were stopped: 0.0002453 seconds, Stopping threads took: 0.0000729 seconds
2017-03-14T09:29:43.725+0000: 17.737: Total time for which application threads were stopped: 0.0002214 seconds, Stopping threads took: 0.0000351 seconds
2017-03-14T09:29:43.983+0000: 17.996: Total time for which application threads were stopped: 0.0002882 seconds, Stopping threads took: 0.0000744 seconds
2017-03-14T09:29:44.043+0000: 18.055: Total time for which application threads were stopped: 0.0012747 seconds, Stopping threads took: 0.0010849 seconds
2017-03-14T09:29:44.131+0000: 18.143: Total time for which application threads were stopped: 0.0006705 seconds, Stopping threads took: 0.0004783 seconds
2017-03-14T09:29:44.131+0000: 18.143: Total time for which application threads were stopped: 0.0002614 seconds, Stopping threads took: 0.0000303 seconds
{Heap before GC invocations=7 (full 1):
 par new generation   total 109248K, used 105840K [0x00000000e0000000, 0x00000000e8000000, 0x00000000e8000000)
  eden space 87424K, 100% used [0x00000000e0000000, 0x00000000e5560000, 0x00000000e5560000)
  from space 21824K,  84% used [0x00000000e6ab0000, 0x00000000e7cac358, 0x00000000e8000000)
  to   space 21824K,   0% used [0x00000000e5560000, 0x00000000e5560000, 0x00000000e6ab0000)
 concurrent mark-sweep generation total 393216K, used 0K [0x00000000e8000000, 0x0000000100000000, 0x0000000100000000)
 Metaspace       used 34303K, capacity 34943K, committed 35292K, reserved 1081344K
  class space    used 4088K, capacity 4318K, committed 4344K, reserved 1048576K
2017-03-14T09:29:44.421+0000: 18.434: [GC (Allocation Failure) 2017-03-14T09:29:44.422+0000: 18.434: [ParNew
Desired survivor size 20112992 bytes, new threshold 8 (max 8)
- age   1:    4850752 bytes,    4850752 total
- age   2:    1017216 bytes,    5867968 total
- age   3:      99704 bytes,    5967672 total
- age   4:     276752 bytes,    6244424 total
- age   5:     247784 bytes,    6492208 total
- age   6:    2784816 bytes,    9277024 total
- age   7:     994048 bytes,   10271072 total
- age   8:    5564456 bytes,   15835528 total
: 105840K->18214K(109248K), 0.0447929 secs] 105840K->18214K(502464K), 0.0449019 secs] [Times: user=0.09 sys=0.00, real=0.05 secs] 
Heap after GC invocations=8 (full 1):
 par new generation   total 109248K, used 18214K [0x00000000e0000000, 0x00000000e8000000, 0x00000000e8000000)
  eden space 87424K,   0% used [0x00000000e0000000, 0x00000000e0000000, 0x00000000e5560000)
  from space 21824K,  83% used [0x00000000e5560000, 0x00000000e6729980, 0x00000000e6ab0000)
  to   space 21824K,   0% used [0x00000000e6ab0000, 0x00000000e6ab0000, 0x00000000e8000000)
 concurrent mark-sweep generation total 393216K, used 0K [0x00000000e8000000, 0x0000000100000000, 0x0000000100000000)
 Metaspace       used 34303K, capacity 34943K, committed 35292K, reserved 1081344K
  class space    used 4088K, capacity 4318K, committed 4344K, reserved 1048576K
}
2017-03-14T09:29:44.466+0000: 18.479: Total time for which application threads were stopped: 0.0452462 seconds, Stopping threads took: 0.0000479 seconds
2017-03-14T09:29:44.596+0000: 18.608: Total time for which application threads were stopped: 0.0003197 seconds, Stopping threads took: 0.0001031 seconds
2017-03-14T09:29:44.606+0000: 18.619: Total time for which application threads were stopped: 0.0002478 seconds, Stopping threads took: 0.0000531 seconds
2017-03-14T09:29:44.611+0000: 18.623: Total time for which application threads were stopped: 0.0003111 seconds, Stopping threads took: 0.0000893 seconds
2017-03-14T09:29:44.611+0000: 18.624: Total time for which application threads were stopped: 0.0002383 seconds, Stopping threads took: 0.0000538 seconds
2017-03-14T09:29:44.636+0000: 18.649: Total time for which application threads were stopped: 0.0002683 seconds, Stopping threads took: 0.0000599 seconds
2017-03-14T09:29:44.688+0000: 18.701: Total time for which application threads were stopped: 0.0145483 seconds, Stopping threads took: 0.0138624 seconds
2017-03-14T09:29:44.692+0000: 18.705: Total time for which application threads were stopped: 0.0002347 seconds, Stopping threads took: 0.0000321 seconds
2017-03-14T09:29:44.735+0000: 18.747: Total time for which application threads were stopped: 0.0002986 seconds, Stopping threads took: 0.0000463 seconds
2017-03-14T09:29:44.762+0000: 18.774: Total time for which application threads were stopped: 0.0008201 seconds, Stopping threads took: 0.0000527 seconds
2017-03-14T09:29:44.795+0000: 18.807: Total time for which application threads were stopped: 0.0004572 seconds, Stopping threads took: 0.0002276 seconds
2017-03-14T09:29:44.812+0000: 18.824: Total time for which application threads were stopped: 0.0002481 seconds, Stopping threads took: 0.0000704 seconds
2017-03-14T09:29:44.830+0000: 18.842: Total time for which application threads were stopped: 0.0003130 seconds, Stopping threads took: 0.0000573 seconds
2017-03-14T09:29:44.837+0000: 18.849: Total time for which application threads were stopped: 0.0003343 seconds, Stopping threads took: 0.0000588 seconds
2017-03-14T09:29:44.857+0000: 18.869: Total time for which application threads were stopped: 0.0002630 seconds, Stopping threads took: 0.0000631 seconds
2017-03-14T09:29:44.911+0000: 18.923: Total time for which application threads were stopped: 0.0054314 seconds, Stopping threads took: 0.0051888 seconds
2017-03-14T09:29:44.957+0000: 18.969: Total time for which application threads were stopped: 0.0062199 seconds, Stopping threads took: 0.0060361 seconds
2017-03-14T09:29:45.004+0000: 19.017: Total time for which application threads were stopped: 0.0002764 seconds, Stopping threads took: 0.0000932 seconds
2017-03-14T09:29:45.117+0000: 19.130: Total time for which application threads were stopped: 0.0002420 seconds, Stopping threads took: 0.0000357 seconds
2017-03-14T09:29:45.139+0000: 19.152: Total time for which application threads were stopped: 0.0001977 seconds, Stopping threads took: 0.0000338 seconds
2017-03-14T09:29:45.150+0000: 19.163: Total time for which application threads were stopped: 0.0001947 seconds, Stopping threads took: 0.0000345 seconds
2017-03-14T09:29:45.152+0000: 19.164: Total time for which application threads were stopped: 0.0005400 seconds, Stopping threads took: 0.0000316 seconds
2017-03-14T09:29:45.162+0000: 19.174: Total time for which application threads were stopped: 0.0002513 seconds, Stopping threads took: 0.0000357 seconds
2017-03-14T09:29:45.173+0000: 19.185: Total time for which application threads were stopped: 0.0002726 seconds, Stopping threads took: 0.0000681 seconds
2017-03-14T09:29:45.224+0000: 19.237: Total time for which application threads were stopped: 0.0011715 seconds, Stopping threads took: 0.0009694 seconds
2017-03-14T09:29:45.261+0000: 19.273: Total time for which application threads were stopped: 0.0002455 seconds, Stopping threads took: 0.0000735 seconds
2017-03-14T09:29:45.274+0000: 19.286: Total time for which application threads were stopped: 0.0002296 seconds, Stopping threads took: 0.0000334 seconds
2017-03-14T09:29:45.298+0000: 19.310: Total time for which application threads were stopped: 0.0002166 seconds, Stopping threads took: 0.0000300 seconds
2017-03-14T09:29:45.500+0000: 19.512: Total time for which application threads were stopped: 0.0002360 seconds, Stopping threads took: 0.0000395 seconds
2017-03-14T09:29:45.729+0000: 19.741: Total time for which application threads were stopped: 0.0013851 seconds, Stopping threads took: 0.0011563 seconds
2017-03-14T09:29:45.756+0000: 19.769: Total time for which application threads were stopped: 0.0060034 seconds, Stopping threads took: 0.0057527 seconds
2017-03-14T09:29:45.768+0000: 19.780: Total time for which application threads were stopped: 0.0005274 seconds, Stopping threads took: 0.0003108 seconds
2017-03-14T09:29:45.768+0000: 19.780: Total time for which application threads were stopped: 0.0001732 seconds, Stopping threads took: 0.0000370 seconds
2017-03-14T09:29:45.771+0000: 19.783: Total time for which application threads were stopped: 0.0002176 seconds, Stopping threads took: 0.0000467 seconds
2017-03-14T09:29:45.819+0000: 19.831: Total time for which application threads were stopped: 0.0011289 seconds, Stopping threads took: 0.0001064 seconds
2017-03-14T09:29:45.895+0000: 19.907: Total time for which application threads were stopped: 0.0001720 seconds, Stopping threads took: 0.0000407 seconds
2017-03-14T09:29:45.902+0000: 19.914: Total time for which application threads were stopped: 0.0001812 seconds, Stopping threads took: 0.0000330 seconds
2017-03-14T09:29:45.902+0000: 19.915: Total time for which application threads were stopped: 0.0001093 seconds, Stopping threads took: 0.0000141 seconds
2017-03-14T09:29:45.905+0000: 19.918: Total time for which application threads were stopped: 0.0001643 seconds, Stopping threads took: 0.0000407 seconds
2017-03-14T09:29:45.905+0000: 19.918: Total time for which application threads were stopped: 0.0000804 seconds, Stopping threads took: 0.0000219 seconds
2017-03-14T09:29:45.985+0000: 19.998: Total time for which application threads were stopped: 0.0001417 seconds, Stopping threads took: 0.0000233 seconds
2017-03-14T09:29:46.008+0000: 20.020: Total time for which application threads were stopped: 0.0001477 seconds, Stopping threads took: 0.0000317 seconds
2017-03-14T09:29:46.153+0000: 20.165: Total time for which application threads were stopped: 0.0002528 seconds, Stopping threads took: 0.0000744 seconds
2017-03-14T09:29:46.174+0000: 20.186: Total time for which application threads were stopped: 0.0002326 seconds, Stopping threads took: 0.0000493 seconds
2017-03-14T09:29:46.219+0000: 20.232: Total time for which application threads were stopped: 0.0001545 seconds, Stopping threads took: 0.0000282 seconds
2017-03-14T09:29:46.243+0000: 20.255: Total time for which application threads were stopped: 0.0001864 seconds, Stopping threads took: 0.0000493 seconds
2017-03-14T09:29:46.399+0000: 20.411: Total time for which application threads were stopped: 0.0001947 seconds, Stopping threads took: 0.0000624 seconds
2017-03-14T09:29:46.423+0000: 20.435: Total time for which application threads were stopped: 0.0007697 seconds, Stopping threads took: 0.0005932 seconds
2017-03-14T09:29:46.443+0000: 20.455: Total time for which application threads were stopped: 0.0019882 seconds, Stopping threads took: 0.0015403 seconds
2017-03-14T09:29:47.443+0000: 21.455: Total time for which application threads were stopped: 0.0003109 seconds, Stopping threads took: 0.0000606 seconds
2017-03-14T09:29:47.602+0000: 21.614: Total time for which application threads were stopped: 0.0001978 seconds, Stopping threads took: 0.0000271 seconds
2017-03-14T09:29:47.617+0000: 21.629: Total time for which application threads were stopped: 0.0001888 seconds, Stopping threads took: 0.0000285 seconds
2017-03-14T09:29:47.617+0000: 21.630: Total time for which application threads were stopped: 0.0000833 seconds, Stopping threads took: 0.0000114 seconds
2017-03-14T09:29:47.618+0000: 21.631: Total time for which application threads were stopped: 0.0002630 seconds, Stopping threads took: 0.0000706 seconds
2017-03-14T09:29:47.619+0000: 21.631: Total time for which application threads were stopped: 0.0001205 seconds, Stopping threads took: 0.0000308 seconds
2017-03-14T09:29:47.619+0000: 21.631: Total time for which application threads were stopped: 0.0000825 seconds, Stopping threads took: 0.0000196 seconds
2017-03-14T09:29:47.619+0000: 21.631: Total time for which application threads were stopped: 0.0002584 seconds, Stopping threads took: 0.0000174 seconds
2017-03-14T09:29:47.619+0000: 21.631: Total time for which application threads were stopped: 0.0000899 seconds, Stopping threads took: 0.0000202 seconds
2017-03-14T09:29:47.620+0000: 21.632: Total time for which application threads were stopped: 0.0004129 seconds, Stopping threads took: 0.0000203 seconds
2017-03-14T09:29:47.620+0000: 21.632: Total time for which application threads were stopped: 0.0000894 seconds, Stopping threads took: 0.0000218 seconds
2017-03-14T09:29:47.620+0000: 21.632: Total time for which application threads were stopped: 0.0000903 seconds, Stopping threads took: 0.0000233 seconds
2017-03-14T09:29:47.620+0000: 21.632: Total time for which application threads were stopped: 0.0000876 seconds, Stopping threads took: 0.0000220 seconds
2017-03-14T09:29:47.620+0000: 21.632: Total time for which application threads were stopped: 0.0000863 seconds, Stopping threads took: 0.0000220 seconds
2017-03-14T09:29:47.620+0000: 21.633: Total time for which application threads were stopped: 0.0000844 seconds, Stopping threads took: 0.0000214 seconds
2017-03-14T09:29:47.621+0000: 21.633: Total time for which application threads were stopped: 0.0002727 seconds, Stopping threads took: 0.0000210 seconds
2017-03-14T09:29:47.621+0000: 21.634: Total time for which application threads were stopped: 0.0005264 seconds, Stopping threads took: 0.0002586 seconds
2017-03-14T09:29:47.622+0000: 21.634: Total time for which application threads were stopped: 0.0001816 seconds, Stopping threads took: 0.0000359 seconds
2017-03-14T09:29:47.622+0000: 21.634: Total time for which application threads were stopped: 0.0001159 seconds, Stopping threads took: 0.0000184 seconds
2017-03-14T09:29:47.622+0000: 21.634: Total time for which application threads were stopped: 0.0000515 seconds, Stopping threads took: 0.0000074 seconds
2017-03-14T09:29:47.622+0000: 21.634: Total time for which application threads were stopped: 0.0000491 seconds, Stopping threads took: 0.0000068 seconds
2017-03-14T09:29:47.622+0000: 21.634: Total time for which application threads were stopped: 0.0000492 seconds, Stopping threads took: 0.0000067 seconds
2017-03-14T09:29:47.622+0000: 21.635: Total time for which application threads were stopped: 0.0002372 seconds, Stopping threads took: 0.0000101 seconds
2017-03-14T09:29:47.622+0000: 21.635: Total time for which application threads were stopped: 0.0000570 seconds, Stopping threads took: 0.0000088 seconds
2017-03-14T09:29:47.657+0000: 21.669: Total time for which application threads were stopped: 0.0002000 seconds, Stopping threads took: 0.0000487 seconds
2017-03-14T09:29:47.671+0000: 21.683: Total time for which application threads were stopped: 0.0005889 seconds, Stopping threads took: 0.0000668 seconds
2017-03-14T09:29:47.684+0000: 21.696: Total time for which application threads were stopped: 0.0059985 seconds, Stopping threads took: 0.0054750 seconds
2017-03-14T09:29:47.742+0000: 21.755: Total time for which application threads were stopped: 0.0037166 seconds, Stopping threads took: 0.0034787 seconds
2017-03-14T09:29:47.753+0000: 21.765: Total time for which application threads were stopped: 0.0010894 seconds, Stopping threads took: 0.0008547 seconds
2017-03-14T09:29:47.779+0000: 21.791: Total time for which application threads were stopped: 0.0004371 seconds, Stopping threads took: 0.0002395 seconds
2017-03-14T09:29:47.826+0000: 21.839: Total time for which application threads were stopped: 0.0170149 seconds, Stopping threads took: 0.0167898 seconds
2017-03-14T09:29:47.827+0000: 21.839: Total time for which application threads were stopped: 0.0001478 seconds, Stopping threads took: 0.0000462 seconds
2017-03-14T09:29:47.827+0000: 21.839: Total time for which application threads were stopped: 0.0001460 seconds, Stopping threads took: 0.0000299 seconds
2017-03-14T09:29:47.828+0000: 21.840: Total time for which application threads were stopped: 0.0002243 seconds, Stopping threads took: 0.0000545 seconds
2017-03-14T09:29:47.833+0000: 21.845: Total time for which application threads were stopped: 0.0002377 seconds, Stopping threads took: 0.0000385 seconds
2017-03-14T09:29:47.839+0000: 21.851: Total time for which application threads were stopped: 0.0003698 seconds, Stopping threads took: 0.0002219 seconds
2017-03-14T09:29:47.839+0000: 21.852: Total time for which application threads were stopped: 0.0000857 seconds, Stopping threads took: 0.0000204 seconds
2017-03-14T09:29:47.839+0000: 21.852: Total time for which application threads were stopped: 0.0000994 seconds, Stopping threads took: 0.0000299 seconds
2017-03-14T09:29:47.840+0000: 21.852: Total time for which application threads were stopped: 0.0001532 seconds, Stopping threads took: 0.0000716 seconds
2017-03-14T09:29:47.847+0000: 21.860: Total time for which application threads were stopped: 0.0002472 seconds, Stopping threads took: 0.0000741 seconds
2017-03-14T09:29:47.858+0000: 21.870: Total time for which application threads were stopped: 0.0003303 seconds, Stopping threads took: 0.0000685 seconds
2017-03-14T09:29:47.859+0000: 21.871: Total time for which application threads were stopped: 0.0001984 seconds, Stopping threads took: 0.0000606 seconds
2017-03-14T09:29:47.881+0000: 21.894: Total time for which application threads were stopped: 0.0029408 seconds, Stopping threads took: 0.0027431 seconds
2017-03-14T09:29:47.974+0000: 21.987: Total time for which application threads were stopped: 0.0103360 seconds, Stopping threads took: 0.0100624 seconds
2017-03-14T09:29:47.975+0000: 21.988: Total time for which application threads were stopped: 0.0002376 seconds, Stopping threads took: 0.0000627 seconds
{Heap before GC invocations=8 (full 1):
 par new generation   total 109248K, used 105638K [0x00000000e0000000, 0x00000000e8000000, 0x00000000e8000000)
  eden space 87424K, 100% used [0x00000000e0000000, 0x00000000e5560000, 0x00000000e5560000)
  from space 21824K,  83% used [0x00000000e5560000, 0x00000000e6729980, 0x00000000e6ab0000)
  to   space 21824K,   0% used [0x00000000e6ab0000, 0x00000000e6ab0000, 0x00000000e8000000)
 concurrent mark-sweep generation total 393216K, used 0K [0x00000000e8000000, 0x0000000100000000, 0x0000000100000000)
 Metaspace       used 36483K, capacity 37205K, committed 37340K, reserved 1081344K
  class space    used 4325K, capacity 4553K, committed 4600K, reserved 1048576K
2017-03-14T09:29:48.006+0000: 22.018: [GC (Allocation Failure) 2017-03-14T09:29:48.006+0000: 22.018: [ParNew
Desired survivor size 20112992 bytes, new threshold 8 (max 8)
- age   1:    8305696 bytes,    8305696 total
- age   2:    1834760 bytes,   10140456 total
- age   3:    1016336 bytes,   11156792 total
- age   4:      99672 bytes,   11256464 total
- age   5:     276528 bytes,   11532992 total
- age   6:     247192 bytes,   11780184 total
- age   7:    2685656 bytes,   14465840 total
- age   8:     992184 bytes,   15458024 total
: 105638K->20129K(109248K), 0.1968394 secs] 105638K->26140K(502464K), 0.1969705 secs] [Times: user=0.22 sys=0.01, real=0.20 secs] 
Heap after GC invocations=9 (full 1):
 par new generation   total 109248K, used 20129K [0x00000000e0000000, 0x00000000e8000000, 0x00000000e8000000)
  eden space 87424K,   0% used [0x00000000e0000000, 0x00000000e0000000, 0x00000000e5560000)
  from space 21824K,  92% used [0x00000000e6ab0000, 0x00000000e7e58410, 0x00000000e8000000)
  to   space 21824K,   0% used [0x00000000e5560000, 0x00000000e5560000, 0x00000000e6ab0000)
 concurrent mark-sweep generation total 393216K, used 6011K [0x00000000e8000000, 0x0000000100000000, 0x0000000100000000)
 Metaspace       used 36483K, capacity 37205K, committed 37340K, reserved 1081344K
  class space    used 4325K, capacity 4553K, committed 4600K, reserved 1048576K
}
2017-03-14T09:29:48.203+0000: 22.215: Total time for which application threads were stopped: 0.2033797 seconds, Stopping threads took: 0.0060906 seconds
2017-03-14T09:29:48.222+0000: 22.235: Total time for which application threads were stopped: 0.0018627 seconds, Stopping threads took: 0.0016500 seconds
2017-03-14T09:29:48.223+0000: 22.235: Total time for which application threads were stopped: 0.0002096 seconds, Stopping threads took: 0.0000505 seconds
2017-03-14T09:29:48.231+0000: 22.243: Total time for which application threads were stopped: 0.0007969 seconds, Stopping threads took: 0.0001095 seconds
2017-03-14T09:29:48.238+0000: 22.251: Total time for which application threads were stopped: 0.0002993 seconds, Stopping threads took: 0.0000682 seconds
2017-03-14T09:29:48.348+0000: 22.361: Total time for which application threads were stopped: 0.0099621 seconds, Stopping threads took: 0.0092270 seconds
2017-03-14T09:29:48.378+0000: 22.390: Total time for which application threads were stopped: 0.0065201 seconds, Stopping threads took: 0.0062901 seconds
2017-03-14T09:29:48.389+0000: 22.401: Total time for which application threads were stopped: 0.0090090 seconds, Stopping threads took: 0.0085083 seconds
{Heap before GC invocations=9 (full 1):
 par new generation   total 109248K, used 107553K [0x00000000e0000000, 0x00000000e8000000, 0x00000000e8000000)
  eden space 87424K, 100% used [0x00000000e0000000, 0x00000000e5560000, 0x00000000e5560000)
  from space 21824K,  92% used [0x00000000e6ab0000, 0x00000000e7e58410, 0x00000000e8000000)
  to   space 21824K,   0% used [0x00000000e5560000, 0x00000000e5560000, 0x00000000e6ab0000)
 concurrent mark-sweep generation total 393216K, used 6011K [0x00000000e8000000, 0x0000000100000000, 0x0000000100000000)
 Metaspace       used 36512K, capacity 37229K, committed 37340K, reserved 1081344K
  class space    used 4328K, capacity 4557K, committed 4600K, reserved 1048576K
2017-03-14T09:29:48.418+0000: 22.430: [GC (Allocation Failure) 2017-03-14T09:29:48.418+0000: 22.431: [ParNew
Desired survivor size 20112992 bytes, new threshold 8 (max 8)
- age   1:    1919736 bytes,    1919736 total
- age   2:    5980136 bytes,    7899872 total
- age   3:    1816592 bytes,    9716464 total
- age   4:    1016336 bytes,   10732800 total
- age   5:      99672 bytes,   10832472 total
- age   6:     276528 bytes,   11109000 total
- age   7:     246776 bytes,   11355776 total
- age   8:    2685656 bytes,   14041432 total
: 107553K->15777K(109248K), 0.0776441 secs] 113564K->22775K(502464K), 0.0777960 secs] [Times: user=0.10 sys=0.00, real=0.08 secs] 
Heap after GC invocations=10 (full 1):
 par new generation   total 109248K, used 15777K [0x00000000e0000000, 0x00000000e8000000, 0x00000000e8000000)
  eden space 87424K,   0% used [0x00000000e0000000, 0x00000000e0000000, 0x00000000e5560000)
  from space 21824K,  72% used [0x00000000e5560000, 0x00000000e64c8608, 0x00000000e6ab0000)
  to   space 21824K,   0% used [0x00000000e6ab0000, 0x00000000e6ab0000, 0x00000000e8000000)
 concurrent mark-sweep generation total 393216K, used 6998K [0x00000000e8000000, 0x0000000100000000, 0x0000000100000000)
 Metaspace       used 36512K, capacity 37229K, committed 37340K, reserved 1081344K
  class space    used 4328K, capacity 4557K, committed 4600K, reserved 1048576K
}
2017-03-14T09:29:48.496+0000: 22.508: Total time for which application threads were stopped: 0.0858176 seconds, Stopping threads took: 0.0076695 seconds
2017-03-14T09:29:48.571+0000: 22.583: Total time for which application threads were stopped: 0.0003832 seconds, Stopping threads took: 0.0002073 seconds
2017-03-14T09:29:48.576+0000: 22.588: Total time for which application threads were stopped: 0.0013407 seconds, Stopping threads took: 0.0011274 seconds
2017-03-14T09:29:48.587+0000: 22.599: Total time for which application threads were stopped: 0.0002271 seconds, Stopping threads took: 0.0000531 seconds
2017-03-14T09:29:48.592+0000: 22.604: Total time for which application threads were stopped: 0.0049416 seconds, Stopping threads took: 0.0047632 seconds
2017-03-14T09:29:48.601+0000: 22.613: Total time for which application threads were stopped: 0.0002320 seconds, Stopping threads took: 0.0000770 seconds
2017-03-14T09:29:48.646+0000: 22.659: Total time for which application threads were stopped: 0.0078100 seconds, Stopping threads took: 0.0075634 seconds
2017-03-14T09:29:48.660+0000: 22.672: Total time for which application threads were stopped: 0.0061085 seconds, Stopping threads took: 0.0058921 seconds
2017-03-14T09:29:48.668+0000: 22.680: Total time for which application threads were stopped: 0.0019800 seconds, Stopping threads took: 0.0013702 seconds
{Heap before GC invocations=10 (full 1):
 par new generation   total 109248K, used 103201K [0x00000000e0000000, 0x00000000e8000000, 0x00000000e8000000)
  eden space 87424K, 100% used [0x00000000e0000000, 0x00000000e5560000, 0x00000000e5560000)
  from space 21824K,  72% used [0x00000000e5560000, 0x00000000e64c8608, 0x00000000e6ab0000)
  to   space 21824K,   0% used [0x00000000e6ab0000, 0x00000000e6ab0000, 0x00000000e8000000)
 concurrent mark-sweep generation total 393216K, used 6998K [0x00000000e8000000, 0x0000000100000000, 0x0000000100000000)
 Metaspace       used 36554K, capacity 37271K, committed 37340K, reserved 1081344K
  class space    used 4332K, capacity 4564K, committed 4600K, reserved 1048576K
2017-03-14T09:29:48.690+0000: 22.703: [GC (Allocation Failure) 2017-03-14T09:29:48.690+0000: 22.703: [ParNew
Desired survivor size 20112992 bytes, new threshold 8 (max 8)
- age   1:     479216 bytes,     479216 total
- age   2:    1674424 bytes,    2153640 total
- age   3:    5958952 bytes,    8112592 total
- age   4:    1816592 bytes,    9929184 total
- age   5:    1016336 bytes,   10945520 total
- age   6:      99672 bytes,   11045192 total
- age   7:     276112 bytes,   11321304 total
- age   8:     246776 bytes,   11568080 total
: 103201K->15672K(109248K), 0.0785752 secs] 110199K->25311K(502464K), 0.0787118 secs] [Times: user=0.13 sys=0.00, real=0.07 secs] 
Heap after GC invocations=11 (full 1):
 par new generation   total 109248K, used 15672K [0x00000000e0000000, 0x00000000e8000000, 0x00000000e8000000)
  eden space 87424K,   0% used [0x00000000e0000000, 0x00000000e0000000, 0x00000000e5560000)
  from space 21824K,  71% used [0x00000000e6ab0000, 0x00000000e79fe2f0, 0x00000000e8000000)
  to   space 21824K,   0% used [0x00000000e5560000, 0x00000000e5560000, 0x00000000e6ab0000)
 concurrent mark-sweep generation total 393216K, used 9638K [0x00000000e8000000, 0x0000000100000000, 0x0000000100000000)
 Metaspace       used 36554K, capacity 37271K, committed 37340K, reserved 1081344K
  class space    used 4332K, capacity 4564K, committed 4600K, reserved 1048576K
}
2017-03-14T09:29:48.769+0000: 22.782: Total time for which application threads were stopped: 0.0791196 seconds, Stopping threads took: 0.0000850 seconds
{Heap before GC invocations=11 (full 1):
 par new generation   total 109248K, used 103096K [0x00000000e0000000, 0x00000000e8000000, 0x00000000e8000000)
  eden space 87424K, 100% used [0x00000000e0000000, 0x00000000e5560000, 0x00000000e5560000)
  from space 21824K,  71% used [0x00000000e6ab0000, 0x00000000e79fe2f0, 0x00000000e8000000)
  to   space 21824K,   0% used [0x00000000e5560000, 0x00000000e5560000, 0x00000000e6ab0000)
 concurrent mark-sweep generation total 393216K, used 9638K [0x00000000e8000000, 0x0000000100000000, 0x0000000100000000)
 Metaspace       used 36602K, capacity 37341K, committed 37596K, reserved 1083392K
  class space    used 4332K, capacity 4565K, committed 4600K, reserved 1048576K
2017-03-14T09:29:48.958+0000: 22.970: [GC (Allocation Failure) 2017-03-14T09:29:48.958+0000: 22.970: [ParNew
Desired survivor size 20112992 bytes, new threshold 8 (max 8)
- age   1:     272736 bytes,     272736 total
- age   2:     103936 bytes,     376672 total
- age   3:    1672216 bytes,    2048888 total
- age   4:    5956552 bytes,    8005440 total
- age   5:    1816592 bytes,    9822032 total
- age   6:    1016336 bytes,   10838368 total
- age   7:      99568 bytes,   10937936 total
- age   8:     276112 bytes,   11214048 total
: 103096K->14741K(109248K), 0.0359262 secs] 112735K->24626K(502464K), 0.0360451 secs] [Times: user=0.06 sys=0.00, real=0.04 secs] 
Heap after GC invocations=12 (full 1):
 par new generation   total 109248K, used 14741K [0x00000000e0000000, 0x00000000e8000000, 0x00000000e8000000)
  eden space 87424K,   0% used [0x00000000e0000000, 0x00000000e0000000, 0x00000000e5560000)
  from space 21824K,  67% used [0x00000000e5560000, 0x00000000e63c5740, 0x00000000e6ab0000)
  to   space 21824K,   0% used [0x00000000e6ab0000, 0x00000000e6ab0000, 0x00000000e8000000)
 concurrent mark-sweep generation total 393216K, used 9884K [0x00000000e8000000, 0x0000000100000000, 0x0000000100000000)
 Metaspace       used 36602K, capacity 37341K, committed 37596K, reserved 1083392K
  class space    used 4332K, capacity 4565K, committed 4600K, reserved 1048576K
}
2017-03-14T09:29:48.994+0000: 23.006: Total time for which application threads were stopped: 0.0424632 seconds, Stopping threads took: 0.0060886 seconds
2017-03-14T09:29:49.438+0000: 23.451: Total time for which application threads were stopped: 0.0003283 seconds, Stopping threads took: 0.0000636 seconds
2017-03-14T09:29:49.439+0000: 23.451: Total time for which application threads were stopped: 0.0001829 seconds, Stopping threads took: 0.0000578 seconds
2017-03-14T09:29:49.476+0000: 23.488: Total time for which application threads were stopped: 0.0082861 seconds, Stopping threads took: 0.0080757 seconds
2017-03-14T09:29:49.476+0000: 23.489: Total time for which application threads were stopped: 0.0001241 seconds, Stopping threads took: 0.0000323 seconds
{Heap before GC invocations=12 (full 1):
 par new generation   total 109248K, used 102165K [0x00000000e0000000, 0x00000000e8000000, 0x00000000e8000000)
  eden space 87424K, 100% used [0x00000000e0000000, 0x00000000e5560000, 0x00000000e5560000)
  from space 21824K,  67% used [0x00000000e5560000, 0x00000000e63c5740, 0x00000000e6ab0000)
  to   space 21824K,   0% used [0x00000000e6ab0000, 0x00000000e6ab0000, 0x00000000e8000000)
 concurrent mark-sweep generation total 393216K, used 9884K [0x00000000e8000000, 0x0000000100000000, 0x0000000100000000)
 Metaspace       used 36733K, capacity 37557K, committed 37852K, reserved 1083392K
  class space    used 4334K, capacity 4569K, committed 4600K, reserved 1048576K
2017-03-14T09:29:49.574+0000: 23.587: [GC (Allocation Failure) 2017-03-14T09:29:49.574+0000: 23.587: [ParNew
Desired survivor size 20112992 bytes, new threshold 8 (max 8)
- age   1:    1402120 bytes,    1402120 total
- age   2:      88232 bytes,    1490352 total
- age   3:      99496 bytes,    1589848 total
- age   4:     179000 bytes,    1768848 total
- age   5:    5948792 bytes,    7717640 total
- age   6:    1770536 bytes,    9488176 total
- age   7:    1081904 bytes,   10570080 total
- age   8:      99568 bytes,   10669648 total
: 102165K->13642K(109248K), 0.0649278 secs] 112050K->23803K(502464K), 0.0650590 secs] [Times: user=0.17 sys=0.01, real=0.06 secs] 
Heap after GC invocations=13 (full 1):
 par new generation   total 109248K, used 13642K [0x00000000e0000000, 0x00000000e8000000, 0x00000000e8000000)
  eden space 87424K,   0% used [0x00000000e0000000, 0x00000000e0000000, 0x00000000e5560000)
  from space 21824K,  62% used [0x00000000e6ab0000, 0x00000000e7802900, 0x00000000e8000000)
  to   space 21824K,   0% used [0x00000000e5560000, 0x00000000e5560000, 0x00000000e6ab0000)
 concurrent mark-sweep generation total 393216K, used 10160K [0x00000000e8000000, 0x0000000100000000, 0x0000000100000000)
 Metaspace       used 36733K, capacity 37557K, committed 37852K, reserved 1083392K
  class space    used 4334K, capacity 4569K, committed 4600K, reserved 1048576K
}
2017-03-14T09:29:49.639+0000: 23.652: Total time for which application threads were stopped: 0.0746044 seconds, Stopping threads took: 0.0092017 seconds
2017-03-14T09:29:49.697+0000: 23.709: Total time for which application threads were stopped: 0.0014393 seconds, Stopping threads took: 0.0012246 seconds
2017-03-14T09:29:49.700+0000: 23.712: Total time for which application threads were stopped: 0.0013907 seconds, Stopping threads took: 0.0011964 seconds
2017-03-14T09:29:49.700+0000: 23.712: Total time for which application threads were stopped: 0.0001146 seconds, Stopping threads took: 0.0000142 seconds
2017-03-14T09:29:49.700+0000: 23.712: Total time for which application threads were stopped: 0.0001089 seconds, Stopping threads took: 0.0000097 seconds
2017-03-14T09:29:49.700+0000: 23.712: Total time for which application threads were stopped: 0.0001104 seconds, Stopping threads took: 0.0000121 seconds
2017-03-14T09:29:49.700+0000: 23.712: Total time for which application threads were stopped: 0.0001015 seconds, Stopping threads took: 0.0000108 seconds
2017-03-14T09:29:49.700+0000: 23.713: Total time for which application threads were stopped: 0.0001009 seconds, Stopping threads took: 0.0000105 seconds
2017-03-14T09:29:49.700+0000: 23.713: Total time for which application threads were stopped: 0.0000963 seconds, Stopping threads took: 0.0000097 seconds
2017-03-14T09:29:49.716+0000: 23.728: Total time for which application threads were stopped: 0.0002546 seconds, Stopping threads took: 0.0000655 seconds
2017-03-14T09:29:49.717+0000: 23.729: Total time for which application threads were stopped: 0.0002534 seconds, Stopping threads took: 0.0000583 seconds
2017-03-14T09:29:49.719+0000: 23.731: Total time for which application threads were stopped: 0.0002277 seconds, Stopping threads took: 0.0000490 seconds
2017-03-14T09:29:49.719+0000: 23.731: Total time for which application threads were stopped: 0.0001310 seconds, Stopping threads took: 0.0000298 seconds
2017-03-14T09:29:49.719+0000: 23.731: Total time for which application threads were stopped: 0.0001599 seconds, Stopping threads took: 0.0000449 seconds
2017-03-14T09:29:49.719+0000: 23.732: Total time for which application threads were stopped: 0.0001108 seconds, Stopping threads took: 0.0000123 seconds
2017-03-14T09:29:49.719+0000: 23.732: Total time for which application threads were stopped: 0.0001048 seconds, Stopping threads took: 0.0000092 seconds
2017-03-14T09:29:49.720+0000: 23.732: Total time for which application threads were stopped: 0.0001057 seconds, Stopping threads took: 0.0000142 seconds
2017-03-14T09:29:49.752+0000: 23.765: Total time for which application threads were stopped: 0.0023421 seconds, Stopping threads took: 0.0021151 seconds
2017-03-14T09:29:49.753+0000: 23.765: Total time for which application threads were stopped: 0.0001578 seconds, Stopping threads took: 0.0000409 seconds
2017-03-14T09:29:49.753+0000: 23.765: Total time for which application threads were stopped: 0.0001148 seconds, Stopping threads took: 0.0000125 seconds
2017-03-14T09:29:49.753+0000: 23.765: Total time for which application threads were stopped: 0.0000961 seconds, Stopping threads took: 0.0000088 seconds
2017-03-14T09:29:49.753+0000: 23.765: Total time for which application threads were stopped: 0.0000963 seconds, Stopping threads took: 0.0000091 seconds
2017-03-14T09:29:49.753+0000: 23.766: Total time for which application threads were stopped: 0.0001404 seconds, Stopping threads took: 0.0000080 seconds
2017-03-14T09:29:49.753+0000: 23.766: Total time for which application threads were stopped: 0.0001135 seconds, Stopping threads took: 0.0000127 seconds
2017-03-14T09:29:49.754+0000: 23.766: Total time for which application threads were stopped: 0.0000902 seconds, Stopping threads took: 0.0000082 seconds
2017-03-14T09:29:49.754+0000: 23.766: Total time for which application threads were stopped: 0.0000916 seconds, Stopping threads took: 0.0000076 seconds
2017-03-14T09:29:49.754+0000: 23.766: Total time for which application threads were stopped: 0.0000911 seconds, Stopping threads took: 0.0000084 seconds
2017-03-14T09:29:49.754+0000: 23.766: Total time for which application threads were stopped: 0.0000921 seconds, Stopping threads took: 0.0000083 seconds
2017-03-14T09:29:49.754+0000: 23.766: Total time for which application threads were stopped: 0.0000882 seconds, Stopping threads took: 0.0000083 seconds
2017-03-14T09:29:49.754+0000: 23.766: Total time for which application threads were stopped: 0.0001016 seconds, Stopping threads took: 0.0000077 seconds
2017-03-14T09:29:49.754+0000: 23.766: Total time for which application threads were stopped: 0.0000921 seconds, Stopping threads took: 0.0000082 seconds
2017-03-14T09:29:49.754+0000: 23.767: Total time for which application threads were stopped: 0.0000985 seconds, Stopping threads took: 0.0000074 seconds
2017-03-14T09:29:49.754+0000: 23.767: Total time for which application threads were stopped: 0.0000895 seconds, Stopping threads took: 0.0000083 seconds
2017-03-14T09:29:49.755+0000: 23.767: Total time for which application threads were stopped: 0.0000880 seconds, Stopping threads took: 0.0000080 seconds
2017-03-14T09:29:49.755+0000: 23.767: Total time for which application threads were stopped: 0.0000860 seconds, Stopping threads took: 0.0000074 seconds
2017-03-14T09:29:49.755+0000: 23.767: Total time for which application threads were stopped: 0.0000860 seconds, Stopping threads took: 0.0000073 seconds
2017-03-14T09:29:49.755+0000: 23.767: Total time for which application threads were stopped: 0.0004282 seconds, Stopping threads took: 0.0000073 seconds
2017-03-14T09:29:49.760+0000: 23.772: Total time for which application threads were stopped: 0.0008471 seconds, Stopping threads took: 0.0006491 seconds
2017-03-14T09:29:49.794+0000: 23.807: Total time for which application threads were stopped: 0.0002294 seconds, Stopping threads took: 0.0000434 seconds
2017-03-14T09:29:49.795+0000: 23.807: Total time for which application threads were stopped: 0.0001285 seconds, Stopping threads took: 0.0000206 seconds
2017-03-14T09:29:49.796+0000: 23.809: Total time for which application threads were stopped: 0.0002073 seconds, Stopping threads took: 0.0000269 seconds
2017-03-14T09:29:49.820+0000: 23.832: Total time for which application threads were stopped: 0.0015505 seconds, Stopping threads took: 0.0013033 seconds
2017-03-14T09:29:49.829+0000: 23.841: Total time for which application threads were stopped: 0.0014889 seconds, Stopping threads took: 0.0012932 seconds
2017-03-14T09:29:49.842+0000: 23.854: Total time for which application threads were stopped: 0.0002224 seconds, Stopping threads took: 0.0000449 seconds
2017-03-14T09:29:49.844+0000: 23.857: Total time for which application threads were stopped: 0.0002455 seconds, Stopping threads took: 0.0000673 seconds
2017-03-14T09:29:49.848+0000: 23.860: Total time for which application threads were stopped: 0.0002140 seconds, Stopping threads took: 0.0000494 seconds
2017-03-14T09:29:49.857+0000: 23.870: Total time for which application threads were stopped: 0.0002411 seconds, Stopping threads took: 0.0000567 seconds
2017-03-14T09:29:49.879+0000: 23.891: Total time for which application threads were stopped: 0.0117940 seconds, Stopping threads took: 0.0115820 seconds
2017-03-14T09:29:49.882+0000: 23.894: Total time for which application threads were stopped: 0.0002350 seconds, Stopping threads took: 0.0000321 seconds
2017-03-14T09:29:49.884+0000: 23.897: Total time for which application threads were stopped: 0.0002398 seconds, Stopping threads took: 0.0000522 seconds
2017-03-14T09:29:49.908+0000: 23.921: Total time for which application threads were stopped: 0.0002720 seconds, Stopping threads took: 0.0000722 seconds
2017-03-14T09:29:49.915+0000: 23.927: Total time for which application threads were stopped: 0.0003179 seconds, Stopping threads took: 0.0000912 seconds
2017-03-14T09:29:49.920+0000: 23.932: Total time for which application threads were stopped: 0.0002837 seconds, Stopping threads took: 0.0000896 seconds
2017-03-14T09:29:49.942+0000: 23.954: Total time for which application threads were stopped: 0.0005489 seconds, Stopping threads took: 0.0003138 seconds
2017-03-14T09:29:49.946+0000: 23.958: Total time for which application threads were stopped: 0.0002604 seconds, Stopping threads took: 0.0000687 seconds
2017-03-14T09:29:49.949+0000: 23.961: Total time for which application threads were stopped: 0.0003647 seconds, Stopping threads took: 0.0001676 seconds
2017-03-14T09:29:49.954+0000: 23.967: Total time for which application threads were stopped: 0.0034564 seconds, Stopping threads took: 0.0032893 seconds
2017-03-14T09:29:50.042+0000: 24.055: Total time for which application threads were stopped: 0.0067719 seconds, Stopping threads took: 0.0065205 seconds
{Heap before GC invocations=13 (full 1):
 par new generation   total 109248K, used 101066K [0x00000000e0000000, 0x00000000e8000000, 0x00000000e8000000)
  eden space 87424K, 100% used [0x00000000e0000000, 0x00000000e5560000, 0x00000000e5560000)
  from space 21824K,  62% used [0x00000000e6ab0000, 0x00000000e7802900, 0x00000000e8000000)
  to   space 21824K,   0% used [0x00000000e5560000, 0x00000000e5560000, 0x00000000e6ab0000)
 concurrent mark-sweep generation total 393216K, used 10160K [0x00000000e8000000, 0x0000000100000000, 0x0000000100000000)
 Metaspace       used 36905K, capacity 37677K, committed 37980K, reserved 1083392K
  class space    used 4349K, capacity 4605K, committed 4728K, reserved 1048576K
2017-03-14T09:29:50.134+0000: 24.146: [GC (Allocation Failure) 2017-03-14T09:29:50.134+0000: 24.146: [ParNew
Desired survivor size 20112992 bytes, new threshold 8 (max 8)
- age   1:    5953496 bytes,    5953496 total
- age   2:    1315576 bytes,    7269072 total
- age   3:      86872 bytes,    7355944 total
- age   4:      99496 bytes,    7455440 total
- age   5:     178824 bytes,    7634264 total
- age   6:    2496472 bytes,   10130736 total
- age   7:    1627096 bytes,   11757832 total
- age   8:    1016336 bytes,   12774168 total
: 101066K->14761K(109248K), 0.0347925 secs] 111227K->25021K(502464K), 0.0350238 secs] [Times: user=0.07 sys=0.00, real=0.03 secs] 
Heap after GC invocations=14 (full 1):
 par new generation   total 109248K, used 14761K [0x00000000e0000000, 0x00000000e8000000, 0x00000000e8000000)
  eden space 87424K,   0% used [0x00000000e0000000, 0x00000000e0000000, 0x00000000e5560000)
  from space 21824K,  67% used [0x00000000e5560000, 0x00000000e63ca5a0, 0x00000000e6ab0000)
  to   space 21824K,   0% used [0x00000000e6ab0000, 0x00000000e6ab0000, 0x00000000e8000000)
 concurrent mark-sweep generation total 393216K, used 10260K [0x00000000e8000000, 0x0000000100000000, 0x0000000100000000)
 Metaspace       used 36905K, capacity 37677K, committed 37980K, reserved 1083392K
  class space    used 4349K, capacity 4605K, committed 4728K, reserved 1048576K
}
2017-03-14T09:29:50.169+0000: 24.181: Total time for which application threads were stopped: 0.0385902 seconds, Stopping threads took: 0.0029868 seconds
2017-03-14T09:29:50.186+0000: 24.198: Total time for which application threads were stopped: 0.0051873 seconds, Stopping threads took: 0.0049539 seconds
2017-03-14T09:29:50.188+0000: 24.200: Total time for which application threads were stopped: 0.0002908 seconds, Stopping threads took: 0.0000891 seconds
{Heap before GC invocations=14 (full 1):
 par new generation   total 109248K, used 102185K [0x00000000e0000000, 0x00000000e8000000, 0x00000000e8000000)
  eden space 87424K, 100% used [0x00000000e0000000, 0x00000000e5560000, 0x00000000e5560000)
  from space 21824K,  67% used [0x00000000e5560000, 0x00000000e63ca5a0, 0x00000000e6ab0000)
  to   space 21824K,   0% used [0x00000000e6ab0000, 0x00000000e6ab0000, 0x00000000e8000000)
 concurrent mark-sweep generation total 393216K, used 10260K [0x00000000e8000000, 0x0000000100000000, 0x0000000100000000)
 Metaspace       used 36923K, capacity 37753K, committed 37980K, reserved 1083392K
  class space    used 4350K, capacity 4607K, committed 4728K, reserved 1048576K
2017-03-14T09:29:50.386+0000: 24.399: [GC (Allocation Failure) 2017-03-14T09:29:50.386+0000: 24.399: [ParNew
Desired survivor size 20112992 bytes, new threshold 8 (max 8)
- age   1:    1398792 bytes,    1398792 total
- age   2:    5477560 bytes,    6876352 total
- age   3:    1313256 bytes,    8189608 total
- age   4:      86872 bytes,    8276480 total
- age   5:      99496 bytes,    8375976 total
- age   6:     178824 bytes,    8554800 total
- age   7:    2477296 bytes,   11032096 total
- age   8:    1627096 bytes,   12659192 total
: 102185K->18344K(109248K), 0.0309630 secs] 112445K->29605K(502464K), 0.0310686 secs] [Times: user=0.08 sys=0.00, real=0.03 secs] 
Heap after GC invocations=15 (full 1):
 par new generation   total 109248K, used 18344K [0x00000000e0000000, 0x00000000e8000000, 0x00000000e8000000)
  eden space 87424K,   0% used [0x00000000e0000000, 0x00000000e0000000, 0x00000000e5560000)
  from space 21824K,  84% used [0x00000000e6ab0000, 0x00000000e7c9a378, 0x00000000e8000000)
  to   space 21824K,   0% used [0x00000000e5560000, 0x00000000e5560000, 0x00000000e6ab0000)
 concurrent mark-sweep generation total 393216K, used 11260K [0x00000000e8000000, 0x0000000100000000, 0x0000000100000000)
 Metaspace       used 36923K, capacity 37753K, committed 37980K, reserved 1083392K
  class space    used 4350K, capacity 4607K, committed 4728K, reserved 1048576K
}
2017-03-14T09:29:50.418+0000: 24.430: Total time for which application threads were stopped: 0.0353834 seconds, Stopping threads took: 0.0039908 seconds
2017-03-14T09:29:50.426+0000: 24.438: Total time for which application threads were stopped: 0.0012708 seconds, Stopping threads took: 0.0010632 seconds
2017-03-14T09:29:50.427+0000: 24.439: Total time for which application threads were stopped: 0.0002260 seconds, Stopping threads took: 0.0000615 seconds
{Heap before GC invocations=15 (full 1):
 par new generation   total 109248K, used 105768K [0x00000000e0000000, 0x00000000e8000000, 0x00000000e8000000)
  eden space 87424K, 100% used [0x00000000e0000000, 0x00000000e5560000, 0x00000000e5560000)
  from space 21824K,  84% used [0x00000000e6ab0000, 0x00000000e7c9a378, 0x00000000e8000000)
  to   space 21824K,   0% used [0x00000000e5560000, 0x00000000e5560000, 0x00000000e6ab0000)
 concurrent mark-sweep generation total 393216K, used 11260K [0x00000000e8000000, 0x0000000100000000, 0x0000000100000000)
 Metaspace       used 36933K, capacity 37765K, committed 37980K, reserved 1083392K
  class space    used 4351K, capacity 4609K, committed 4728K, reserved 1048576K
2017-03-14T09:29:50.594+0000: 24.606: [GC (Allocation Failure) 2017-03-14T09:29:50.594+0000: 24.607: [ParNew
Desired survivor size 20112992 bytes, new threshold 8 (max 8)
- age   1:     260048 bytes,     260048 total
- age   2:     889376 bytes,    1149424 total
- age   3:    5458072 bytes,    6607496 total
- age   4:    1313256 bytes,    7920752 total
- age   5:      86872 bytes,    8007624 total
- age   6:      99496 bytes,    8107120 total
- age   7:     178824 bytes,    8285944 total
- age   8:    2477256 bytes,   10763200 total
: 105768K->12699K(109248K), 0.0665461 secs] 117029K->25590K(502464K), 0.0666878 secs] [Times: user=0.10 sys=0.00, real=0.06 secs] 
Heap after GC invocations=16 (full 1):
 par new generation   total 109248K, used 12699K [0x00000000e0000000, 0x00000000e8000000, 0x00000000e8000000)
  eden space 87424K,   0% used [0x00000000e0000000, 0x00000000e0000000, 0x00000000e5560000)
  from space 21824K,  58% used [0x00000000e5560000, 0x00000000e61c6c60, 0x00000000e6ab0000)
  to   space 21824K,   0% used [0x00000000e6ab0000, 0x00000000e6ab0000, 0x00000000e8000000)
 concurrent mark-sweep generation total 393216K, used 12891K [0x00000000e8000000, 0x0000000100000000, 0x0000000100000000)
 Metaspace       used 36933K, capacity 37765K, committed 37980K, reserved 1083392K
  class space    used 4351K, capacity 4609K, committed 4728K, reserved 1048576K
}
2017-03-14T09:29:50.661+0000: 24.673: Total time for which application threads were stopped: 0.0672226 seconds, Stopping threads took: 0.0001664 seconds
{Heap before GC invocations=16 (full 1):
 par new generation   total 109248K, used 100123K [0x00000000e0000000, 0x00000000e8000000, 0x00000000e8000000)
  eden space 87424K, 100% used [0x00000000e0000000, 0x00000000e5560000, 0x00000000e5560000)
  from space 21824K,  58% used [0x00000000e5560000, 0x00000000e61c6c60, 0x00000000e6ab0000)
  to   space 21824K,   0% used [0x00000000e6ab0000, 0x00000000e6ab0000, 0x00000000e8000000)
 concurrent mark-sweep generation total 393216K, used 12891K [0x00000000e8000000, 0x0000000100000000, 0x0000000100000000)
 Metaspace       used 36946K, capacity 37829K, committed 37980K, reserved 1083392K
  class space    used 4351K, capacity 4609K, committed 4728K, reserved 1048576K
2017-03-14T09:29:50.854+0000: 24.867: [GC (Allocation Failure) 2017-03-14T09:29:50.854+0000: 24.867: [ParNew
Desired survivor size 20112992 bytes, new threshold 8 (max 8)
- age   1:     561128 bytes,     561128 total
- age   2:      81944 bytes,     643072 total
- age   3:     888576 bytes,    1531648 total
- age   4:    5457416 bytes,    6989064 total
- age   5:    1313256 bytes,    8302320 total
- age   6:      86216 bytes,    8388536 total
- age   7:      99496 bytes,    8488032 total
- age   8:     178824 bytes,    8666856 total
: 100123K->14546K(109248K), 0.0345143 secs] 113014K->29870K(502464K), 0.0346379 secs] [Times: user=0.06 sys=0.01, real=0.03 secs] 
Heap after GC invocations=17 (full 1):
 par new generation   total 109248K, used 14546K [0x00000000e0000000, 0x00000000e8000000, 0x00000000e8000000)
  eden space 87424K,   0% used [0x00000000e0000000, 0x00000000e0000000, 0x00000000e5560000)
  from space 21824K,  66% used [0x00000000e6ab0000, 0x00000000e78e4870, 0x00000000e8000000)
  to   space 21824K,   0% used [0x00000000e5560000, 0x00000000e5560000, 0x00000000e6ab0000)
 concurrent mark-sweep generation total 393216K, used 15324K [0x00000000e8000000, 0x0000000100000000, 0x0000000100000000)
 Metaspace       used 36946K, capacity 37829K, committed 37980K, reserved 1083392K
  class space    used 4351K, capacity 4609K, committed 4728K, reserved 1048576K
}
2017-03-14T09:29:50.889+0000: 24.901: Total time for which application threads were stopped: 0.0384140 seconds, Stopping threads took: 0.0034820 seconds
2017-03-14T09:29:51.254+0000: 25.267: Total time for which application threads were stopped: 0.0069964 seconds, Stopping threads took: 0.0067271 seconds
2017-03-14T09:29:51.255+0000: 25.267: Total time for which application threads were stopped: 0.0002071 seconds, Stopping threads took: 0.0000599 seconds
2017-03-14T09:29:51.255+0000: 25.267: Total time for which application threads were stopped: 0.0001145 seconds, Stopping threads took: 0.0000207 seconds
2017-03-14T09:29:51.258+0000: 25.271: Total time for which application threads were stopped: 0.0030728 seconds, Stopping threads took: 0.0028501 seconds
2017-03-14T09:29:51.259+0000: 25.271: Total time for which application threads were stopped: 0.0001661 seconds, Stopping threads took: 0.0000471 seconds
2017-03-14T09:29:51.259+0000: 25.271: Total time for which application threads were stopped: 0.0001034 seconds, Stopping threads took: 0.0000085 seconds
2017-03-14T09:29:51.259+0000: 25.271: Total time for which application threads were stopped: 0.0001070 seconds, Stopping threads took: 0.0000080 seconds
2017-03-14T09:29:51.293+0000: 25.305: Total time for which application threads were stopped: 0.0003140 seconds, Stopping threads took: 0.0001374 seconds
2017-03-14T09:29:51.295+0000: 25.308: Total time for which application threads were stopped: 0.0002358 seconds, Stopping threads took: 0.0000552 seconds
2017-03-14T09:29:51.296+0000: 25.308: Total time for which application threads were stopped: 0.0001836 seconds, Stopping threads took: 0.0000560 seconds
2017-03-14T09:29:51.296+0000: 25.308: Total time for which application threads were stopped: 0.0001321 seconds, Stopping threads took: 0.0000310 seconds
2017-03-14T09:29:51.296+0000: 25.308: Total time for which application threads were stopped: 0.0000990 seconds, Stopping threads took: 0.0000096 seconds
2017-03-14T09:29:51.296+0000: 25.308: Total time for which application threads were stopped: 0.0000960 seconds, Stopping threads took: 0.0000093 seconds
2017-03-14T09:29:51.296+0000: 25.308: Total time for which application threads were stopped: 0.0000971 seconds, Stopping threads took: 0.0000114 seconds
2017-03-14T09:29:51.296+0000: 25.309: Total time for which application threads were stopped: 0.0000978 seconds, Stopping threads took: 0.0000114 seconds
2017-03-14T09:29:51.296+0000: 25.309: Total time for which application threads were stopped: 0.0000901 seconds, Stopping threads took: 0.0000118 seconds
2017-03-14T09:29:51.297+0000: 25.309: Total time for which application threads were stopped: 0.0001124 seconds, Stopping threads took: 0.0000251 seconds
2017-03-14T09:29:51.297+0000: 25.309: Total time for which application threads were stopped: 0.0001251 seconds, Stopping threads took: 0.0000360 seconds
2017-03-14T09:29:51.297+0000: 25.309: Total time for which application threads were stopped: 0.0001086 seconds, Stopping threads took: 0.0000215 seconds
2017-03-14T09:29:51.297+0000: 25.309: Total time for which application threads were stopped: 0.0001277 seconds, Stopping threads took: 0.0000302 seconds
2017-03-14T09:29:51.298+0000: 25.311: Total time for which application threads were stopped: 0.0002975 seconds, Stopping threads took: 0.0001333 seconds
2017-03-14T09:29:51.298+0000: 25.311: Total time for which application threads were stopped: 0.0001316 seconds, Stopping threads took: 0.0000140 seconds
2017-03-14T09:29:51.299+0000: 25.311: Total time for which application threads were stopped: 0.0001282 seconds, Stopping threads took: 0.0000449 seconds
2017-03-14T09:29:51.299+0000: 25.311: Total time for which application threads were stopped: 0.0001032 seconds, Stopping threads took: 0.0000214 seconds
2017-03-14T09:29:51.299+0000: 25.311: Total time for which application threads were stopped: 0.0000811 seconds, Stopping threads took: 0.0000251 seconds
2017-03-14T09:29:51.299+0000: 25.311: Total time for which application threads were stopped: 0.0000812 seconds, Stopping threads took: 0.0000270 seconds
2017-03-14T09:29:51.299+0000: 25.311: Total time for which application threads were stopped: 0.0002154 seconds, Stopping threads took: 0.0000245 seconds
2017-03-14T09:29:51.314+0000: 25.327: Total time for which application threads were stopped: 0.0018229 seconds, Stopping threads took: 0.0016854 seconds
2017-03-14T09:29:51.314+0000: 25.327: Total time for which application threads were stopped: 0.0001017 seconds, Stopping threads took: 0.0000318 seconds
2017-03-14T09:29:51.319+0000: 25.331: Total time for which application threads were stopped: 0.0002803 seconds, Stopping threads took: 0.0001336 seconds
2017-03-14T09:29:51.319+0000: 25.332: Total time for which application threads were stopped: 0.0003644 seconds, Stopping threads took: 0.0002596 seconds
2017-03-14T09:29:51.320+0000: 25.332: Total time for which application threads were stopped: 0.0001171 seconds, Stopping threads took: 0.0000390 seconds
2017-03-14T09:29:51.320+0000: 25.332: Total time for which application threads were stopped: 0.0001052 seconds, Stopping threads took: 0.0000322 seconds
2017-03-14T09:29:51.320+0000: 25.332: Total time for which application threads were stopped: 0.0000933 seconds, Stopping threads took: 0.0000219 seconds
2017-03-14T09:29:51.320+0000: 25.332: Total time for which application threads were stopped: 0.0000837 seconds, Stopping threads took: 0.0000131 seconds
2017-03-14T09:29:51.320+0000: 25.332: Total time for which application threads were stopped: 0.0000825 seconds, Stopping threads took: 0.0000122 seconds
2017-03-14T09:29:51.335+0000: 25.347: Total time for which application threads were stopped: 0.0001936 seconds, Stopping threads took: 0.0000555 seconds
2017-03-14T09:29:51.352+0000: 25.365: Total time for which application threads were stopped: 0.0021957 seconds, Stopping threads took: 0.0020168 seconds
2017-03-14T09:29:51.353+0000: 25.365: Total time for which application threads were stopped: 0.0001217 seconds, Stopping threads took: 0.0000425 seconds
2017-03-14T09:29:51.354+0000: 25.366: Total time for which application threads were stopped: 0.0001523 seconds, Stopping threads took: 0.0000411 seconds
2017-03-14T09:29:51.359+0000: 25.371: Total time for which application threads were stopped: 0.0002342 seconds, Stopping threads took: 0.0000538 seconds
2017-03-14T09:29:51.366+0000: 25.379: Total time for which application threads were stopped: 0.0009873 seconds, Stopping threads took: 0.0008366 seconds
2017-03-14T09:29:51.376+0000: 25.388: Total time for which application threads were stopped: 0.0003079 seconds, Stopping threads took: 0.0001274 seconds
2017-03-14T09:29:51.378+0000: 25.390: Total time for which application threads were stopped: 0.0004970 seconds, Stopping threads took: 0.0000666 seconds
2017-03-14T09:29:52.378+0000: 26.391: Total time for which application threads were stopped: 0.0003784 seconds, Stopping threads took: 0.0001319 seconds
2017-03-14T09:29:55.183+0000: 29.196: Total time for which application threads were stopped: 0.0002581 seconds, Stopping threads took: 0.0000572 seconds
2017-03-14T09:29:55.184+0000: 29.196: Total time for which application threads were stopped: 0.0001607 seconds, Stopping threads took: 0.0000421 seconds
2017-03-14T09:29:55.184+0000: 29.196: Total time for which application threads were stopped: 0.0001800 seconds, Stopping threads took: 0.0000253 seconds
2017-03-14T09:29:55.184+0000: 29.197: Total time for which application threads were stopped: 0.0001081 seconds, Stopping threads took: 0.0000256 seconds
2017-03-14T09:29:55.190+0000: 29.202: Total time for which application threads were stopped: 0.0001849 seconds, Stopping threads took: 0.0000282 seconds
2017-03-14T09:29:55.190+0000: 29.202: Total time for which application threads were stopped: 0.0001229 seconds, Stopping threads took: 0.0000130 seconds
2017-03-14T09:29:55.193+0000: 29.205: Total time for which application threads were stopped: 0.0004081 seconds, Stopping threads took: 0.0000648 seconds
2017-03-14T09:29:55.193+0000: 29.205: Total time for which application threads were stopped: 0.0001430 seconds, Stopping threads took: 0.0000172 seconds
2017-03-14T09:29:55.193+0000: 29.205: Total time for which application threads were stopped: 0.0001114 seconds, Stopping threads took: 0.0000135 seconds
2017-03-14T09:29:55.193+0000: 29.206: Total time for which application threads were stopped: 0.0001836 seconds, Stopping threads took: 0.0000135 seconds
2017-03-14T09:29:55.194+0000: 29.206: Total time for which application threads were stopped: 0.0001162 seconds, Stopping threads took: 0.0000139 seconds
2017-03-14T09:29:55.195+0000: 29.207: Total time for which application threads were stopped: 0.0002680 seconds, Stopping threads took: 0.0000304 seconds
2017-03-14T09:29:55.195+0000: 29.208: Total time for which application threads were stopped: 0.0001284 seconds, Stopping threads took: 0.0000152 seconds
2017-03-14T09:29:55.195+0000: 29.208: Total time for which application threads were stopped: 0.0001175 seconds, Stopping threads took: 0.0000153 seconds
2017-03-14T09:29:55.205+0000: 29.217: Total time for which application threads were stopped: 0.0002956 seconds, Stopping threads took: 0.0001220 seconds
2017-03-14T09:29:55.205+0000: 29.217: Total time for which application threads were stopped: 0.0001445 seconds, Stopping threads took: 0.0000376 seconds
2017-03-14T09:29:55.205+0000: 29.217: Total time for which application threads were stopped: 0.0001312 seconds, Stopping threads took: 0.0000316 seconds
2017-03-14T09:29:55.205+0000: 29.218: Total time for which application threads were stopped: 0.0001429 seconds, Stopping threads took: 0.0000315 seconds
2017-03-14T09:29:55.205+0000: 29.218: Total time for which application threads were stopped: 0.0001131 seconds, Stopping threads took: 0.0000140 seconds
2017-03-14T09:29:55.207+0000: 29.219: Total time for which application threads were stopped: 0.0002077 seconds, Stopping threads took: 0.0000416 seconds
2017-03-14T09:29:55.207+0000: 29.219: Total time for which application threads were stopped: 0.0001302 seconds, Stopping threads took: 0.0000251 seconds
2017-03-14T09:29:55.210+0000: 29.222: Total time for which application threads were stopped: 0.0002194 seconds, Stopping threads took: 0.0000394 seconds
2017-03-14T09:29:55.210+0000: 29.222: Total time for which application threads were stopped: 0.0001619 seconds, Stopping threads took: 0.0000165 seconds
2017-03-14T09:29:55.210+0000: 29.223: Total time for which application threads were stopped: 0.0002377 seconds, Stopping threads took: 0.0000114 seconds
2017-03-14T09:29:55.213+0000: 29.226: Total time for which application threads were stopped: 0.0001840 seconds, Stopping threads took: 0.0000432 seconds
2017-03-14T09:29:55.213+0000: 29.226: Total time for which application threads were stopped: 0.0000951 seconds, Stopping threads took: 0.0000237 seconds
2017-03-14T09:29:55.218+0000: 29.230: Total time for which application threads were stopped: 0.0002360 seconds, Stopping threads took: 0.0000319 seconds
2017-03-14T09:29:55.218+0000: 29.231: Total time for which application threads were stopped: 0.0000713 seconds, Stopping threads took: 0.0000211 seconds
2017-03-14T09:29:56.219+0000: 30.231: Total time for which application threads were stopped: 0.0002629 seconds, Stopping threads took: 0.0000490 seconds
2017-03-14T09:29:59.219+0000: 33.231: Total time for which application threads were stopped: 0.0001556 seconds, Stopping threads took: 0.0000318 seconds
2017-03-14T09:29:59.579+0000: 33.592: Total time for which application threads were stopped: 0.0006132 seconds, Stopping threads took: 0.0001089 seconds
2017-03-14T09:29:59.580+0000: 33.592: Total time for which application threads were stopped: 0.0001525 seconds, Stopping threads took: 0.0000152 seconds
2017-03-14T09:29:59.581+0000: 33.594: Total time for which application threads were stopped: 0.0001959 seconds, Stopping threads took: 0.0000614 seconds
2017-03-14T09:29:59.581+0000: 33.594: Total time for which application threads were stopped: 0.0000811 seconds, Stopping threads took: 0.0000275 seconds
2017-03-14T09:29:59.592+0000: 33.604: Total time for which application threads were stopped: 0.0001882 seconds, Stopping threads took: 0.0000489 seconds
2017-03-14T09:29:59.592+0000: 33.604: Total time for which application threads were stopped: 0.0001386 seconds, Stopping threads took: 0.0000342 seconds
2017-03-14T09:29:59.592+0000: 33.605: Total time for which application threads were stopped: 0.0001058 seconds, Stopping threads took: 0.0000226 seconds
2017-03-14T09:29:59.593+0000: 33.605: Total time for which application threads were stopped: 0.0000824 seconds, Stopping threads took: 0.0000161 seconds
2017-03-14T09:29:59.597+0000: 33.609: Total time for which application threads were stopped: 0.0001980 seconds, Stopping threads took: 0.0000564 seconds
2017-03-14T09:29:59.597+0000: 33.610: Total time for which application threads were stopped: 0.0000891 seconds, Stopping threads took: 0.0000183 seconds
2017-03-14T09:29:59.598+0000: 33.610: Total time for which application threads were stopped: 0.0000977 seconds, Stopping threads took: 0.0000237 seconds
2017-03-14T09:29:59.598+0000: 33.610: Total time for which application threads were stopped: 0.0000906 seconds, Stopping threads took: 0.0000269 seconds
2017-03-14T09:30:11.600+0000: 45.612: Total time for which application threads were stopped: 0.0003521 seconds, Stopping threads took: 0.0000613 seconds
2017-03-14T09:30:14.374+0000: 48.387: Total time for which application threads were stopped: 0.0002170 seconds, Stopping threads took: 0.0000321 seconds
2017-03-14T09:30:14.374+0000: 48.387: Total time for which application threads were stopped: 0.0001010 seconds, Stopping threads took: 0.0000134 seconds
2017-03-14T09:30:14.379+0000: 48.392: Total time for which application threads were stopped: 0.0002653 seconds, Stopping threads took: 0.0001253 seconds
2017-03-14T09:30:14.380+0000: 48.392: Total time for which application threads were stopped: 0.0000788 seconds, Stopping threads took: 0.0000119 seconds
2017-03-14T09:30:14.388+0000: 48.401: Total time for which application threads were stopped: 0.0005244 seconds, Stopping threads took: 0.0001304 seconds
2017-03-14T09:30:14.389+0000: 48.401: Total time for which application threads were stopped: 0.0001340 seconds, Stopping threads took: 0.0000142 seconds
2017-03-14T09:30:14.392+0000: 48.404: Total time for which application threads were stopped: 0.0008986 seconds, Stopping threads took: 0.0007462 seconds
2017-03-14T09:30:14.392+0000: 48.404: Total time for which application threads were stopped: 0.0000764 seconds, Stopping threads took: 0.0000171 seconds
2017-03-14T09:30:14.392+0000: 48.404: Total time for which application threads were stopped: 0.0000863 seconds, Stopping threads took: 0.0000262 seconds
2017-03-14T09:30:14.392+0000: 48.404: Total time for which application threads were stopped: 0.0000657 seconds, Stopping threads took: 0.0000107 seconds
2017-03-14T09:30:15.392+0000: 49.405: Total time for which application threads were stopped: 0.0001980 seconds, Stopping threads took: 0.0000610 seconds
2017-03-14T09:30:27.400+0000: 61.412: Total time for which application threads were stopped: 0.0002972 seconds, Stopping threads took: 0.0000436 seconds
2017-03-14T09:30:27.401+0000: 61.413: Total time for which application threads were stopped: 0.0001664 seconds, Stopping threads took: 0.0000305 seconds
2017-03-14T09:30:27.401+0000: 61.414: Total time for which application threads were stopped: 0.0001752 seconds, Stopping threads took: 0.0000682 seconds
2017-03-14T09:30:27.402+0000: 61.414: Total time for which application threads were stopped: 0.0002014 seconds, Stopping threads took: 0.0000763 seconds
2017-03-14T09:30:27.409+0000: 61.421: Total time for which application threads were stopped: 0.0003022 seconds, Stopping threads took: 0.0001043 seconds
2017-03-14T09:30:27.409+0000: 61.422: Total time for which application threads were stopped: 0.0001538 seconds, Stopping threads took: 0.0000292 seconds
2017-03-14T09:30:34.262+0000: 68.274: Total time for which application threads were stopped: 0.0007099 seconds, Stopping threads took: 0.0001162 seconds
2017-03-14T09:30:34.263+0000: 68.275: Total time for which application threads were stopped: 0.0001848 seconds, Stopping threads took: 0.0000453 seconds
2017-03-14T09:30:34.264+0000: 68.276: Total time for which application threads were stopped: 0.0002989 seconds, Stopping threads took: 0.0001139 seconds
2017-03-14T09:30:34.264+0000: 68.277: Total time for which application threads were stopped: 0.0000851 seconds, Stopping threads took: 0.0000146 seconds
2017-03-14T09:30:34.274+0000: 68.286: Total time for which application threads were stopped: 0.0002088 seconds, Stopping threads took: 0.0000444 seconds
2017-03-14T09:30:34.274+0000: 68.286: Total time for which application threads were stopped: 0.0000947 seconds, Stopping threads took: 0.0000119 seconds
2017-03-14T09:30:34.279+0000: 68.291: Total time for which application threads were stopped: 0.0011093 seconds, Stopping threads took: 0.0000395 seconds
2017-03-14T09:30:34.280+0000: 68.292: Total time for which application threads were stopped: 0.0006843 seconds, Stopping threads took: 0.0000832 seconds
2017-03-14T09:30:34.280+0000: 68.293: Total time for which application threads were stopped: 0.0004101 seconds, Stopping threads took: 0.0000703 seconds
2017-03-14T09:30:34.281+0000: 68.293: Total time for which application threads were stopped: 0.0002394 seconds, Stopping threads took: 0.0000542 seconds
2017-03-14T09:30:34.281+0000: 68.293: Total time for which application threads were stopped: 0.0002863 seconds, Stopping threads took: 0.0000232 seconds
2017-03-14T09:30:40.282+0000: 74.294: Total time for which application threads were stopped: 0.0001362 seconds, Stopping threads took: 0.0000289 seconds
2017-03-14T09:30:41.282+0000: 75.294: Total time for which application threads were stopped: 0.0001628 seconds, Stopping threads took: 0.0000268 seconds
2017-03-14T09:30:50.283+0000: 84.296: Total time for which application threads were stopped: 0.0001781 seconds, Stopping threads took: 0.0000317 seconds
2017-03-14T09:30:50.529+0000: 84.542: Total time for which application threads were stopped: 0.0002021 seconds, Stopping threads took: 0.0000281 seconds
2017-03-14T09:30:50.530+0000: 84.542: Total time for which application threads were stopped: 0.0001646 seconds, Stopping threads took: 0.0000259 seconds
2017-03-14T09:30:50.534+0000: 84.546: Total time for which application threads were stopped: 0.0001915 seconds, Stopping threads took: 0.0000514 seconds
2017-03-14T09:30:50.534+0000: 84.546: Total time for which application threads were stopped: 0.0000787 seconds, Stopping threads took: 0.0000106 seconds
2017-03-14T09:30:51.534+0000: 85.546: Total time for which application threads were stopped: 0.0002493 seconds, Stopping threads took: 0.0000351 seconds
2017-03-14T09:30:56.698+0000: 90.710: Total time for which application threads were stopped: 0.0036708 seconds, Stopping threads took: 0.0034696 seconds
2017-03-14T09:30:56.698+0000: 90.711: Total time for which application threads were stopped: 0.0001647 seconds, Stopping threads took: 0.0000642 seconds
2017-03-14T09:30:56.699+0000: 90.711: Total time for which application threads were stopped: 0.0002265 seconds, Stopping threads took: 0.0000792 seconds
2017-03-14T09:30:56.699+0000: 90.712: Total time for which application threads were stopped: 0.0001218 seconds, Stopping threads took: 0.0000338 seconds
2017-03-14T09:30:57.700+0000: 91.712: Total time for which application threads were stopped: 0.0002567 seconds, Stopping threads took: 0.0000351 seconds
2017-03-14T09:31:01.701+0000: 95.713: Total time for which application threads were stopped: 0.0002462 seconds, Stopping threads took: 0.0000414 seconds
2017-03-14T09:31:07.407+0000: 101.419: Total time for which application threads were stopped: 0.0016387 seconds, Stopping threads took: 0.0013664 seconds
2017-03-14T09:31:07.407+0000: 101.420: Total time for which application threads were stopped: 0.0001898 seconds, Stopping threads took: 0.0000239 seconds
2017-03-14T09:31:07.414+0000: 101.427: Total time for which application threads were stopped: 0.0018807 seconds, Stopping threads took: 0.0016595 seconds
2017-03-14T09:31:07.415+0000: 101.427: Total time for which application threads were stopped: 0.0001570 seconds, Stopping threads took: 0.0000303 seconds
2017-03-14T09:31:08.415+0000: 102.427: Total time for which application threads were stopped: 0.0003241 seconds, Stopping threads took: 0.0000566 seconds
2017-03-14T09:31:08.887+0000: 102.899: Total time for which application threads were stopped: 0.0002076 seconds, Stopping threads took: 0.0000305 seconds
2017-03-14T09:31:08.887+0000: 102.899: Total time for which application threads were stopped: 0.0001005 seconds, Stopping threads took: 0.0000130 seconds
2017-03-14T09:31:08.893+0000: 102.905: Total time for which application threads were stopped: 0.0002247 seconds, Stopping threads took: 0.0000602 seconds
2017-03-14T09:31:08.894+0000: 102.907: Total time for which application threads were stopped: 0.0001709 seconds, Stopping threads took: 0.0000327 seconds
2017-03-14T09:31:35.898+0000: 129.910: Total time for which application threads were stopped: 0.0002987 seconds, Stopping threads took: 0.0000543 seconds
2017-03-14T09:31:38.899+0000: 132.911: Total time for which application threads were stopped: 0.0002124 seconds, Stopping threads took: 0.0000419 seconds
2017-03-14T09:32:51.909+0000: 205.922: Total time for which application threads were stopped: 0.0003100 seconds, Stopping threads took: 0.0000570 seconds
2017-03-14T09:33:02.911+0000: 216.924: Total time for which application threads were stopped: 0.0003042 seconds, Stopping threads took: 0.0000444 seconds
2017-03-14T09:33:15.914+0000: 229.926: Total time for which application threads were stopped: 0.0003047 seconds, Stopping threads took: 0.0000558 seconds
2017-03-14T09:33:21.915+0000: 235.927: Total time for which application threads were stopped: 0.0001836 seconds, Stopping threads took: 0.0000340 seconds
2017-03-14T09:33:37.917+0000: 251.930: Total time for which application threads were stopped: 0.0002276 seconds, Stopping threads took: 0.0000409 seconds
2017-03-14T09:33:53.920+0000: 267.932: Total time for which application threads were stopped: 0.0003003 seconds, Stopping threads took: 0.0000537 seconds
2017-03-14T09:33:55.920+0000: 269.933: Total time for which application threads were stopped: 0.0002092 seconds, Stopping threads took: 0.0000380 seconds
2017-03-14T09:34:47.928+0000: 321.941: Total time for which application threads were stopped: 0.0002836 seconds, Stopping threads took: 0.0000504 seconds
2017-03-14T09:35:46.625+0000: 380.637: Total time for which application threads were stopped: 0.0001416 seconds, Stopping threads took: 0.0000207 seconds
2017-03-14T09:35:46.626+0000: 380.638: Total time for which application threads were stopped: 0.0002223 seconds, Stopping threads took: 0.0000254 seconds
2017-03-14T09:35:46.626+0000: 380.638: Total time for which application threads were stopped: 0.0002200 seconds, Stopping threads took: 0.0000376 seconds
2017-03-14T09:35:46.626+0000: 380.639: Total time for which application threads were stopped: 0.0001440 seconds, Stopping threads took: 0.0000194 seconds
2017-03-14T09:35:46.627+0000: 380.639: Total time for which application threads were stopped: 0.0003320 seconds, Stopping threads took: 0.0001827 seconds
2017-03-14T09:35:46.627+0000: 380.639: Total time for which application threads were stopped: 0.0001944 seconds, Stopping threads took: 0.0000662 seconds
2017-03-14T09:35:46.627+0000: 380.640: Total time for which application threads were stopped: 0.0001050 seconds, Stopping threads took: 0.0000207 seconds
2017-03-14T09:35:46.627+0000: 380.640: Total time for which application threads were stopped: 0.0000559 seconds, Stopping threads took: 0.0000090 seconds
2017-03-14T09:35:46.627+0000: 380.640: Total time for which application threads were stopped: 0.0000548 seconds, Stopping threads took: 0.0000078 seconds
2017-03-14T09:35:46.627+0000: 380.640: Total time for which application threads were stopped: 0.0000544 seconds, Stopping threads took: 0.0000075 seconds
2017-03-14T09:35:46.628+0000: 380.640: Total time for which application threads were stopped: 0.0000543 seconds, Stopping threads took: 0.0000075 seconds
2017-03-14T09:35:46.628+0000: 380.640: Total time for which application threads were stopped: 0.0000570 seconds, Stopping threads took: 0.0000096 seconds
2017-03-14T09:35:46.628+0000: 380.640: Total time for which application threads were stopped: 0.0000563 seconds, Stopping threads took: 0.0000090 seconds
2017-03-14T09:35:46.628+0000: 380.640: Total time for which application threads were stopped: 0.0000559 seconds, Stopping threads took: 0.0000088 seconds
2017-03-14T09:35:46.628+0000: 380.640: Total time for which application threads were stopped: 0.0000581 seconds, Stopping threads took: 0.0000089 seconds
2017-03-14T09:35:46.628+0000: 380.640: Total time for which application threads were stopped: 0.0000463 seconds, Stopping threads took: 0.0000074 seconds
2017-03-14T09:35:46.628+0000: 380.640: Total time for which application threads were stopped: 0.0000463 seconds, Stopping threads took: 0.0000074 seconds
2017-03-14T09:35:46.628+0000: 380.640: Total time for which application threads were stopped: 0.0000608 seconds, Stopping threads took: 0.0000073 seconds
2017-03-14T09:35:46.628+0000: 380.640: Total time for which application threads were stopped: 0.0000561 seconds, Stopping threads took: 0.0000091 seconds
2017-03-14T09:35:46.628+0000: 380.641: Total time for which application threads were stopped: 0.0000564 seconds, Stopping threads took: 0.0000090 seconds
2017-03-14T09:35:46.628+0000: 380.641: Total time for which application threads were stopped: 0.0000589 seconds, Stopping threads took: 0.0000091 seconds
2017-03-14T09:35:46.629+0000: 380.641: Total time for which application threads were stopped: 0.0002119 seconds, Stopping threads took: 0.0000074 seconds
2017-03-14T09:35:46.629+0000: 380.641: Total time for which application threads were stopped: 0.0000682 seconds, Stopping threads took: 0.0000090 seconds
2017-03-14T09:35:46.630+0000: 380.642: Total time for which application threads were stopped: 0.0000883 seconds, Stopping threads took: 0.0000128 seconds
2017-03-14T09:35:46.630+0000: 380.642: Total time for which application threads were stopped: 0.0000590 seconds, Stopping threads took: 0.0000089 seconds
2017-03-14T09:35:46.630+0000: 380.642: Total time for which application threads were stopped: 0.0000575 seconds, Stopping threads took: 0.0000089 seconds
2017-03-14T09:35:46.639+0000: 380.651: Total time for which application threads were stopped: 0.0001528 seconds, Stopping threads took: 0.0000302 seconds
2017-03-14T09:35:46.641+0000: 380.653: Total time for which application threads were stopped: 0.0001339 seconds, Stopping threads took: 0.0000348 seconds
2017-03-14T09:35:46.641+0000: 380.653: Total time for which application threads were stopped: 0.0002610 seconds, Stopping threads took: 0.0000091 seconds
2017-03-14T09:35:46.641+0000: 380.653: Total time for which application threads were stopped: 0.0000662 seconds, Stopping threads took: 0.0000135 seconds
2017-03-14T09:35:46.651+0000: 380.663: Total time for which application threads were stopped: 0.0001553 seconds, Stopping threads took: 0.0000333 seconds
2017-03-14T09:35:46.689+0000: 380.701: Total time for which application threads were stopped: 0.0006184 seconds, Stopping threads took: 0.0000771 seconds
2017-03-14T09:35:46.772+0000: 380.784: Total time for which application threads were stopped: 0.0003363 seconds, Stopping threads took: 0.0000270 seconds
2017-03-14T09:35:46.772+0000: 380.784: Total time for which application threads were stopped: 0.0000747 seconds, Stopping threads took: 0.0000152 seconds
2017-03-14T09:35:46.779+0000: 380.792: Total time for which application threads were stopped: 0.0001560 seconds, Stopping threads took: 0.0000298 seconds
2017-03-14T09:35:46.783+0000: 380.795: Total time for which application threads were stopped: 0.0001450 seconds, Stopping threads took: 0.0000289 seconds
{Heap before GC invocations=17 (full 1):
 par new generation   total 109248K, used 101967K [0x00000000e0000000, 0x00000000e8000000, 0x00000000e8000000)
  eden space 87424K,  99% used [0x00000000e0000000, 0x00000000e555f718, 0x00000000e5560000)
  from space 21824K,  66% used [0x00000000e6ab0000, 0x00000000e78e4870, 0x00000000e8000000)
  to   space 21824K,   0% used [0x00000000e5560000, 0x00000000e5560000, 0x00000000e6ab0000)
 concurrent mark-sweep generation total 393216K, used 15324K [0x00000000e8000000, 0x0000000100000000, 0x0000000100000000)
 Metaspace       used 37918K, capacity 38775K, committed 39004K, reserved 1083392K
  class space    used 4405K, capacity 4686K, committed 4728K, reserved 1048576K
2017-03-14T09:35:46.783+0000: 380.796: [GC (Allocation Failure) 2017-03-14T09:35:46.783+0000: 380.796: [ParNew
Desired survivor size 20112992 bytes, new threshold 8 (max 8)
- age   1:    6884032 bytes,    6884032 total
- age   2:     123432 bytes,    7007464 total
- age   3:      81272 bytes,    7088736 total
- age   4:     141856 bytes,    7230592 total
- age   5:    1412544 bytes,    8643136 total
- age   6:    1142552 bytes,    9785688 total
- age   7:      86184 bytes,    9871872 total
- age   8:      99416 bytes,    9971288 total
: 101967K->12485K(109248K), 0.0225893 secs] 117292K->27987K(502464K), 0.0226747 secs] [Times: user=0.07 sys=0.00, real=0.02 secs] 
Heap after GC invocations=18 (full 1):
 par new generation   total 109248K, used 12485K [0x00000000e0000000, 0x00000000e8000000, 0x00000000e8000000)
  eden space 87424K,   0% used [0x00000000e0000000, 0x00000000e0000000, 0x00000000e5560000)
  from space 21824K,  57% used [0x00000000e5560000, 0x00000000e6191718, 0x00000000e6ab0000)
  to   space 21824K,   0% used [0x00000000e6ab0000, 0x00000000e6ab0000, 0x00000000e8000000)
 concurrent mark-sweep generation total 393216K, used 15501K [0x00000000e8000000, 0x0000000100000000, 0x0000000100000000)
 Metaspace       used 37918K, capacity 38775K, committed 39004K, reserved 1083392K
  class space    used 4405K, capacity 4686K, committed 4728K, reserved 1048576K
}
2017-03-14T09:35:46.806+0000: 380.818: Total time for which application threads were stopped: 0.0228673 seconds, Stopping threads took: 0.0000227 seconds
2017-03-14T09:35:46.821+0000: 380.833: Total time for which application threads were stopped: 0.0001453 seconds, Stopping threads took: 0.0000269 seconds
2017-03-14T09:35:46.822+0000: 380.834: Total time for which application threads were stopped: 0.0000757 seconds, Stopping threads took: 0.0000122 seconds
2017-03-14T09:35:46.838+0000: 380.850: Total time for which application threads were stopped: 0.0001091 seconds, Stopping threads took: 0.0000180 seconds
2017-03-14T09:35:46.850+0000: 380.863: Total time for which application threads were stopped: 0.0001735 seconds, Stopping threads took: 0.0000279 seconds
2017-03-14T09:35:46.858+0000: 380.870: Total time for which application threads were stopped: 0.0000898 seconds, Stopping threads took: 0.0000188 seconds
2017-03-14T09:35:46.861+0000: 380.874: Total time for which application threads were stopped: 0.0001364 seconds, Stopping threads took: 0.0000221 seconds
2017-03-14T09:35:46.875+0000: 380.887: Total time for which application threads were stopped: 0.0001442 seconds, Stopping threads took: 0.0000247 seconds
2017-03-14T09:35:46.880+0000: 380.893: Total time for which application threads were stopped: 0.0002700 seconds, Stopping threads took: 0.0000976 seconds
2017-03-14T09:35:46.887+0000: 380.899: Total time for which application threads were stopped: 0.0001358 seconds, Stopping threads took: 0.0000237 seconds
2017-03-14T09:35:46.954+0000: 380.966: Total time for which application threads were stopped: 0.0009894 seconds, Stopping threads took: 0.0000449 seconds
2017-03-14T09:35:46.958+0000: 380.970: Total time for which application threads were stopped: 0.0004038 seconds, Stopping threads took: 0.0000320 seconds
2017-03-14T09:35:46.974+0000: 380.986: Total time for which application threads were stopped: 0.0001706 seconds, Stopping threads took: 0.0000280 seconds
2017-03-14T09:35:47.022+0000: 381.034: Total time for which application threads were stopped: 0.0001861 seconds, Stopping threads took: 0.0000333 seconds
2017-03-14T09:35:47.040+0000: 381.053: Total time for which application threads were stopped: 0.0001852 seconds, Stopping threads took: 0.0000306 seconds
2017-03-14T09:35:47.076+0000: 381.088: Total time for which application threads were stopped: 0.0001999 seconds, Stopping threads took: 0.0000356 seconds
2017-03-14T09:35:47.112+0000: 381.124: Total time for which application threads were stopped: 0.0001856 seconds, Stopping threads took: 0.0000363 seconds
2017-03-14T09:35:47.127+0000: 381.140: Total time for which application threads were stopped: 0.0001843 seconds, Stopping threads took: 0.0000307 seconds
2017-03-14T09:35:47.201+0000: 381.213: Total time for which application threads were stopped: 0.0001985 seconds, Stopping threads took: 0.0000322 seconds
2017-03-14T09:35:47.291+0000: 381.303: Total time for which application threads were stopped: 0.0001448 seconds, Stopping threads took: 0.0000261 seconds
2017-03-14T09:35:47.734+0000: 381.747: Total time for which application threads were stopped: 0.0002328 seconds, Stopping threads took: 0.0000324 seconds
2017-03-14T09:35:47.869+0000: 381.881: Total time for which application threads were stopped: 0.0006120 seconds, Stopping threads took: 0.0003560 seconds
2017-03-14T09:35:47.918+0000: 381.930: Total time for which application threads were stopped: 0.0045931 seconds, Stopping threads took: 0.0043471 seconds
2017-03-14T09:35:47.933+0000: 381.945: Total time for which application threads were stopped: 0.0002544 seconds, Stopping threads took: 0.0000524 seconds
2017-03-14T09:35:47.934+0000: 381.946: Total time for which application threads were stopped: 0.0002217 seconds, Stopping threads took: 0.0000443 seconds
2017-03-14T09:35:47.937+0000: 381.950: Total time for which application threads were stopped: 0.0002763 seconds, Stopping threads took: 0.0000592 seconds
2017-03-14T09:35:47.943+0000: 381.955: Total time for which application threads were stopped: 0.0010587 seconds, Stopping threads took: 0.0008307 seconds
2017-03-14T09:35:47.975+0000: 381.987: Total time for which application threads were stopped: 0.0049516 seconds, Stopping threads took: 0.0048094 seconds
2017-03-14T09:35:47.979+0000: 381.991: Total time for which application threads were stopped: 0.0035712 seconds, Stopping threads took: 0.0033273 seconds
{Heap before GC invocations=18 (full 1):
 par new generation   total 109248K, used 99908K [0x00000000e0000000, 0x00000000e8000000, 0x00000000e8000000)
  eden space 87424K,  99% used [0x00000000e0000000, 0x00000000e555fab8, 0x00000000e5560000)
  from space 21824K,  57% used [0x00000000e5560000, 0x00000000e6191718, 0x00000000e6ab0000)
  to   space 21824K,   0% used [0x00000000e6ab0000, 0x00000000e6ab0000, 0x00000000e8000000)
 concurrent mark-sweep generation total 393216K, used 15501K [0x00000000e8000000, 0x0000000100000000, 0x0000000100000000)
 Metaspace       used 40683K, capacity 41623K, committed 41948K, reserved 1085440K
  class space    used 4741K, capacity 5028K, committed 5112K, reserved 1048576K
2017-03-14T09:35:48.003+0000: 382.015: [GC (Allocation Failure) 2017-03-14T09:35:48.003+0000: 382.015: [ParNew
Desired survivor size 20112992 bytes, new threshold 8 (max 8)
- age   1:    6082280 bytes,    6082280 total
- age   2:    5822344 bytes,   11904624 total
- age   3:     123400 bytes,   12028024 total
- age   4:      81272 bytes,   12109296 total
- age   5:     141616 bytes,   12250912 total
- age   6:    1398048 bytes,   13648960 total
- age   7:    1142552 bytes,   14791512 total
- age   8:      86184 bytes,   14877696 total
: 99908K->18986K(109248K), 0.0515888 secs] 115410K->34587K(502464K), 0.0517101 secs] [Times: user=0.09 sys=0.00, real=0.05 secs] 
Heap after GC invocations=19 (full 1):
 par new generation   total 109248K, used 18986K [0x00000000e0000000, 0x00000000e8000000, 0x00000000e8000000)
  eden space 87424K,   0% used [0x00000000e0000000, 0x00000000e0000000, 0x00000000e5560000)
  from space 21824K,  86% used [0x00000000e6ab0000, 0x00000000e7d3a888, 0x00000000e8000000)
  to   space 21824K,   0% used [0x00000000e5560000, 0x00000000e5560000, 0x00000000e6ab0000)
 concurrent mark-sweep generation total 393216K, used 15601K [0x00000000e8000000, 0x0000000100000000, 0x0000000100000000)
 Metaspace       used 40683K, capacity 41623K, committed 41948K, reserved 1085440K
  class space    used 4741K, capacity 5028K, committed 5112K, reserved 1048576K
}
2017-03-14T09:35:48.055+0000: 382.067: Total time for which application threads were stopped: 0.0554139 seconds, Stopping threads took: 0.0033867 seconds
2017-03-14T09:35:48.209+0000: 382.221: Total time for which application threads were stopped: 0.0148142 seconds, Stopping threads took: 0.0146166 seconds
2017-03-14T09:35:48.307+0000: 382.319: Total time for which application threads were stopped: 0.0022265 seconds, Stopping threads took: 0.0015111 seconds
{Heap before GC invocations=19 (full 1):
 par new generation   total 109248K, used 106410K [0x00000000e0000000, 0x00000000e8000000, 0x00000000e8000000)
  eden space 87424K, 100% used [0x00000000e0000000, 0x00000000e5560000, 0x00000000e5560000)
  from space 21824K,  86% used [0x00000000e6ab0000, 0x00000000e7d3a888, 0x00000000e8000000)
  to   space 21824K,   0% used [0x00000000e5560000, 0x00000000e5560000, 0x00000000e6ab0000)
 concurrent mark-sweep generation total 393216K, used 15601K [0x00000000e8000000, 0x0000000100000000, 0x0000000100000000)
 Metaspace       used 40909K, capacity 41815K, committed 41948K, reserved 1085440K
  class space    used 4764K, capacity 5028K, committed 5112K, reserved 1048576K
2017-03-14T09:35:48.308+0000: 382.321: [GC (Allocation Failure) 2017-03-14T09:35:48.308+0000: 382.321: [ParNew
Desired survivor size 20112992 bytes, new threshold 8 (max 8)
- age   1:    3045152 bytes,    3045152 total
- age   2:    3772008 bytes,    6817160 total
- age   3:    5821728 bytes,   12638888 total
- age   4:     123400 bytes,   12762288 total
- age   5:      81272 bytes,   12843560 total
- age   6:     141568 bytes,   12985128 total
- age   7:    1398048 bytes,   14383176 total
- age   8:    1142552 bytes,   15525728 total
: 106410K->17291K(109248K), 0.0614160 secs] 122011K->32979K(502464K), 0.0615444 secs] [Times: user=0.11 sys=0.00, real=0.06 secs] 
Heap after GC invocations=20 (full 1):
 par new generation   total 109248K, used 17291K [0x00000000e0000000, 0x00000000e8000000, 0x00000000e8000000)
  eden space 87424K,   0% used [0x00000000e0000000, 0x00000000e0000000, 0x00000000e5560000)
  from space 21824K,  79% used [0x00000000e5560000, 0x00000000e6642f90, 0x00000000e6ab0000)
  to   space 21824K,   0% used [0x00000000e6ab0000, 0x00000000e6ab0000, 0x00000000e8000000)
 concurrent mark-sweep generation total 393216K, used 15687K [0x00000000e8000000, 0x0000000100000000, 0x0000000100000000)
 Metaspace       used 40909K, capacity 41815K, committed 41948K, reserved 1085440K
  class space    used 4764K, capacity 5028K, committed 5112K, reserved 1048576K
}
2017-03-14T09:35:48.370+0000: 382.382: Total time for which application threads were stopped: 0.0618324 seconds, Stopping threads took: 0.0000341 seconds
2017-03-14T09:35:48.382+0000: 382.394: Total time for which application threads were stopped: 0.0009193 seconds, Stopping threads took: 0.0000751 seconds
2017-03-14T09:35:48.571+0000: 382.583: Total time for which application threads were stopped: 0.0124386 seconds, Stopping threads took: 0.0122168 seconds
2017-03-14T09:35:48.587+0000: 382.599: Total time for which application threads were stopped: 0.0125461 seconds, Stopping threads took: 0.0116761 seconds
2017-03-14T09:35:48.590+0000: 382.602: Total time for which application threads were stopped: 0.0010544 seconds, Stopping threads took: 0.0000640 seconds
2017-03-14T09:35:48.594+0000: 382.607: Total time for which application threads were stopped: 0.0008931 seconds, Stopping threads took: 0.0000552 seconds
2017-03-14T09:35:48.695+0000: 382.707: Total time for which application threads were stopped: 0.0024911 seconds, Stopping threads took: 0.0019544 seconds
2017-03-14T09:35:48.779+0000: 382.791: Total time for which application threads were stopped: 0.0008497 seconds, Stopping threads took: 0.0006208 seconds
2017-03-14T09:35:48.818+0000: 382.831: Total time for which application threads were stopped: 0.0101506 seconds, Stopping threads took: 0.0098735 seconds
{Heap before GC invocations=20 (full 1):
 par new generation   total 109248K, used 104715K [0x00000000e0000000, 0x00000000e8000000, 0x00000000e8000000)
  eden space 87424K, 100% used [0x00000000e0000000, 0x00000000e5560000, 0x00000000e5560000)
  from space 21824K,  79% used [0x00000000e5560000, 0x00000000e6642f90, 0x00000000e6ab0000)
  to   space 21824K,   0% used [0x00000000e6ab0000, 0x00000000e6ab0000, 0x00000000e8000000)
 concurrent mark-sweep generation total 393216K, used 15687K [0x00000000e8000000, 0x0000000100000000, 0x0000000100000000)
 Metaspace       used 41077K, capacity 41987K, committed 42136K, reserved 1087488K
  class space    used 4779K, capacity 5062K, committed 5112K, reserved 1048576K
2017-03-14T09:35:48.864+0000: 382.876: [GC (Allocation Failure) 2017-03-14T09:35:48.864+0000: 382.876: [ParNew
Desired survivor size 20112992 bytes, new threshold 8 (max 8)
- age   1:    1109344 bytes,    1109344 total
- age   2:    2504232 bytes,    3613576 total
- age   3:    3698560 bytes,    7312136 total
- age   4:    5821656 bytes,   13133792 total
- age   5:     123400 bytes,   13257192 total
- age   6:      81272 bytes,   13338464 total
- age   7:     141568 bytes,   13480032 total
- age   8:    1398048 bytes,   14878080 total
: 104715K->19619K(109248K), 0.0467972 secs] 120403K->36431K(502464K), 0.0469117 secs] [Times: user=0.08 sys=0.00, real=0.05 secs] 
Heap after GC invocations=21 (full 1):
 par new generation   total 109248K, used 19619K [0x00000000e0000000, 0x00000000e8000000, 0x00000000e8000000)
  eden space 87424K,   0% used [0x00000000e0000000, 0x00000000e0000000, 0x00000000e5560000)
  from space 21824K,  89% used [0x00000000e6ab0000, 0x00000000e7dd8d50, 0x00000000e8000000)
  to   space 21824K,   0% used [0x00000000e5560000, 0x00000000e5560000, 0x00000000e6ab0000)
 concurrent mark-sweep generation total 393216K, used 16811K [0x00000000e8000000, 0x0000000100000000, 0x0000000100000000)
 Metaspace       used 41077K, capacity 41987K, committed 42136K, reserved 1087488K
  class space    used 4779K, capacity 5062K, committed 5112K, reserved 1048576K
}
2017-03-14T09:35:48.911+0000: 382.923: Total time for which application threads were stopped: 0.0472720 seconds, Stopping threads took: 0.0000524 seconds
2017-03-14T09:35:49.161+0000: 383.173: Total time for which application threads were stopped: 0.0002160 seconds, Stopping threads took: 0.0000626 seconds
2017-03-14T09:35:49.215+0000: 383.228: Total time for which application threads were stopped: 0.0001930 seconds, Stopping threads took: 0.0000317 seconds
2017-03-14T09:35:49.552+0000: 383.565: Total time for which application threads were stopped: 0.0002001 seconds, Stopping threads took: 0.0000260 seconds
2017-03-14T09:35:49.559+0000: 383.571: Total time for which application threads were stopped: 0.0001703 seconds, Stopping threads took: 0.0000498 seconds
2017-03-14T09:35:49.560+0000: 383.572: Total time for which application threads were stopped: 0.0001298 seconds, Stopping threads took: 0.0000207 seconds
2017-03-14T09:35:49.560+0000: 383.572: Total time for which application threads were stopped: 0.0000651 seconds, Stopping threads took: 0.0000122 seconds
2017-03-14T09:35:49.561+0000: 383.574: Total time for which application threads were stopped: 0.0001361 seconds, Stopping threads took: 0.0000209 seconds
2017-03-14T09:35:49.563+0000: 383.576: Total time for which application threads were stopped: 0.0002066 seconds, Stopping threads took: 0.0000522 seconds
2017-03-14T09:35:49.578+0000: 383.591: Total time for which application threads were stopped: 0.0001561 seconds, Stopping threads took: 0.0000233 seconds
2017-03-14T09:35:49.579+0000: 383.591: Total time for which application threads were stopped: 0.0000633 seconds, Stopping threads took: 0.0000111 seconds
2017-03-14T09:35:49.579+0000: 383.591: Total time for which application threads were stopped: 0.0000578 seconds, Stopping threads took: 0.0000086 seconds
2017-03-14T09:35:49.674+0000: 383.687: Total time for which application threads were stopped: 0.0002200 seconds, Stopping threads took: 0.0000328 seconds
2017-03-14T09:35:49.674+0000: 383.687: Total time for which application threads were stopped: 0.0001057 seconds, Stopping threads took: 0.0000285 seconds
2017-03-14T09:35:49.675+0000: 383.687: Total time for which application threads were stopped: 0.0001394 seconds, Stopping threads took: 0.0000217 seconds
2017-03-14T09:35:49.675+0000: 383.687: Total time for which application threads were stopped: 0.0000918 seconds, Stopping threads took: 0.0000141 seconds
2017-03-14T09:35:49.675+0000: 383.688: Total time for which application threads were stopped: 0.0001277 seconds, Stopping threads took: 0.0000461 seconds
2017-03-14T09:35:49.677+0000: 383.689: Total time for which application threads were stopped: 0.0001929 seconds, Stopping threads took: 0.0000348 seconds
2017-03-14T09:35:49.690+0000: 383.703: Total time for which application threads were stopped: 0.0004801 seconds, Stopping threads took: 0.0000702 seconds
{Heap before GC invocations=21 (full 1):
 par new generation   total 109248K, used 107043K [0x00000000e0000000, 0x00000000e8000000, 0x00000000e8000000)
  eden space 87424K, 100% used [0x00000000e0000000, 0x00000000e5560000, 0x00000000e5560000)
  from space 21824K,  89% used [0x00000000e6ab0000, 0x00000000e7dd8d50, 0x00000000e8000000)
  to   space 21824K,   0% used [0x00000000e5560000, 0x00000000e5560000, 0x00000000e6ab0000)
 concurrent mark-sweep generation total 393216K, used 16811K [0x00000000e8000000, 0x0000000100000000, 0x0000000100000000)
 Metaspace       used 41401K, capacity 42425K, committed 42468K, reserved 1087488K
  class space    used 4808K, capacity 5103K, committed 5112K, reserved 1048576K
2017-03-14T09:35:49.693+0000: 383.706: [GC (Allocation Failure) 2017-03-14T09:35:49.693+0000: 383.706: [ParNew
Desired survivor size 20112992 bytes, new threshold 8 (max 8)
- age   1:    2548536 bytes,    2548536 total
- age   2:     828080 bytes,    3376616 total
- age   3:    2503032 bytes,    5879648 total
- age   4:    2516384 bytes,    8396032 total
- age   5:    5816528 bytes,   14212560 total
- age   6:     123400 bytes,   14335960 total
- age   7:      81272 bytes,   14417232 total
- age   8:     141472 bytes,   14558704 total
: 107043K->19140K(109248K), 0.0330176 secs] 123855K->37319K(502464K), 0.0331066 secs] [Times: user=0.07 sys=0.00, real=0.03 secs] 
Heap after GC invocations=22 (full 1):
 par new generation   total 109248K, used 19140K [0x00000000e0000000, 0x00000000e8000000, 0x00000000e8000000)
  eden space 87424K,   0% used [0x00000000e0000000, 0x00000000e0000000, 0x00000000e5560000)
  from space 21824K,  87% used [0x00000000e5560000, 0x00000000e6811188, 0x00000000e6ab0000)
  to   space 21824K,   0% used [0x00000000e6ab0000, 0x00000000e6ab0000, 0x00000000e8000000)
 concurrent mark-sweep generation total 393216K, used 18179K [0x00000000e8000000, 0x0000000100000000, 0x0000000100000000)
 Metaspace       used 41401K, capacity 42425K, committed 42468K, reserved 1087488K
  class space    used 4808K, capacity 5103K, committed 5112K, reserved 1048576K
}
2017-03-14T09:35:49.727+0000: 383.739: Total time for which application threads were stopped: 0.0334550 seconds, Stopping threads took: 0.0000413 seconds
2017-03-14T09:35:49.733+0000: 383.745: [GC (CMS Initial Mark) [1 CMS-initial-mark: 18179K(393216K)] 37805K(502464K), 0.0067086 secs] [Times: user=0.02 sys=0.00, real=0.00 secs] 
2017-03-14T09:35:49.740+0000: 383.752: Total time for which application threads were stopped: 0.0072790 seconds, Stopping threads took: 0.0003718 seconds
2017-03-14T09:35:49.740+0000: 383.752: [CMS-concurrent-mark-start]
2017-03-14T09:35:49.757+0000: 383.770: Total time for which application threads were stopped: 0.0002003 seconds, Stopping threads took: 0.0000462 seconds
2017-03-14T09:35:49.808+0000: 383.820: [CMS-concurrent-mark: 0.067/0.068 secs] [Times: user=0.22 sys=0.00, real=0.07 secs] 
2017-03-14T09:35:49.808+0000: 383.820: [CMS-concurrent-preclean-start]
2017-03-14T09:35:49.809+0000: 383.822: [CMS-concurrent-preclean: 0.002/0.002 secs] [Times: user=0.01 sys=0.00, real=0.00 secs] 
2017-03-14T09:35:49.809+0000: 383.822: [CMS-concurrent-abortable-preclean-start]
2017-03-14T09:35:49.829+0000: 383.841: Total time for which application threads were stopped: 0.0002702 seconds, Stopping threads took: 0.0000395 seconds
2017-03-14T09:35:49.903+0000: 383.915: Total time for which application threads were stopped: 0.0002260 seconds, Stopping threads took: 0.0000361 seconds
2017-03-14T09:35:49.967+0000: 383.979: Total time for which application threads were stopped: 0.0002449 seconds, Stopping threads took: 0.0000411 seconds
2017-03-14T09:35:50.035+0000: 384.047: Total time for which application threads were stopped: 0.0002093 seconds, Stopping threads took: 0.0000331 seconds
2017-03-14T09:35:50.106+0000: 384.118: Total time for which application threads were stopped: 0.0002305 seconds, Stopping threads took: 0.0000449 seconds
2017-03-14T09:35:50.113+0000: 384.125: Total time for which application threads were stopped: 0.0002254 seconds, Stopping threads took: 0.0000461 seconds
2017-03-14T09:35:50.605+0000: 384.617: Total time for which application threads were stopped: 0.0002078 seconds, Stopping threads took: 0.0000394 seconds
2017-03-14T09:35:50.605+0000: 384.618: Total time for which application threads were stopped: 0.0000829 seconds, Stopping threads took: 0.0000128 seconds
2017-03-14T09:35:50.606+0000: 384.618: Total time for which application threads were stopped: 0.0001393 seconds, Stopping threads took: 0.0000194 seconds
2017-03-14T09:35:50.618+0000: 384.631: Total time for which application threads were stopped: 0.0001714 seconds, Stopping threads took: 0.0000490 seconds
2017-03-14T09:35:50.690+0000: 384.702: Total time for which application threads were stopped: 0.0002318 seconds, Stopping threads took: 0.0000684 seconds
2017-03-14T09:35:50.711+0000: 384.724: Total time for which application threads were stopped: 0.0001892 seconds, Stopping threads took: 0.0000323 seconds
2017-03-14T09:35:50.711+0000: 384.724: Total time for which application threads were stopped: 0.0000845 seconds, Stopping threads took: 0.0000288 seconds
2017-03-14T09:35:50.712+0000: 384.724: Total time for which application threads were stopped: 0.0000714 seconds, Stopping threads took: 0.0000187 seconds
2017-03-14T09:35:50.712+0000: 384.724: Total time for which application threads were stopped: 0.0000592 seconds, Stopping threads took: 0.0000100 seconds
2017-03-14T09:35:50.712+0000: 384.724: Total time for which application threads were stopped: 0.0000578 seconds, Stopping threads took: 0.0000093 seconds
2017-03-14T09:35:50.712+0000: 384.724: Total time for which application threads were stopped: 0.0000579 seconds, Stopping threads took: 0.0000092 seconds
2017-03-14T09:35:50.712+0000: 384.724: Total time for which application threads were stopped: 0.0000581 seconds, Stopping threads took: 0.0000090 seconds
2017-03-14T09:35:50.712+0000: 384.724: Total time for which application threads were stopped: 0.0000577 seconds, Stopping threads took: 0.0000097 seconds
2017-03-14T09:35:50.712+0000: 384.724: Total time for which application threads were stopped: 0.0000581 seconds, Stopping threads took: 0.0000099 seconds
2017-03-14T09:35:50.712+0000: 384.724: Total time for which application threads were stopped: 0.0000587 seconds, Stopping threads took: 0.0000099 seconds
2017-03-14T09:35:50.712+0000: 384.725: Total time for which application threads were stopped: 0.0000609 seconds, Stopping threads took: 0.0000102 seconds
2017-03-14T09:35:50.712+0000: 384.725: Total time for which application threads were stopped: 0.0000578 seconds, Stopping threads took: 0.0000095 seconds
2017-03-14T09:35:50.712+0000: 384.725: Total time for which application threads were stopped: 0.0000584 seconds, Stopping threads took: 0.0000102 seconds
2017-03-14T09:35:50.716+0000: 384.728: Total time for which application threads were stopped: 0.0001885 seconds, Stopping threads took: 0.0000335 seconds
2017-03-14T09:35:50.716+0000: 384.729: Total time for which application threads were stopped: 0.0001033 seconds, Stopping threads took: 0.0000147 seconds
2017-03-14T09:35:50.716+0000: 384.729: Total time for which application threads were stopped: 0.0001231 seconds, Stopping threads took: 0.0000127 seconds
2017-03-14T09:35:50.717+0000: 384.729: Total time for which application threads were stopped: 0.0000944 seconds, Stopping threads took: 0.0000132 seconds
2017-03-14T09:35:50.717+0000: 384.729: Total time for which application threads were stopped: 0.0000856 seconds, Stopping threads took: 0.0000119 seconds
2017-03-14T09:35:50.717+0000: 384.729: Total time for which application threads were stopped: 0.0000838 seconds, Stopping threads took: 0.0000120 seconds
2017-03-14T09:35:50.717+0000: 384.729: Total time for which application threads were stopped: 0.0003454 seconds, Stopping threads took: 0.0000105 seconds
2017-03-14T09:35:50.730+0000: 384.743: Total time for which application threads were stopped: 0.0001886 seconds, Stopping threads took: 0.0000477 seconds
2017-03-14T09:35:50.736+0000: 384.749: Total time for which application threads were stopped: 0.0002150 seconds, Stopping threads took: 0.0000680 seconds
2017-03-14T09:35:50.736+0000: 384.749: Total time for which application threads were stopped: 0.0000869 seconds, Stopping threads took: 0.0000279 seconds
2017-03-14T09:35:50.737+0000: 384.749: Total time for which application threads were stopped: 0.0000783 seconds, Stopping threads took: 0.0000237 seconds
2017-03-14T09:35:50.737+0000: 384.749: Total time for which application threads were stopped: 0.0000865 seconds, Stopping threads took: 0.0000297 seconds
2017-03-14T09:35:50.737+0000: 384.749: Total time for which application threads were stopped: 0.0000717 seconds, Stopping threads took: 0.0000191 seconds
2017-03-14T09:35:50.737+0000: 384.749: Total time for which application threads were stopped: 0.0000714 seconds, Stopping threads took: 0.0000181 seconds
2017-03-14T09:35:50.737+0000: 384.749: Total time for which application threads were stopped: 0.0000713 seconds, Stopping threads took: 0.0000192 seconds
2017-03-14T09:35:50.737+0000: 384.749: Total time for which application threads were stopped: 0.0000721 seconds, Stopping threads took: 0.0000200 seconds
2017-03-14T09:35:50.737+0000: 384.749: Total time for which application threads were stopped: 0.0000725 seconds, Stopping threads took: 0.0000195 seconds
2017-03-14T09:35:50.737+0000: 384.750: Total time for which application threads were stopped: 0.0000850 seconds, Stopping threads took: 0.0000210 seconds
2017-03-14T09:35:50.737+0000: 384.750: Total time for which application threads were stopped: 0.0000726 seconds, Stopping threads took: 0.0000197 seconds
2017-03-14T09:35:50.738+0000: 384.750: Total time for which application threads were stopped: 0.0000707 seconds, Stopping threads took: 0.0000190 seconds
2017-03-14T09:35:50.738+0000: 384.750: Total time for which application threads were stopped: 0.0000726 seconds, Stopping threads took: 0.0000193 seconds
2017-03-14T09:35:50.738+0000: 384.750: Total time for which application threads were stopped: 0.0000625 seconds, Stopping threads took: 0.0000111 seconds
2017-03-14T09:35:50.738+0000: 384.750: Total time for which application threads were stopped: 0.0000628 seconds, Stopping threads took: 0.0000110 seconds
2017-03-14T09:35:50.738+0000: 384.750: Total time for which application threads were stopped: 0.0000620 seconds, Stopping threads took: 0.0000112 seconds
2017-03-14T09:35:50.738+0000: 384.750: Total time for which application threads were stopped: 0.0000613 seconds, Stopping threads took: 0.0000108 seconds
2017-03-14T09:35:50.738+0000: 384.750: Total time for which application threads were stopped: 0.0000644 seconds, Stopping threads took: 0.0000109 seconds
2017-03-14T09:35:50.738+0000: 384.751: Total time for which application threads were stopped: 0.0000621 seconds, Stopping threads took: 0.0000111 seconds
2017-03-14T09:35:50.738+0000: 384.751: Total time for which application threads were stopped: 0.0002533 seconds, Stopping threads took: 0.0000195 seconds
2017-03-14T09:35:50.749+0000: 384.761: Total time for which application threads were stopped: 0.0002145 seconds, Stopping threads took: 0.0000493 seconds
2017-03-14T09:35:50.751+0000: 384.763: Total time for which application threads were stopped: 0.0001940 seconds, Stopping threads took: 0.0000571 seconds
2017-03-14T09:35:50.751+0000: 384.764: Total time for which application threads were stopped: 0.0000824 seconds, Stopping threads took: 0.0000151 seconds
2017-03-14T09:35:50.751+0000: 384.764: Total time for which application threads were stopped: 0.0000739 seconds, Stopping threads took: 0.0000197 seconds
2017-03-14T09:35:50.752+0000: 384.764: Total time for which application threads were stopped: 0.0000854 seconds, Stopping threads took: 0.0000249 seconds
2017-03-14T09:35:50.753+0000: 384.765: Total time for which application threads were stopped: 0.0001457 seconds, Stopping threads took: 0.0000270 seconds
2017-03-14T09:35:50.765+0000: 384.777: Total time for which application threads were stopped: 0.0002070 seconds, Stopping threads took: 0.0000606 seconds
2017-03-14T09:35:50.779+0000: 384.792: Total time for which application threads were stopped: 0.0001808 seconds, Stopping threads took: 0.0000334 seconds
2017-03-14T09:35:50.779+0000: 384.792: Total time for which application threads were stopped: 0.0000701 seconds, Stopping threads took: 0.0000135 seconds
2017-03-14T09:35:50.780+0000: 384.792: Total time for which application threads were stopped: 0.0000617 seconds, Stopping threads took: 0.0000104 seconds
2017-03-14T09:35:50.780+0000: 384.792: Total time for which application threads were stopped: 0.0000613 seconds, Stopping threads took: 0.0000104 seconds
2017-03-14T09:35:50.780+0000: 384.792: Total time for which application threads were stopped: 0.0000618 seconds, Stopping threads took: 0.0000103 seconds
2017-03-14T09:35:50.780+0000: 384.792: Total time for which application threads were stopped: 0.0000696 seconds, Stopping threads took: 0.0000123 seconds
2017-03-14T09:35:50.780+0000: 384.792: Total time for which application threads were stopped: 0.0000658 seconds, Stopping threads took: 0.0000106 seconds
2017-03-14T09:35:50.780+0000: 384.792: Total time for which application threads were stopped: 0.0000649 seconds, Stopping threads took: 0.0000110 seconds
2017-03-14T09:35:50.780+0000: 384.792: Total time for which application threads were stopped: 0.0000618 seconds, Stopping threads took: 0.0000110 seconds
2017-03-14T09:35:50.780+0000: 384.793: Total time for which application threads were stopped: 0.0000635 seconds, Stopping threads took: 0.0000109 seconds
2017-03-14T09:35:50.780+0000: 384.793: Total time for which application threads were stopped: 0.0000654 seconds, Stopping threads took: 0.0000110 seconds
2017-03-14T09:35:50.780+0000: 384.793: Total time for which application threads were stopped: 0.0000617 seconds, Stopping threads took: 0.0000106 seconds
2017-03-14T09:35:50.781+0000: 384.793: Total time for which application threads were stopped: 0.0000641 seconds, Stopping threads took: 0.0000126 seconds
2017-03-14T09:35:50.781+0000: 384.793: Total time for which application threads were stopped: 0.0000807 seconds, Stopping threads took: 0.0000142 seconds
2017-03-14T09:35:50.781+0000: 384.793: Total time for which application threads were stopped: 0.0000725 seconds, Stopping threads took: 0.0000118 seconds
2017-03-14T09:35:50.781+0000: 384.794: Total time for which application threads were stopped: 0.0000623 seconds, Stopping threads took: 0.0000108 seconds
2017-03-14T09:35:50.781+0000: 384.794: Total time for which application threads were stopped: 0.0000617 seconds, Stopping threads took: 0.0000102 seconds
2017-03-14T09:35:50.781+0000: 384.794: Total time for which application threads were stopped: 0.0000616 seconds, Stopping threads took: 0.0000105 seconds
2017-03-14T09:35:50.782+0000: 384.794: Total time for which application threads were stopped: 0.0000630 seconds, Stopping threads took: 0.0000103 seconds
2017-03-14T09:35:50.782+0000: 384.794: Total time for which application threads were stopped: 0.0002526 seconds, Stopping threads took: 0.0000106 seconds
2017-03-14T09:35:50.786+0000: 384.798: Total time for which application threads were stopped: 0.0001739 seconds, Stopping threads took: 0.0000333 seconds
2017-03-14T09:35:50.789+0000: 384.801: Total time for which application threads were stopped: 0.0002126 seconds, Stopping threads took: 0.0000496 seconds
2017-03-14T09:35:50.806+0000: 384.819: Total time for which application threads were stopped: 0.0002052 seconds, Stopping threads took: 0.0000309 seconds
2017-03-14T09:35:50.914+0000: 384.926: Total time for which application threads were stopped: 0.0005461 seconds, Stopping threads took: 0.0003236 seconds
2017-03-14T09:35:50.914+0000: 384.926: Total time for which application threads were stopped: 0.0001987 seconds, Stopping threads took: 0.0000215 seconds
2017-03-14T09:35:50.916+0000: 384.929: Total time for which application threads were stopped: 0.0002102 seconds, Stopping threads took: 0.0000379 seconds
{Heap before GC invocations=22 (full 2):
 par new generation   total 109248K, used 106564K [0x00000000e0000000, 0x00000000e8000000, 0x00000000e8000000)
  eden space 87424K, 100% used [0x00000000e0000000, 0x00000000e5560000, 0x00000000e5560000)
  from space 21824K,  87% used [0x00000000e5560000, 0x00000000e6811188, 0x00000000e6ab0000)
  to   space 21824K,   0% used [0x00000000e6ab0000, 0x00000000e6ab0000, 0x00000000e8000000)
 concurrent mark-sweep generation total 393216K, used 18179K [0x00000000e8000000, 0x0000000100000000, 0x0000000100000000)
 Metaspace       used 43429K, capacity 44433K, committed 44716K, reserved 1089536K
  class space    used 5026K, capacity 5309K, committed 5340K, reserved 1048576K
2017-03-14T09:35:51.046+0000: 385.059: [GC (Allocation Failure) 2017-03-14T09:35:51.046+0000: 385.059: [ParNew
Desired survivor size 20112992 bytes, new threshold 8 (max 8)
- age   1:    4720744 bytes,    4720744 total
- age   2:    1551456 bytes,    6272200 total
- age   3:     828064 bytes,    7100264 total
- age   4:    2503000 bytes,    9603264 total
- age   5:    2515120 bytes,   12118384 total
- age   6:    5777672 bytes,   17896056 total
- age   7:     123400 bytes,   18019456 total
- age   8:      81208 bytes,   18100664 total
: 106564K->19777K(109248K), 0.1300141 secs] 124743K->38097K(502464K), 0.1301352 secs] [Times: user=0.19 sys=0.00, real=0.13 secs] 
Heap after GC invocations=23 (full 2):
 par new generation   total 109248K, used 19777K [0x00000000e0000000, 0x00000000e8000000, 0x00000000e8000000)
  eden space 87424K,   0% used [0x00000000e0000000, 0x00000000e0000000, 0x00000000e5560000)
  from space 21824K,  90% used [0x00000000e6ab0000, 0x00000000e7e00538, 0x00000000e8000000)
  to   space 21824K,   0% used [0x00000000e5560000, 0x00000000e5560000, 0x00000000e6ab0000)
 concurrent mark-sweep generation total 393216K, used 18320K [0x00000000e8000000, 0x0000000100000000, 0x0000000100000000)
 Metaspace       used 43429K, capacity 44433K, committed 44716K, reserved 1089536K
  class space    used 5026K, capacity 5309K, committed 5340K, reserved 1048576K
}
2017-03-14T09:35:51.177+0000: 385.189: Total time for which application threads were stopped: 0.1305018 seconds, Stopping threads took: 0.0000348 seconds
2017-03-14T09:35:51.183+0000: 385.195: [CMS-concurrent-abortable-preclean: 1.116/1.373 secs] [Times: user=4.22 sys=0.05, real=1.38 secs] 
2017-03-14T09:35:51.184+0000: 385.196: [GC (CMS Final Remark) [YG occupancy: 24182 K (109248 K)]{Heap before GC invocations=23 (full 2):
 par new generation   total 109248K, used 24182K [0x00000000e0000000, 0x00000000e8000000, 0x00000000e8000000)
  eden space 87424K,   5% used [0x00000000e0000000, 0x00000000e044d2d8, 0x00000000e5560000)
  from space 21824K,  90% used [0x00000000e6ab0000, 0x00000000e7e00538, 0x00000000e8000000)
  to   space 21824K,   0% used [0x00000000e5560000, 0x00000000e5560000, 0x00000000e6ab0000)
 concurrent mark-sweep generation total 393216K, used 18320K [0x00000000e8000000, 0x0000000100000000, 0x0000000100000000)
 Metaspace       used 43429K, capacity 44433K, committed 44716K, reserved 1089536K
  class space    used 5026K, capacity 5309K, committed 5340K, reserved 1048576K
2017-03-14T09:35:51.184+0000: 385.196: [GC (CMS Final Remark) 2017-03-14T09:35:51.184+0000: 385.196: [ParNew
Desired survivor size 20112992 bytes, new threshold 8 (max 8)
- age   1:     175728 bytes,     175728 total
- age   2:    3098904 bytes,    3274632 total
- age   3:    1551456 bytes,    4826088 total
- age   4:     828064 bytes,    5654152 total
- age   5:    2503000 bytes,    8157152 total
- age   6:    2515120 bytes,   10672272 total
- age   7:    5777672 bytes,   16449944 total
- age   8:     123400 bytes,   16573344 total
: 24182K->19838K(109248K), 0.0745668 secs] 42502K->38239K(502464K), 0.0746581 secs] [Times: user=0.09 sys=0.00, real=0.07 secs] 
Heap after GC invocations=24 (full 2):
 par new generation   total 109248K, used 19838K [0x00000000e0000000, 0x00000000e8000000, 0x00000000e8000000)
  eden space 87424K,   0% used [0x00000000e0000000, 0x00000000e0000000, 0x00000000e5560000)
  from space 21824K,  90% used [0x00000000e5560000, 0x00000000e68bf8d0, 0x00000000e6ab0000)
  to   space 21824K,   0% used [0x00000000e6ab0000, 0x00000000e6ab0000, 0x00000000e8000000)
 concurrent mark-sweep generation total 393216K, used 18401K [0x00000000e8000000, 0x0000000100000000, 0x0000000100000000)
 Metaspace       used 43429K, capacity 44433K, committed 44716K, reserved 1089536K
  class space    used 5026K, capacity 5309K, committed 5340K, reserved 1048576K
}
2017-03-14T09:35:51.258+0000: 385.271: [Rescan (parallel) , 0.0198773 secs]2017-03-14T09:35:51.278+0000: 385.291: [weak refs processing, 0.0100027 secs]2017-03-14T09:35:51.288+0000: 385.301: [class unloading, 0.0147655 secs]2017-03-14T09:35:51.303+0000: 385.315: [scrub symbol table, 0.0116801 secs]2017-03-14T09:35:51.315+0000: 385.327: [scrub string table, 0.0015395 secs][1 CMS-remark: 18401K(393216K)] 38239K(502464K), 0.1350133 secs] [Times: user=0.16 sys=0.00, real=0.13 secs] 
2017-03-14T09:35:51.319+0000: 385.331: Total time for which application threads were stopped: 0.1356819 seconds, Stopping threads took: 0.0004132 seconds
2017-03-14T09:35:51.322+0000: 385.335: [CMS-concurrent-sweep-start]
2017-03-14T09:35:51.346+0000: 385.358: [CMS-concurrent-sweep: 0.024/0.024 secs] [Times: user=0.05 sys=0.00, real=0.02 secs] 
2017-03-14T09:35:51.346+0000: 385.358: [CMS-concurrent-reset-start]
2017-03-14T09:35:51.362+0000: 385.374: [CMS-concurrent-reset: 0.016/0.016 secs] [Times: user=0.04 sys=0.00, real=0.02 secs] 
{Heap before GC invocations=24 (full 2):
 par new generation   total 109248K, used 107262K [0x00000000e0000000, 0x00000000e8000000, 0x00000000e8000000)
  eden space 87424K, 100% used [0x00000000e0000000, 0x00000000e5560000, 0x00000000e5560000)
  from space 21824K,  90% used [0x00000000e5560000, 0x00000000e68bf8d0, 0x00000000e6ab0000)
  to   space 21824K,   0% used [0x00000000e6ab0000, 0x00000000e6ab0000, 0x00000000e8000000)
 concurrent mark-sweep generation total 393216K, used 17960K [0x00000000e8000000, 0x0000000100000000, 0x0000000100000000)
 Metaspace       used 43426K, capacity 44407K, committed 44716K, reserved 1089536K
  class space    used 5024K, capacity 5304K, committed 5340K, reserved 1048576K
2017-03-14T09:35:51.470+0000: 385.482: [GC (Allocation Failure) 2017-03-14T09:35:51.470+0000: 385.482: [ParNew
Desired survivor size 20112992 bytes, new threshold 8 (max 8)
- age   1:     871168 bytes,     871168 total
- age   2:       3936 bytes,     875104 total
- age   3:    3096528 bytes,    3971632 total
- age   4:    1347304 bytes,    5318936 total
- age   5:     828064 bytes,    6147000 total
- age   6:    2503000 bytes,    8650000 total
- age   7:    2514864 bytes,   11164864 total
- age   8:    5752704 bytes,   16917568 total
: 107262K->21824K(109248K), 0.0450735 secs] 125222K->39907K(502464K), 0.0452023 secs] [Times: user=0.12 sys=0.00, real=0.05 secs] 
Heap after GC invocations=25 (full 2):
 par new generation   total 109248K, used 21824K [0x00000000e0000000, 0x00000000e8000000, 0x00000000e8000000)
  eden space 87424K,   0% used [0x00000000e0000000, 0x00000000e0000000, 0x00000000e5560000)
  from space 21824K, 100% used [0x00000000e6ab0000, 0x00000000e8000000, 0x00000000e8000000)
  to   space 21824K,   0% used [0x00000000e5560000, 0x00000000e5560000, 0x00000000e6ab0000)
 concurrent mark-sweep generation total 393216K, used 18083K [0x00000000e8000000, 0x0000000100000000, 0x0000000100000000)
 Metaspace       used 43426K, capacity 44407K, committed 44716K, reserved 1089536K
  class space    used 5024K, capacity 5304K, committed 5340K, reserved 1048576K
}
2017-03-14T09:35:51.515+0000: 385.527: Total time for which application threads were stopped: 0.0517769 seconds, Stopping threads took: 0.0061438 seconds
{Heap before GC invocations=25 (full 2):
 par new generation   total 109248K, used 109248K [0x00000000e0000000, 0x00000000e8000000, 0x00000000e8000000)
  eden space 87424K, 100% used [0x00000000e0000000, 0x00000000e5560000, 0x00000000e5560000)
  from space 21824K, 100% used [0x00000000e6ab0000, 0x00000000e8000000, 0x00000000e8000000)
  to   space 21824K,   0% used [0x00000000e5560000, 0x00000000e5560000, 0x00000000e6ab0000)
 concurrent mark-sweep generation total 393216K, used 18083K [0x00000000e8000000, 0x0000000100000000, 0x0000000100000000)
 Metaspace       used 43428K, capacity 44407K, committed 44716K, reserved 1089536K
  class space    used 5024K, capacity 5304K, committed 5340K, reserved 1048576K
2017-03-14T09:35:51.625+0000: 385.637: [GC (Allocation Failure) 2017-03-14T09:35:51.625+0000: 385.637: [ParNew
Desired survivor size 20112992 bytes, new threshold 8 (max 8)
- age   1:     810968 bytes,     810968 total
- age   2:     661064 bytes,    1472032 total
- age   3:       3912 bytes,    1475944 total
- age   4:    2535936 bytes,    4011880 total
- age   5:    1347304 bytes,    5359184 total
- age   6:     828064 bytes,    6187248 total
- age   7:    2503000 bytes,    8690248 total
- age   8:    2514864 bytes,   11205112 total
: 109248K->14746K(109248K), 0.0702778 secs] 127331K->38471K(502464K), 0.0703933 secs] [Times: user=0.11 sys=0.00, real=0.07 secs] 
Heap after GC invocations=26 (full 2):
 par new generation   total 109248K, used 14746K [0x00000000e0000000, 0x00000000e8000000, 0x00000000e8000000)
  eden space 87424K,   0% used [0x00000000e0000000, 0x00000000e0000000, 0x00000000e5560000)
  from space 21824K,  67% used [0x00000000e5560000, 0x00000000e63c6b80, 0x00000000e6ab0000)
  to   space 21824K,   0% used [0x00000000e6ab0000, 0x00000000e6ab0000, 0x00000000e8000000)
 concurrent mark-sweep generation total 393216K, used 23724K [0x00000000e8000000, 0x0000000100000000, 0x0000000100000000)
 Metaspace       used 43428K, capacity 44407K, committed 44716K, reserved 1089536K
  class space    used 5024K, capacity 5304K, committed 5340K, reserved 1048576K
}
2017-03-14T09:35:51.695+0000: 385.707: Total time for which application threads were stopped: 0.0767779 seconds, Stopping threads took: 0.0060543 seconds
2017-03-14T09:35:51.706+0000: 385.719: Total time for which application threads were stopped: 0.0002097 seconds, Stopping threads took: 0.0000338 seconds
2017-03-14T09:35:51.709+0000: 385.721: Total time for which application threads were stopped: 0.0002226 seconds, Stopping threads took: 0.0000577 seconds
2017-03-14T09:35:51.709+0000: 385.721: Total time for which application threads were stopped: 0.0001090 seconds, Stopping threads took: 0.0000310 seconds
2017-03-14T09:35:51.709+0000: 385.721: Total time for which application threads were stopped: 0.0001331 seconds, Stopping threads took: 0.0000329 seconds
2017-03-14T09:35:51.716+0000: 385.728: Total time for which application threads were stopped: 0.0002537 seconds, Stopping threads took: 0.0000595 seconds
2017-03-14T09:35:51.769+0000: 385.781: Total time for which application threads were stopped: 0.0003605 seconds, Stopping threads took: 0.0001617 seconds
2017-03-14T09:35:51.769+0000: 385.781: Total time for which application threads were stopped: 0.0001955 seconds, Stopping threads took: 0.0000998 seconds
2017-03-14T09:35:51.934+0000: 385.946: Total time for which application threads were stopped: 0.0002856 seconds, Stopping threads took: 0.0000519 seconds
2017-03-14T09:35:51.946+0000: 385.959: Total time for which application threads were stopped: 0.0009231 seconds, Stopping threads took: 0.0000352 seconds
2017-03-14T09:35:51.949+0000: 385.961: Total time for which application threads were stopped: 0.0002751 seconds, Stopping threads took: 0.0000507 seconds
2017-03-14T09:35:51.950+0000: 385.962: Total time for which application threads were stopped: 0.0003457 seconds, Stopping threads took: 0.0001563 seconds
2017-03-14T09:35:51.958+0000: 385.970: Total time for which application threads were stopped: 0.0008583 seconds, Stopping threads took: 0.0006341 seconds
2017-03-14T09:35:51.962+0000: 385.975: Total time for which application threads were stopped: 0.0002164 seconds, Stopping threads took: 0.0000352 seconds
2017-03-14T09:35:51.980+0000: 385.993: Total time for which application threads were stopped: 0.0010701 seconds, Stopping threads took: 0.0000590 seconds
2017-03-14T09:35:51.995+0000: 386.007: Total time for which application threads were stopped: 0.0035960 seconds, Stopping threads took: 0.0033711 seconds
2017-03-14T09:35:51.996+0000: 386.008: Total time for which application threads were stopped: 0.0006263 seconds, Stopping threads took: 0.0004586 seconds
2017-03-14T09:35:51.996+0000: 386.008: Total time for which application threads were stopped: 0.0000960 seconds, Stopping threads took: 0.0000149 seconds
2017-03-14T09:35:51.996+0000: 386.008: Total time for which application threads were stopped: 0.0000988 seconds, Stopping threads took: 0.0000210 seconds
2017-03-14T09:35:51.998+0000: 386.010: Total time for which application threads were stopped: 0.0010356 seconds, Stopping threads took: 0.0008372 seconds
2017-03-14T09:35:51.998+0000: 386.010: Total time for which application threads were stopped: 0.0001327 seconds, Stopping threads took: 0.0000370 seconds
2017-03-14T09:35:51.998+0000: 386.010: Total time for which application threads were stopped: 0.0001134 seconds, Stopping threads took: 0.0000287 seconds
2017-03-14T09:35:51.998+0000: 386.010: Total time for which application threads were stopped: 0.0001700 seconds, Stopping threads took: 0.0000395 seconds
2017-03-14T09:35:52.003+0000: 386.015: Total time for which application threads were stopped: 0.0048345 seconds, Stopping threads took: 0.0046451 seconds
2017-03-14T09:35:52.011+0000: 386.023: Total time for which application threads were stopped: 0.0005777 seconds, Stopping threads took: 0.0003897 seconds
2017-03-14T09:35:52.015+0000: 386.027: Total time for which application threads were stopped: 0.0008101 seconds, Stopping threads took: 0.0005688 seconds
2017-03-14T09:35:52.015+0000: 386.027: Total time for which application threads were stopped: 0.0001203 seconds, Stopping threads took: 0.0000160 seconds
2017-03-14T09:35:52.015+0000: 386.027: Total time for which application threads were stopped: 0.0000889 seconds, Stopping threads took: 0.0000101 seconds
2017-03-14T09:35:52.015+0000: 386.028: Total time for which application threads were stopped: 0.0000885 seconds, Stopping threads took: 0.0000107 seconds
2017-03-14T09:35:52.016+0000: 386.028: Total time for which application threads were stopped: 0.0004214 seconds, Stopping threads took: 0.0000600 seconds
2017-03-14T09:35:52.016+0000: 386.028: Total time for which application threads were stopped: 0.0001402 seconds, Stopping threads took: 0.0000438 seconds
2017-03-14T09:35:52.016+0000: 386.029: Total time for which application threads were stopped: 0.0001021 seconds, Stopping threads took: 0.0000212 seconds
2017-03-14T09:35:52.016+0000: 386.029: Total time for which application threads were stopped: 0.0001001 seconds, Stopping threads took: 0.0000215 seconds
2017-03-14T09:35:52.017+0000: 386.029: Total time for which application threads were stopped: 0.0000997 seconds, Stopping threads took: 0.0000210 seconds
2017-03-14T09:35:52.017+0000: 386.029: Total time for which application threads were stopped: 0.0003588 seconds, Stopping threads took: 0.0000203 seconds
2017-03-14T09:35:52.024+0000: 386.036: Total time for which application threads were stopped: 0.0002239 seconds, Stopping threads took: 0.0000380 seconds
2017-03-14T09:35:52.054+0000: 386.067: Total time for which application threads were stopped: 0.0091335 seconds, Stopping threads took: 0.0089087 seconds
2017-03-14T09:35:52.074+0000: 386.086: Total time for which application threads were stopped: 0.0002768 seconds, Stopping threads took: 0.0000890 seconds
2017-03-14T09:35:52.129+0000: 386.141: Total time for which application threads were stopped: 0.0002214 seconds, Stopping threads took: 0.0000641 seconds
2017-03-14T09:35:52.141+0000: 386.153: Total time for which application threads were stopped: 0.0001596 seconds, Stopping threads took: 0.0000232 seconds
2017-03-14T09:35:52.143+0000: 386.155: Total time for which application threads were stopped: 0.0001645 seconds, Stopping threads took: 0.0000244 seconds
{Heap before GC invocations=26 (full 2):
 par new generation   total 109248K, used 102170K [0x00000000e0000000, 0x00000000e8000000, 0x00000000e8000000)
  eden space 87424K, 100% used [0x00000000e0000000, 0x00000000e5560000, 0x00000000e5560000)
  from space 21824K,  67% used [0x00000000e5560000, 0x00000000e63c6b80, 0x00000000e6ab0000)
  to   space 21824K,   0% used [0x00000000e6ab0000, 0x00000000e6ab0000, 0x00000000e8000000)
 concurrent mark-sweep generation total 393216K, used 23724K [0x00000000e8000000, 0x0000000100000000, 0x0000000100000000)
 Metaspace       used 44092K, capacity 45049K, committed 45356K, reserved 1089536K
  class space    used 5098K, capacity 5369K, committed 5468K, reserved 1048576K
2017-03-14T09:35:52.158+0000: 386.170: [GC (Allocation Failure) 2017-03-14T09:35:52.158+0000: 386.170: [ParNew
Desired survivor size 20112992 bytes, new threshold 8 (max 8)
- age   1:    2178440 bytes,    2178440 total
- age   2:     510680 bytes,    2689120 total
- age   3:     185192 bytes,    2874312 total
- age   4:       3912 bytes,    2878224 total
- age   5:    1786640 bytes,    4664864 total
- age   6:    1216552 bytes,    5881416 total
- age   7:     116040 bytes,    5997456 total
- age   8:    2264704 bytes,    8262160 total
: 102170K->10878K(109248K), 0.0301453 secs] 125895K->36990K(502464K), 0.0302682 secs] [Times: user=0.07 sys=0.00, real=0.03 secs] 
Heap after GC invocations=27 (full 2):
 par new generation   total 109248K, used 10878K [0x00000000e0000000, 0x00000000e8000000, 0x00000000e8000000)
  eden space 87424K,   0% used [0x00000000e0000000, 0x00000000e0000000, 0x00000000e5560000)
  from space 21824K,  49% used [0x00000000e6ab0000, 0x00000000e754f9a0, 0x00000000e8000000)
  to   space 21824K,   0% used [0x00000000e5560000, 0x00000000e5560000, 0x00000000e6ab0000)
 concurrent mark-sweep generation total 393216K, used 26112K [0x00000000e8000000, 0x0000000100000000, 0x0000000100000000)
 Metaspace       used 44092K, capacity 45049K, committed 45356K, reserved 1089536K
  class space    used 5098K, capacity 5369K, committed 5468K, reserved 1048576K
}
2017-03-14T09:35:52.188+0000: 386.200: Total time for which application threads were stopped: 0.0305758 seconds, Stopping threads took: 0.0000597 seconds
2017-03-14T09:35:52.222+0000: 386.234: Total time for which application threads were stopped: 0.0002393 seconds, Stopping threads took: 0.0000412 seconds
2017-03-14T09:35:52.224+0000: 386.236: Total time for which application threads were stopped: 0.0002187 seconds, Stopping threads took: 0.0000449 seconds
2017-03-14T09:35:52.230+0000: 386.242: Total time for which application threads were stopped: 0.0002144 seconds, Stopping threads took: 0.0000551 seconds
2017-03-14T09:35:52.230+0000: 386.242: Total time for which application threads were stopped: 0.0001157 seconds, Stopping threads took: 0.0000247 seconds
2017-03-14T09:35:52.230+0000: 386.242: Total time for which application threads were stopped: 0.0001012 seconds, Stopping threads took: 0.0000184 seconds
2017-03-14T09:35:52.230+0000: 386.242: Total time for which application threads were stopped: 0.0001080 seconds, Stopping threads took: 0.0000166 seconds
2017-03-14T09:35:52.230+0000: 386.243: Total time for which application threads were stopped: 0.0000911 seconds, Stopping threads took: 0.0000107 seconds
2017-03-14T09:35:52.230+0000: 386.243: Total time for which application threads were stopped: 0.0001232 seconds, Stopping threads took: 0.0000378 seconds
2017-03-14T09:35:52.231+0000: 386.243: Total time for which application threads were stopped: 0.0001496 seconds, Stopping threads took: 0.0000656 seconds
2017-03-14T09:35:52.231+0000: 386.243: Total time for which application threads were stopped: 0.0000943 seconds, Stopping threads took: 0.0000109 seconds
2017-03-14T09:35:52.231+0000: 386.243: Total time for which application threads were stopped: 0.0001054 seconds, Stopping threads took: 0.0000256 seconds
2017-03-14T09:35:52.231+0000: 386.243: Total time for which application threads were stopped: 0.0000978 seconds, Stopping threads took: 0.0000193 seconds
2017-03-14T09:35:52.231+0000: 386.243: Total time for which application threads were stopped: 0.0000908 seconds, Stopping threads took: 0.0000106 seconds
2017-03-14T09:35:52.231+0000: 386.243: Total time for which application threads were stopped: 0.0000892 seconds, Stopping threads took: 0.0000106 seconds
2017-03-14T09:35:52.231+0000: 386.244: Total time for which application threads were stopped: 0.0001129 seconds, Stopping threads took: 0.0000317 seconds
2017-03-14T09:35:52.231+0000: 386.244: Total time for which application threads were stopped: 0.0001254 seconds, Stopping threads took: 0.0000436 seconds
2017-03-14T09:35:52.232+0000: 386.244: Total time for which application threads were stopped: 0.0000932 seconds, Stopping threads took: 0.0000114 seconds
2017-03-14T09:35:52.232+0000: 386.244: Total time for which application threads were stopped: 0.0000986 seconds, Stopping threads took: 0.0000200 seconds
2017-03-14T09:35:52.232+0000: 386.244: Total time for which application threads were stopped: 0.0000871 seconds, Stopping threads took: 0.0000112 seconds
2017-03-14T09:35:52.232+0000: 386.244: Total time for which application threads were stopped: 0.0000876 seconds, Stopping threads took: 0.0000100 seconds
2017-03-14T09:35:52.232+0000: 386.244: Total time for which application threads were stopped: 0.0000986 seconds, Stopping threads took: 0.0000197 seconds
2017-03-14T09:35:52.232+0000: 386.245: Total time for which application threads were stopped: 0.0003271 seconds, Stopping threads took: 0.0000113 seconds
2017-03-14T09:35:52.257+0000: 386.270: Total time for which application threads were stopped: 0.0002051 seconds, Stopping threads took: 0.0000568 seconds
2017-03-14T09:35:52.303+0000: 386.316: Total time for which application threads were stopped: 0.0002700 seconds, Stopping threads took: 0.0000383 seconds
2017-03-14T09:35:52.312+0000: 386.324: Total time for which application threads were stopped: 0.0002077 seconds, Stopping threads took: 0.0000379 seconds
2017-03-14T09:35:52.331+0000: 386.343: Total time for which application threads were stopped: 0.0002076 seconds, Stopping threads took: 0.0000293 seconds
2017-03-14T09:35:52.332+0000: 386.344: Total time for which application threads were stopped: 0.0001853 seconds, Stopping threads took: 0.0000578 seconds
2017-03-14T09:35:52.342+0000: 386.354: Total time for which application threads were stopped: 0.0002016 seconds, Stopping threads took: 0.0000415 seconds
2017-03-14T09:35:52.344+0000: 386.356: Total time for which application threads were stopped: 0.0002082 seconds, Stopping threads took: 0.0000328 seconds
2017-03-14T09:35:52.380+0000: 386.392: Total time for which application threads were stopped: 0.0002093 seconds, Stopping threads took: 0.0000384 seconds
2017-03-14T09:35:52.422+0000: 386.435: Total time for which application threads were stopped: 0.0004937 seconds, Stopping threads took: 0.0000385 seconds
2017-03-14T09:35:52.431+0000: 386.443: Total time for which application threads were stopped: 0.0002081 seconds, Stopping threads took: 0.0000316 seconds
2017-03-14T09:35:52.475+0000: 386.487: Total time for which application threads were stopped: 0.0001955 seconds, Stopping threads took: 0.0000342 seconds
2017-03-14T09:35:52.546+0000: 386.558: Total time for which application threads were stopped: 0.0002299 seconds, Stopping threads took: 0.0000318 seconds
2017-03-14T09:35:52.546+0000: 386.558: Total time for which application threads were stopped: 0.0001103 seconds, Stopping threads took: 0.0000126 seconds
2017-03-14T09:35:52.579+0000: 386.592: Total time for which application threads were stopped: 0.0002232 seconds, Stopping threads took: 0.0000357 seconds
2017-03-14T09:35:52.581+0000: 386.593: Total time for which application threads were stopped: 0.0003256 seconds, Stopping threads took: 0.0001337 seconds
2017-03-14T09:35:52.641+0000: 386.653: Total time for which application threads were stopped: 0.0002743 seconds, Stopping threads took: 0.0000331 seconds
2017-03-14T09:35:52.647+0000: 386.659: Total time for which application threads were stopped: 0.0012526 seconds, Stopping threads took: 0.0009194 seconds
2017-03-14T09:35:52.684+0000: 386.697: Total time for which application threads were stopped: 0.0001932 seconds, Stopping threads took: 0.0000356 seconds
2017-03-14T09:35:52.686+0000: 386.698: Total time for which application threads were stopped: 0.0002403 seconds, Stopping threads took: 0.0000351 seconds
2017-03-14T09:35:52.737+0000: 386.750: Total time for which application threads were stopped: 0.0038641 seconds, Stopping threads took: 0.0036446 seconds
2017-03-14T09:35:52.816+0000: 386.828: Total time for which application threads were stopped: 0.0002482 seconds, Stopping threads took: 0.0000338 seconds
2017-03-14T09:35:52.817+0000: 386.829: Total time for which application threads were stopped: 0.0002111 seconds, Stopping threads took: 0.0000443 seconds
2017-03-14T09:35:52.901+0000: 386.913: Total time for which application threads were stopped: 0.0002587 seconds, Stopping threads took: 0.0000410 seconds
2017-03-14T09:35:52.903+0000: 386.915: Total time for which application threads were stopped: 0.0002515 seconds, Stopping threads took: 0.0000551 seconds
2017-03-14T09:35:52.985+0000: 386.998: Total time for which application threads were stopped: 0.0025361 seconds, Stopping threads took: 0.0023791 seconds
2017-03-14T09:35:52.987+0000: 386.999: Total time for which application threads were stopped: 0.0001617 seconds, Stopping threads took: 0.0000339 seconds
2017-03-14T09:35:53.021+0000: 387.034: Total time for which application threads were stopped: 0.0001729 seconds, Stopping threads took: 0.0000241 seconds
2017-03-14T09:35:53.023+0000: 387.035: Total time for which application threads were stopped: 0.0001314 seconds, Stopping threads took: 0.0000202 seconds
2017-03-14T09:35:53.042+0000: 387.055: Total time for which application threads were stopped: 0.0002447 seconds, Stopping threads took: 0.0000355 seconds
2017-03-14T09:35:53.061+0000: 387.073: Total time for which application threads were stopped: 0.0005800 seconds, Stopping threads took: 0.0000529 seconds
2017-03-14T09:35:53.075+0000: 387.087: Total time for which application threads were stopped: 0.0002391 seconds, Stopping threads took: 0.0000513 seconds
2017-03-14T09:35:53.078+0000: 387.090: Total time for which application threads were stopped: 0.0002206 seconds, Stopping threads took: 0.0000486 seconds
2017-03-14T09:35:53.126+0000: 387.138: Total time for which application threads were stopped: 0.0001978 seconds, Stopping threads took: 0.0000304 seconds
2017-03-14T09:35:53.169+0000: 387.181: Total time for which application threads were stopped: 0.0002354 seconds, Stopping threads took: 0.0000385 seconds
2017-03-14T09:35:53.186+0000: 387.198: Total time for which application threads were stopped: 0.0002431 seconds, Stopping threads took: 0.0000486 seconds
2017-03-14T09:35:53.189+0000: 387.201: Total time for which application threads were stopped: 0.0002642 seconds, Stopping threads took: 0.0000921 seconds
2017-03-14T09:35:53.197+0000: 387.209: Total time for which application threads were stopped: 0.0010893 seconds, Stopping threads took: 0.0000322 seconds
2017-03-14T09:35:53.228+0000: 387.241: Total time for which application threads were stopped: 0.0002360 seconds, Stopping threads took: 0.0000405 seconds
2017-03-14T09:35:53.234+0000: 387.247: Total time for which application threads were stopped: 0.0002105 seconds, Stopping threads took: 0.0000349 seconds
2017-03-14T09:35:53.279+0000: 387.291: Total time for which application threads were stopped: 0.0005523 seconds, Stopping threads took: 0.0000360 seconds
2017-03-14T09:35:53.636+0000: 387.648: Total time for which application threads were stopped: 0.0043378 seconds, Stopping threads took: 0.0040084 seconds
2017-03-14T09:35:53.638+0000: 387.651: Total time for which application threads were stopped: 0.0002272 seconds, Stopping threads took: 0.0000540 seconds
2017-03-14T09:35:53.640+0000: 387.652: Total time for which application threads were stopped: 0.0002220 seconds, Stopping threads took: 0.0000716 seconds
2017-03-14T09:35:53.640+0000: 387.652: Total time for which application threads were stopped: 0.0001254 seconds, Stopping threads took: 0.0000214 seconds
2017-03-14T09:35:53.643+0000: 387.655: Total time for which application threads were stopped: 0.0002009 seconds, Stopping threads took: 0.0000332 seconds
2017-03-14T09:35:53.656+0000: 387.668: Total time for which application threads were stopped: 0.0002276 seconds, Stopping threads took: 0.0000581 seconds
2017-03-14T09:35:53.656+0000: 387.669: Total time for which application threads were stopped: 0.0001052 seconds, Stopping threads took: 0.0000168 seconds
2017-03-14T09:35:53.684+0000: 387.697: Total time for which application threads were stopped: 0.0002406 seconds, Stopping threads took: 0.0000530 seconds
2017-03-14T09:35:53.853+0000: 387.865: Total time for which application threads were stopped: 0.0004130 seconds, Stopping threads took: 0.0001836 seconds
2017-03-14T09:35:53.924+0000: 387.937: Total time for which application threads were stopped: 0.0002290 seconds, Stopping threads took: 0.0000389 seconds
{Heap before GC invocations=27 (full 2):
 par new generation   total 109248K, used 98302K [0x00000000e0000000, 0x00000000e8000000, 0x00000000e8000000)
  eden space 87424K, 100% used [0x00000000e0000000, 0x00000000e5560000, 0x00000000e5560000)
  from space 21824K,  49% used [0x00000000e6ab0000, 0x00000000e754f9a0, 0x00000000e8000000)
  to   space 21824K,   0% used [0x00000000e5560000, 0x00000000e5560000, 0x00000000e6ab0000)
 concurrent mark-sweep generation total 393216K, used 26112K [0x00000000e8000000, 0x0000000100000000, 0x0000000100000000)
 Metaspace       used 44850K, capacity 45937K, committed 46124K, reserved 1089536K
  class space    used 5104K, capacity 5375K, committed 5468K, reserved 1048576K
2017-03-14T09:35:54.665+0000: 388.678: [GC (Allocation Failure) 2017-03-14T09:35:54.665+0000: 388.678: [ParNew
Desired survivor size 20112992 bytes, new threshold 8 (max 8)
- age   1:    1783400 bytes,    1783400 total
- age   2:    1501896 bytes,    3285296 total
- age   3:     510680 bytes,    3795976 total
- age   4:     184496 bytes,    3980472 total
- age   5:       3912 bytes,    3984384 total
- age   6:    1015568 bytes,    4999952 total
- age   7:    1216520 bytes,    6216472 total
- age   8:     116040 bytes,    6332512 total
: 98302K->8235K(109248K), 0.0357063 secs] 124414K->36559K(502464K), 0.0358202 secs] [Times: user=0.11 sys=0.00, real=0.03 secs] 
Heap after GC invocations=28 (full 2):
 par new generation   total 109248K, used 8235K [0x00000000e0000000, 0x00000000e8000000, 0x00000000e8000000)
  eden space 87424K,   0% used [0x00000000e0000000, 0x00000000e0000000, 0x00000000e5560000)
  from space 21824K,  37% used [0x00000000e5560000, 0x00000000e5d6acd8, 0x00000000e6ab0000)
  to   space 21824K,   0% used [0x00000000e6ab0000, 0x00000000e6ab0000, 0x00000000e8000000)
 concurrent mark-sweep generation total 393216K, used 28324K [0x00000000e8000000, 0x0000000100000000, 0x0000000100000000)
 Metaspace       used 44850K, capacity 45937K, committed 46124K, reserved 1089536K
  class space    used 5104K, capacity 5375K, committed 5468K, reserved 1048576K
}
2017-03-14T09:35:54.701+0000: 388.713: Total time for which application threads were stopped: 0.0362360 seconds, Stopping threads took: 0.0000517 seconds
2017-03-14T09:35:54.964+0000: 388.977: Total time for which application threads were stopped: 0.0002565 seconds, Stopping threads took: 0.0000380 seconds
2017-03-14T09:35:54.974+0000: 388.986: Total time for which application threads were stopped: 0.0002649 seconds, Stopping threads took: 0.0000745 seconds
2017-03-14T09:35:54.979+0000: 388.991: Total time for which application threads were stopped: 0.0004146 seconds, Stopping threads took: 0.0002497 seconds
2017-03-14T09:35:55.074+0000: 389.086: Total time for which application threads were stopped: 0.0003376 seconds, Stopping threads took: 0.0000647 seconds
2017-03-14T09:35:55.635+0000: 389.647: Total time for which application threads were stopped: 0.0003556 seconds, Stopping threads took: 0.0000687 seconds
2017-03-14T09:35:55.875+0000: 389.887: Total time for which application threads were stopped: 0.0003505 seconds, Stopping threads took: 0.0000527 seconds
2017-03-14T09:35:56.148+0000: 390.161: Total time for which application threads were stopped: 0.0003009 seconds, Stopping threads took: 0.0000356 seconds
{Heap before GC invocations=28 (full 2):
 par new generation   total 109248K, used 95659K [0x00000000e0000000, 0x00000000e8000000, 0x00000000e8000000)
  eden space 87424K, 100% used [0x00000000e0000000, 0x00000000e5560000, 0x00000000e5560000)
  from space 21824K,  37% used [0x00000000e5560000, 0x00000000e5d6acd8, 0x00000000e6ab0000)
  to   space 21824K,   0% used [0x00000000e6ab0000, 0x00000000e6ab0000, 0x00000000e8000000)
 concurrent mark-sweep generation total 393216K, used 28324K [0x00000000e8000000, 0x0000000100000000, 0x0000000100000000)
 Metaspace       used 45193K, capacity 46289K, committed 46380K, reserved 1089536K
  class space    used 5113K, capacity 5407K, committed 5468K, reserved 1048576K
2017-03-14T09:35:56.345+0000: 390.357: [GC (Allocation Failure) 2017-03-14T09:35:56.345+0000: 390.357: [ParNew
Desired survivor size 20112992 bytes, new threshold 8 (max 8)
- age   1:    2455680 bytes,    2455680 total
- age   2:    1161864 bytes,    3617544 total
- age   3:     702016 bytes,    4319560 total
- age   4:     510680 bytes,    4830240 total
- age   5:     184464 bytes,    5014704 total
- age   6:       3912 bytes,    5018616 total
- age   7:    1015568 bytes,    6034184 total
- age   8:    1216520 bytes,    7250704 total
: 95659K->8893K(109248K), 0.0168734 secs] 123983K->37332K(502464K), 0.0169893 secs] [Times: user=0.06 sys=0.00, real=0.01 secs] 
Heap after GC invocations=29 (full 2):
 par new generation   total 109248K, used 8893K [0x00000000e0000000, 0x00000000e8000000, 0x00000000e8000000)
  eden space 87424K,   0% used [0x00000000e0000000, 0x00000000e0000000, 0x00000000e5560000)
  from space 21824K,  40% used [0x00000000e6ab0000, 0x00000000e735f6b0, 0x00000000e8000000)
  to   space 21824K,   0% used [0x00000000e5560000, 0x00000000e5560000, 0x00000000e6ab0000)
 concurrent mark-sweep generation total 393216K, used 28438K [0x00000000e8000000, 0x0000000100000000, 0x0000000100000000)
 Metaspace       used 45193K, capacity 46289K, committed 46380K, reserved 1089536K
  class space    used 5113K, capacity 5407K, committed 5468K, reserved 1048576K
}
2017-03-14T09:35:56.362+0000: 390.374: Total time for which application threads were stopped: 0.0173792 seconds, Stopping threads took: 0.0000568 seconds
2017-03-14T09:35:56.865+0000: 390.878: Total time for which application threads were stopped: 0.0003169 seconds, Stopping threads took: 0.0000596 seconds
2017-03-14T09:35:56.879+0000: 390.891: Total time for which application threads were stopped: 0.0002474 seconds, Stopping threads took: 0.0000580 seconds
2017-03-14T09:35:57.404+0000: 391.417: Total time for which application threads were stopped: 0.0014036 seconds, Stopping threads took: 0.0010969 seconds
2017-03-14T09:35:57.531+0000: 391.544: Total time for which application threads were stopped: 0.0003817 seconds, Stopping threads took: 0.0000545 seconds
{Heap before GC invocations=29 (full 2):
 par new generation   total 109248K, used 96317K [0x00000000e0000000, 0x00000000e8000000, 0x00000000e8000000)
  eden space 87424K, 100% used [0x00000000e0000000, 0x00000000e5560000, 0x00000000e5560000)
  from space 21824K,  40% used [0x00000000e6ab0000, 0x00000000e735f6b0, 0x00000000e8000000)
  to   space 21824K,   0% used [0x00000000e5560000, 0x00000000e5560000, 0x00000000e6ab0000)
 concurrent mark-sweep generation total 393216K, used 28438K [0x00000000e8000000, 0x0000000100000000, 0x0000000100000000)
 Metaspace       used 45476K, capacity 46545K, committed 46636K, reserved 1091584K
  class space    used 5113K, capacity 5407K, committed 5468K, reserved 1048576K
2017-03-14T09:35:57.845+0000: 391.857: [GC (Allocation Failure) 2017-03-14T09:35:57.845+0000: 391.857: [ParNew
Desired survivor size 20112992 bytes, new threshold 8 (max 8)
- age   1:    2319976 bytes,    2319976 total
- age   2:    1172152 bytes,    3492128 total
- age   3:     271560 bytes,    3763688 total
- age   4:     701088 bytes,    4464776 total
- age   5:     510680 bytes,    4975456 total
- age   6:     184432 bytes,    5159888 total
- age   7:       3912 bytes,    5163800 total
- age   8:    1015520 bytes,    6179320 total
: 96317K->9178K(109248K), 0.0190490 secs] 124756K->38818K(502464K), 0.0191674 secs] [Times: user=0.07 sys=0.00, real=0.02 secs] 
Heap after GC invocations=30 (full 2):
 par new generation   total 109248K, used 9178K [0x00000000e0000000, 0x00000000e8000000, 0x00000000e8000000)
  eden space 87424K,   0% used [0x00000000e0000000, 0x00000000e0000000, 0x00000000e5560000)
  from space 21824K,  42% used [0x00000000e5560000, 0x00000000e5e56ac0, 0x00000000e6ab0000)
  to   space 21824K,   0% used [0x00000000e6ab0000, 0x00000000e6ab0000, 0x00000000e8000000)
 concurrent mark-sweep generation total 393216K, used 29639K [0x00000000e8000000, 0x0000000100000000, 0x0000000100000000)
 Metaspace       used 45476K, capacity 46545K, committed 46636K, reserved 1091584K
  class space    used 5113K, capacity 5407K, committed 5468K, reserved 1048576K
}
2017-03-14T09:35:57.864+0000: 391.876: Total time for which application threads were stopped: 0.0196188 seconds, Stopping threads took: 0.0001189 seconds
2017-03-14T09:35:58.056+0000: 392.068: Total time for which application threads were stopped: 0.0003014 seconds, Stopping threads took: 0.0000743 seconds
2017-03-14T09:35:58.064+0000: 392.076: Total time for which application threads were stopped: 0.0019754 seconds, Stopping threads took: 0.0017569 seconds
2017-03-14T09:35:58.185+0000: 392.197: Total time for which application threads were stopped: 0.0002099 seconds, Stopping threads took: 0.0000292 seconds
2017-03-14T09:35:59.188+0000: 393.201: Total time for which application threads were stopped: 0.0023631 seconds, Stopping threads took: 0.0016915 seconds
{Heap before GC invocations=30 (full 2):
 par new generation   total 109248K, used 96602K [0x00000000e0000000, 0x00000000e8000000, 0x00000000e8000000)
  eden space 87424K, 100% used [0x00000000e0000000, 0x00000000e5560000, 0x00000000e5560000)
  from space 21824K,  42% used [0x00000000e5560000, 0x00000000e5e56ac0, 0x00000000e6ab0000)
  to   space 21824K,   0% used [0x00000000e6ab0000, 0x00000000e6ab0000, 0x00000000e8000000)
 concurrent mark-sweep generation total 393216K, used 29639K [0x00000000e8000000, 0x0000000100000000, 0x0000000100000000)
 Metaspace       used 45623K, capacity 46673K, committed 46892K, reserved 1091584K
  class space    used 5113K, capacity 5407K, committed 5468K, reserved 1048576K
2017-03-14T09:35:59.292+0000: 393.305: [GC (Allocation Failure) 2017-03-14T09:35:59.292+0000: 393.305: [ParNew
Desired survivor size 20112992 bytes, new threshold 8 (max 8)
- age   1:    2110280 bytes,    2110280 total
- age   2:    1385400 bytes,    3495680 total
- age   3:     237360 bytes,    3733040 total
- age   4:     268328 bytes,    4001368 total
- age   5:     700560 bytes,    4701928 total
- age   6:     510680 bytes,    5212608 total
- age   7:     184432 bytes,    5397040 total
- age   8:       3912 bytes,    5400952 total
: 96602K->6836K(109248K), 0.0187944 secs] 126242K->37511K(502464K), 0.0189222 secs] [Times: user=0.05 sys=0.00, real=0.02 secs] 
Heap after GC invocations=31 (full 2):
 par new generation   total 109248K, used 6836K [0x00000000e0000000, 0x00000000e8000000, 0x00000000e8000000)
  eden space 87424K,   0% used [0x00000000e0000000, 0x00000000e0000000, 0x00000000e5560000)
  from space 21824K,  31% used [0x00000000e6ab0000, 0x00000000e715d1a8, 0x00000000e8000000)
  to   space 21824K,   0% used [0x00000000e5560000, 0x00000000e5560000, 0x00000000e6ab0000)
 concurrent mark-sweep generation total 393216K, used 30674K [0x00000000e8000000, 0x0000000100000000, 0x0000000100000000)
 Metaspace       used 45623K, capacity 46673K, committed 46892K, reserved 1091584K
  class space    used 5113K, capacity 5407K, committed 5468K, reserved 1048576K
}
2017-03-14T09:35:59.311+0000: 393.324: Total time for which application threads were stopped: 0.0193592 seconds, Stopping threads took: 0.0001077 seconds
2017-03-14T09:35:59.902+0000: 393.915: Total time for which application threads were stopped: 0.0003055 seconds, Stopping threads took: 0.0000416 seconds
2017-03-14T09:36:00.234+0000: 394.246: Total time for which application threads were stopped: 0.0001925 seconds, Stopping threads took: 0.0000241 seconds
2017-03-14T09:36:00.242+0000: 394.255: Total time for which application threads were stopped: 0.0002838 seconds, Stopping threads took: 0.0000466 seconds
2017-03-14T09:36:00.304+0000: 394.316: Total time for which application threads were stopped: 0.0066232 seconds, Stopping threads took: 0.0063584 seconds
2017-03-14T09:36:00.354+0000: 394.367: Total time for which application threads were stopped: 0.0002887 seconds, Stopping threads took: 0.0000531 seconds
{Heap before GC invocations=31 (full 2):
 par new generation   total 109248K, used 94243K [0x00000000e0000000, 0x00000000e8000000, 0x00000000e8000000)
  eden space 87424K,  99% used [0x00000000e0000000, 0x00000000e555be38, 0x00000000e5560000)
  from space 21824K,  31% used [0x00000000e6ab0000, 0x00000000e715d1a8, 0x00000000e8000000)
  to   space 21824K,   0% used [0x00000000e5560000, 0x00000000e5560000, 0x00000000e6ab0000)
 concurrent mark-sweep generation total 393216K, used 30674K [0x00000000e8000000, 0x0000000100000000, 0x0000000100000000)
 Metaspace       used 45844K, capacity 46929K, committed 47148K, reserved 1091584K
  class space    used 5114K, capacity 5407K, committed 5468K, reserved 1048576K
2017-03-14T09:36:00.690+0000: 394.702: [GC (Allocation Failure) 2017-03-14T09:36:00.690+0000: 394.702: [ParNew
Desired survivor size 20112992 bytes, new threshold 8 (max 8)
- age   1:    1968896 bytes,    1968896 total
- age   2:    1443576 bytes,    3412472 total
- age   3:     507920 bytes,    3920392 total
- age   4:     232816 bytes,    4153208 total
- age   5:     263912 bytes,    4417120 total
- age   6:     700560 bytes,    5117680 total
- age   7:     510680 bytes,    5628360 total
- age   8:     184432 bytes,    5812792 total
: 94243K->8251K(109248K), 0.0083317 secs] 124918K->38930K(502464K), 0.0084508 secs] [Times: user=0.03 sys=0.00, real=0.01 secs] 
Heap after GC invocations=32 (full 2):
 par new generation   total 109248K, used 8251K [0x00000000e0000000, 0x00000000e8000000, 0x00000000e8000000)
  eden space 87424K,   0% used [0x00000000e0000000, 0x00000000e0000000, 0x00000000e5560000)
  from space 21824K,  37% used [0x00000000e5560000, 0x00000000e5d6efd8, 0x00000000e6ab0000)
  to   space 21824K,   0% used [0x00000000e6ab0000, 0x00000000e6ab0000, 0x00000000e8000000)
 concurrent mark-sweep generation total 393216K, used 30678K [0x00000000e8000000, 0x0000000100000000, 0x0000000100000000)
 Metaspace       used 45844K, capacity 46929K, committed 47148K, reserved 1091584K
  class space    used 5114K, capacity 5407K, committed 5468K, reserved 1048576K
}
2017-03-14T09:36:00.698+0000: 394.710: Total time for which application threads were stopped: 0.0088091 seconds, Stopping threads took: 0.0000361 seconds
2017-03-14T09:36:01.098+0000: 395.111: Total time for which application threads were stopped: 0.0004747 seconds, Stopping threads took: 0.0000724 seconds
2017-03-14T09:36:01.106+0000: 395.119: Total time for which application threads were stopped: 0.0003128 seconds, Stopping threads took: 0.0000885 seconds
2017-03-14T09:36:01.160+0000: 395.173: Total time for which application threads were stopped: 0.0008062 seconds, Stopping threads took: 0.0005106 seconds
{Heap before GC invocations=32 (full 2):
 par new generation   total 109248K, used 95675K [0x00000000e0000000, 0x00000000e8000000, 0x00000000e8000000)
  eden space 87424K, 100% used [0x00000000e0000000, 0x00000000e5560000, 0x00000000e5560000)
  from space 21824K,  37% used [0x00000000e5560000, 0x00000000e5d6efd8, 0x00000000e6ab0000)
  to   space 21824K,   0% used [0x00000000e6ab0000, 0x00000000e6ab0000, 0x00000000e8000000)
 concurrent mark-sweep generation total 393216K, used 30678K [0x00000000e8000000, 0x0000000100000000, 0x0000000100000000)
 Metaspace       used 46042K, capacity 47057K, committed 47148K, reserved 1091584K
  class space    used 5114K, capacity 5407K, committed 5468K, reserved 1048576K
2017-03-14T09:36:01.923+0000: 395.936: [GC (Allocation Failure) 2017-03-14T09:36:01.924+0000: 395.936: [ParNew
Desired survivor size 20112992 bytes, new threshold 8 (max 8)
- age   1:    2059632 bytes,    2059632 total
- age   2:    1325080 bytes,    3384712 total
- age   3:     431256 bytes,    3815968 total
- age   4:     503792 bytes,    4319760 total
- age   5:     229416 bytes,    4549176 total
- age   6:     262968 bytes,    4812144 total
- age   7:     700472 bytes,    5512616 total
- age   8:     510680 bytes,    6023296 total
: 95675K->7442K(109248K), 0.0154402 secs] 126354K->38302K(502464K), 0.0155615 secs] [Times: user=0.04 sys=0.00, real=0.01 secs] 
Heap after GC invocations=33 (full 2):
 par new generation   total 109248K, used 7442K [0x00000000e0000000, 0x00000000e8000000, 0x00000000e8000000)
  eden space 87424K,   0% used [0x00000000e0000000, 0x00000000e0000000, 0x00000000e5560000)
  from space 21824K,  34% used [0x00000000e6ab0000, 0x00000000e71f4810, 0x00000000e8000000)
  to   space 21824K,   0% used [0x00000000e5560000, 0x00000000e5560000, 0x00000000e6ab0000)
 concurrent mark-sweep generation total 393216K, used 30860K [0x00000000e8000000, 0x0000000100000000, 0x0000000100000000)
 Metaspace       used 46042K, capacity 47057K, committed 47148K, reserved 1091584K
  class space    used 5114K, capacity 5407K, committed 5468K, reserved 1048576K
}
2017-03-14T09:36:01.939+0000: 395.951: Total time for which application threads were stopped: 0.0159772 seconds, Stopping threads took: 0.0000364 seconds
2017-03-14T09:36:02.053+0000: 396.065: Total time for which application threads were stopped: 0.0002463 seconds, Stopping threads took: 0.0000694 seconds
2017-03-14T09:36:02.512+0000: 396.524: Total time for which application threads were stopped: 0.0003016 seconds, Stopping threads took: 0.0000329 seconds
{Heap before GC invocations=33 (full 2):
 par new generation   total 109248K, used 94866K [0x00000000e0000000, 0x00000000e8000000, 0x00000000e8000000)
  eden space 87424K, 100% used [0x00000000e0000000, 0x00000000e5560000, 0x00000000e5560000)
  from space 21824K,  34% used [0x00000000e6ab0000, 0x00000000e71f4810, 0x00000000e8000000)
  to   space 21824K,   0% used [0x00000000e5560000, 0x00000000e5560000, 0x00000000e6ab0000)
 concurrent mark-sweep generation total 393216K, used 30860K [0x00000000e8000000, 0x0000000100000000, 0x0000000100000000)
 Metaspace       used 46315K, capacity 47317K, committed 47404K, reserved 1091584K
  class space    used 5115K, capacity 5407K, committed 5468K, reserved 1048576K
2017-03-14T09:36:03.218+0000: 397.230: [GC (Allocation Failure) 2017-03-14T09:36:03.218+0000: 397.230: [ParNew
Desired survivor size 20112992 bytes, new threshold 8 (max 8)
- age   1:     892632 bytes,     892632 total
- age   2:    1583160 bytes,    2475792 total
- age   3:    1316512 bytes,    3792304 total
- age   4:     424840 bytes,    4217144 total
- age   5:     501448 bytes,    4718592 total
- age   6:     225512 bytes,    4944104 total
- age   7:     262968 bytes,    5207072 total
- age   8:     700472 bytes,    5907544 total
: 94866K->7857K(109248K), 0.0089973 secs] 125726K->39220K(502464K), 0.0091106 secs] [Times: user=0.03 sys=0.00, real=0.01 secs] 
Heap after GC invocations=34 (full 2):
 par new generation   total 109248K, used 7857K [0x00000000e0000000, 0x00000000e8000000, 0x00000000e8000000)
  eden space 87424K,   0% used [0x00000000e0000000, 0x00000000e0000000, 0x00000000e5560000)
  from space 21824K,  36% used [0x00000000e5560000, 0x00000000e5d0c730, 0x00000000e6ab0000)
  to   space 21824K,   0% used [0x00000000e6ab0000, 0x00000000e6ab0000, 0x00000000e8000000)
 concurrent mark-sweep generation total 393216K, used 31362K [0x00000000e8000000, 0x0000000100000000, 0x0000000100000000)
 Metaspace       used 46315K, capacity 47317K, committed 47404K, reserved 1091584K
  class space    used 5115K, capacity 5407K, committed 5468K, reserved 1048576K
}
2017-03-14T09:36:03.227+0000: 397.239: Total time for which application threads were stopped: 0.0094399 seconds, Stopping threads took: 0.0000307 seconds
2017-03-14T09:36:03.254+0000: 397.266: Total time for which application threads were stopped: 0.0003235 seconds, Stopping threads took: 0.0000958 seconds
2017-03-14T09:36:03.266+0000: 397.279: Total time for which application threads were stopped: 0.0003597 seconds, Stopping threads took: 0.0000977 seconds
2017-03-14T09:36:03.373+0000: 397.386: Total time for which application threads were stopped: 0.0002825 seconds, Stopping threads took: 0.0000350 seconds
2017-03-14T09:36:03.605+0000: 397.617: Total time for which application threads were stopped: 0.0001842 seconds, Stopping threads took: 0.0000371 seconds
2017-03-14T09:36:03.611+0000: 397.624: Total time for which application threads were stopped: 0.0002926 seconds, Stopping threads took: 0.0001314 seconds
2017-03-14T09:36:03.644+0000: 397.657: Total time for which application threads were stopped: 0.0002948 seconds, Stopping threads took: 0.0000781 seconds
2017-03-14T09:36:03.645+0000: 397.657: Total time for which application threads were stopped: 0.0001274 seconds, Stopping threads took: 0.0000248 seconds
2017-03-14T09:36:03.645+0000: 397.657: Total time for which application threads were stopped: 0.0001239 seconds, Stopping threads took: 0.0000215 seconds
2017-03-14T09:36:03.645+0000: 397.657: Total time for which application threads were stopped: 0.0001190 seconds, Stopping threads took: 0.0000277 seconds
2017-03-14T09:36:03.646+0000: 397.658: Total time for which application threads were stopped: 0.0002222 seconds, Stopping threads took: 0.0000272 seconds
2017-03-14T09:36:03.649+0000: 397.661: Total time for which application threads were stopped: 0.0003483 seconds, Stopping threads took: 0.0000488 seconds
2017-03-14T09:36:03.651+0000: 397.663: Total time for which application threads were stopped: 0.0006661 seconds, Stopping threads took: 0.0001466 seconds
2017-03-14T09:36:03.811+0000: 397.823: Total time for which application threads were stopped: 0.0002935 seconds, Stopping threads took: 0.0000505 seconds
2017-03-14T09:36:03.811+0000: 397.824: Total time for which application threads were stopped: 0.0001331 seconds, Stopping threads took: 0.0000253 seconds
2017-03-14T09:36:04.132+0000: 398.144: Total time for which application threads were stopped: 0.0003358 seconds, Stopping threads took: 0.0001147 seconds
2017-03-14T09:36:04.135+0000: 398.147: Total time for which application threads were stopped: 0.0002937 seconds, Stopping threads took: 0.0000891 seconds
2017-03-14T09:36:04.135+0000: 398.147: Total time for which application threads were stopped: 0.0001637 seconds, Stopping threads took: 0.0000634 seconds
2017-03-14T09:36:04.137+0000: 398.150: Total time for which application threads were stopped: 0.0002331 seconds, Stopping threads took: 0.0000707 seconds
2017-03-14T09:36:04.140+0000: 398.152: Total time for which application threads were stopped: 0.0002249 seconds, Stopping threads took: 0.0000598 seconds
2017-03-14T09:36:04.141+0000: 398.153: Total time for which application threads were stopped: 0.0002535 seconds, Stopping threads took: 0.0000596 seconds
2017-03-14T09:36:04.142+0000: 398.155: Total time for which application threads were stopped: 0.0002094 seconds, Stopping threads took: 0.0000464 seconds
2017-03-14T09:36:04.143+0000: 398.155: Total time for which application threads were stopped: 0.0001808 seconds, Stopping threads took: 0.0000952 seconds
2017-03-14T09:36:04.290+0000: 398.302: Total time for which application threads were stopped: 0.0001921 seconds, Stopping threads took: 0.0000245 seconds
2017-03-14T09:36:04.468+0000: 398.480: Total time for which application threads were stopped: 0.0003815 seconds, Stopping threads took: 0.0000658 seconds
2017-03-14T09:36:04.468+0000: 398.480: Total time for which application threads were stopped: 0.0001533 seconds, Stopping threads took: 0.0000415 seconds
{Heap before GC invocations=34 (full 2):
 par new generation   total 109248K, used 95281K [0x00000000e0000000, 0x00000000e8000000, 0x00000000e8000000)
  eden space 87424K, 100% used [0x00000000e0000000, 0x00000000e5560000, 0x00000000e5560000)
  from space 21824K,  36% used [0x00000000e5560000, 0x00000000e5d0c730, 0x00000000e6ab0000)
  to   space 21824K,   0% used [0x00000000e6ab0000, 0x00000000e6ab0000, 0x00000000e8000000)
 concurrent mark-sweep generation total 393216K, used 31362K [0x00000000e8000000, 0x0000000100000000, 0x0000000100000000)
 Metaspace       used 46447K, capacity 47445K, committed 47660K, reserved 1091584K
  class space    used 5115K, capacity 5407K, committed 5468K, reserved 1048576K
2017-03-14T09:36:05.066+0000: 399.079: [GC (Allocation Failure) 2017-03-14T09:36:05.066+0000: 399.079: [ParNew
Desired survivor size 20112992 bytes, new threshold 8 (max 8)
- age   1:    3070656 bytes,    3070656 total
- age   2:      91216 bytes,    3161872 total
- age   3:     398504 bytes,    3560376 total
- age   4:     436832 bytes,    3997208 total
- age   5:     411632 bytes,    4408840 total
- age   6:     500856 bytes,    4909696 total
- age   7:     214040 bytes,    5123736 total
- age   8:     262904 bytes,    5386640 total
: 95281K->6946K(109248K), 0.0096833 secs] 126644K->38988K(502464K), 0.0097879 secs] [Times: user=0.04 sys=0.00, real=0.01 secs] 
Heap after GC invocations=35 (full 2):
 par new generation   total 109248K, used 6946K [0x00000000e0000000, 0x00000000e8000000, 0x00000000e8000000)
  eden space 87424K,   0% used [0x00000000e0000000, 0x00000000e0000000, 0x00000000e5560000)
  from space 21824K,  31% used [0x00000000e6ab0000, 0x00000000e7178840, 0x00000000e8000000)
  to   space 21824K,   0% used [0x00000000e5560000, 0x00000000e5560000, 0x00000000e6ab0000)
 concurrent mark-sweep generation total 393216K, used 32042K [0x00000000e8000000, 0x0000000100000000, 0x0000000100000000)
 Metaspace       used 46447K, capacity 47445K, committed 47660K, reserved 1091584K
  class space    used 5115K, capacity 5407K, committed 5468K, reserved 1048576K
}
2017-03-14T09:36:05.076+0000: 399.088: Total time for which application threads were stopped: 0.0101581 seconds, Stopping threads took: 0.0000576 seconds
2017-03-14T09:36:05.630+0000: 399.642: Total time for which application threads were stopped: 0.0002566 seconds, Stopping threads took: 0.0000247 seconds
2017-03-14T09:36:05.631+0000: 399.643: Total time for which application threads were stopped: 0.0004185 seconds, Stopping threads took: 0.0000251 seconds
2017-03-14T09:36:05.638+0000: 399.650: Total time for which application threads were stopped: 0.0003183 seconds, Stopping threads took: 0.0001361 seconds
2017-03-14T09:36:05.647+0000: 399.659: Total time for which application threads were stopped: 0.0002446 seconds, Stopping threads took: 0.0000478 seconds
2017-03-14T09:36:05.647+0000: 399.659: Total time for which application threads were stopped: 0.0001354 seconds, Stopping threads took: 0.0000222 seconds
2017-03-14T09:36:05.647+0000: 399.660: Total time for which application threads were stopped: 0.0001318 seconds, Stopping threads took: 0.0000270 seconds
2017-03-14T09:36:05.657+0000: 399.669: Total time for which application threads were stopped: 0.0002458 seconds, Stopping threads took: 0.0000696 seconds
2017-03-14T09:36:05.657+0000: 399.669: Total time for which application threads were stopped: 0.0001187 seconds, Stopping threads took: 0.0000334 seconds
2017-03-14T09:36:05.853+0000: 399.865: Total time for which application threads were stopped: 0.0003424 seconds, Stopping threads took: 0.0000378 seconds
2017-03-14T09:36:05.854+0000: 399.866: Total time for which application threads were stopped: 0.0001893 seconds, Stopping threads took: 0.0000201 seconds
2017-03-14T09:36:06.111+0000: 400.123: Total time for which application threads were stopped: 0.0002279 seconds, Stopping threads took: 0.0000297 seconds
2017-03-14T09:36:06.111+0000: 400.123: Total time for which application threads were stopped: 0.0001036 seconds, Stopping threads took: 0.0000115 seconds
2017-03-14T09:36:06.265+0000: 400.277: Total time for which application threads were stopped: 0.0002191 seconds, Stopping threads took: 0.0000444 seconds
2017-03-14T09:36:06.269+0000: 400.282: Total time for which application threads were stopped: 0.0014035 seconds, Stopping threads took: 0.0011674 seconds
2017-03-14T09:36:06.270+0000: 400.282: Total time for which application threads were stopped: 0.0001571 seconds, Stopping threads took: 0.0000624 seconds
2017-03-14T09:36:06.273+0000: 400.285: Total time for which application threads were stopped: 0.0002464 seconds, Stopping threads took: 0.0000748 seconds
2017-03-14T09:36:06.274+0000: 400.286: Total time for which application threads were stopped: 0.0002501 seconds, Stopping threads took: 0.0000574 seconds
2017-03-14T09:36:06.274+0000: 400.287: Total time for which application threads were stopped: 0.0001224 seconds, Stopping threads took: 0.0000403 seconds
2017-03-14T09:36:06.275+0000: 400.287: Total time for which application threads were stopped: 0.0001242 seconds, Stopping threads took: 0.0000381 seconds
2017-03-14T09:36:06.286+0000: 400.298: Total time for which application threads were stopped: 0.0061944 seconds, Stopping threads took: 0.0060152 seconds
2017-03-14T09:36:06.286+0000: 400.298: Total time for which application threads were stopped: 0.0001252 seconds, Stopping threads took: 0.0000415 seconds
2017-03-14T09:36:06.356+0000: 400.368: Total time for which application threads were stopped: 0.0003527 seconds, Stopping threads took: 0.0000361 seconds
2017-03-14T09:36:06.448+0000: 400.460: Total time for which application threads were stopped: 0.0002770 seconds, Stopping threads took: 0.0000312 seconds
2017-03-14T09:36:07.240+0000: 401.252: Total time for which application threads were stopped: 0.0004151 seconds, Stopping threads took: 0.0000373 seconds
2017-03-14T09:36:07.248+0000: 401.260: Total time for which application threads were stopped: 0.0002852 seconds, Stopping threads took: 0.0000582 seconds
{Heap before GC invocations=35 (full 2):
 par new generation   total 109248K, used 94370K [0x00000000e0000000, 0x00000000e8000000, 0x00000000e8000000)
  eden space 87424K, 100% used [0x00000000e0000000, 0x00000000e5560000, 0x00000000e5560000)
  from space 21824K,  31% used [0x00000000e6ab0000, 0x00000000e7178840, 0x00000000e8000000)
  to   space 21824K,   0% used [0x00000000e5560000, 0x00000000e5560000, 0x00000000e6ab0000)
 concurrent mark-sweep generation total 393216K, used 32042K [0x00000000e8000000, 0x0000000100000000, 0x0000000100000000)
 Metaspace       used 46524K, capacity 47509K, committed 47660K, reserved 1091584K
  class space    used 5115K, capacity 5407K, committed 5468K, reserved 1048576K
2017-03-14T09:36:07.267+0000: 401.279: [GC (Allocation Failure) 2017-03-14T09:36:07.267+0000: 401.279: [ParNew
Desired survivor size 20112992 bytes, new threshold 8 (max 8)
- age   1:    2122872 bytes,    2122872 total
- age   2:    1096272 bytes,    3219144 total
- age   3:      78776 bytes,    3297920 total
- age   4:     395528 bytes,    3693448 total
- age   5:     421576 bytes,    4115024 total
- age   6:     410848 bytes,    4525872 total
- age   7:     487264 bytes,    5013136 total
- age   8:     214040 bytes,    5227176 total
: 94370K->6391K(109248K), 0.0100593 secs] 126412K->38680K(502464K), 0.0102008 secs] [Times: user=0.04 sys=0.00, real=0.01 secs] 
Heap after GC invocations=36 (full 2):
 par new generation   total 109248K, used 6391K [0x00000000e0000000, 0x00000000e8000000, 0x00000000e8000000)
  eden space 87424K,   0% used [0x00000000e0000000, 0x00000000e0000000, 0x00000000e5560000)
  from space 21824K,  29% used [0x00000000e5560000, 0x00000000e5b9dfe0, 0x00000000e6ab0000)
  to   space 21824K,   0% used [0x00000000e6ab0000, 0x00000000e6ab0000, 0x00000000e8000000)
 concurrent mark-sweep generation total 393216K, used 32288K [0x00000000e8000000, 0x0000000100000000, 0x0000000100000000)
 Metaspace       used 46524K, capacity 47509K, committed 47660K, reserved 1091584K
  class space    used 5115K, capacity 5407K, committed 5468K, reserved 1048576K
}
2017-03-14T09:36:07.277+0000: 401.289: Total time for which application threads were stopped: 0.0105602 seconds, Stopping threads took: 0.0000364 seconds
2017-03-14T09:36:07.468+0000: 401.481: Total time for which application threads were stopped: 0.0002482 seconds, Stopping threads took: 0.0000438 seconds
2017-03-14T09:36:08.330+0000: 402.343: Total time for which application threads were stopped: 0.0037843 seconds, Stopping threads took: 0.0036090 seconds
2017-03-14T09:36:08.331+0000: 402.343: Total time for which application threads were stopped: 0.0001846 seconds, Stopping threads took: 0.0000564 seconds
2017-03-14T09:36:08.331+0000: 402.343: Total time for which application threads were stopped: 0.0001168 seconds, Stopping threads took: 0.0000348 seconds
2017-03-14T09:36:08.331+0000: 402.344: Total time for which application threads were stopped: 0.0001350 seconds, Stopping threads took: 0.0000497 seconds
2017-03-14T09:36:08.332+0000: 402.344: Total time for which application threads were stopped: 0.0001275 seconds, Stopping threads took: 0.0000484 seconds
2017-03-14T09:36:08.332+0000: 402.345: Total time for which application threads were stopped: 0.0002081 seconds, Stopping threads took: 0.0000602 seconds
2017-03-14T09:36:08.335+0000: 402.347: Total time for which application threads were stopped: 0.0002751 seconds, Stopping threads took: 0.0000594 seconds
2017-03-14T09:36:08.335+0000: 402.347: Total time for which application threads were stopped: 0.0002634 seconds, Stopping threads took: 0.0001509 seconds
2017-03-14T09:36:08.344+0000: 402.356: Total time for which application threads were stopped: 0.0003030 seconds, Stopping threads took: 0.0000953 seconds
2017-03-14T09:36:08.346+0000: 402.359: Total time for which application threads were stopped: 0.0027571 seconds, Stopping threads took: 0.0024694 seconds
2017-03-14T09:36:08.351+0000: 402.363: Total time for which application threads were stopped: 0.0002112 seconds, Stopping threads took: 0.0000466 seconds
2017-03-14T09:36:08.353+0000: 402.365: Total time for which application threads were stopped: 0.0001822 seconds, Stopping threads took: 0.0000311 seconds
2017-03-14T09:36:08.354+0000: 402.366: Total time for which application threads were stopped: 0.0002941 seconds, Stopping threads took: 0.0000124 seconds
2017-03-14T09:36:08.575+0000: 402.587: Total time for which application threads were stopped: 0.0003528 seconds, Stopping threads took: 0.0000398 seconds
2017-03-14T09:36:09.575+0000: 403.587: Total time for which application threads were stopped: 0.0002468 seconds, Stopping threads took: 0.0000521 seconds
{Heap before GC invocations=36 (full 2):
 par new generation   total 109248K, used 93815K [0x00000000e0000000, 0x00000000e8000000, 0x00000000e8000000)
  eden space 87424K, 100% used [0x00000000e0000000, 0x00000000e5560000, 0x00000000e5560000)
  from space 21824K,  29% used [0x00000000e5560000, 0x00000000e5b9dfe0, 0x00000000e6ab0000)
  to   space 21824K,   0% used [0x00000000e6ab0000, 0x00000000e6ab0000, 0x00000000e8000000)
 concurrent mark-sweep generation total 393216K, used 32288K [0x00000000e8000000, 0x0000000100000000, 0x0000000100000000)
 Metaspace       used 46572K, capacity 47585K, committed 47660K, reserved 1091584K
  class space    used 5115K, capacity 5407K, committed 5468K, reserved 1048576K
2017-03-14T09:36:09.822+0000: 403.835: [GC (Allocation Failure) 2017-03-14T09:36:09.822+0000: 403.835: [ParNew
Desired survivor size 20112992 bytes, new threshold 8 (max 8)
- age   1:    2796864 bytes,    2796864 total
- age   2:     564568 bytes,    3361432 total
- age   3:     791632 bytes,    4153064 total
- age   4:      77216 bytes,    4230280 total
- age   5:     394624 bytes,    4624904 total
- age   6:     421552 bytes,    5046456 total
- age   7:     410848 bytes,    5457304 total
- age   8:     487240 bytes,    5944544 total
: 93815K->7942K(109248K), 0.0095894 secs] 126104K->40441K(502464K), 0.0098368 secs] [Times: user=0.03 sys=0.00, real=0.01 secs] 
Heap after GC invocations=37 (full 2):
 par new generation   total 109248K, used 7942K [0x00000000e0000000, 0x00000000e8000000, 0x00000000e8000000)
  eden space 87424K,   0% used [0x00000000e0000000, 0x00000000e0000000, 0x00000000e5560000)
  from space 21824K,  36% used [0x00000000e6ab0000, 0x00000000e7271ad0, 0x00000000e8000000)
  to   space 21824K,   0% used [0x00000000e5560000, 0x00000000e5560000, 0x00000000e6ab0000)
 concurrent mark-sweep generation total 393216K, used 32498K [0x00000000e8000000, 0x0000000100000000, 0x0000000100000000)
 Metaspace       used 46572K, capacity 47585K, committed 47660K, reserved 1091584K
  class space    used 5115K, capacity 5407K, committed 5468K, reserved 1048576K
}
2017-03-14T09:36:09.832+0000: 403.844: Total time for which application threads were stopped: 0.0103610 seconds, Stopping threads took: 0.0000728 seconds
2017-03-14T09:36:09.870+0000: 403.882: Total time for which application threads were stopped: 0.0002169 seconds, Stopping threads took: 0.0000266 seconds
2017-03-14T09:36:10.298+0000: 404.310: Total time for which application threads were stopped: 0.0003771 seconds, Stopping threads took: 0.0000409 seconds
2017-03-14T09:36:10.315+0000: 404.327: Total time for which application threads were stopped: 0.0002792 seconds, Stopping threads took: 0.0000669 seconds
2017-03-14T09:36:10.317+0000: 404.330: Total time for which application threads were stopped: 0.0002415 seconds, Stopping threads took: 0.0000603 seconds
2017-03-14T09:36:10.319+0000: 404.331: Total time for which application threads were stopped: 0.0003586 seconds, Stopping threads took: 0.0000593 seconds
2017-03-14T09:36:10.326+0000: 404.339: Total time for which application threads were stopped: 0.0040530 seconds, Stopping threads took: 0.0038742 seconds
2017-03-14T09:36:10.327+0000: 404.339: Total time for which application threads were stopped: 0.0002314 seconds, Stopping threads took: 0.0001263 seconds
2017-03-14T09:36:10.327+0000: 404.339: Total time for which application threads were stopped: 0.0001394 seconds, Stopping threads took: 0.0000496 seconds
2017-03-14T09:36:10.327+0000: 404.339: Total time for which application threads were stopped: 0.0001378 seconds, Stopping threads took: 0.0000523 seconds
2017-03-14T09:36:11.073+0000: 405.085: Total time for which application threads were stopped: 0.0004287 seconds, Stopping threads took: 0.0001566 seconds
2017-03-14T09:36:11.805+0000: 405.817: Total time for which application threads were stopped: 0.0002945 seconds, Stopping threads took: 0.0000555 seconds
2017-03-14T09:36:11.806+0000: 405.818: Total time for which application threads were stopped: 0.0002148 seconds, Stopping threads took: 0.0000646 seconds
2017-03-14T09:36:11.806+0000: 405.818: Total time for which application threads were stopped: 0.0001442 seconds, Stopping threads took: 0.0000410 seconds
2017-03-14T09:36:11.806+0000: 405.818: Total time for which application threads were stopped: 0.0001757 seconds, Stopping threads took: 0.0000685 seconds
2017-03-14T09:36:11.807+0000: 405.820: Total time for which application threads were stopped: 0.0001972 seconds, Stopping threads took: 0.0000344 seconds
2017-03-14T09:36:11.809+0000: 405.821: Total time for which application threads were stopped: 0.0002532 seconds, Stopping threads took: 0.0000707 seconds
2017-03-14T09:36:11.847+0000: 405.859: Total time for which application threads were stopped: 0.0003289 seconds, Stopping threads took: 0.0000435 seconds
2017-03-14T09:36:11.848+0000: 405.861: Total time for which application threads were stopped: 0.0002831 seconds, Stopping threads took: 0.0000749 seconds
2017-03-14T09:36:11.850+0000: 405.863: Total time for which application threads were stopped: 0.0002957 seconds, Stopping threads took: 0.0000786 seconds
2017-03-14T09:36:11.851+0000: 405.863: Total time for which application threads were stopped: 0.0001844 seconds, Stopping threads took: 0.0000604 seconds
2017-03-14T09:36:11.851+0000: 405.863: Total time for which application threads were stopped: 0.0001658 seconds, Stopping threads took: 0.0000408 seconds
2017-03-14T09:36:11.851+0000: 405.863: Total time for which application threads were stopped: 0.0001710 seconds, Stopping threads took: 0.0000451 seconds
2017-03-14T09:36:11.851+0000: 405.864: Total time for which application threads were stopped: 0.0001374 seconds, Stopping threads took: 0.0000259 seconds
2017-03-14T09:36:11.852+0000: 405.864: Total time for which application threads were stopped: 0.0001407 seconds, Stopping threads took: 0.0000272 seconds
2017-03-14T09:36:11.852+0000: 405.864: Total time for which application threads were stopped: 0.0001393 seconds, Stopping threads took: 0.0000261 seconds
2017-03-14T09:36:11.852+0000: 405.864: Total time for which application threads were stopped: 0.0001399 seconds, Stopping threads took: 0.0000263 seconds
2017-03-14T09:36:11.852+0000: 405.864: Total time for which application threads were stopped: 0.0001361 seconds, Stopping threads took: 0.0000259 seconds
2017-03-14T09:36:11.877+0000: 405.890: Total time for which application threads were stopped: 0.0002717 seconds, Stopping threads took: 0.0000494 seconds
{Heap before GC invocations=37 (full 2):
 par new generation   total 109248K, used 95366K [0x00000000e0000000, 0x00000000e8000000, 0x00000000e8000000)
  eden space 87424K, 100% used [0x00000000e0000000, 0x00000000e5560000, 0x00000000e5560000)
  from space 21824K,  36% used [0x00000000e6ab0000, 0x00000000e7271ad0, 0x00000000e8000000)
  to   space 21824K,   0% used [0x00000000e5560000, 0x00000000e5560000, 0x00000000e6ab0000)
 concurrent mark-sweep generation total 393216K, used 32498K [0x00000000e8000000, 0x0000000100000000, 0x0000000100000000)
 Metaspace       used 46668K, capacity 47713K, committed 47916K, reserved 1091584K
  class space    used 5115K, capacity 5407K, committed 5468K, reserved 1048576K
2017-03-14T09:36:12.059+0000: 406.071: [GC (Allocation Failure) 2017-03-14T09:36:12.059+0000: 406.071: [ParNew
Desired survivor size 20112992 bytes, new threshold 8 (max 8)
- age   1:    2731184 bytes,    2731184 total
- age   2:     480904 bytes,    3212088 total
- age   3:     549584 bytes,    3761672 total
- age   4:     784616 bytes,    4546288 total
- age   5:      75664 bytes,    4621952 total
- age   6:     394624 bytes,    5016576 total
- age   7:     421552 bytes,    5438128 total
- age   8:     410848 bytes,    5848976 total
: 95366K->8278K(109248K), 0.0196127 secs] 127865K->41252K(502464K), 0.0197283 secs] [Times: user=0.05 sys=0.00, real=0.02 secs] 
Heap after GC invocations=38 (full 2):
 par new generation   total 109248K, used 8278K [0x00000000e0000000, 0x00000000e8000000, 0x00000000e8000000)
  eden space 87424K,   0% used [0x00000000e0000000, 0x00000000e0000000, 0x00000000e5560000)
  from space 21824K,  37% used [0x00000000e5560000, 0x00000000e5d75880, 0x00000000e6ab0000)
  to   space 21824K,   0% used [0x00000000e6ab0000, 0x00000000e6ab0000, 0x00000000e8000000)
 concurrent mark-sweep generation total 393216K, used 32974K [0x00000000e8000000, 0x0000000100000000, 0x0000000100000000)
 Metaspace       used 46668K, capacity 47713K, committed 47916K, reserved 1091584K
  class space    used 5115K, capacity 5407K, committed 5468K, reserved 1048576K
}
2017-03-14T09:36:12.079+0000: 406.091: Total time for which application threads were stopped: 0.0200910 seconds, Stopping threads took: 0.0000556 seconds
2017-03-14T09:36:12.079+0000: 406.092: Total time for which application threads were stopped: 0.0004005 seconds, Stopping threads took: 0.0000453 seconds
2017-03-14T09:36:12.374+0000: 406.386: Total time for which application threads were stopped: 0.0004105 seconds, Stopping threads took: 0.0000364 seconds
2017-03-14T09:36:12.384+0000: 406.396: Total time for which application threads were stopped: 0.0003327 seconds, Stopping threads took: 0.0001312 seconds
2017-03-14T09:36:12.388+0000: 406.400: Total time for which application threads were stopped: 0.0002671 seconds, Stopping threads took: 0.0000686 seconds
2017-03-14T09:36:12.511+0000: 406.523: Total time for which application threads were stopped: 0.0002859 seconds, Stopping threads took: 0.0000387 seconds
{Heap before GC invocations=38 (full 2):
 par new generation   total 109248K, used 95702K [0x00000000e0000000, 0x00000000e8000000, 0x00000000e8000000)
  eden space 87424K, 100% used [0x00000000e0000000, 0x00000000e5560000, 0x00000000e5560000)
  from space 21824K,  37% used [0x00000000e5560000, 0x00000000e5d75880, 0x00000000e6ab0000)
  to   space 21824K,   0% used [0x00000000e6ab0000, 0x00000000e6ab0000, 0x00000000e8000000)
 concurrent mark-sweep generation total 393216K, used 32974K [0x00000000e8000000, 0x0000000100000000, 0x0000000100000000)
 Metaspace       used 46790K, capacity 47841K, committed 47916K, reserved 1091584K
  class space    used 5115K, capacity 5407K, committed 5468K, reserved 1048576K
2017-03-14T09:36:13.167+0000: 407.179: [GC (Allocation Failure) 2017-03-14T09:36:13.167+0000: 407.179: [ParNew
Desired survivor size 20112992 bytes, new threshold 8 (max 8)
- age   1:    1850808 bytes,    1850808 total
- age   2:    1414408 bytes,    3265216 total
- age   3:     428440 bytes,    3693656 total
- age   4:     545648 bytes,    4239304 total
- age   5:     783832 bytes,    5023136 total
- age   6:      74888 bytes,    5098024 total
- age   7:     393840 bytes,    5491864 total
- age   8:     421552 bytes,    5913416 total
: 95702K->7424K(109248K), 0.0105053 secs] 128676K->40800K(502464K), 0.0105980 secs] [Times: user=0.03 sys=0.00, real=0.01 secs] 
Heap after GC invocations=39 (full 2):
 par new generation   total 109248K, used 7424K [0x00000000e0000000, 0x00000000e8000000, 0x00000000e8000000)
  eden space 87424K,   0% used [0x00000000e0000000, 0x00000000e0000000, 0x00000000e5560000)
  from space 21824K,  34% used [0x00000000e6ab0000, 0x00000000e71f01d0, 0x00000000e8000000)
  to   space 21824K,   0% used [0x00000000e5560000, 0x00000000e5560000, 0x00000000e6ab0000)
 concurrent mark-sweep generation total 393216K, used 33376K [0x00000000e8000000, 0x0000000100000000, 0x0000000100000000)
 Metaspace       used 46790K, capacity 47841K, committed 47916K, reserved 1091584K
  class space    used 5115K, capacity 5407K, committed 5468K, reserved 1048576K
}
2017-03-14T09:36:13.178+0000: 407.190: Total time for which application threads were stopped: 0.0108884 seconds, Stopping threads took: 0.0000393 seconds
2017-03-14T09:36:13.458+0000: 407.470: Total time for which application threads were stopped: 0.0002848 seconds, Stopping threads took: 0.0000563 seconds
2017-03-14T09:36:13.498+0000: 407.511: Total time for which application threads were stopped: 0.0043573 seconds, Stopping threads took: 0.0041335 seconds
2017-03-14T09:36:13.502+0000: 407.514: Total time for which application threads were stopped: 0.0002836 seconds, Stopping threads took: 0.0001099 seconds
2017-03-14T09:36:13.502+0000: 407.514: Total time for which application threads were stopped: 0.0001033 seconds, Stopping threads took: 0.0000252 seconds
2017-03-14T09:36:13.525+0000: 407.537: Total time for which application threads were stopped: 0.0013914 seconds, Stopping threads took: 0.0000681 seconds
2017-03-14T09:36:13.579+0000: 407.591: Total time for which application threads were stopped: 0.0005915 seconds, Stopping threads took: 0.0000793 seconds
2017-03-14T09:36:13.612+0000: 407.625: Total time for which application threads were stopped: 0.0015612 seconds, Stopping threads took: 0.0013572 seconds
2017-03-14T09:36:13.950+0000: 407.962: Total time for which application threads were stopped: 0.0024261 seconds, Stopping threads took: 0.0000709 seconds
2017-03-14T09:36:13.964+0000: 407.976: Total time for which application threads were stopped: 0.0014531 seconds, Stopping threads took: 0.0000659 seconds
{Heap before GC invocations=39 (full 2):
 par new generation   total 109248K, used 94842K [0x00000000e0000000, 0x00000000e8000000, 0x00000000e8000000)
  eden space 87424K,  99% used [0x00000000e0000000, 0x00000000e555e6d8, 0x00000000e5560000)
  from space 21824K,  34% used [0x00000000e6ab0000, 0x00000000e71f01d0, 0x00000000e8000000)
  to   space 21824K,   0% used [0x00000000e5560000, 0x00000000e5560000, 0x00000000e6ab0000)
 concurrent mark-sweep generation total 393216K, used 33376K [0x00000000e8000000, 0x0000000100000000, 0x0000000100000000)
 Metaspace       used 47243K, capacity 48289K, committed 48556K, reserved 1091584K
  class space    used 5178K, capacity 5471K, committed 5596K, reserved 1048576K
2017-03-14T09:36:14.023+0000: 408.035: [GC (Allocation Failure) 2017-03-14T09:36:14.023+0000: 408.035: [ParNew
Desired survivor size 20112992 bytes, new threshold 8 (max 8)
- age   1:    4010704 bytes,    4010704 total
- age   2:    1133336 bytes,    5144040 total
- age   3:     476312 bytes,    5620352 total
- age   4:     422320 bytes,    6042672 total
- age   5:     543312 bytes,    6585984 total
- age   6:     783272 bytes,    7369256 total
- age   7:      74888 bytes,    7444144 total
- age   8:     393840 bytes,    7837984 total
: 94842K->10147K(109248K), 0.0157577 secs] 128218K->43934K(502464K), 0.0158858 secs] [Times: user=0.05 sys=0.01, real=0.01 secs] 
Heap after GC invocations=40 (full 2):
 par new generation   total 109248K, used 10147K [0x00000000e0000000, 0x00000000e8000000, 0x00000000e8000000)
  eden space 87424K,   0% used [0x00000000e0000000, 0x00000000e0000000, 0x00000000e5560000)
  from space 21824K,  46% used [0x00000000e5560000, 0x00000000e5f48cc0, 0x00000000e6ab0000)
  to   space 21824K,   0% used [0x00000000e6ab0000, 0x00000000e6ab0000, 0x00000000e8000000)
 concurrent mark-sweep generation total 393216K, used 33787K [0x00000000e8000000, 0x0000000100000000, 0x0000000100000000)
 Metaspace       used 47243K, capacity 48289K, committed 48556K, reserved 1091584K
  class space    used 5178K, capacity 5471K, committed 5596K, reserved 1048576K
}
2017-03-14T09:36:14.039+0000: 408.051: Total time for which application threads were stopped: 0.0163194 seconds, Stopping threads took: 0.0000589 seconds
2017-03-14T09:36:15.039+0000: 409.051: Total time for which application threads were stopped: 0.0002362 seconds, Stopping threads took: 0.0000264 seconds
{Heap before GC invocations=40 (full 2):
 par new generation   total 109248K, used 97571K [0x00000000e0000000, 0x00000000e8000000, 0x00000000e8000000)
  eden space 87424K, 100% used [0x00000000e0000000, 0x00000000e5560000, 0x00000000e5560000)
  from space 21824K,  46% used [0x00000000e5560000, 0x00000000e5f48cc0, 0x00000000e6ab0000)
  to   space 21824K,   0% used [0x00000000e6ab0000, 0x00000000e6ab0000, 0x00000000e8000000)
 concurrent mark-sweep generation total 393216K, used 33787K [0x00000000e8000000, 0x0000000100000000, 0x0000000100000000)
 Metaspace       used 47299K, capacity 48289K, committed 48556K, reserved 1091584K
  class space    used 5183K, capacity 5471K, committed 5596K, reserved 1048576K
2017-03-14T09:36:15.222+0000: 409.234: [GC (Allocation Failure) 2017-03-14T09:36:15.222+0000: 409.235: [ParNew
Desired survivor size 20112992 bytes, new threshold 8 (max 8)
- age   1:    1175368 bytes,    1175368 total
- age   2:    3021472 bytes,    4196840 total
- age   3:    1125424 bytes,    5322264 total
- age   4:     474440 bytes,    5796704 total
- age   5:     421248 bytes,    6217952 total
- age   6:     543312 bytes,    6761264 total
- age   7:     782824 bytes,    7544088 total
- age   8:      74888 bytes,    7618976 total
: 97571K->9312K(109248K), 0.0165984 secs] 131358K->43484K(502464K), 0.0167723 secs] [Times: user=0.03 sys=0.00, real=0.01 secs] 
Heap after GC invocations=41 (full 2):
 par new generation   total 109248K, used 9312K [0x00000000e0000000, 0x00000000e8000000, 0x00000000e8000000)
  eden space 87424K,   0% used [0x00000000e0000000, 0x00000000e0000000, 0x00000000e5560000)
  from space 21824K,  42% used [0x00000000e6ab0000, 0x00000000e73c80c0, 0x00000000e8000000)
  to   space 21824K,   0% used [0x00000000e5560000, 0x00000000e5560000, 0x00000000e6ab0000)
 concurrent mark-sweep generation total 393216K, used 34172K [0x00000000e8000000, 0x0000000100000000, 0x0000000100000000)
 Metaspace       used 47299K, capacity 48289K, committed 48556K, reserved 1091584K
  class space    used 5183K, capacity 5471K, committed 5596K, reserved 1048576K
}
2017-03-14T09:36:15.239+0000: 409.251: Total time for which application threads were stopped: 0.0171588 seconds, Stopping threads took: 0.0000442 seconds
2017-03-14T09:36:15.429+0000: 409.442: Total time for which application threads were stopped: 0.0003275 seconds, Stopping threads took: 0.0000295 seconds
2017-03-14T09:36:15.541+0000: 409.553: Total time for which application threads were stopped: 0.0004628 seconds, Stopping threads took: 0.0001520 seconds
2017-03-14T09:36:15.544+0000: 409.557: Total time for which application threads were stopped: 0.0002946 seconds, Stopping threads took: 0.0000642 seconds
2017-03-14T09:36:15.549+0000: 409.561: Total time for which application threads were stopped: 0.0002679 seconds, Stopping threads took: 0.0000422 seconds
2017-03-14T09:36:15.569+0000: 409.581: Total time for which application threads were stopped: 0.0003142 seconds, Stopping threads took: 0.0000690 seconds
2017-03-14T09:36:15.571+0000: 409.583: Total time for which application threads were stopped: 0.0002676 seconds, Stopping threads took: 0.0000340 seconds
2017-03-14T09:36:15.572+0000: 409.584: Total time for which application threads were stopped: 0.0005473 seconds, Stopping threads took: 0.0000318 seconds
2017-03-14T09:36:15.573+0000: 409.586: Total time for which application threads were stopped: 0.0005982 seconds, Stopping threads took: 0.0000713 seconds
{Heap before GC invocations=41 (full 2):
 par new generation   total 109248K, used 96736K [0x00000000e0000000, 0x00000000e8000000, 0x00000000e8000000)
  eden space 87424K, 100% used [0x00000000e0000000, 0x00000000e5560000, 0x00000000e5560000)
  from space 21824K,  42% used [0x00000000e6ab0000, 0x00000000e73c80c0, 0x00000000e8000000)
  to   space 21824K,   0% used [0x00000000e5560000, 0x00000000e5560000, 0x00000000e6ab0000)
 concurrent mark-sweep generation total 393216K, used 34172K [0x00000000e8000000, 0x0000000100000000, 0x0000000100000000)
 Metaspace       used 47343K, capacity 48353K, committed 48556K, reserved 1091584K
  class space    used 5183K, capacity 5471K, committed 5596K, reserved 1048576K
2017-03-14T09:36:16.333+0000: 410.345: [GC (Allocation Failure) 2017-03-14T09:36:16.333+0000: 410.345: [ParNew
Desired survivor size 20112992 bytes, new threshold 8 (max 8)
- age   1:    4002608 bytes,    4002608 total
- age   2:     290744 bytes,    4293352 total
- age   3:    2820248 bytes,    7113600 total
- age   4:     173152 bytes,    7286752 total
- age   5:     471232 bytes,    7757984 total
- age   6:     419728 bytes,    8177712 total
- age   7:     541448 bytes,    8719160 total
- age   8:     781864 bytes,    9501024 total
: 96736K->11576K(109248K), 0.0315374 secs] 130908K->45821K(502464K), 0.0316637 secs] [Times: user=0.07 sys=0.00, real=0.03 secs] 
Heap after GC invocations=42 (full 2):
 par new generation   total 109248K, used 11576K [0x00000000e0000000, 0x00000000e8000000, 0x00000000e8000000)
  eden space 87424K,   0% used [0x00000000e0000000, 0x00000000e0000000, 0x00000000e5560000)
  from space 21824K,  53% used [0x00000000e5560000, 0x00000000e60ae138, 0x00000000e6ab0000)
  to   space 21824K,   0% used [0x00000000e6ab0000, 0x00000000e6ab0000, 0x00000000e8000000)
 concurrent mark-sweep generation total 393216K, used 34245K [0x00000000e8000000, 0x0000000100000000, 0x0000000100000000)
 Metaspace       used 47343K, capacity 48353K, committed 48556K, reserved 1091584K
  class space    used 5183K, capacity 5471K, committed 5596K, reserved 1048576K
}
2017-03-14T09:36:16.365+0000: 410.377: Total time for which application threads were stopped: 0.0320719 seconds, Stopping threads took: 0.0000459 seconds
2017-03-14T09:36:16.369+0000: 410.382: Total time for which application threads were stopped: 0.0005723 seconds, Stopping threads took: 0.0000526 seconds
2017-03-14T09:36:16.563+0000: 410.576: Total time for which application threads were stopped: 0.0005940 seconds, Stopping threads took: 0.0000688 seconds
2017-03-14T09:36:16.611+0000: 410.624: Total time for which application threads were stopped: 0.0003327 seconds, Stopping threads took: 0.0000966 seconds
2017-03-14T09:36:16.637+0000: 410.649: Total time for which application threads were stopped: 0.0002742 seconds, Stopping threads took: 0.0000311 seconds
2017-03-14T09:36:16.637+0000: 410.650: Total time for which application threads were stopped: 0.0001552 seconds, Stopping threads took: 0.0000191 seconds
2017-03-14T09:36:16.638+0000: 410.650: Total time for which application threads were stopped: 0.0001164 seconds, Stopping threads took: 0.0000096 seconds
2017-03-14T09:36:16.638+0000: 410.650: Total time for which application threads were stopped: 0.0001060 seconds, Stopping threads took: 0.0000112 seconds
2017-03-14T09:36:16.638+0000: 410.650: Total time for which application threads were stopped: 0.0001036 seconds, Stopping threads took: 0.0000104 seconds
2017-03-14T09:36:16.638+0000: 410.650: Total time for which application threads were stopped: 0.0001020 seconds, Stopping threads took: 0.0000100 seconds
2017-03-14T09:36:16.638+0000: 410.651: Total time for which application threads were stopped: 0.0001143 seconds, Stopping threads took: 0.0000105 seconds
2017-03-14T09:36:16.638+0000: 410.651: Total time for which application threads were stopped: 0.0001184 seconds, Stopping threads took: 0.0000233 seconds
2017-03-14T09:36:16.639+0000: 410.651: Total time for which application threads were stopped: 0.0001038 seconds, Stopping threads took: 0.0000081 seconds
2017-03-14T09:36:16.639+0000: 410.651: Total time for which application threads were stopped: 0.0000986 seconds, Stopping threads took: 0.0000073 seconds
2017-03-14T09:36:16.639+0000: 410.651: Total time for which application threads were stopped: 0.0001014 seconds, Stopping threads took: 0.0000080 seconds
2017-03-14T09:36:16.639+0000: 410.651: Total time for which application threads were stopped: 0.0000974 seconds, Stopping threads took: 0.0000073 seconds
2017-03-14T09:36:16.639+0000: 410.651: Total time for which application threads were stopped: 0.0000956 seconds, Stopping threads took: 0.0000074 seconds
2017-03-14T09:36:16.639+0000: 410.652: Total time for which application threads were stopped: 0.0001016 seconds, Stopping threads took: 0.0000103 seconds
2017-03-14T09:36:16.640+0000: 410.653: Total time for which application threads were stopped: 0.0001690 seconds, Stopping threads took: 0.0000210 seconds
2017-03-14T09:36:16.640+0000: 410.653: Total time for which application threads were stopped: 0.0001038 seconds, Stopping threads took: 0.0000088 seconds
2017-03-14T09:36:16.641+0000: 410.653: Total time for which application threads were stopped: 0.0001037 seconds, Stopping threads took: 0.0000104 seconds
2017-03-14T09:36:16.641+0000: 410.653: Total time for which application threads were stopped: 0.0001007 seconds, Stopping threads took: 0.0000101 seconds
{Heap before GC invocations=42 (full 2):
 par new generation   total 109248K, used 99000K [0x00000000e0000000, 0x00000000e8000000, 0x00000000e8000000)
  eden space 87424K, 100% used [0x00000000e0000000, 0x00000000e5560000, 0x00000000e5560000)
  from space 21824K,  53% used [0x00000000e5560000, 0x00000000e60ae138, 0x00000000e6ab0000)
  to   space 21824K,   0% used [0x00000000e6ab0000, 0x00000000e6ab0000, 0x00000000e8000000)
 concurrent mark-sweep generation total 393216K, used 34245K [0x00000000e8000000, 0x0000000100000000, 0x0000000100000000)
 Metaspace       used 47367K, capacity 48353K, committed 48556K, reserved 1091584K
  class space    used 5183K, capacity 5471K, committed 5596K, reserved 1048576K
2017-03-14T09:36:17.497+0000: 411.509: [GC (Allocation Failure) 2017-03-14T09:36:17.497+0000: 411.509: [ParNew
Desired survivor size 20112992 bytes, new threshold 8 (max 8)
- age   1:    2054440 bytes,    2054440 total
- age   2:    3484640 bytes,    5539080 total
- age   3:     130936 bytes,    5670016 total
- age   4:    1589496 bytes,    7259512 total
- age   5:     171432 bytes,    7430944 total
- age   6:     289328 bytes,    7720272 total
- age   7:     257784 bytes,    7978056 total
- age   8:     348520 bytes,    8326576 total
: 99000K->15071K(109248K), 0.0289113 secs] 133245K->49763K(502464K), 0.0290274 secs] [Times: user=0.05 sys=0.00, real=0.03 secs] 
Heap after GC invocations=43 (full 2):
 par new generation   total 109248K, used 15071K [0x00000000e0000000, 0x00000000e8000000, 0x00000000e8000000)
  eden space 87424K,   0% used [0x00000000e0000000, 0x00000000e0000000, 0x00000000e5560000)
  from space 21824K,  69% used [0x00000000e6ab0000, 0x00000000e7967ff0, 0x00000000e8000000)
  to   space 21824K,   0% used [0x00000000e5560000, 0x00000000e5560000, 0x00000000e6ab0000)
 concurrent mark-sweep generation total 393216K, used 34691K [0x00000000e8000000, 0x0000000100000000, 0x0000000100000000)
 Metaspace       used 47367K, capacity 48353K, committed 48556K, reserved 1091584K
  class space    used 5183K, capacity 5471K, committed 5596K, reserved 1048576K
}
2017-03-14T09:36:17.526+0000: 411.538: Total time for which application threads were stopped: 0.0294389 seconds, Stopping threads took: 0.0000441 seconds
2017-03-14T09:36:18.448+0000: 412.460: Total time for which application threads were stopped: 0.0002982 seconds, Stopping threads took: 0.0001051 seconds
{Heap before GC invocations=43 (full 2):
 par new generation   total 109248K, used 102495K [0x00000000e0000000, 0x00000000e8000000, 0x00000000e8000000)
  eden space 87424K, 100% used [0x00000000e0000000, 0x00000000e5560000, 0x00000000e5560000)
  from space 21824K,  69% used [0x00000000e6ab0000, 0x00000000e7967ff0, 0x00000000e8000000)
  to   space 21824K,   0% used [0x00000000e5560000, 0x00000000e5560000, 0x00000000e6ab0000)
 concurrent mark-sweep generation total 393216K, used 34691K [0x00000000e8000000, 0x0000000100000000, 0x0000000100000000)
 Metaspace       used 47414K, capacity 48353K, committed 48556K, reserved 1091584K
  class space    used 5183K, capacity 5471K, committed 5596K, reserved 1048576K
2017-03-14T09:36:18.460+0000: 412.473: [GC (Allocation Failure) 2017-03-14T09:36:18.460+0000: 412.473: [ParNew
Desired survivor size 20112992 bytes, new threshold 8 (max 8)
- age   1:    1965496 bytes,    1965496 total
- age   2:    1334848 bytes,    3300344 total
- age   3:    2548664 bytes,    5849008 total
- age   4:     126544 bytes,    5975552 total
- age   5:    1587216 bytes,    7562768 total
- age   6:     170920 bytes,    7733688 total
- age   7:     287744 bytes,    8021432 total
- age   8:     257240 bytes,    8278672 total
: 102495K->10113K(109248K), 0.0228165 secs] 137187K->45144K(502464K), 0.0229575 secs] [Times: user=0.04 sys=0.00, real=0.03 secs] 
Heap after GC invocations=44 (full 2):
 par new generation   total 109248K, used 10113K [0x00000000e0000000, 0x00000000e8000000, 0x00000000e8000000)
  eden space 87424K,   0% used [0x00000000e0000000, 0x00000000e0000000, 0x00000000e5560000)
  from space 21824K,  46% used [0x00000000e5560000, 0x00000000e5f40740, 0x00000000e6ab0000)
  to   space 21824K,   0% used [0x00000000e6ab0000, 0x00000000e6ab0000, 0x00000000e8000000)
 concurrent mark-sweep generation total 393216K, used 35031K [0x00000000e8000000, 0x0000000100000000, 0x0000000100000000)
 Metaspace       used 47414K, capacity 48353K, committed 48556K, reserved 1091584K
  class space    used 5183K, capacity 5471K, committed 5596K, reserved 1048576K
}
2017-03-14T09:36:18.483+0000: 412.496: Total time for which application threads were stopped: 0.0233472 seconds, Stopping threads took: 0.0000599 seconds
2017-03-14T09:36:18.486+0000: 412.499: Total time for which application threads were stopped: 0.0002875 seconds, Stopping threads took: 0.0000927 seconds
2017-03-14T09:36:18.486+0000: 412.499: Total time for which application threads were stopped: 0.0001004 seconds, Stopping threads took: 0.0000242 seconds
2017-03-14T09:36:18.487+0000: 412.499: Total time for which application threads were stopped: 0.0000909 seconds, Stopping threads took: 0.0000227 seconds
2017-03-14T09:36:18.488+0000: 412.500: Total time for which application threads were stopped: 0.0008696 seconds, Stopping threads took: 0.0007802 seconds
2017-03-14T09:36:18.488+0000: 412.500: Total time for which application threads were stopped: 0.0001029 seconds, Stopping threads took: 0.0000358 seconds
2017-03-14T09:36:18.488+0000: 412.500: Total time for which application threads were stopped: 0.0000866 seconds, Stopping threads took: 0.0000204 seconds
2017-03-14T09:36:18.488+0000: 412.500: Total time for which application threads were stopped: 0.0001011 seconds, Stopping threads took: 0.0000318 seconds
2017-03-14T09:36:18.488+0000: 412.500: Total time for which application threads were stopped: 0.0000907 seconds, Stopping threads took: 0.0000265 seconds
2017-03-14T09:36:18.488+0000: 412.501: Total time for which application threads were stopped: 0.0000922 seconds, Stopping threads took: 0.0000269 seconds
2017-03-14T09:36:18.488+0000: 412.501: Total time for which application threads were stopped: 0.0000909 seconds, Stopping threads took: 0.0000291 seconds
2017-03-14T09:36:18.489+0000: 412.501: Total time for which application threads were stopped: 0.0000876 seconds, Stopping threads took: 0.0000263 seconds
2017-03-14T09:36:18.489+0000: 412.501: Total time for which application threads were stopped: 0.0002646 seconds, Stopping threads took: 0.0000288 seconds
2017-03-14T09:36:18.721+0000: 412.733: Total time for which application threads were stopped: 0.0002954 seconds, Stopping threads took: 0.0000643 seconds
2017-03-14T09:36:18.721+0000: 412.733: Total time for which application threads were stopped: 0.0001268 seconds, Stopping threads took: 0.0000331 seconds
2017-03-14T09:36:18.767+0000: 412.779: Total time for which application threads were stopped: 0.0002068 seconds, Stopping threads took: 0.0000222 seconds
2017-03-14T09:36:18.767+0000: 412.780: Total time for which application threads were stopped: 0.0000907 seconds, Stopping threads took: 0.0000098 seconds
2017-03-14T09:36:18.997+0000: 413.009: Total time for which application threads were stopped: 0.0004550 seconds, Stopping threads took: 0.0000521 seconds
2017-03-14T09:36:18.998+0000: 413.010: Total time for which application threads were stopped: 0.0002991 seconds, Stopping threads took: 0.0000310 seconds
2017-03-14T09:36:19.612+0000: 413.625: Total time for which application threads were stopped: 0.0003092 seconds, Stopping threads took: 0.0000415 seconds
2017-03-14T09:36:19.839+0000: 413.852: Total time for which application threads were stopped: 0.0002715 seconds, Stopping threads took: 0.0000275 seconds
{Heap before GC invocations=44 (full 2):
 par new generation   total 109248K, used 97537K [0x00000000e0000000, 0x00000000e8000000, 0x00000000e8000000)
  eden space 87424K, 100% used [0x00000000e0000000, 0x00000000e5560000, 0x00000000e5560000)
  from space 21824K,  46% used [0x00000000e5560000, 0x00000000e5f40740, 0x00000000e6ab0000)
  to   space 21824K,   0% used [0x00000000e6ab0000, 0x00000000e6ab0000, 0x00000000e8000000)
 concurrent mark-sweep generation total 393216K, used 35031K [0x00000000e8000000, 0x0000000100000000, 0x0000000100000000)
 Metaspace       used 47434K, capacity 48417K, committed 48556K, reserved 1091584K
  class space    used 5183K, capacity 5471K, committed 5596K, reserved 1048576K
2017-03-14T09:36:20.112+0000: 414.124: [GC (Allocation Failure) 2017-03-14T09:36:20.112+0000: 414.124: [ParNew
Desired survivor size 20112992 bytes, new threshold 8 (max 8)
- age   1:    1977864 bytes,    1977864 total
- age   2:    1334688 bytes,    3312552 total
- age   3:     356400 bytes,    3668952 total
- age   4:    2064272 bytes,    5733224 total
- age   5:     115936 bytes,    5849160 total
- age   6:    1575912 bytes,    7425072 total
- age   7:      51944 bytes,    7477016 total
- age   8:      54576 bytes,    7531592 total
: 97537K->10474K(109248K), 0.0119673 secs] 132568K->45579K(502464K), 0.0120596 secs] [Times: user=0.03 sys=0.00, real=0.01 secs] 
Heap after GC invocations=45 (full 2):
 par new generation   total 109248K, used 10474K [0x00000000e0000000, 0x00000000e8000000, 0x00000000e8000000)
  eden space 87424K,   0% used [0x00000000e0000000, 0x00000000e0000000, 0x00000000e5560000)
  from space 21824K,  47% used [0x00000000e6ab0000, 0x00000000e74ea9a0, 0x00000000e8000000)
  to   space 21824K,   0% used [0x00000000e5560000, 0x00000000e5560000, 0x00000000e6ab0000)
 concurrent mark-sweep generation total 393216K, used 35105K [0x00000000e8000000, 0x0000000100000000, 0x0000000100000000)
 Metaspace       used 47434K, capacity 48417K, committed 48556K, reserved 1091584K
  class space    used 5183K, capacity 5471K, committed 5596K, reserved 1048576K
}
2017-03-14T09:36:20.124+0000: 414.137: Total time for which application threads were stopped: 0.0124224 seconds, Stopping threads took: 0.0000426 seconds
2017-03-14T09:36:20.676+0000: 414.688: Total time for which application threads were stopped: 0.0002603 seconds, Stopping threads took: 0.0000536 seconds
2017-03-14T09:36:20.676+0000: 414.688: Total time for which application threads were stopped: 0.0001325 seconds, Stopping threads took: 0.0000181 seconds
2017-03-14T09:36:20.693+0000: 414.705: Total time for which application threads were stopped: 0.0002431 seconds, Stopping threads took: 0.0000371 seconds
2017-03-14T09:36:20.693+0000: 414.706: Total time for which application threads were stopped: 0.0001284 seconds, Stopping threads took: 0.0000155 seconds
2017-03-14T09:36:21.099+0000: 415.111: Total time for which application threads were stopped: 0.0002790 seconds, Stopping threads took: 0.0000475 seconds
2017-03-14T09:36:21.114+0000: 415.127: Total time for which application threads were stopped: 0.0002110 seconds, Stopping threads took: 0.0000400 seconds
2017-03-14T09:36:21.153+0000: 415.166: Total time for which application threads were stopped: 0.0002289 seconds, Stopping threads took: 0.0000384 seconds
2017-03-14T09:36:21.154+0000: 415.166: Total time for which application threads were stopped: 0.0001031 seconds, Stopping threads took: 0.0000177 seconds
2017-03-14T09:36:21.338+0000: 415.350: Total time for which application threads were stopped: 0.0002011 seconds, Stopping threads took: 0.0000252 seconds
2017-03-14T09:36:21.441+0000: 415.454: Total time for which application threads were stopped: 0.0002517 seconds, Stopping threads took: 0.0000647 seconds
2017-03-14T09:36:21.532+0000: 415.545: Total time for which application threads were stopped: 0.0002913 seconds, Stopping threads took: 0.0000304 seconds
{Heap before GC invocations=45 (full 2):
 par new generation   total 109248K, used 97898K [0x00000000e0000000, 0x00000000e8000000, 0x00000000e8000000)
  eden space 87424K, 100% used [0x00000000e0000000, 0x00000000e5560000, 0x00000000e5560000)
  from space 21824K,  47% used [0x00000000e6ab0000, 0x00000000e74ea9a0, 0x00000000e8000000)
  to   space 21824K,   0% used [0x00000000e5560000, 0x00000000e5560000, 0x00000000e6ab0000)
 concurrent mark-sweep generation total 393216K, used 35105K [0x00000000e8000000, 0x0000000100000000, 0x0000000100000000)
 Metaspace       used 47456K, capacity 48481K, committed 48812K, reserved 1093632K
  class space    used 5183K, capacity 5471K, committed 5596K, reserved 1048576K
2017-03-14T09:36:22.392+0000: 416.404: [GC (Allocation Failure) 2017-03-14T09:36:22.392+0000: 416.404: [ParNew
Desired survivor size 20112992 bytes, new threshold 8 (max 8)
- age   1:    2795864 bytes,    2795864 total
- age   2:     583960 bytes,    3379824 total
- age   3:     531960 bytes,    3911784 total
- age   4:     352488 bytes,    4264272 total
- age   5:    2045048 bytes,    6309320 total
- age   6:     115168 bytes,    6424488 total
- age   7:    1575656 bytes,    8000144 total
- age   8:      51216 bytes,    8051360 total
: 97898K->11259K(109248K), 0.0136163 secs] 133003K->46418K(502464K), 0.0137254 secs] [Times: user=0.04 sys=0.00, real=0.01 secs] 
Heap after GC invocations=46 (full 2):
 par new generation   total 109248K, used 11259K [0x00000000e0000000, 0x00000000e8000000, 0x00000000e8000000)
  eden space 87424K,   0% used [0x00000000e0000000, 0x00000000e0000000, 0x00000000e5560000)
  from space 21824K,  51% used [0x00000000e5560000, 0x00000000e605eec0, 0x00000000e6ab0000)
  to   space 21824K,   0% used [0x00000000e6ab0000, 0x00000000e6ab0000, 0x00000000e8000000)
 concurrent mark-sweep generation total 393216K, used 35158K [0x00000000e8000000, 0x0000000100000000, 0x0000000100000000)
 Metaspace       used 47456K, capacity 48481K, committed 48812K, reserved 1093632K
  class space    used 5183K, capacity 5471K, committed 5596K, reserved 1048576K
}
2017-03-14T09:36:22.406+0000: 416.418: Total time for which application threads were stopped: 0.0140744 seconds, Stopping threads took: 0.0000333 seconds
2017-03-14T09:36:22.816+0000: 416.828: Total time for which application threads were stopped: 0.0002358 seconds, Stopping threads took: 0.0000527 seconds
2017-03-14T09:36:22.869+0000: 416.881: Total time for which application threads were stopped: 0.0002298 seconds, Stopping threads took: 0.0000284 seconds
2017-03-14T09:36:23.869+0000: 417.882: Total time for which application threads were stopped: 0.0003413 seconds, Stopping threads took: 0.0000700 seconds
2017-03-14T09:36:24.479+0000: 418.491: Total time for which application threads were stopped: 0.0002362 seconds, Stopping threads took: 0.0000442 seconds
{Heap before GC invocations=46 (full 2):
 par new generation   total 109248K, used 98683K [0x00000000e0000000, 0x00000000e8000000, 0x00000000e8000000)
  eden space 87424K, 100% used [0x00000000e0000000, 0x00000000e5560000, 0x00000000e5560000)
  from space 21824K,  51% used [0x00000000e5560000, 0x00000000e605eec0, 0x00000000e6ab0000)
  to   space 21824K,   0% used [0x00000000e6ab0000, 0x00000000e6ab0000, 0x00000000e8000000)
 concurrent mark-sweep generation total 393216K, used 35158K [0x00000000e8000000, 0x0000000100000000, 0x0000000100000000)
 Metaspace       used 47470K, capacity 48481K, committed 48812K, reserved 1093632K
  class space    used 5183K, capacity 5471K, committed 5596K, reserved 1048576K
2017-03-14T09:36:24.494+0000: 418.506: [GC (Allocation Failure) 2017-03-14T09:36:24.494+0000: 418.506: [ParNew
Desired survivor size 20112992 bytes, new threshold 8 (max 8)
- age   1:    1858112 bytes,    1858112 total
- age   2:     534072 bytes,    2392184 total
- age   3:     534128 bytes,    2926312 total
- age   4:     527104 bytes,    3453416 total
- age   5:     351096 bytes,    3804512 total
- age   6:    2043272 bytes,    5847784 total
- age   7:     113128 bytes,    5960912 total
- age   8:    1575144 bytes,    7536056 total
: 98683K->9167K(109248K), 0.0142359 secs] 133842K->44375K(502464K), 0.0143874 secs] [Times: user=0.04 sys=0.00, real=0.01 secs] 
Heap after GC invocations=47 (full 2):
 par new generation   total 109248K, used 9167K [0x00000000e0000000, 0x00000000e8000000, 0x00000000e8000000)
  eden space 87424K,   0% used [0x00000000e0000000, 0x00000000e0000000, 0x00000000e5560000)
  from space 21824K,  42% used [0x00000000e6ab0000, 0x00000000e73a3e38, 0x00000000e8000000)
  to   space 21824K,   0% used [0x00000000e5560000, 0x00000000e5560000, 0x00000000e6ab0000)
 concurrent mark-sweep generation total 393216K, used 35207K [0x00000000e8000000, 0x0000000100000000, 0x0000000100000000)
 Metaspace       used 47470K, capacity 48481K, committed 48812K, reserved 1093632K
  class space    used 5183K, capacity 5471K, committed 5596K, reserved 1048576K
}
2017-03-14T09:36:24.508+0000: 418.521: Total time for which application threads were stopped: 0.0147554 seconds, Stopping threads took: 0.0000743 seconds
2017-03-14T09:36:24.511+0000: 418.523: Total time for which application threads were stopped: 0.0002851 seconds, Stopping threads took: 0.0000954 seconds
2017-03-14T09:36:24.590+0000: 418.603: Total time for which application threads were stopped: 0.0002182 seconds, Stopping threads took: 0.0000609 seconds
{Heap before GC invocations=47 (full 2):
 par new generation   total 109248K, used 96557K [0x00000000e0000000, 0x00000000e8000000, 0x00000000e8000000)
  eden space 87424K,  99% used [0x00000000e0000000, 0x00000000e5557860, 0x00000000e5560000)
  from space 21824K,  42% used [0x00000000e6ab0000, 0x00000000e73a3e38, 0x00000000e8000000)
  to   space 21824K,   0% used [0x00000000e5560000, 0x00000000e5560000, 0x00000000e6ab0000)
 concurrent mark-sweep generation total 393216K, used 35207K [0x00000000e8000000, 0x0000000100000000, 0x0000000100000000)
 Metaspace       used 47474K, capacity 48481K, committed 48812K, reserved 1093632K
  class space    used 5183K, capacity 5471K, committed 5596K, reserved 1048576K
2017-03-14T09:36:25.459+0000: 419.471: [GC (Allocation Failure) 2017-03-14T09:36:25.459+0000: 419.471: [ParNew
Desired survivor size 20112992 bytes, new threshold 8 (max 8)
- age   1:    1811424 bytes,    1811424 total
- age   2:    1358904 bytes,    3170328 total
- age   3:     489872 bytes,    3660200 total
- age   4:     527952 bytes,    4188152 total
- age   5:     525808 bytes,    4713960 total
- age   6:     350648 bytes,    5064608 total
- age   7:    2042632 bytes,    7107240 total
- age   8:     112536 bytes,    7219776 total
: 96557K->11441K(109248K), 0.0119670 secs] 131765K->48188K(502464K), 0.0122257 secs] [Times: user=0.03 sys=0.01, real=0.02 secs] 
Heap after GC invocations=48 (full 2):
 par new generation   total 109248K, used 11441K [0x00000000e0000000, 0x00000000e8000000, 0x00000000e8000000)
  eden space 87424K,   0% used [0x00000000e0000000, 0x00000000e0000000, 0x00000000e5560000)
  from space 21824K,  52% used [0x00000000e5560000, 0x00000000e608c788, 0x00000000e6ab0000)
  to   space 21824K,   0% used [0x00000000e6ab0000, 0x00000000e6ab0000, 0x00000000e8000000)
 concurrent mark-sweep generation total 393216K, used 36746K [0x00000000e8000000, 0x0000000100000000, 0x0000000100000000)
 Metaspace       used 47474K, capacity 48481K, committed 48812K, reserved 1093632K
  class space    used 5183K, capacity 5471K, committed 5596K, reserved 1048576K
}
2017-03-14T09:36:25.471+0000: 419.483: Total time for which application threads were stopped: 0.0127469 seconds, Stopping threads took: 0.0000496 seconds
2017-03-14T09:36:25.859+0000: 419.871: Total time for which application threads were stopped: 0.0002570 seconds, Stopping threads took: 0.0000473 seconds
2017-03-14T09:36:25.859+0000: 419.872: Total time for which application threads were stopped: 0.0001447 seconds, Stopping threads took: 0.0000473 seconds
2017-03-14T09:36:25.860+0000: 419.872: Total time for which application threads were stopped: 0.0000881 seconds, Stopping threads took: 0.0000099 seconds
{Heap before GC invocations=48 (full 2):
 par new generation   total 109248K, used 98858K [0x00000000e0000000, 0x00000000e8000000, 0x00000000e8000000)
  eden space 87424K,  99% used [0x00000000e0000000, 0x00000000e555e380, 0x00000000e5560000)
  from space 21824K,  52% used [0x00000000e5560000, 0x00000000e608c788, 0x00000000e6ab0000)
  to   space 21824K,   0% used [0x00000000e6ab0000, 0x00000000e6ab0000, 0x00000000e8000000)
 concurrent mark-sweep generation total 393216K, used 36746K [0x00000000e8000000, 0x0000000100000000, 0x0000000100000000)
 Metaspace       used 47628K, capacity 48609K, committed 48812K, reserved 1093632K
  class space    used 5183K, capacity 5471K, committed 5596K, reserved 1048576K
2017-03-14T09:36:26.264+0000: 420.276: [GC (Allocation Failure) 2017-03-14T09:36:26.264+0000: 420.276: [ParNew
Desired survivor size 20112992 bytes, new threshold 8 (max 8)
- age   1:    2048640 bytes,    2048640 total
- age   2:    1075808 bytes,    3124448 total
- age   3:     413888 bytes,    3538336 total
- age   4:     486560 bytes,    4024896 total
- age   5:     526736 bytes,    4551632 total
- age   6:     525360 bytes,    5076992 total
- age   7:     350232 bytes,    5427224 total
- age   8:    2042280 bytes,    7469504 total
: 98858K->9342K(109248K), 0.0100066 secs] 135605K->46198K(502464K), 0.0102036 secs] [Times: user=0.03 sys=0.00, real=0.01 secs] 
Heap after GC invocations=49 (full 2):
 par new generation   total 109248K, used 9342K [0x00000000e0000000, 0x00000000e8000000, 0x00000000e8000000)
  eden space 87424K,   0% used [0x00000000e0000000, 0x00000000e0000000, 0x00000000e5560000)
  from space 21824K,  42% used [0x00000000e6ab0000, 0x00000000e73cf8b8, 0x00000000e8000000)
  to   space 21824K,   0% used [0x00000000e5560000, 0x00000000e5560000, 0x00000000e6ab0000)
 concurrent mark-sweep generation total 393216K, used 36856K [0x00000000e8000000, 0x0000000100000000, 0x0000000100000000)
 Metaspace       used 47628K, capacity 48609K, committed 48812K, reserved 1093632K
  class space    used 5183K, capacity 5471K, committed 5596K, reserved 1048576K
}
2017-03-14T09:36:26.274+0000: 420.287: Total time for which application threads were stopped: 0.0107427 seconds, Stopping threads took: 0.0000248 seconds
{Heap before GC invocations=49 (full 2):
 par new generation   total 109248K, used 96766K [0x00000000e0000000, 0x00000000e8000000, 0x00000000e8000000)
  eden space 87424K, 100% used [0x00000000e0000000, 0x00000000e5560000, 0x00000000e5560000)
  from space 21824K,  42% used [0x00000000e6ab0000, 0x00000000e73cf8b8, 0x00000000e8000000)
  to   space 21824K,   0% used [0x00000000e5560000, 0x00000000e5560000, 0x00000000e6ab0000)
 concurrent mark-sweep generation total 393216K, used 36856K [0x00000000e8000000, 0x0000000100000000, 0x0000000100000000)
 Metaspace       used 47628K, capacity 48609K, committed 48812K, reserved 1093632K
  class space    used 5183K, capacity 5471K, committed 5596K, reserved 1048576K
2017-03-14T09:36:27.249+0000: 421.262: [GC (Allocation Failure) 2017-03-14T09:36:27.249+0000: 421.262: [ParNew
Desired survivor size 20112992 bytes, new threshold 8 (max 8)
- age   1:     925592 bytes,     925592 total
- age   2:    1524160 bytes,    2449752 total
- age   3:    1068168 bytes,    3517920 total
- age   4:     408664 bytes,    3926584 total
- age   5:     486208 bytes,    4412792 total
- age   6:     525512 bytes,    4938304 total
- age   7:     525072 bytes,    5463376 total
- age   8:     349848 bytes,    5813224 total
: 96766K->11060K(109248K), 0.0117134 secs] 133622K->49911K(502464K), 0.0118065 secs] [Times: user=0.02 sys=0.01, real=0.01 secs] 
Heap after GC invocations=50 (full 2):
 par new generation   total 109248K, used 11060K [0x00000000e0000000, 0x00000000e8000000, 0x00000000e8000000)
  eden space 87424K,   0% used [0x00000000e0000000, 0x00000000e0000000, 0x00000000e5560000)
  from space 21824K,  50% used [0x00000000e5560000, 0x00000000e602d118, 0x00000000e6ab0000)
  to   space 21824K,   0% used [0x00000000e6ab0000, 0x00000000e6ab0000, 0x00000000e8000000)
 concurrent mark-sweep generation total 393216K, used 38851K [0x00000000e8000000, 0x0000000100000000, 0x0000000100000000)
 Metaspace       used 47628K, capacity 48609K, committed 48812K, reserved 1093632K
  class space    used 5183K, capacity 5471K, committed 5596K, reserved 1048576K
}
2017-03-14T09:36:27.261+0000: 421.273: Total time for which application threads were stopped: 0.0121664 seconds, Stopping threads took: 0.0000858 seconds
2017-03-14T09:36:27.608+0000: 421.620: Total time for which application threads were stopped: 0.0002184 seconds, Stopping threads took: 0.0000273 seconds
{Heap before GC invocations=50 (full 2):
 par new generation   total 109248K, used 98484K [0x00000000e0000000, 0x00000000e8000000, 0x00000000e8000000)
  eden space 87424K, 100% used [0x00000000e0000000, 0x00000000e5560000, 0x00000000e5560000)
  from space 21824K,  50% used [0x00000000e5560000, 0x00000000e602d118, 0x00000000e6ab0000)
  to   space 21824K,   0% used [0x00000000e6ab0000, 0x00000000e6ab0000, 0x00000000e8000000)
 concurrent mark-sweep generation total 393216K, used 38851K [0x00000000e8000000, 0x0000000100000000, 0x0000000100000000)
 Metaspace       used 47633K, capacity 48609K, committed 48812K, reserved 1093632K
  class space    used 5183K, capacity 5471K, committed 5596K, reserved 1048576K
2017-03-14T09:36:28.145+0000: 422.157: [GC (Allocation Failure) 2017-03-14T09:36:28.145+0000: 422.157: [ParNew
Desired survivor size 20112992 bytes, new threshold 8 (max 8)
- age   1:    2235864 bytes,    2235864 total
- age   2:     258120 bytes,    2493984 total
- age   3:    1315624 bytes,    3809608 total
- age   4:      55208 bytes,    3864816 total
- age   5:     398792 bytes,    4263608 total
- age   6:     485216 bytes,    4748824 total
- age   7:     524512 bytes,    5273336 total
- age   8:     524720 bytes,    5798056 total
: 98484K->7272K(109248K), 0.0074060 secs] 137335K->46465K(502464K), 0.0075118 secs] [Times: user=0.02 sys=0.00, real=0.01 secs] 
Heap after GC invocations=51 (full 2):
 par new generation   total 109248K, used 7272K [0x00000000e0000000, 0x00000000e8000000, 0x00000000e8000000)
  eden space 87424K,   0% used [0x00000000e0000000, 0x00000000e0000000, 0x00000000e5560000)
  from space 21824K,  33% used [0x00000000e6ab0000, 0x00000000e71ca0d0, 0x00000000e8000000)
  to   space 21824K,   0% used [0x00000000e5560000, 0x00000000e5560000, 0x00000000e6ab0000)
 concurrent mark-sweep generation total 393216K, used 39193K [0x00000000e8000000, 0x0000000100000000, 0x0000000100000000)
 Metaspace       used 47633K, capacity 48609K, committed 48812K, reserved 1093632K
  class space    used 5183K, capacity 5471K, committed 5596K, reserved 1048576K
}
2017-03-14T09:36:28.152+0000: 422.164: Total time for which application threads were stopped: 0.0077706 seconds, Stopping threads took: 0.0000246 seconds
2017-03-14T09:36:28.905+0000: 422.917: Total time for which application threads were stopped: 0.0002632 seconds, Stopping threads took: 0.0000734 seconds
{Heap before GC invocations=51 (full 2):
 par new generation   total 109248K, used 94696K [0x00000000e0000000, 0x00000000e8000000, 0x00000000e8000000)
  eden space 87424K, 100% used [0x00000000e0000000, 0x00000000e5560000, 0x00000000e5560000)
  from space 21824K,  33% used [0x00000000e6ab0000, 0x00000000e71ca0d0, 0x00000000e8000000)
  to   space 21824K,   0% used [0x00000000e5560000, 0x00000000e5560000, 0x00000000e6ab0000)
 concurrent mark-sweep generation total 393216K, used 39193K [0x00000000e8000000, 0x0000000100000000, 0x0000000100000000)
 Metaspace       used 47649K, capacity 48609K, committed 48812K, reserved 1093632K
  class space    used 5183K, capacity 5471K, committed 5596K, reserved 1048576K
2017-03-14T09:36:29.109+0000: 423.121: [GC (Allocation Failure) 2017-03-14T09:36:29.109+0000: 423.121: [ParNew
Desired survivor size 20112992 bytes, new threshold 8 (max 8)
- age   1:    2057200 bytes,    2057200 total
- age   2:    1461600 bytes,    3518800 total
- age   3:      60640 bytes,    3579440 total
- age   4:     415288 bytes,    3994728 total
- age   5:      53184 bytes,    4047912 total
- age   6:     397832 bytes,    4445744 total
- age   7:     484800 bytes,    4930544 total
- age   8:     523808 bytes,    5454352 total
: 94696K->8588K(109248K), 0.0123862 secs] 133889K->48294K(502464K), 0.0124974 secs] [Times: user=0.03 sys=0.00, real=0.01 secs] 
Heap after GC invocations=52 (full 2):
 par new generation   total 109248K, used 8588K [0x00000000e0000000, 0x00000000e8000000, 0x00000000e8000000)
  eden space 87424K,   0% used [0x00000000e0000000, 0x00000000e0000000, 0x00000000e5560000)
  from space 21824K,  39% used [0x00000000e5560000, 0x00000000e5dc3240, 0x00000000e6ab0000)
  to   space 21824K,   0% used [0x00000000e6ab0000, 0x00000000e6ab0000, 0x00000000e8000000)
 concurrent mark-sweep generation total 393216K, used 39705K [0x00000000e8000000, 0x0000000100000000, 0x0000000100000000)
 Metaspace       used 47649K, capacity 48609K, committed 48812K, reserved 1093632K
  class space    used 5183K, capacity 5471K, committed 5596K, reserved 1048576K
}
2017-03-14T09:36:29.122+0000: 423.134: Total time for which application threads were stopped: 0.0127861 seconds, Stopping threads took: 0.0000277 seconds
2017-03-14T09:36:30.122+0000: 424.134: Total time for which application threads were stopped: 0.0002020 seconds, Stopping threads took: 0.0000358 seconds
{Heap before GC invocations=52 (full 2):
 par new generation   total 109248K, used 96012K [0x00000000e0000000, 0x00000000e8000000, 0x00000000e8000000)
  eden space 87424K, 100% used [0x00000000e0000000, 0x00000000e5560000, 0x00000000e5560000)
  from space 21824K,  39% used [0x00000000e5560000, 0x00000000e5dc3240, 0x00000000e6ab0000)
  to   space 21824K,   0% used [0x00000000e6ab0000, 0x00000000e6ab0000, 0x00000000e8000000)
 concurrent mark-sweep generation total 393216K, used 39705K [0x00000000e8000000, 0x0000000100000000, 0x0000000100000000)
 Metaspace       used 47649K, capacity 48609K, committed 48812K, reserved 1093632K
  class space    used 5183K, capacity 5471K, committed 5596K, reserved 1048576K
2017-03-14T09:36:30.209+0000: 424.221: [GC (Allocation Failure) 2017-03-14T09:36:30.209+0000: 424.221: [ParNew
Desired survivor size 20112992 bytes, new threshold 8 (max 8)
- age   1:    1028440 bytes,    1028440 total
- age   2:    1608640 bytes,    2637080 total
- age   3:    1453552 bytes,    4090632 total
- age   4:      52304 bytes,    4142936 total
- age   5:     413944 bytes,    4556880 total
- age   6:      51792 bytes,    4608672 total
- age   7:     397512 bytes,    5006184 total
- age   8:     484384 bytes,    5490568 total
: 96012K->6396K(109248K), 0.0110022 secs] 135718K->46614K(502464K), 0.0110953 secs] [Times: user=0.03 sys=0.00, real=0.01 secs] 
Heap after GC invocations=53 (full 2):
 par new generation   total 109248K, used 6396K [0x00000000e0000000, 0x00000000e8000000, 0x00000000e8000000)
  eden space 87424K,   0% used [0x00000000e0000000, 0x00000000e0000000, 0x00000000e5560000)
  from space 21824K,  29% used [0x00000000e6ab0000, 0x00000000e70ef1a0, 0x00000000e8000000)
  to   space 21824K,   0% used [0x00000000e5560000, 0x00000000e5560000, 0x00000000e6ab0000)
 concurrent mark-sweep generation total 393216K, used 40218K [0x00000000e8000000, 0x0000000100000000, 0x0000000100000000)
 Metaspace       used 47649K, capacity 48609K, committed 48812K, reserved 1093632K
  class space    used 5183K, capacity 5471K, committed 5596K, reserved 1048576K
}
2017-03-14T09:36:30.220+0000: 424.232: Total time for which application threads were stopped: 0.0113477 seconds, Stopping threads took: 0.0000243 seconds
2017-03-14T09:36:30.646+0000: 424.659: Total time for which application threads were stopped: 0.0254674 seconds, Stopping threads took: 0.0251731 seconds
{Heap before GC invocations=53 (full 2):
 par new generation   total 109248K, used 93820K [0x00000000e0000000, 0x00000000e8000000, 0x00000000e8000000)
  eden space 87424K, 100% used [0x00000000e0000000, 0x00000000e5560000, 0x00000000e5560000)
  from space 21824K,  29% used [0x00000000e6ab0000, 0x00000000e70ef1a0, 0x00000000e8000000)
  to   space 21824K,   0% used [0x00000000e5560000, 0x00000000e5560000, 0x00000000e6ab0000)
 concurrent mark-sweep generation total 393216K, used 40218K [0x00000000e8000000, 0x0000000100000000, 0x0000000100000000)
 Metaspace       used 47679K, capacity 48737K, committed 49068K, reserved 1093632K
  class space    used 5183K, capacity 5471K, committed 5596K, reserved 1048576K
2017-03-14T09:36:31.286+0000: 425.298: [GC (Allocation Failure) 2017-03-14T09:36:31.286+0000: 425.298: [ParNew
Desired survivor size 20112992 bytes, new threshold 8 (max 8)
- age   1:    2202400 bytes,    2202400 total
- age   2:     250512 bytes,    2452912 total
- age   3:    1388544 bytes,    3841456 total
- age   4:     524232 bytes,    4365688 total
- age   5:      52016 bytes,    4417704 total
- age   6:     413632 bytes,    4831336 total
- age   7:      51456 bytes,    4882792 total
- age   8:     396984 bytes,    5279776 total
: 93820K->8156K(109248K), 0.0073702 secs] 134038K->48848K(502464K), 0.0074764 secs] [Times: user=0.03 sys=0.00, real=0.01 secs] 
Heap after GC invocations=54 (full 2):
 par new generation   total 109248K, used 8156K [0x00000000e0000000, 0x00000000e8000000, 0x00000000e8000000)
  eden space 87424K,   0% used [0x00000000e0000000, 0x00000000e0000000, 0x00000000e5560000)
  from space 21824K,  37% used [0x00000000e5560000, 0x00000000e5d57370, 0x00000000e6ab0000)
  to   space 21824K,   0% used [0x00000000e6ab0000, 0x00000000e6ab0000, 0x00000000e8000000)
 concurrent mark-sweep generation total 393216K, used 40691K [0x00000000e8000000, 0x0000000100000000, 0x0000000100000000)
 Metaspace       used 47679K, capacity 48737K, committed 49068K, reserved 1093632K
  class space    used 5183K, capacity 5471K, committed 5596K, reserved 1048576K
}
2017-03-14T09:36:31.293+0000: 425.305: Total time for which application threads were stopped: 0.0077453 seconds, Stopping threads took: 0.0000250 seconds
2017-03-14T09:36:31.938+0000: 425.950: Total time for which application threads were stopped: 0.0002120 seconds, Stopping threads took: 0.0000237 seconds
{Heap before GC invocations=54 (full 2):
 par new generation   total 109248K, used 95580K [0x00000000e0000000, 0x00000000e8000000, 0x00000000e8000000)
  eden space 87424K, 100% used [0x00000000e0000000, 0x00000000e5560000, 0x00000000e5560000)
  from space 21824K,  37% used [0x00000000e5560000, 0x00000000e5d57370, 0x00000000e6ab0000)
  to   space 21824K,   0% used [0x00000000e6ab0000, 0x00000000e6ab0000, 0x00000000e8000000)
 concurrent mark-sweep generation total 393216K, used 40691K [0x00000000e8000000, 0x0000000100000000, 0x0000000100000000)
 Metaspace       used 47684K, capacity 48801K, committed 49068K, reserved 1093632K
  class space    used 5183K, capacity 5471K, committed 5596K, reserved 1048576K
2017-03-14T09:36:32.000+0000: 426.012: [GC (Allocation Failure) 2017-03-14T09:36:32.000+0000: 426.012: [ParNew
Desired survivor size 20112992 bytes, new threshold 8 (max 8)
- age   1:    2007672 bytes,    2007672 total
- age   2:    1457568 bytes,    3465240 total
- age   3:      59512 bytes,    3524752 total
- age   4:     558344 bytes,    4083096 total
- age   5:     523208 bytes,    4606304 total
- age   6:      50168 bytes,    4656472 total
- age   7:     412720 bytes,    5069192 total
- age   8:      51328 bytes,    5120520 total
: 95580K->6135K(109248K), 0.0072712 secs] 136272K->47215K(502464K), 0.0073592 secs] [Times: user=0.02 sys=0.00, real=0.01 secs] 
Heap after GC invocations=55 (full 2):
 par new generation   total 109248K, used 6135K [0x00000000e0000000, 0x00000000e8000000, 0x00000000e8000000)
  eden space 87424K,   0% used [0x00000000e0000000, 0x00000000e0000000, 0x00000000e5560000)
  from space 21824K,  28% used [0x00000000e6ab0000, 0x00000000e70aded0, 0x00000000e8000000)
  to   space 21824K,   0% used [0x00000000e5560000, 0x00000000e5560000, 0x00000000e6ab0000)
 concurrent mark-sweep generation total 393216K, used 41080K [0x00000000e8000000, 0x0000000100000000, 0x0000000100000000)
 Metaspace       used 47684K, capacity 48801K, committed 49068K, reserved 1093632K
  class space    used 5183K, capacity 5471K, committed 5596K, reserved 1048576K
}
2017-03-14T09:36:32.007+0000: 426.020: Total time for which application threads were stopped: 0.0078255 seconds, Stopping threads took: 0.0002371 seconds
{Heap before GC invocations=55 (full 2):
 par new generation   total 109248K, used 93559K [0x00000000e0000000, 0x00000000e8000000, 0x00000000e8000000)
  eden space 87424K, 100% used [0x00000000e0000000, 0x00000000e5560000, 0x00000000e5560000)
  from space 21824K,  28% used [0x00000000e6ab0000, 0x00000000e70aded0, 0x00000000e8000000)
  to   space 21824K,   0% used [0x00000000e5560000, 0x00000000e5560000, 0x00000000e6ab0000)
 concurrent mark-sweep generation total 393216K, used 41080K [0x00000000e8000000, 0x0000000100000000, 0x0000000100000000)
 Metaspace       used 47684K, capacity 48801K, committed 49068K, reserved 1093632K
  class space    used 5183K, capacity 5471K, committed 5596K, reserved 1048576K
2017-03-14T09:36:32.975+0000: 426.987: [GC (Allocation Failure) 2017-03-14T09:36:32.975+0000: 426.987: [ParNew
Desired survivor size 20112992 bytes, new threshold 8 (max 8)
- age   1:     983760 bytes,     983760 total
- age   2:    1568448 bytes,    2552208 total
- age   3:    1432136 bytes,    3984344 total
- age   4:      50296 bytes,    4034640 total
- age   5:     555528 bytes,    4590168 total
- age   6:     522792 bytes,    5112960 total
- age   7:      49816 bytes,    5162776 total
- age   8:     412528 bytes,    5575304 total
: 93559K->7636K(109248K), 0.0073307 secs] 134639K->48767K(502464K), 0.0074339 secs] [Times: user=0.02 sys=0.01, real=0.01 secs] 
Heap after GC invocations=56 (full 2):
 par new generation   total 109248K, used 7636K [0x00000000e0000000, 0x00000000e8000000, 0x00000000e8000000)
  eden space 87424K,   0% used [0x00000000e0000000, 0x00000000e0000000, 0x00000000e5560000)
  from space 21824K,  34% used [0x00000000e5560000, 0x00000000e5cd53c8, 0x00000000e6ab0000)
  to   space 21824K,   0% used [0x00000000e6ab0000, 0x00000000e6ab0000, 0x00000000e8000000)
 concurrent mark-sweep generation total 393216K, used 41130K [0x00000000e8000000, 0x0000000100000000, 0x0000000100000000)
 Metaspace       used 47684K, capacity 48801K, committed 49068K, reserved 1093632K
  class space    used 5183K, capacity 5471K, committed 5596K, reserved 1048576K
}
2017-03-14T09:36:32.983+0000: 426.995: Total time for which application threads were stopped: 0.0077177 seconds, Stopping threads took: 0.0000252 seconds
2017-03-14T09:36:33.685+0000: 427.697: Total time for which application threads were stopped: 0.0002134 seconds, Stopping threads took: 0.0000344 seconds
{Heap before GC invocations=56 (full 2):
 par new generation   total 109248K, used 95041K [0x00000000e0000000, 0x00000000e8000000, 0x00000000e8000000)
  eden space 87424K,  99% used [0x00000000e0000000, 0x00000000e555b3f0, 0x00000000e5560000)
  from space 21824K,  34% used [0x00000000e5560000, 0x00000000e5cd53c8, 0x00000000e6ab0000)
  to   space 21824K,   0% used [0x00000000e6ab0000, 0x00000000e6ab0000, 0x00000000e8000000)
 concurrent mark-sweep generation total 393216K, used 41130K [0x00000000e8000000, 0x0000000100000000, 0x0000000100000000)
 Metaspace       used 47687K, capacity 48801K, committed 49068K, reserved 1093632K
  class space    used 5183K, capacity 5471K, committed 5596K, reserved 1048576K
2017-03-14T09:36:33.742+0000: 427.754: [GC (Allocation Failure) 2017-03-14T09:36:33.742+0000: 427.754: [ParNew
Desired survivor size 20112992 bytes, new threshold 8 (max 8)
- age   1:    3043416 bytes,    3043416 total
- age   2:      72992 bytes,    3116408 total
- age   3:     523096 bytes,    3639504 total
- age   4:     463944 bytes,    4103448 total
- age   5:      50072 bytes,    4153520 total
- age   6:     555248 bytes,    4708768 total
- age   7:     521576 bytes,    5230344 total
- age   8:      48904 bytes,    5279248 total
: 95041K->7048K(109248K), 0.0152475 secs] 136172K->48581K(502464K), 0.0155278 secs] [Times: user=0.05 sys=0.00, real=0.02 secs] 
Heap after GC invocations=57 (full 2):
 par new generation   total 109248K, used 7048K [0x00000000e0000000, 0x00000000e8000000, 0x00000000e8000000)
  eden space 87424K,   0% used [0x00000000e0000000, 0x00000000e0000000, 0x00000000e5560000)
  from space 21824K,  32% used [0x00000000e6ab0000, 0x00000000e71922c0, 0x00000000e8000000)
  to   space 21824K,   0% used [0x00000000e5560000, 0x00000000e5560000, 0x00000000e6ab0000)
 concurrent mark-sweep generation total 393216K, used 41532K [0x00000000e8000000, 0x0000000100000000, 0x0000000100000000)
 Metaspace       used 47687K, capacity 48801K, committed 49068K, reserved 1093632K
  class space    used 5183K, capacity 5471K, committed 5596K, reserved 1048576K
}
2017-03-14T09:36:33.758+0000: 427.770: Total time for which application threads were stopped: 0.0160835 seconds, Stopping threads took: 0.0000726 seconds
2017-03-14T09:36:33.762+0000: 427.774: Total time for which application threads were stopped: 0.0002134 seconds, Stopping threads took: 0.0000384 seconds
2017-03-14T09:36:33.763+0000: 427.775: Total time for which application threads were stopped: 0.0002399 seconds, Stopping threads took: 0.0000289 seconds
2017-03-14T09:36:33.763+0000: 427.775: Total time for which application threads were stopped: 0.0001047 seconds, Stopping threads took: 0.0000346 seconds
2017-03-14T09:36:33.763+0000: 427.775: Total time for which application threads were stopped: 0.0000637 seconds, Stopping threads took: 0.0000108 seconds
2017-03-14T09:36:33.809+0000: 427.821: Total time for which application threads were stopped: 0.0003443 seconds, Stopping threads took: 0.0000840 seconds
2017-03-14T09:36:33.809+0000: 427.822: Total time for which application threads were stopped: 0.0001577 seconds, Stopping threads took: 0.0000312 seconds
2017-03-14T09:36:33.883+0000: 427.895: Total time for which application threads were stopped: 0.0002463 seconds, Stopping threads took: 0.0000393 seconds
2017-03-14T09:36:33.883+0000: 427.895: Total time for which application threads were stopped: 0.0001230 seconds, Stopping threads took: 0.0000175 seconds
2017-03-14T09:36:34.935+0000: 428.947: Total time for which application threads were stopped: 0.0002769 seconds, Stopping threads took: 0.0000327 seconds
2017-03-14T09:36:34.946+0000: 428.958: Total time for which application threads were stopped: 0.0003882 seconds, Stopping threads took: 0.0001306 seconds
2017-03-14T09:36:34.950+0000: 428.963: Total time for which application threads were stopped: 0.0039998 seconds, Stopping threads took: 0.0038427 seconds
{Heap before GC invocations=57 (full 2):
 par new generation   total 109248K, used 94472K [0x00000000e0000000, 0x00000000e8000000, 0x00000000e8000000)
  eden space 87424K, 100% used [0x00000000e0000000, 0x00000000e5560000, 0x00000000e5560000)
  from space 21824K,  32% used [0x00000000e6ab0000, 0x00000000e71922c0, 0x00000000e8000000)
  to   space 21824K,   0% used [0x00000000e5560000, 0x00000000e5560000, 0x00000000e6ab0000)
 concurrent mark-sweep generation total 393216K, used 41532K [0x00000000e8000000, 0x0000000100000000, 0x0000000100000000)
 Metaspace       used 47727K, capacity 48801K, committed 49068K, reserved 1093632K
  class space    used 5183K, capacity 5471K, committed 5596K, reserved 1048576K
2017-03-14T09:36:35.170+0000: 429.183: [GC (Allocation Failure) 2017-03-14T09:36:35.171+0000: 429.183: [ParNew
Desired survivor size 20112992 bytes, new threshold 8 (max 8)
- age   1:    3749472 bytes,    3749472 total
- age   2:    1809848 bytes,    5559320 total
- age   3:      47368 bytes,    5606688 total
- age   4:     455712 bytes,    6062400 total
- age   5:     462984 bytes,    6525384 total
- age   6:      49816 bytes,    6575200 total
- age   7:     542104 bytes,    7117304 total
- age   8:     521480 bytes,    7638784 total
: 94472K->8828K(109248K), 0.0071171 secs] 136005K->50408K(502464K), 0.0072179 secs] [Times: user=0.03 sys=0.00, real=0.00 secs] 
Heap after GC invocations=58 (full 2):
 par new generation   total 109248K, used 8828K [0x00000000e0000000, 0x00000000e8000000, 0x00000000e8000000)
  eden space 87424K,   0% used [0x00000000e0000000, 0x00000000e0000000, 0x00000000e5560000)
  from space 21824K,  40% used [0x00000000e5560000, 0x00000000e5dff280, 0x00000000e6ab0000)
  to   space 21824K,   0% used [0x00000000e6ab0000, 0x00000000e6ab0000, 0x00000000e8000000)
 concurrent mark-sweep generation total 393216K, used 41580K [0x00000000e8000000, 0x0000000100000000, 0x0000000100000000)
 Metaspace       used 47727K, capacity 48801K, committed 49068K, reserved 1093632K
  class space    used 5183K, capacity 5471K, committed 5596K, reserved 1048576K
}
2017-03-14T09:36:35.178+0000: 429.190: Total time for which application threads were stopped: 0.0078062 seconds, Stopping threads took: 0.0002071 seconds
2017-03-14T09:36:35.183+0000: 429.195: Total time for which application threads were stopped: 0.0002428 seconds, Stopping threads took: 0.0000363 seconds
2017-03-14T09:36:35.695+0000: 429.707: Total time for which application threads were stopped: 0.0002756 seconds, Stopping threads took: 0.0000501 seconds
2017-03-14T09:36:35.699+0000: 429.711: Total time for which application threads were stopped: 0.0002468 seconds, Stopping threads took: 0.0000420 seconds
2017-03-14T09:36:35.699+0000: 429.711: Total time for which application threads were stopped: 0.0001200 seconds, Stopping threads took: 0.0000202 seconds
2017-03-14T09:36:35.699+0000: 429.711: Total time for which application threads were stopped: 0.0001136 seconds, Stopping threads took: 0.0000183 seconds
2017-03-14T09:36:35.795+0000: 429.808: Total time for which application threads were stopped: 0.0007765 seconds, Stopping threads took: 0.0000291 seconds
2017-03-14T09:36:35.796+0000: 429.808: Total time for which application threads were stopped: 0.0004176 seconds, Stopping threads took: 0.0000148 seconds
2017-03-14T09:36:36.683+0000: 430.695: Total time for which application threads were stopped: 0.0009315 seconds, Stopping threads took: 0.0000480 seconds
2017-03-14T09:36:36.693+0000: 430.705: Total time for which application threads were stopped: 0.0003712 seconds, Stopping threads took: 0.0000923 seconds
2017-03-14T09:36:36.701+0000: 430.713: Total time for which application threads were stopped: 0.0050318 seconds, Stopping threads took: 0.0047952 seconds
2017-03-14T09:36:36.703+0000: 430.715: Total time for which application threads were stopped: 0.0006722 seconds, Stopping threads took: 0.0000309 seconds
{Heap before GC invocations=58 (full 2):
 par new generation   total 109248K, used 96252K [0x00000000e0000000, 0x00000000e8000000, 0x00000000e8000000)
  eden space 87424K, 100% used [0x00000000e0000000, 0x00000000e5560000, 0x00000000e5560000)
  from space 21824K,  40% used [0x00000000e5560000, 0x00000000e5dff280, 0x00000000e6ab0000)
  to   space 21824K,   0% used [0x00000000e6ab0000, 0x00000000e6ab0000, 0x00000000e8000000)
 concurrent mark-sweep generation total 393216K, used 41580K [0x00000000e8000000, 0x0000000100000000, 0x0000000100000000)
 Metaspace       used 47752K, capacity 48801K, committed 49068K, reserved 1093632K
  class space    used 5183K, capacity 5471K, committed 5596K, reserved 1048576K
2017-03-14T09:36:37.022+0000: 431.034: [GC (Allocation Failure) 2017-03-14T09:36:37.022+0000: 431.034: [ParNew
Desired survivor size 20112992 bytes, new threshold 8 (max 8)
- age   1:    4802040 bytes,    4802040 total
- age   2:    3198376 bytes,    8000416 total
- age   3:     964320 bytes,    8964736 total
- age   4:      44032 bytes,    9008768 total
- age   5:     453200 bytes,    9461968 total
- age   6:     452224 bytes,    9914192 total
- age   7:      49560 bytes,    9963752 total
- age   8:     541784 bytes,   10505536 total
: 96252K->12547K(109248K), 0.0326378 secs] 137832K->54625K(502464K), 0.0328012 secs] [Times: user=0.08 sys=0.00, real=0.04 secs] 
Heap after GC invocations=59 (full 2):
 par new generation   total 109248K, used 12547K [0x00000000e0000000, 0x00000000e8000000, 0x00000000e8000000)
  eden space 87424K,   0% used [0x00000000e0000000, 0x00000000e0000000, 0x00000000e5560000)
  from space 21824K,  57% used [0x00000000e6ab0000, 0x00000000e76f0fc0, 0x00000000e8000000)
  to   space 21824K,   0% used [0x00000000e5560000, 0x00000000e5560000, 0x00000000e6ab0000)
 concurrent mark-sweep generation total 393216K, used 42077K [0x00000000e8000000, 0x0000000100000000, 0x0000000100000000)
 Metaspace       used 47752K, capacity 48801K, committed 49068K, reserved 1093632K
  class space    used 5183K, capacity 5471K, committed 5596K, reserved 1048576K
}
2017-03-14T09:36:37.055+0000: 431.067: Total time for which application threads were stopped: 0.0392090 seconds, Stopping threads took: 0.0060601 seconds
2017-03-14T09:36:37.860+0000: 431.872: Total time for which application threads were stopped: 0.0003804 seconds, Stopping threads took: 0.0000346 seconds
2017-03-14T09:36:37.860+0000: 431.873: Total time for which application threads were stopped: 0.0001977 seconds, Stopping threads took: 0.0000308 seconds
2017-03-14T09:36:38.126+0000: 432.139: Total time for which application threads were stopped: 0.0003433 seconds, Stopping threads took: 0.0001300 seconds
2017-03-14T09:36:38.127+0000: 432.139: Total time for which application threads were stopped: 0.0001861 seconds, Stopping threads took: 0.0000767 seconds
2017-03-14T09:36:38.127+0000: 432.139: Total time for which application threads were stopped: 0.0001651 seconds, Stopping threads took: 0.0000551 seconds
2017-03-14T09:36:38.127+0000: 432.140: Total time for which application threads were stopped: 0.0005035 seconds, Stopping threads took: 0.0000317 seconds
2017-03-14T09:36:38.128+0000: 432.140: Total time for which application threads were stopped: 0.0001796 seconds, Stopping threads took: 0.0000499 seconds
2017-03-14T09:36:38.128+0000: 432.140: Total time for which application threads were stopped: 0.0001390 seconds, Stopping threads took: 0.0000356 seconds
2017-03-14T09:36:38.128+0000: 432.140: Total time for which application threads were stopped: 0.0001471 seconds, Stopping threads took: 0.0000465 seconds
2017-03-14T09:36:38.128+0000: 432.141: Total time for which application threads were stopped: 0.0001325 seconds, Stopping threads took: 0.0000325 seconds
2017-03-14T09:36:38.128+0000: 432.141: Total time for which application threads were stopped: 0.0001287 seconds, Stopping threads took: 0.0000304 seconds
2017-03-14T09:36:38.129+0000: 432.141: Total time for which application threads were stopped: 0.0001306 seconds, Stopping threads took: 0.0000284 seconds
2017-03-14T09:36:38.129+0000: 432.141: Total time for which application threads were stopped: 0.0001324 seconds, Stopping threads took: 0.0000309 seconds
2017-03-14T09:36:39.129+0000: 433.142: Total time for which application threads were stopped: 0.0004273 seconds, Stopping threads took: 0.0000493 seconds
{Heap before GC invocations=59 (full 2):
 par new generation   total 109248K, used 99971K [0x00000000e0000000, 0x00000000e8000000, 0x00000000e8000000)
  eden space 87424K, 100% used [0x00000000e0000000, 0x00000000e5560000, 0x00000000e5560000)
  from space 21824K,  57% used [0x00000000e6ab0000, 0x00000000e76f0fc0, 0x00000000e8000000)
  to   space 21824K,   0% used [0x00000000e5560000, 0x00000000e5560000, 0x00000000e6ab0000)
 concurrent mark-sweep generation total 393216K, used 42077K [0x00000000e8000000, 0x0000000100000000, 0x0000000100000000)
 Metaspace       used 47780K, capacity 48865K, committed 49068K, reserved 1093632K
  class space    used 5183K, capacity 5471K, committed 5596K, reserved 1048576K
2017-03-14T09:36:39.687+0000: 433.700: [GC (Allocation Failure) 2017-03-14T09:36:39.687+0000: 433.700: [ParNew
Desired survivor size 20112992 bytes, new threshold 8 (max 8)
- age   1:    3796280 bytes,    3796280 total
- age   2:    3078984 bytes,    6875264 total
- age   3:    2158144 bytes,    9033408 total
- age   4:     873016 bytes,    9906424 total
- age   5:      41264 bytes,    9947688 total
- age   6:     388848 bytes,   10336536 total
- age   7:     451440 bytes,   10787976 total
- age   8:      49368 bytes,   10837344 total
: 99971K->16210K(109248K), 0.0171898 secs] 142049K->58332K(502464K), 0.0172937 secs] [Times: user=0.04 sys=0.00, real=0.02 secs] 
Heap after GC invocations=60 (full 2):
 par new generation   total 109248K, used 16210K [0x00000000e0000000, 0x00000000e8000000, 0x00000000e8000000)
  eden space 87424K,   0% used [0x00000000e0000000, 0x00000000e0000000, 0x00000000e5560000)
  from space 21824K,  74% used [0x00000000e5560000, 0x00000000e6534900, 0x00000000e6ab0000)
  to   space 21824K,   0% used [0x00000000e6ab0000, 0x00000000e6ab0000, 0x00000000e8000000)
 concurrent mark-sweep generation total 393216K, used 42122K [0x00000000e8000000, 0x0000000100000000, 0x0000000100000000)
 Metaspace       used 47780K, capacity 48865K, committed 49068K, reserved 1093632K
  class space    used 5183K, capacity 5471K, committed 5596K, reserved 1048576K
}
2017-03-14T09:36:39.705+0000: 433.717: Total time for which application threads were stopped: 0.0175626 seconds, Stopping threads took: 0.0000299 seconds
2017-03-14T09:36:39.711+0000: 433.723: Total time for which application threads were stopped: 0.0002880 seconds, Stopping threads took: 0.0000526 seconds
2017-03-14T09:36:39.713+0000: 433.726: Total time for which application threads were stopped: 0.0002385 seconds, Stopping threads took: 0.0000572 seconds
2017-03-14T09:36:39.714+0000: 433.726: Total time for which application threads were stopped: 0.0001684 seconds, Stopping threads took: 0.0000193 seconds
2017-03-14T09:36:39.714+0000: 433.726: Total time for which application threads were stopped: 0.0002016 seconds, Stopping threads took: 0.0000271 seconds
2017-03-14T09:36:39.721+0000: 433.733: Total time for which application threads were stopped: 0.0002738 seconds, Stopping threads took: 0.0000682 seconds
2017-03-14T09:36:39.726+0000: 433.738: Total time for which application threads were stopped: 0.0002709 seconds, Stopping threads took: 0.0000470 seconds
2017-03-14T09:36:39.726+0000: 433.739: Total time for which application threads were stopped: 0.0001092 seconds, Stopping threads took: 0.0000230 seconds
2017-03-14T09:36:39.726+0000: 433.739: Total time for which application threads were stopped: 0.0000958 seconds, Stopping threads took: 0.0000227 seconds
2017-03-14T09:36:40.727+0000: 434.739: Total time for which application threads were stopped: 0.0002569 seconds, Stopping threads took: 0.0000345 seconds
2017-03-14T09:36:41.727+0000: 435.739: Total time for which application threads were stopped: 0.0002692 seconds, Stopping threads took: 0.0000580 seconds
2017-03-14T09:36:41.969+0000: 435.981: Total time for which application threads were stopped: 0.0004360 seconds, Stopping threads took: 0.0001046 seconds
{Heap before GC invocations=60 (full 2):
 par new generation   total 109248K, used 103634K [0x00000000e0000000, 0x00000000e8000000, 0x00000000e8000000)
  eden space 87424K, 100% used [0x00000000e0000000, 0x00000000e5560000, 0x00000000e5560000)
  from space 21824K,  74% used [0x00000000e5560000, 0x00000000e6534900, 0x00000000e6ab0000)
  to   space 21824K,   0% used [0x00000000e6ab0000, 0x00000000e6ab0000, 0x00000000e8000000)
 concurrent mark-sweep generation total 393216K, used 42122K [0x00000000e8000000, 0x0000000100000000, 0x0000000100000000)
 Metaspace       used 47786K, capacity 48869K, committed 49068K, reserved 1093632K
  class space    used 5183K, capacity 5471K, committed 5596K, reserved 1048576K
2017-03-14T09:36:42.377+0000: 436.389: [GC (Allocation Failure) 2017-03-14T09:36:42.377+0000: 436.389: [ParNew
Desired survivor size 20112992 bytes, new threshold 8 (max 8)
- age   1:    1851912 bytes,    1851912 total
- age   2:    2507224 bytes,    4359136 total
- age   3:    2871128 bytes,    7230264 total
- age   4:    2143496 bytes,    9373760 total
- age   5:     280616 bytes,    9654376 total
- age   6:      39968 bytes,    9694344 total
- age   7:     385072 bytes,   10079416 total
- age   8:      43816 bytes,   10123232 total
: 103634K->13622K(109248K), 0.0126780 secs] 145756K->55792K(502464K), 0.0128049 secs] [Times: user=0.03 sys=0.00, real=0.01 secs] 
Heap after GC invocations=61 (full 2):
 par new generation   total 109248K, used 13622K [0x00000000e0000000, 0x00000000e8000000, 0x00000000e8000000)
  eden space 87424K,   0% used [0x00000000e0000000, 0x00000000e0000000, 0x00000000e5560000)
  from space 21824K,  62% used [0x00000000e6ab0000, 0x00000000e77fd988, 0x00000000e8000000)
  to   space 21824K,   0% used [0x00000000e5560000, 0x00000000e5560000, 0x00000000e6ab0000)
 concurrent mark-sweep generation total 393216K, used 42170K [0x00000000e8000000, 0x0000000100000000, 0x0000000100000000)
 Metaspace       used 47786K, capacity 48869K, committed 49068K, reserved 1093632K
  class space    used 5183K, capacity 5471K, committed 5596K, reserved 1048576K
}
2017-03-14T09:36:42.389+0000: 436.402: Total time for which application threads were stopped: 0.0131379 seconds, Stopping threads took: 0.0000296 seconds
2017-03-14T09:36:43.390+0000: 437.402: Total time for which application threads were stopped: 0.0002474 seconds, Stopping threads took: 0.0000586 seconds
2017-03-14T09:36:44.390+0000: 438.402: Total time for which application threads were stopped: 0.0002289 seconds, Stopping threads took: 0.0000342 seconds
{Heap before GC invocations=61 (full 2):
 par new generation   total 109248K, used 101046K [0x00000000e0000000, 0x00000000e8000000, 0x00000000e8000000)
  eden space 87424K, 100% used [0x00000000e0000000, 0x00000000e5560000, 0x00000000e5560000)
  from space 21824K,  62% used [0x00000000e6ab0000, 0x00000000e77fd988, 0x00000000e8000000)
  to   space 21824K,   0% used [0x00000000e5560000, 0x00000000e5560000, 0x00000000e6ab0000)
 concurrent mark-sweep generation total 393216K, used 42170K [0x00000000e8000000, 0x0000000100000000, 0x0000000100000000)
 Metaspace       used 47789K, capacity 48869K, committed 49068K, reserved 1093632K
  class space    used 5183K, capacity 5471K, committed 5596K, reserved 1048576K
2017-03-14T09:36:44.397+0000: 438.409: [GC (Allocation Failure) 2017-03-14T09:36:44.397+0000: 438.409: [ParNew
Desired survivor size 20112992 bytes, new threshold 8 (max 8)
- age   1:    2853504 bytes,    2853504 total
- age   2:     332672 bytes,    3186176 total
- age   3:    1703672 bytes,    4889848 total
- age   4:    2868416 bytes,    7758264 total
- age   5:    2142616 bytes,    9900880 total
- age   6:     280480 bytes,   10181360 total
- age   7:      39032 bytes,   10220392 total
- age   8:     385096 bytes,   10605488 total
: 101046K->13600K(109248K), 0.0120483 secs] 143216K->55813K(502464K), 0.0121529 secs] [Times: user=0.03 sys=0.00, real=0.01 secs] 
Heap after GC invocations=62 (full 2):
 par new generation   total 109248K, used 13600K [0x00000000e0000000, 0x00000000e8000000, 0x00000000e8000000)
  eden space 87424K,   0% used [0x00000000e0000000, 0x00000000e0000000, 0x00000000e5560000)
  from space 21824K,  62% used [0x00000000e5560000, 0x00000000e62a81e0, 0x00000000e6ab0000)
  to   space 21824K,   0% used [0x00000000e6ab0000, 0x00000000e6ab0000, 0x00000000e8000000)
 concurrent mark-sweep generation total 393216K, used 42212K [0x00000000e8000000, 0x0000000100000000, 0x0000000100000000)
 Metaspace       used 47789K, capacity 48869K, committed 49068K, reserved 1093632K
  class space    used 5183K, capacity 5471K, committed 5596K, reserved 1048576K
}
2017-03-14T09:36:44.409+0000: 438.421: Total time for which application threads were stopped: 0.0124465 seconds, Stopping threads took: 0.0000348 seconds
2017-03-14T09:36:44.714+0000: 438.726: Total time for which application threads were stopped: 0.0002491 seconds, Stopping threads took: 0.0000387 seconds
2017-03-14T09:36:45.714+0000: 439.726: Total time for which application threads were stopped: 0.0002145 seconds, Stopping threads took: 0.0000538 seconds
{Heap before GC invocations=62 (full 2):
 par new generation   total 109248K, used 101024K [0x00000000e0000000, 0x00000000e8000000, 0x00000000e8000000)
  eden space 87424K, 100% used [0x00000000e0000000, 0x00000000e5560000, 0x00000000e5560000)
  from space 21824K,  62% used [0x00000000e5560000, 0x00000000e62a81e0, 0x00000000e6ab0000)
  to   space 21824K,   0% used [0x00000000e6ab0000, 0x00000000e6ab0000, 0x00000000e8000000)
 concurrent mark-sweep generation total 393216K, used 42212K [0x00000000e8000000, 0x0000000100000000, 0x0000000100000000)
 Metaspace       used 47793K, capacity 48869K, committed 49068K, reserved 1093632K
  class space    used 5184K, capacity 5471K, committed 5596K, reserved 1048576K
2017-03-14T09:36:45.933+0000: 439.945: [GC (Allocation Failure) 2017-03-14T09:36:45.933+0000: 439.945: [ParNew
Desired survivor size 20112992 bytes, new threshold 8 (max 8)
- age   1:    1928088 bytes,    1928088 total
- age   2:    1427712 bytes,    3355800 total
- age   3:     322896 bytes,    3678696 total
- age   4:    1698456 bytes,    5377152 total
- age   5:    2855472 bytes,    8232624 total
- age   6:    2141600 bytes,   10374224 total
- age   7:     280216 bytes,   10654440 total
- age   8:      38680 bytes,   10693120 total
: 101024K->14080K(109248K), 0.0110529 secs] 143237K->56669K(502464K), 0.0111601 secs] [Times: user=0.04 sys=0.00, real=0.01 secs] 
Heap after GC invocations=63 (full 2):
 par new generation   total 109248K, used 14080K [0x00000000e0000000, 0x00000000e8000000, 0x00000000e8000000)
  eden space 87424K,   0% used [0x00000000e0000000, 0x00000000e0000000, 0x00000000e5560000)
  from space 21824K,  64% used [0x00000000e6ab0000, 0x00000000e78702c0, 0x00000000e8000000)
  to   space 21824K,   0% used [0x00000000e5560000, 0x00000000e5560000, 0x00000000e6ab0000)
 concurrent mark-sweep generation total 393216K, used 42588K [0x00000000e8000000, 0x0000000100000000, 0x0000000100000000)
 Metaspace       used 47793K, capacity 48869K, committed 49068K, reserved 1093632K
  class space    used 5184K, capacity 5471K, committed 5596K, reserved 1048576K
}
2017-03-14T09:36:45.944+0000: 439.956: Total time for which application threads were stopped: 0.0114393 seconds, Stopping threads took: 0.0000373 seconds
{Heap before GC invocations=63 (full 2):
 par new generation   total 109248K, used 101504K [0x00000000e0000000, 0x00000000e8000000, 0x00000000e8000000)
  eden space 87424K, 100% used [0x00000000e0000000, 0x00000000e5560000, 0x00000000e5560000)
  from space 21824K,  64% used [0x00000000e6ab0000, 0x00000000e78702c0, 0x00000000e8000000)
  to   space 21824K,   0% used [0x00000000e5560000, 0x00000000e5560000, 0x00000000e6ab0000)
 concurrent mark-sweep generation total 393216K, used 42588K [0x00000000e8000000, 0x0000000100000000, 0x0000000100000000)
 Metaspace       used 47796K, capacity 48869K, committed 49068K, reserved 1093632K
  class space    used 5184K, capacity 5471K, committed 5596K, reserved 1048576K
2017-03-14T09:36:46.786+0000: 440.798: [GC (Allocation Failure) 2017-03-14T09:36:46.786+0000: 440.798: [ParNew
Desired survivor size 20112992 bytes, new threshold 8 (max 8)
- age   1:    1962768 bytes,    1962768 total
- age   2:     471480 bytes,    2434248 total
- age   3:    1389728 bytes,    3823976 total
- age   4:     320296 bytes,    4144272 total
- age   5:    1695784 bytes,    5840056 total
- age   6:    2852912 bytes,    8692968 total
- age   7:    2141504 bytes,   10834472 total
- age   8:     280184 bytes,   11114656 total
: 101504K->12990K(109248K), 0.0116243 secs] 144093K->55616K(502464K), 0.0117577 secs] [Times: user=0.04 sys=0.00, real=0.01 secs] 
Heap after GC invocations=64 (full 2):
 par new generation   total 109248K, used 12990K [0x00000000e0000000, 0x00000000e8000000, 0x00000000e8000000)
  eden space 87424K,   0% used [0x00000000e0000000, 0x00000000e0000000, 0x00000000e5560000)
  from space 21824K,  59% used [0x00000000e5560000, 0x00000000e620f800, 0x00000000e6ab0000)
  to   space 21824K,   0% used [0x00000000e6ab0000, 0x00000000e6ab0000, 0x00000000e8000000)
 concurrent mark-sweep generation total 393216K, used 42626K [0x00000000e8000000, 0x0000000100000000, 0x0000000100000000)
 Metaspace       used 47796K, capacity 48869K, committed 49068K, reserved 1093632K
  class space    used 5184K, capacity 5471K, committed 5596K, reserved 1048576K
}
2017-03-14T09:36:46.798+0000: 440.810: Total time for which application threads were stopped: 0.0125066 seconds, Stopping threads took: 0.0000329 seconds
{Heap before GC invocations=64 (full 2):
 par new generation   total 109248K, used 100414K [0x00000000e0000000, 0x00000000e8000000, 0x00000000e8000000)
  eden space 87424K, 100% used [0x00000000e0000000, 0x00000000e5560000, 0x00000000e5560000)
  from space 21824K,  59% used [0x00000000e5560000, 0x00000000e620f800, 0x00000000e6ab0000)
  to   space 21824K,   0% used [0x00000000e6ab0000, 0x00000000e6ab0000, 0x00000000e8000000)
 concurrent mark-sweep generation total 393216K, used 42626K [0x00000000e8000000, 0x0000000100000000, 0x0000000100000000)
 Metaspace       used 47940K, capacity 49007K, committed 49324K, reserved 1093632K
  class space    used 5184K, capacity 5471K, committed 5596K, reserved 1048576K
2017-03-14T09:36:47.705+0000: 441.718: [GC (Allocation Failure) 2017-03-14T09:36:47.705+0000: 441.718: [ParNew
Desired survivor size 20112992 bytes, new threshold 8 (max 8)
- age   1:    2170000 bytes,    2170000 total
- age   2:    1135800 bytes,    3305800 total
- age   3:     216816 bytes,    3522616 total
- age   4:     535552 bytes,    4058168 total
- age   5:     317888 bytes,    4376056 total
- age   6:    1694136 bytes,    6070192 total
- age   7:    2852784 bytes,    8922976 total
- age   8:    2140560 bytes,   11063536 total
: 100414K->16519K(109248K), 0.0088946 secs] 143040K->59419K(502464K), 0.0090091 secs] [Times: user=0.03 sys=0.00, real=0.01 secs] 
Heap after GC invocations=65 (full 2):
 par new generation   total 109248K, used 16519K [0x00000000e0000000, 0x00000000e8000000, 0x00000000e8000000)
  eden space 87424K,   0% used [0x00000000e0000000, 0x00000000e0000000, 0x00000000e5560000)
  from space 21824K,  75% used [0x00000000e6ab0000, 0x00000000e7ad1d60, 0x00000000e8000000)
  to   space 21824K,   0% used [0x00000000e5560000, 0x00000000e5560000, 0x00000000e6ab0000)
 concurrent mark-sweep generation total 393216K, used 42900K [0x00000000e8000000, 0x0000000100000000, 0x0000000100000000)
 Metaspace       used 47940K, capacity 49007K, committed 49324K, reserved 1093632K
  class space    used 5184K, capacity 5471K, committed 5596K, reserved 1048576K
}
2017-03-14T09:36:47.714+0000: 441.727: Total time for which application threads were stopped: 0.0093016 seconds, Stopping threads took: 0.0000334 seconds
{Heap before GC invocations=65 (full 2):
 par new generation   total 109248K, used 103943K [0x00000000e0000000, 0x00000000e8000000, 0x00000000e8000000)
  eden space 87424K, 100% used [0x00000000e0000000, 0x00000000e5560000, 0x00000000e5560000)
  from space 21824K,  75% used [0x00000000e6ab0000, 0x00000000e7ad1d60, 0x00000000e8000000)
  to   space 21824K,   0% used [0x00000000e5560000, 0x00000000e5560000, 0x00000000e6ab0000)
 concurrent mark-sweep generation total 393216K, used 42900K [0x00000000e8000000, 0x0000000100000000, 0x0000000100000000)
 Metaspace       used 48080K, capacity 49145K, committed 49324K, reserved 1093632K
  class space    used 5184K, capacity 5471K, committed 5596K, reserved 1048576K
2017-03-14T09:36:48.659+0000: 442.671: [GC (Allocation Failure) 2017-03-14T09:36:48.659+0000: 442.671: [ParNew
Desired survivor size 20112992 bytes, new threshold 8 (max 8)
- age   1:    1175152 bytes,    1175152 total
- age   2:    1637944 bytes,    2813096 total
- age   3:    1112024 bytes,    3925120 total
- age   4:     214264 bytes,    4139384 total
- age   5:     533680 bytes,    4673064 total
- age   6:     317728 bytes,    4990792 total
- age   7:    1693848 bytes,    6684640 total
- age   8:    2852680 bytes,    9537320 total
: 103943K->12652K(109248K), 0.0095370 secs] 146843K->57643K(502464K), 0.0096290 secs] [Times: user=0.03 sys=0.00, real=0.01 secs] 
Heap after GC invocations=66 (full 2):
 par new generation   total 109248K, used 12652K [0x00000000e0000000, 0x00000000e8000000, 0x00000000e8000000)
  eden space 87424K,   0% used [0x00000000e0000000, 0x00000000e0000000, 0x00000000e5560000)
  from space 21824K,  57% used [0x00000000e5560000, 0x00000000e61bb160, 0x00000000e6ab0000)
  to   space 21824K,   0% used [0x00000000e6ab0000, 0x00000000e6ab0000, 0x00000000e8000000)
 concurrent mark-sweep generation total 393216K, used 44990K [0x00000000e8000000, 0x0000000100000000, 0x0000000100000000)
 Metaspace       used 48080K, capacity 49145K, committed 49324K, reserved 1093632K
  class space    used 5184K, capacity 5471K, committed 5596K, reserved 1048576K
}
2017-03-14T09:36:48.668+0000: 442.681: Total time for which application threads were stopped: 0.0099049 seconds, Stopping threads took: 0.0000263 seconds
2017-03-14T09:36:48.979+0000: 442.992: Total time for which application threads were stopped: 0.0002658 seconds, Stopping threads took: 0.0000301 seconds
2017-03-14T09:36:49.094+0000: 443.107: Total time for which application threads were stopped: 0.0003242 seconds, Stopping threads took: 0.0000542 seconds
2017-03-14T09:36:49.098+0000: 443.111: Total time for which application threads were stopped: 0.0002846 seconds, Stopping threads took: 0.0000444 seconds
2017-03-14T09:36:49.253+0000: 443.265: Total time for which application threads were stopped: 0.0002553 seconds, Stopping threads took: 0.0000341 seconds
2017-03-14T09:36:49.253+0000: 443.266: Total time for which application threads were stopped: 0.0001224 seconds, Stopping threads took: 0.0000091 seconds
2017-03-14T09:36:50.254+0000: 444.266: Total time for which application threads were stopped: 0.0002831 seconds, Stopping threads took: 0.0000451 seconds
{Heap before GC invocations=66 (full 2):
 par new generation   total 109248K, used 100076K [0x00000000e0000000, 0x00000000e8000000, 0x00000000e8000000)
  eden space 87424K, 100% used [0x00000000e0000000, 0x00000000e5560000, 0x00000000e5560000)
  from space 21824K,  57% used [0x00000000e5560000, 0x00000000e61bb160, 0x00000000e6ab0000)
  to   space 21824K,   0% used [0x00000000e6ab0000, 0x00000000e6ab0000, 0x00000000e8000000)
 concurrent mark-sweep generation total 393216K, used 44990K [0x00000000e8000000, 0x0000000100000000, 0x0000000100000000)
 Metaspace       used 48088K, capacity 49145K, committed 49324K, reserved 1093632K
  class space    used 5184K, capacity 5471K, committed 5596K, reserved 1048576K
2017-03-14T09:36:50.339+0000: 444.351: [GC (Allocation Failure) 2017-03-14T09:36:50.339+0000: 444.352: [ParNew
Desired survivor size 20112992 bytes, new threshold 8 (max 8)
- age   1:    3146696 bytes,    3146696 total
- age   2:      67544 bytes,    3214240 total
- age   3:     607208 bytes,    3821448 total
- age   4:     180856 bytes,    4002304 total
- age   5:     213752 bytes,    4216056 total
- age   6:     522288 bytes,    4738344 total
- age   7:     301208 bytes,    5039552 total
- age   8:    1681432 bytes,    6720984 total
: 100076K->8326K(109248K), 0.0122221 secs] 145067K->56103K(502464K), 0.0123766 secs] [Times: user=0.04 sys=0.00, real=0.02 secs] 
Heap after GC invocations=67 (full 2):
 par new generation   total 109248K, used 8326K [0x00000000e0000000, 0x00000000e8000000, 0x00000000e8000000)
  eden space 87424K,   0% used [0x00000000e0000000, 0x00000000e0000000, 0x00000000e5560000)
  from space 21824K,  38% used [0x00000000e6ab0000, 0x00000000e72d1958, 0x00000000e8000000)
  to   space 21824K,   0% used [0x00000000e5560000, 0x00000000e5560000, 0x00000000e6ab0000)
 concurrent mark-sweep generation total 393216K, used 47777K [0x00000000e8000000, 0x0000000100000000, 0x0000000100000000)
 Metaspace       used 48088K, capacity 49145K, committed 49324K, reserved 1093632K
  class space    used 5184K, capacity 5471K, committed 5596K, reserved 1048576K
}
2017-03-14T09:36:50.352+0000: 444.364: Total time for which application threads were stopped: 0.0127607 seconds, Stopping threads took: 0.0000400 seconds
2017-03-14T09:36:50.905+0000: 444.918: Total time for which application threads were stopped: 0.0010869 seconds, Stopping threads took: 0.0002276 seconds
2017-03-14T09:36:51.145+0000: 445.157: Total time for which application threads were stopped: 0.0002762 seconds, Stopping threads took: 0.0000386 seconds
2017-03-14T09:36:51.145+0000: 445.157: Total time for which application threads were stopped: 0.0001718 seconds, Stopping threads took: 0.0000263 seconds
2017-03-14T09:36:52.147+0000: 446.160: Total time for which application threads were stopped: 0.0025283 seconds, Stopping threads took: 0.0001624 seconds
{Heap before GC invocations=67 (full 2):
 par new generation   total 109248K, used 95750K [0x00000000e0000000, 0x00000000e8000000, 0x00000000e8000000)
  eden space 87424K, 100% used [0x00000000e0000000, 0x00000000e5560000, 0x00000000e5560000)
  from space 21824K,  38% used [0x00000000e6ab0000, 0x00000000e72d1958, 0x00000000e8000000)
  to   space 21824K,   0% used [0x00000000e5560000, 0x00000000e5560000, 0x00000000e6ab0000)
 concurrent mark-sweep generation total 393216K, used 47777K [0x00000000e8000000, 0x0000000100000000, 0x0000000100000000)
 Metaspace       used 48095K, capacity 49145K, committed 49324K, reserved 1093632K
  class space    used 5184K, capacity 5471K, committed 5596K, reserved 1048576K
2017-03-14T09:36:53.256+0000: 447.268: [GC (Allocation Failure) 2017-03-14T09:36:53.256+0000: 447.268: [ParNew
Desired survivor size 20112992 bytes, new threshold 8 (max 8)
- age   1:    2843328 bytes,    2843328 total
- age   2:     866680 bytes,    3710008 total
- age   3:      47536 bytes,    3757544 total
- age   4:     553800 bytes,    4311344 total
- age   5:     167080 bytes,    4478424 total
- age   6:     204616 bytes,    4683040 total
- age   7:     510608 bytes,    5193648 total
- age   8:     300632 bytes,    5494280 total
: 95750K->9168K(109248K), 0.0113967 secs] 143527K->58574K(502464K), 0.0115285 secs] [Times: user=0.04 sys=0.00, real=0.01 secs] 
Heap after GC invocations=68 (full 2):
 par new generation   total 109248K, used 9168K [0x00000000e0000000, 0x00000000e8000000, 0x00000000e8000000)
  eden space 87424K,   0% used [0x00000000e0000000, 0x00000000e0000000, 0x00000000e5560000)
  from space 21824K,  42% used [0x00000000e5560000, 0x00000000e5e54060, 0x00000000e6ab0000)
  to   space 21824K,   0% used [0x00000000e6ab0000, 0x00000000e6ab0000, 0x00000000e8000000)
 concurrent mark-sweep generation total 393216K, used 49405K [0x00000000e8000000, 0x0000000100000000, 0x0000000100000000)
 Metaspace       used 48095K, capacity 49145K, committed 49324K, reserved 1093632K
  class space    used 5184K, capacity 5471K, committed 5596K, reserved 1048576K
}
2017-03-14T09:36:53.268+0000: 447.280: Total time for which application threads were stopped: 0.0118667 seconds, Stopping threads took: 0.0000358 seconds
2017-03-14T09:36:53.475+0000: 447.487: Total time for which application threads were stopped: 0.0003160 seconds, Stopping threads took: 0.0001182 seconds
2017-03-14T09:36:53.475+0000: 447.488: Total time for which application threads were stopped: 0.0001731 seconds, Stopping threads took: 0.0000511 seconds
2017-03-14T09:36:54.476+0000: 448.488: Total time for which application threads were stopped: 0.0002837 seconds, Stopping threads took: 0.0000301 seconds
{Heap before GC invocations=68 (full 2):
 par new generation   total 109248K, used 96592K [0x00000000e0000000, 0x00000000e8000000, 0x00000000e8000000)
  eden space 87424K, 100% used [0x00000000e0000000, 0x00000000e5560000, 0x00000000e5560000)
  from space 21824K,  42% used [0x00000000e5560000, 0x00000000e5e54060, 0x00000000e6ab0000)
  to   space 21824K,   0% used [0x00000000e6ab0000, 0x00000000e6ab0000, 0x00000000e8000000)
 concurrent mark-sweep generation total 393216K, used 49405K [0x00000000e8000000, 0x0000000100000000, 0x0000000100000000)
 Metaspace       used 48105K, capacity 49145K, committed 49324K, reserved 1093632K
  class space    used 5184K, capacity 5471K, committed 5596K, reserved 1048576K
2017-03-14T09:36:54.905+0000: 448.918: [GC (Allocation Failure) 2017-03-14T09:36:54.905+0000: 448.918: [ParNew
Desired survivor size 20112992 bytes, new threshold 8 (max 8)
- age   1:    1831480 bytes,    1831480 total
- age   2:    1331568 bytes,    3163048 total
- age   3:     861200 bytes,    4024248 total
- age   4:      43432 bytes,    4067680 total
- age   5:     551136 bytes,    4618816 total
- age   6:     166240 bytes,    4785056 total
- age   7:     204520 bytes,    4989576 total
- age   8:     510368 bytes,    5499944 total
: 96592K->7173K(109248K), 0.0100490 secs] 145998K->56873K(502464K), 0.0101636 secs] [Times: user=0.03 sys=0.00, real=0.01 secs] 
Heap after GC invocations=69 (full 2):
 par new generation   total 109248K, used 7173K [0x00000000e0000000, 0x00000000e8000000, 0x00000000e8000000)
  eden space 87424K,   0% used [0x00000000e0000000, 0x00000000e0000000, 0x00000000e5560000)
  from space 21824K,  32% used [0x00000000e6ab0000, 0x00000000e71b15c0, 0x00000000e8000000)
  to   space 21824K,   0% used [0x00000000e5560000, 0x00000000e5560000, 0x00000000e6ab0000)
 concurrent mark-sweep generation total 393216K, used 49700K [0x00000000e8000000, 0x0000000100000000, 0x0000000100000000)
 Metaspace       used 48105K, capacity 49145K, committed 49324K, reserved 1093632K
  class space    used 5184K, capacity 5471K, committed 5596K, reserved 1048576K
}
2017-03-14T09:36:54.916+0000: 448.928: Total time for which application threads were stopped: 0.0105075 seconds, Stopping threads took: 0.0000284 seconds
2017-03-14T09:36:55.916+0000: 449.928: Total time for which application threads were stopped: 0.0003859 seconds, Stopping threads took: 0.0000623 seconds
2017-03-14T09:36:56.542+0000: 450.555: Total time for which application threads were stopped: 0.0002956 seconds, Stopping threads took: 0.0000312 seconds
2017-03-14T09:36:56.543+0000: 450.555: Total time for which application threads were stopped: 0.0001334 seconds, Stopping threads took: 0.0000146 seconds
2017-03-14T09:36:56.543+0000: 450.555: Total time for which application threads were stopped: 0.0001434 seconds, Stopping threads took: 0.0000148 seconds
2017-03-14T09:36:56.543+0000: 450.555: Total time for which application threads were stopped: 0.0001293 seconds, Stopping threads took: 0.0000139 seconds
2017-03-14T09:36:56.543+0000: 450.556: Total time for which application threads were stopped: 0.0001180 seconds, Stopping threads took: 0.0000129 seconds
2017-03-14T09:36:56.543+0000: 450.556: Total time for which application threads were stopped: 0.0001116 seconds, Stopping threads took: 0.0000109 seconds
2017-03-14T09:36:56.544+0000: 450.556: Total time for which application threads were stopped: 0.0001239 seconds, Stopping threads took: 0.0000115 seconds
2017-03-14T09:36:56.544+0000: 450.556: Total time for which application threads were stopped: 0.0001170 seconds, Stopping threads took: 0.0000122 seconds
2017-03-14T09:36:56.544+0000: 450.556: Total time for which application threads were stopped: 0.0001198 seconds, Stopping threads took: 0.0000116 seconds
2017-03-14T09:36:56.544+0000: 450.556: Total time for which application threads were stopped: 0.0001248 seconds, Stopping threads took: 0.0000109 seconds
2017-03-14T09:36:56.544+0000: 450.557: Total time for which application threads were stopped: 0.0001151 seconds, Stopping threads took: 0.0000106 seconds
2017-03-14T09:36:56.544+0000: 450.557: Total time for which application threads were stopped: 0.0001158 seconds, Stopping threads took: 0.0000112 seconds
2017-03-14T09:36:56.545+0000: 450.557: Total time for which application threads were stopped: 0.0001255 seconds, Stopping threads took: 0.0000109 seconds
2017-03-14T09:36:56.545+0000: 450.557: Total time for which application threads were stopped: 0.0001314 seconds, Stopping threads took: 0.0000106 seconds
2017-03-14T09:36:56.545+0000: 450.557: Total time for which application threads were stopped: 0.0001257 seconds, Stopping threads took: 0.0000120 seconds
2017-03-14T09:36:57.087+0000: 451.099: Total time for which application threads were stopped: 0.0006415 seconds, Stopping threads took: 0.0000800 seconds
{Heap before GC invocations=69 (full 2):
 par new generation   total 109248K, used 94597K [0x00000000e0000000, 0x00000000e8000000, 0x00000000e8000000)
  eden space 87424K, 100% used [0x00000000e0000000, 0x00000000e5560000, 0x00000000e5560000)
  from space 21824K,  32% used [0x00000000e6ab0000, 0x00000000e71b15c0, 0x00000000e8000000)
  to   space 21824K,   0% used [0x00000000e5560000, 0x00000000e5560000, 0x00000000e6ab0000)
 concurrent mark-sweep generation total 393216K, used 49700K [0x00000000e8000000, 0x0000000100000000, 0x0000000100000000)
 Metaspace       used 48112K, capacity 49145K, committed 49324K, reserved 1093632K
  class space    used 5184K, capacity 5471K, committed 5596K, reserved 1048576K
2017-03-14T09:36:57.688+0000: 451.700: [GC (Allocation Failure) 2017-03-14T09:36:57.688+0000: 451.700: [ParNew
Desired survivor size 20112992 bytes, new threshold 8 (max 8)
- age   1:    2896432 bytes,    2896432 total
- age   2:      39256 bytes,    2935688 total
- age   3:     348648 bytes,    3284336 total
- age   4:     635912 bytes,    3920248 total
- age   5:      40440 bytes,    3960688 total
- age   6:      50752 bytes,    4011440 total
- age   7:     165104 bytes,    4176544 total
- age   8:     204456 bytes,    4381000 total
: 94597K->6145K(109248K), 0.0068673 secs] 144297K->56296K(502464K), 0.0069499 secs] [Times: user=0.03 sys=0.00, real=0.01 secs] 
Heap after GC invocations=70 (full 2):
 par new generation   total 109248K, used 6145K [0x00000000e0000000, 0x00000000e8000000, 0x00000000e8000000)
  eden space 87424K,   0% used [0x00000000e0000000, 0x00000000e0000000, 0x00000000e5560000)
  from space 21824K,  28% used [0x00000000e5560000, 0x00000000e5b60738, 0x00000000e6ab0000)
  to   space 21824K,   0% used [0x00000000e6ab0000, 0x00000000e6ab0000, 0x00000000e8000000)
 concurrent mark-sweep generation total 393216K, used 50150K [0x00000000e8000000, 0x0000000100000000, 0x0000000100000000)
 Metaspace       used 48112K, capacity 49145K, committed 49324K, reserved 1093632K
  class space    used 5184K, capacity 5471K, committed 5596K, reserved 1048576K
}
2017-03-14T09:36:57.695+0000: 451.707: Total time for which application threads were stopped: 0.0072476 seconds, Stopping threads took: 0.0000305 seconds
2017-03-14T09:36:58.695+0000: 452.707: Total time for which application threads were stopped: 0.0003462 seconds, Stopping threads took: 0.0000646 seconds
2017-03-14T09:36:59.092+0000: 453.105: Total time for which application threads were stopped: 0.0003076 seconds, Stopping threads took: 0.0000759 seconds
{Heap before GC invocations=70 (full 2):
 par new generation   total 109248K, used 93382K [0x00000000e0000000, 0x00000000e8000000, 0x00000000e8000000)
  eden space 87424K,  99% used [0x00000000e0000000, 0x00000000e5531160, 0x00000000e5560000)
  from space 21824K,  28% used [0x00000000e5560000, 0x00000000e5b60738, 0x00000000e6ab0000)
  to   space 21824K,   0% used [0x00000000e6ab0000, 0x00000000e6ab0000, 0x00000000e8000000)
 concurrent mark-sweep generation total 393216K, used 50150K [0x00000000e8000000, 0x0000000100000000, 0x0000000100000000)
 Metaspace       used 48123K, capacity 49145K, committed 49324K, reserved 1093632K
  class space    used 5184K, capacity 5471K, committed 5596K, reserved 1048576K
2017-03-14T09:36:59.445+0000: 453.457: [GC (Allocation Failure) 2017-03-14T09:36:59.445+0000: 453.457: [ParNew
Desired survivor size 20112992 bytes, new threshold 8 (max 8)
- age   1:    1929232 bytes,    1929232 total
- age   2:    1454632 bytes,    3383864 total
- age   3:      35128 bytes,    3418992 total
- age   4:     344664 bytes,    3763656 total
- age   5:     635880 bytes,    4399536 total
- age   6:      40408 bytes,    4439944 total
- age   7:      50624 bytes,    4490568 total
- age   8:     164224 bytes,    4654792 total
: 93382K->5718K(109248K), 0.0159786 secs] 143532K->56068K(502464K), 0.0160674 secs] [Times: user=0.05 sys=0.00, real=0.01 secs] 
Heap after GC invocations=71 (full 2):
 par new generation   total 109248K, used 5718K [0x00000000e0000000, 0x00000000e8000000, 0x00000000e8000000)
  eden space 87424K,   0% used [0x00000000e0000000, 0x00000000e0000000, 0x00000000e5560000)
  from space 21824K,  26% used [0x00000000e6ab0000, 0x00000000e7045830, 0x00000000e8000000)
  to   space 21824K,   0% used [0x00000000e5560000, 0x00000000e5560000, 0x00000000e6ab0000)
 concurrent mark-sweep generation total 393216K, used 50350K [0x00000000e8000000, 0x0000000100000000, 0x0000000100000000)
 Metaspace       used 48123K, capacity 49145K, committed 49324K, reserved 1093632K
  class space    used 5184K, capacity 5471K, committed 5596K, reserved 1048576K
}
2017-03-14T09:36:59.461+0000: 453.473: Total time for which application threads were stopped: 0.0165014 seconds, Stopping threads took: 0.0000993 seconds
2017-03-14T09:37:00.466+0000: 454.479: Total time for which application threads were stopped: 0.0002357 seconds, Stopping threads took: 0.0000513 seconds
{Heap before GC invocations=71 (full 2):
 par new generation   total 109248K, used 93142K [0x00000000e0000000, 0x00000000e8000000, 0x00000000e8000000)
  eden space 87424K, 100% used [0x00000000e0000000, 0x00000000e5560000, 0x00000000e5560000)
  from space 21824K,  26% used [0x00000000e6ab0000, 0x00000000e7045830, 0x00000000e8000000)
  to   space 21824K,   0% used [0x00000000e5560000, 0x00000000e5560000, 0x00000000e6ab0000)
 concurrent mark-sweep generation total 393216K, used 50350K [0x00000000e8000000, 0x0000000100000000, 0x0000000100000000)
 Metaspace       used 48131K, capacity 49145K, committed 49324K, reserved 1093632K
  class space    used 5184K, capacity 5471K, committed 5596K, reserved 1048576K
2017-03-14T09:37:00.639+0000: 454.652: [GC (Allocation Failure) 2017-03-14T09:37:00.640+0000: 454.652: [ParNew
Desired survivor size 20112992 bytes, new threshold 8 (max 8)
- age   1:    2697992 bytes,    2697992 total
- age   2:     336600 bytes,    3034592 total
- age   3:     587568 bytes,    3622160 total
- age   4:      33464 bytes,    3655624 total
- age   5:     332528 bytes,    3988152 total
- age   6:     633992 bytes,    4622144 total
- age   7:      40248 bytes,    4662392 total
- age   8:      50496 bytes,    4712888 total
: 93142K->6966K(109248K), 0.0151365 secs] 143492K->57477K(502464K), 0.0152522 secs] [Times: user=0.06 sys=0.00, real=0.02 secs] 
Heap after GC invocations=72 (full 2):
 par new generation   total 109248K, used 6966K [0x00000000e0000000, 0x00000000e8000000, 0x00000000e8000000)
  eden space 87424K,   0% used [0x00000000e0000000, 0x00000000e0000000, 0x00000000e5560000)
  from space 21824K,  31% used [0x00000000e5560000, 0x00000000e5c2dba8, 0x00000000e6ab0000)
  to   space 21824K,   0% used [0x00000000e6ab0000, 0x00000000e6ab0000, 0x00000000e8000000)
 concurrent mark-sweep generation total 393216K, used 50510K [0x00000000e8000000, 0x0000000100000000, 0x0000000100000000)
 Metaspace       used 48131K, capacity 49145K, committed 49324K, reserved 1093632K
  class space    used 5184K, capacity 5471K, committed 5596K, reserved 1048576K
}
2017-03-14T09:37:00.655+0000: 454.667: Total time for which application threads were stopped: 0.0155982 seconds, Stopping threads took: 0.0000381 seconds
{Heap before GC invocations=72 (full 2):
 par new generation   total 109248K, used 94390K [0x00000000e0000000, 0x00000000e8000000, 0x00000000e8000000)
  eden space 87424K, 100% used [0x00000000e0000000, 0x00000000e5560000, 0x00000000e5560000)
  from space 21824K,  31% used [0x00000000e5560000, 0x00000000e5c2dba8, 0x00000000e6ab0000)
  to   space 21824K,   0% used [0x00000000e6ab0000, 0x00000000e6ab0000, 0x00000000e8000000)
 concurrent mark-sweep generation total 393216K, used 50510K [0x00000000e8000000, 0x0000000100000000, 0x0000000100000000)
 Metaspace       used 48131K, capacity 49145K, committed 49324K, reserved 1093632K
  class space    used 5184K, capacity 5471K, committed 5596K, reserved 1048576K
2017-03-14T09:37:01.587+0000: 455.599: [GC (Allocation Failure) 2017-03-14T09:37:01.587+0000: 455.599: [ParNew
Desired survivor size 20112992 bytes, new threshold 8 (max 8)
- age   1:     960480 bytes,     960480 total
- age   2:    2262536 bytes,    3223016 total
- age   3:     330832 bytes,    3553848 total
- age   4:     582528 bytes,    4136376 total
- age   5:      32584 bytes,    4168960 total
- age   6:     331488 bytes,    4500448 total
- age   7:     633800 bytes,    5134248 total
- age   8:      40088 bytes,    5174336 total
: 94390K->5901K(109248K), 0.0073539 secs] 144901K->56461K(502464K), 0.0074477 secs] [Times: user=0.02 sys=0.01, real=0.01 secs] 
Heap after GC invocations=73 (full 2):
 par new generation   total 109248K, used 5901K [0x00000000e0000000, 0x00000000e8000000, 0x00000000e8000000)
  eden space 87424K,   0% used [0x00000000e0000000, 0x00000000e0000000, 0x00000000e5560000)
  from space 21824K,  27% used [0x00000000e6ab0000, 0x00000000e70734a0, 0x00000000e8000000)
  to   space 21824K,   0% used [0x00000000e5560000, 0x00000000e5560000, 0x00000000e6ab0000)
 concurrent mark-sweep generation total 393216K, used 50559K [0x00000000e8000000, 0x0000000100000000, 0x0000000100000000)
 Metaspace       used 48131K, capacity 49145K, committed 49324K, reserved 1093632K
  class space    used 5184K, capacity 5471K, committed 5596K, reserved 1048576K
}
2017-03-14T09:37:01.594+0000: 455.607: Total time for which application threads were stopped: 0.0077585 seconds, Stopping threads took: 0.0000375 seconds
2017-03-14T09:37:02.197+0000: 456.209: Total time for which application threads were stopped: 0.0003279 seconds, Stopping threads took: 0.0000707 seconds
2017-03-14T09:37:02.197+0000: 456.210: Total time for which application threads were stopped: 0.0002156 seconds, Stopping threads took: 0.0000472 seconds
2017-03-14T09:37:02.197+0000: 456.210: Total time for which application threads were stopped: 0.0001339 seconds, Stopping threads took: 0.0000129 seconds
2017-03-14T09:37:02.198+0000: 456.210: Total time for which application threads were stopped: 0.0001264 seconds, Stopping threads took: 0.0000127 seconds
2017-03-14T09:37:02.198+0000: 456.210: Total time for which application threads were stopped: 0.0001188 seconds, Stopping threads took: 0.0000122 seconds
2017-03-14T09:37:02.198+0000: 456.210: Total time for which application threads were stopped: 0.0001213 seconds, Stopping threads took: 0.0000113 seconds
2017-03-14T09:37:02.199+0000: 456.212: Total time for which application threads were stopped: 0.0013709 seconds, Stopping threads took: 0.0000128 seconds
2017-03-14T09:37:02.200+0000: 456.212: Total time for which application threads were stopped: 0.0001455 seconds, Stopping threads took: 0.0000164 seconds
2017-03-14T09:37:02.200+0000: 456.212: Total time for which application threads were stopped: 0.0001417 seconds, Stopping threads took: 0.0000132 seconds
2017-03-14T09:37:02.202+0000: 456.214: Total time for which application threads were stopped: 0.0019084 seconds, Stopping threads took: 0.0016043 seconds
2017-03-14T09:37:02.210+0000: 456.222: Total time for which application threads were stopped: 0.0021776 seconds, Stopping threads took: 0.0019417 seconds
2017-03-14T09:37:02.210+0000: 456.222: Total time for which application threads were stopped: 0.0001902 seconds, Stopping threads took: 0.0000468 seconds
2017-03-14T09:37:02.210+0000: 456.222: Total time for which application threads were stopped: 0.0001270 seconds, Stopping threads took: 0.0000103 seconds
2017-03-14T09:37:02.210+0000: 456.223: Total time for which application threads were stopped: 0.0001398 seconds, Stopping threads took: 0.0000302 seconds
2017-03-14T09:37:02.210+0000: 456.223: Total time for which application threads were stopped: 0.0001220 seconds, Stopping threads took: 0.0000123 seconds
2017-03-14T09:37:02.211+0000: 456.223: Total time for which application threads were stopped: 0.0001272 seconds, Stopping threads took: 0.0000117 seconds
{Heap before GC invocations=73 (full 2):
 par new generation   total 109248K, used 93281K [0x00000000e0000000, 0x00000000e8000000, 0x00000000e8000000)
  eden space 87424K,  99% used [0x00000000e0000000, 0x00000000e55551a0, 0x00000000e5560000)
  from space 21824K,  27% used [0x00000000e6ab0000, 0x00000000e70734a0, 0x00000000e8000000)
  to   space 21824K,   0% used [0x00000000e5560000, 0x00000000e5560000, 0x00000000e6ab0000)
 concurrent mark-sweep generation total 393216K, used 50559K [0x00000000e8000000, 0x0000000100000000, 0x0000000100000000)
 Metaspace       used 48138K, capacity 49145K, committed 49324K, reserved 1093632K
  class space    used 5184K, capacity 5471K, committed 5596K, reserved 1048576K
2017-03-14T09:37:02.540+0000: 456.552: [GC (Allocation Failure) 2017-03-14T09:37:02.540+0000: 456.552: [ParNew
Desired survivor size 20112992 bytes, new threshold 8 (max 8)
- age   1:    1899680 bytes,    1899680 total
- age   2:     259128 bytes,    2158808 total
- age   3:    1308256 bytes,    3467064 total
- age   4:      29416 bytes,    3496480 total
- age   5:     341240 bytes,    3837720 total
- age   6:      32104 bytes,    3869824 total
- age   7:     102376 bytes,    3972200 total
- age   8:     466696 bytes,    4438896 total
: 93281K->7571K(109248K), 0.0144750 secs] 143841K->58169K(502464K), 0.0146064 secs] [Times: user=0.03 sys=0.00, real=0.02 secs] 
Heap after GC invocations=74 (full 2):
 par new generation   total 109248K, used 7571K [0x00000000e0000000, 0x00000000e8000000, 0x00000000e8000000)
  eden space 87424K,   0% used [0x00000000e0000000, 0x00000000e0000000, 0x00000000e5560000)
  from space 21824K,  34% used [0x00000000e5560000, 0x00000000e5cc4c30, 0x00000000e6ab0000)
  to   space 21824K,   0% used [0x00000000e6ab0000, 0x00000000e6ab0000, 0x00000000e8000000)
 concurrent mark-sweep generation total 393216K, used 50598K [0x00000000e8000000, 0x0000000100000000, 0x0000000100000000)
 Metaspace       used 48138K, capacity 49145K, committed 49324K, reserved 1093632K
  class space    used 5184K, capacity 5471K, committed 5596K, reserved 1048576K
}
2017-03-14T09:37:02.555+0000: 456.567: Total time for which application threads were stopped: 0.0155296 seconds, Stopping threads took: 0.0000297 seconds
{Heap before GC invocations=74 (full 2):
 par new generation   total 109248K, used 94995K [0x00000000e0000000, 0x00000000e8000000, 0x00000000e8000000)
  eden space 87424K, 100% used [0x00000000e0000000, 0x00000000e5560000, 0x00000000e5560000)
  from space 21824K,  34% used [0x00000000e5560000, 0x00000000e5cc4c30, 0x00000000e6ab0000)
  to   space 21824K,   0% used [0x00000000e6ab0000, 0x00000000e6ab0000, 0x00000000e8000000)
 concurrent mark-sweep generation total 393216K, used 50598K [0x00000000e8000000, 0x0000000100000000, 0x0000000100000000)
 Metaspace       used 48140K, capacity 49209K, committed 49580K, reserved 1093632K
  class space    used 5184K, capacity 5471K, committed 5596K, reserved 1048576K
2017-03-14T09:37:03.406+0000: 457.418: [GC (Allocation Failure) 2017-03-14T09:37:03.406+0000: 457.418: [ParNew
Desired survivor size 20112992 bytes, new threshold 8 (max 8)
- age   1:    2025984 bytes,    2025984 total
- age   2:    1287928 bytes,    3313912 total
- age   3:      62040 bytes,    3375952 total
- age   4:     415408 bytes,    3791360 total
- age   5:      27912 bytes,    3819272 total
- age   6:     339808 bytes,    4159080 total
- age   7:      32072 bytes,    4191152 total
- age   8:     102312 bytes,    4293464 total
: 94995K->5954K(109248K), 0.0212690 secs] 145593K->57009K(502464K), 0.0213672 secs] [Times: user=0.06 sys=0.00, real=0.02 secs] 
Heap after GC invocations=75 (full 2):
 par new generation   total 109248K, used 5954K [0x00000000e0000000, 0x00000000e8000000, 0x00000000e8000000)
  eden space 87424K,   0% used [0x00000000e0000000, 0x00000000e0000000, 0x00000000e5560000)
  from space 21824K,  27% used [0x00000000e6ab0000, 0x00000000e7080a18, 0x00000000e8000000)
  to   space 21824K,   0% used [0x00000000e5560000, 0x00000000e5560000, 0x00000000e6ab0000)
 concurrent mark-sweep generation total 393216K, used 51054K [0x00000000e8000000, 0x0000000100000000, 0x0000000100000000)
 Metaspace       used 48140K, capacity 49209K, committed 49580K, reserved 1093632K
  class space    used 5184K, capacity 5471K, committed 5596K, reserved 1048576K
}
2017-03-14T09:37:03.427+0000: 457.440: Total time for which application threads were stopped: 0.0216982 seconds, Stopping threads took: 0.0000314 seconds
2017-03-14T09:37:03.853+0000: 457.865: Total time for which application threads were stopped: 0.0002163 seconds, Stopping threads took: 0.0000302 seconds
2017-03-14T09:37:04.353+0000: 458.366: Total time for which application threads were stopped: 0.0002892 seconds, Stopping threads took: 0.0000373 seconds
2017-03-14T09:37:04.354+0000: 458.366: Total time for which application threads were stopped: 0.0002284 seconds, Stopping threads took: 0.0000221 seconds
{Heap before GC invocations=75 (full 2):
 par new generation   total 109248K, used 93378K [0x00000000e0000000, 0x00000000e8000000, 0x00000000e8000000)
  eden space 87424K, 100% used [0x00000000e0000000, 0x00000000e5560000, 0x00000000e5560000)
  from space 21824K,  27% used [0x00000000e6ab0000, 0x00000000e7080a18, 0x00000000e8000000)
  to   space 21824K,   0% used [0x00000000e5560000, 0x00000000e5560000, 0x00000000e6ab0000)
 concurrent mark-sweep generation total 393216K, used 51054K [0x00000000e8000000, 0x0000000100000000, 0x0000000100000000)
 Metaspace       used 48145K, capacity 49217K, committed 49580K, reserved 1093632K
  class space    used 5186K, capacity 5475K, committed 5596K, reserved 1048576K
2017-03-14T09:37:04.956+0000: 458.968: [GC (Allocation Failure) 2017-03-14T09:37:04.956+0000: 458.968: [ParNew
Desired survivor size 20112992 bytes, new threshold 8 (max 8)
- age   1:    1761872 bytes,    1761872 total
- age   2:     695160 bytes,    2457032 total
- age   3:    1277616 bytes,    3734648 total
- age   4:      61072 bytes,    3795720 total
- age   5:     402976 bytes,    4198696 total
- age   6:      27736 bytes,    4226432 total
- age   7:     318192 bytes,    4544624 total
- age   8:      30544 bytes,    4575168 total
: 93378K->5876K(109248K), 0.0125837 secs] 144433K->57031K(502464K), 0.0127078 secs] [Times: user=0.03 sys=0.00, real=0.01 secs] 
Heap after GC invocations=76 (full 2):
 par new generation   total 109248K, used 5876K [0x00000000e0000000, 0x00000000e8000000, 0x00000000e8000000)
  eden space 87424K,   0% used [0x00000000e0000000, 0x00000000e0000000, 0x00000000e5560000)
  from space 21824K,  26% used [0x00000000e5560000, 0x00000000e5b1d1f0, 0x00000000e6ab0000)
  to   space 21824K,   0% used [0x00000000e6ab0000, 0x00000000e6ab0000, 0x00000000e8000000)
 concurrent mark-sweep generation total 393216K, used 51154K [0x00000000e8000000, 0x0000000100000000, 0x0000000100000000)
 Metaspace       used 48145K, capacity 49217K, committed 49580K, reserved 1093632K
  class space    used 5186K, capacity 5475K, committed 5596K, reserved 1048576K
}
2017-03-14T09:37:04.969+0000: 458.981: Total time for which application threads were stopped: 0.0131723 seconds, Stopping threads took: 0.0000302 seconds
2017-03-14T09:37:05.853+0000: 459.865: Total time for which application threads were stopped: 0.0004354 seconds, Stopping threads took: 0.0000886 seconds
2017-03-14T09:37:06.131+0000: 460.143: Total time for which application threads were stopped: 0.0009327 seconds, Stopping threads took: 0.0001444 seconds
2017-03-14T09:37:06.131+0000: 460.143: Total time for which application threads were stopped: 0.0002612 seconds, Stopping threads took: 0.0000202 seconds
{Heap before GC invocations=76 (full 2):
 par new generation   total 109248K, used 93300K [0x00000000e0000000, 0x00000000e8000000, 0x00000000e8000000)
  eden space 87424K, 100% used [0x00000000e0000000, 0x00000000e5560000, 0x00000000e5560000)
  from space 21824K,  26% used [0x00000000e5560000, 0x00000000e5b1d1f0, 0x00000000e6ab0000)
  to   space 21824K,   0% used [0x00000000e6ab0000, 0x00000000e6ab0000, 0x00000000e8000000)
 concurrent mark-sweep generation total 393216K, used 51154K [0x00000000e8000000, 0x0000000100000000, 0x0000000100000000)
 Metaspace       used 48148K, capacity 49217K, committed 49580K, reserved 1093632K
  class space    used 5186K, capacity 5475K, committed 5596K, reserved 1048576K
2017-03-14T09:37:06.939+0000: 460.951: [GC (Allocation Failure) 2017-03-14T09:37:06.939+0000: 460.951: [ParNew
Desired survivor size 20112992 bytes, new threshold 8 (max 8)
- age   1:    2927528 bytes,    2927528 total
- age   2:     228632 bytes,    3156160 total
- age   3:     428768 bytes,    3584928 total
- age   4:     414120 bytes,    3999048 total
- age   5:      60072 bytes,    4059120 total
- age   6:     390704 bytes,    4449824 total
- age   7:      26240 bytes,    4476064 total
- age   8:     317968 bytes,    4794032 total
: 93300K->5994K(109248K), 0.0083940 secs] 144455K->57179K(502464K), 0.0084985 secs] [Times: user=0.02 sys=0.00, real=0.01 secs] 
Heap after GC invocations=77 (full 2):
 par new generation   total 109248K, used 5994K [0x00000000e0000000, 0x00000000e8000000, 0x00000000e8000000)
  eden space 87424K,   0% used [0x00000000e0000000, 0x00000000e0000000, 0x00000000e5560000)
  from space 21824K,  27% used [0x00000000e6ab0000, 0x00000000e708aaa0, 0x00000000e8000000)
  to   space 21824K,   0% used [0x00000000e5560000, 0x00000000e5560000, 0x00000000e6ab0000)
 concurrent mark-sweep generation total 393216K, used 51185K [0x00000000e8000000, 0x0000000100000000, 0x0000000100000000)
 Metaspace       used 48148K, capacity 49217K, committed 49580K, reserved 1093632K
  class space    used 5186K, capacity 5475K, committed 5596K, reserved 1048576K
}
2017-03-14T09:37:06.947+0000: 460.960: Total time for which application threads were stopped: 0.0087919 seconds, Stopping threads took: 0.0000340 seconds
2017-03-14T09:37:07.948+0000: 461.960: Total time for which application threads were stopped: 0.0002495 seconds, Stopping threads took: 0.0000440 seconds
2017-03-14T09:37:08.948+0000: 462.960: Total time for which application threads were stopped: 0.0002346 seconds, Stopping threads took: 0.0000313 seconds
{Heap before GC invocations=77 (full 2):
 par new generation   total 109248K, used 93418K [0x00000000e0000000, 0x00000000e8000000, 0x00000000e8000000)
  eden space 87424K, 100% used [0x00000000e0000000, 0x00000000e5560000, 0x00000000e5560000)
  from space 21824K,  27% used [0x00000000e6ab0000, 0x00000000e708aaa0, 0x00000000e8000000)
  to   space 21824K,   0% used [0x00000000e5560000, 0x00000000e5560000, 0x00000000e6ab0000)
 concurrent mark-sweep generation total 393216K, used 51185K [0x00000000e8000000, 0x0000000100000000, 0x0000000100000000)
 Metaspace       used 48148K, capacity 49217K, committed 49580K, reserved 1093632K
  class space    used 5186K, capacity 5475K, committed 5596K, reserved 1048576K
2017-03-14T09:37:09.641+0000: 463.653: [GC (Allocation Failure) 2017-03-14T09:37:09.641+0000: 463.653: [ParNew
Desired survivor size 20112992 bytes, new threshold 8 (max 8)
- age   1:    2607688 bytes,    2607688 total
- age   2:     701504 bytes,    3309192 total
- age   3:     219784 bytes,    3528976 total
- age   4:     426504 bytes,    3955480 total
- age   5:     412728 bytes,    4368208 total
- age   6:      59880 bytes,    4428088 total
- age   7:     390512 bytes,    4818600 total
- age   8:      26144 bytes,    4844744 total
: 93418K->7098K(109248K), 0.0220293 secs] 144603K->58595K(502464K), 0.0221242 secs] [Times: user=0.06 sys=0.00, real=0.03 secs] 
Heap after GC invocations=78 (full 2):
 par new generation   total 109248K, used 7098K [0x00000000e0000000, 0x00000000e8000000, 0x00000000e8000000)
  eden space 87424K,   0% used [0x00000000e0000000, 0x00000000e0000000, 0x00000000e5560000)
  from space 21824K,  32% used [0x00000000e5560000, 0x00000000e5c4e9c0, 0x00000000e6ab0000)
  to   space 21824K,   0% used [0x00000000e6ab0000, 0x00000000e6ab0000, 0x00000000e8000000)
 concurrent mark-sweep generation total 393216K, used 51496K [0x00000000e8000000, 0x0000000100000000, 0x0000000100000000)
 Metaspace       used 48148K, capacity 49217K, committed 49580K, reserved 1093632K
  class space    used 5186K, capacity 5475K, committed 5596K, reserved 1048576K
}
2017-03-14T09:37:09.663+0000: 463.675: Total time for which application threads were stopped: 0.0224285 seconds, Stopping threads took: 0.0000371 seconds
2017-03-14T09:37:10.576+0000: 464.588: Total time for which application threads were stopped: 0.0003508 seconds, Stopping threads took: 0.0000994 seconds
2017-03-14T09:37:10.576+0000: 464.588: Total time for which application threads were stopped: 0.0001805 seconds, Stopping threads took: 0.0000449 seconds
2017-03-14T09:37:10.576+0000: 464.588: Total time for which application threads were stopped: 0.0001451 seconds, Stopping threads took: 0.0000217 seconds
2017-03-14T09:37:10.576+0000: 464.588: Total time for which application threads were stopped: 0.0001495 seconds, Stopping threads took: 0.0000253 seconds
2017-03-14T09:37:10.576+0000: 464.589: Total time for which application threads were stopped: 0.0001716 seconds, Stopping threads took: 0.0000478 seconds
2017-03-14T09:37:11.577+0000: 465.589: Total time for which application threads were stopped: 0.0003011 seconds, Stopping threads took: 0.0000398 seconds
{Heap before GC invocations=78 (full 2):
 par new generation   total 109248K, used 94522K [0x00000000e0000000, 0x00000000e8000000, 0x00000000e8000000)
  eden space 87424K, 100% used [0x00000000e0000000, 0x00000000e5560000, 0x00000000e5560000)
  from space 21824K,  32% used [0x00000000e5560000, 0x00000000e5c4e9c0, 0x00000000e6ab0000)
  to   space 21824K,   0% used [0x00000000e6ab0000, 0x00000000e6ab0000, 0x00000000e8000000)
 concurrent mark-sweep generation total 393216K, used 51496K [0x00000000e8000000, 0x0000000100000000, 0x0000000100000000)
 Metaspace       used 48152K, capacity 49217K, committed 49580K, reserved 1093632K
  class space    used 5186K, capacity 5475K, committed 5596K, reserved 1048576K
2017-03-14T09:37:12.184+0000: 466.196: [GC (Allocation Failure) 2017-03-14T09:37:12.184+0000: 466.196: [ParNew
Desired survivor size 20112992 bytes, new threshold 8 (max 8)
- age   1:    2594960 bytes,    2594960 total
- age   2:     439240 bytes,    3034200 total
- age   3:     693064 bytes,    3727264 total
- age   4:     207832 bytes,    3935096 total
- age   5:     424144 bytes,    4359240 total
- age   6:     412024 bytes,    4771264 total
- age   7:      59688 bytes,    4830952 total
- age   8:     390320 bytes,    5221272 total
: 94522K->6970K(109248K), 0.0190373 secs] 146019K->58493K(502464K), 0.0192539 secs] [Times: user=0.06 sys=0.00, real=0.02 secs] 
Heap after GC invocations=79 (full 2):
 par new generation   total 109248K, used 6970K [0x00000000e0000000, 0x00000000e8000000, 0x00000000e8000000)
  eden space 87424K,   0% used [0x00000000e0000000, 0x00000000e0000000, 0x00000000e5560000)
  from space 21824K,  31% used [0x00000000e6ab0000, 0x00000000e717ead0, 0x00000000e8000000)
  to   space 21824K,   0% used [0x00000000e5560000, 0x00000000e5560000, 0x00000000e6ab0000)
 concurrent mark-sweep generation total 393216K, used 51522K [0x00000000e8000000, 0x0000000100000000, 0x0000000100000000)
 Metaspace       used 48152K, capacity 49217K, committed 49580K, reserved 1093632K
  class space    used 5186K, capacity 5475K, committed 5596K, reserved 1048576K
}
2017-03-14T09:37:12.203+0000: 466.215: Total time for which application threads were stopped: 0.0197851 seconds, Stopping threads took: 0.0000493 seconds
2017-03-14T09:37:12.438+0000: 466.451: Total time for which application threads were stopped: 0.0004392 seconds, Stopping threads took: 0.0001760 seconds
2017-03-14T09:37:12.439+0000: 466.451: Total time for which application threads were stopped: 0.0002121 seconds, Stopping threads took: 0.0000646 seconds
2017-03-14T09:37:12.576+0000: 466.589: Total time for which application threads were stopped: 0.0011481 seconds, Stopping threads took: 0.0008854 seconds
2017-03-14T09:37:12.577+0000: 466.589: Total time for which application threads were stopped: 0.0001803 seconds, Stopping threads took: 0.0000782 seconds
2017-03-14T09:37:12.577+0000: 466.589: Total time for which application threads were stopped: 0.0001504 seconds, Stopping threads took: 0.0000453 seconds
2017-03-14T09:37:12.579+0000: 466.591: Total time for which application threads were stopped: 0.0002993 seconds, Stopping threads took: 0.0000932 seconds
{Heap before GC invocations=79 (full 2):
 par new generation   total 109248K, used 94394K [0x00000000e0000000, 0x00000000e8000000, 0x00000000e8000000)
  eden space 87424K, 100% used [0x00000000e0000000, 0x00000000e5560000, 0x00000000e5560000)
  from space 21824K,  31% used [0x00000000e6ab0000, 0x00000000e717ead0, 0x00000000e8000000)
  to   space 21824K,   0% used [0x00000000e5560000, 0x00000000e5560000, 0x00000000e6ab0000)
 concurrent mark-sweep generation total 393216K, used 51522K [0x00000000e8000000, 0x0000000100000000, 0x0000000100000000)
 Metaspace       used 48191K, capacity 49217K, committed 49580K, reserved 1093632K
  class space    used 5188K, capacity 5475K, committed 5596K, reserved 1048576K
2017-03-14T09:37:13.396+0000: 467.409: [GC (Allocation Failure) 2017-03-14T09:37:13.396+0000: 467.409: [ParNew
Desired survivor size 20112992 bytes, new threshold 8 (max 8)
- age   1:    2530688 bytes,    2530688 total
- age   2:     396856 bytes,    2927544 total
- age   3:     384952 bytes,    3312496 total
- age   4:     685136 bytes,    3997632 total
- age   5:     207624 bytes,    4205256 total
- age   6:     423936 bytes,    4629192 total
- age   7:     411928 bytes,    5041120 total
- age   8:      59592 bytes,    5100712 total
: 94394K->5870K(109248K), 0.0100288 secs] 145917K->57769K(502464K), 0.0101556 secs] [Times: user=0.03 sys=0.00, real=0.01 secs] 
Heap after GC invocations=80 (full 2):
 par new generation   total 109248K, used 5870K [0x00000000e0000000, 0x00000000e8000000, 0x00000000e8000000)
  eden space 87424K,   0% used [0x00000000e0000000, 0x00000000e0000000, 0x00000000e5560000)
  from space 21824K,  26% used [0x00000000e5560000, 0x00000000e5b1ba68, 0x00000000e6ab0000)
  to   space 21824K,   0% used [0x00000000e6ab0000, 0x00000000e6ab0000, 0x00000000e8000000)
 concurrent mark-sweep generation total 393216K, used 51898K [0x00000000e8000000, 0x0000000100000000, 0x0000000100000000)
 Metaspace       used 48191K, capacity 49217K, committed 49580K, reserved 1093632K
  class space    used 5188K, capacity 5475K, committed 5596K, reserved 1048576K
}
2017-03-14T09:37:13.407+0000: 467.419: Total time for which application threads were stopped: 0.0105604 seconds, Stopping threads took: 0.0000348 seconds
{Heap before GC invocations=80 (full 2):
 par new generation   total 109248K, used 93294K [0x00000000e0000000, 0x00000000e8000000, 0x00000000e8000000)
  eden space 87424K, 100% used [0x00000000e0000000, 0x00000000e5560000, 0x00000000e5560000)
  from space 21824K,  26% used [0x00000000e5560000, 0x00000000e5b1ba68, 0x00000000e6ab0000)
  to   space 21824K,   0% used [0x00000000e6ab0000, 0x00000000e6ab0000, 0x00000000e8000000)
 concurrent mark-sweep generation total 393216K, used 51898K [0x00000000e8000000, 0x0000000100000000, 0x0000000100000000)
 Metaspace       used 48191K, capacity 49217K, committed 49580K, reserved 1093632K
  class space    used 5188K, capacity 5475K, committed 5596K, reserved 1048576K
2017-03-14T09:37:14.189+0000: 468.201: [GC (Allocation Failure) 2017-03-14T09:37:14.189+0000: 468.201: [ParNew
Desired survivor size 20112992 bytes, new threshold 8 (max 8)
- age   1:    1177240 bytes,    1177240 total
- age   2:    1978128 bytes,    3155368 total
- age   3:     378640 bytes,    3534008 total
- age   4:     382208 bytes,    3916216 total
- age   5:     683448 bytes,    4599664 total
- age   6:     206624 bytes,    4806288 total
- age   7:     423064 bytes,    5229352 total
- age   8:     411864 bytes,    5641216 total
: 93294K->8776K(109248K), 0.0186391 secs] 145193K->60733K(502464K), 0.0187299 secs] [Times: user=0.05 sys=0.00, real=0.02 secs] 
Heap after GC invocations=81 (full 2):
 par new generation   total 109248K, used 8776K [0x00000000e0000000, 0x00000000e8000000, 0x00000000e8000000)
  eden space 87424K,   0% used [0x00000000e0000000, 0x00000000e0000000, 0x00000000e5560000)
  from space 21824K,  40% used [0x00000000e6ab0000, 0x00000000e7342180, 0x00000000e8000000)
  to   space 21824K,   0% used [0x00000000e5560000, 0x00000000e5560000, 0x00000000e6ab0000)
 concurrent mark-sweep generation total 393216K, used 51956K [0x00000000e8000000, 0x0000000100000000, 0x0000000100000000)
 Metaspace       used 48191K, capacity 49217K, committed 49580K, reserved 1093632K
  class space    used 5188K, capacity 5475K, committed 5596K, reserved 1048576K
}
2017-03-14T09:37:14.208+0000: 468.220: Total time for which application threads were stopped: 0.0190991 seconds, Stopping threads took: 0.0000506 seconds
{Heap before GC invocations=81 (full 2):
 par new generation   total 109248K, used 96200K [0x00000000e0000000, 0x00000000e8000000, 0x00000000e8000000)
  eden space 87424K, 100% used [0x00000000e0000000, 0x00000000e5560000, 0x00000000e5560000)
  from space 21824K,  40% used [0x00000000e6ab0000, 0x00000000e7342180, 0x00000000e8000000)
  to   space 21824K,   0% used [0x00000000e5560000, 0x00000000e5560000, 0x00000000e6ab0000)
 concurrent mark-sweep generation total 393216K, used 51956K [0x00000000e8000000, 0x0000000100000000, 0x0000000100000000)
 Metaspace       used 48192K, capacity 49217K, committed 49580K, reserved 1093632K
  class space    used 5189K, capacity 5475K, committed 5596K, reserved 1048576K
2017-03-14T09:37:15.189+0000: 469.202: [GC (Allocation Failure) 2017-03-14T09:37:15.189+0000: 469.202: [ParNew
Desired survivor size 20112992 bytes, new threshold 8 (max 8)
- age   1:    2021192 bytes,    2021192 total
- age   2:     327336 bytes,    2348528 total
- age   3:    1188080 bytes,    3536608 total
- age   4:     323536 bytes,    3860144 total
- age   5:     378952 bytes,    4239096 total
- age   6:     682640 bytes,    4921736 total
- age   7:     206432 bytes,    5128168 total
- age   8:     422840 bytes,    5551008 total
: 96200K->6804K(109248K), 0.0074164 secs] 148157K->59163K(502464K), 0.0075134 secs] [Times: user=0.02 sys=0.00, real=0.01 secs] 
Heap after GC invocations=82 (full 2):
 par new generation   total 109248K, used 6804K [0x00000000e0000000, 0x00000000e8000000, 0x00000000e8000000)
  eden space 87424K,   0% used [0x00000000e0000000, 0x00000000e0000000, 0x00000000e5560000)
  from space 21824K,  31% used [0x00000000e5560000, 0x00000000e5c05118, 0x00000000e6ab0000)
  to   space 21824K,   0% used [0x00000000e6ab0000, 0x00000000e6ab0000, 0x00000000e8000000)
 concurrent mark-sweep generation total 393216K, used 52359K [0x00000000e8000000, 0x0000000100000000, 0x0000000100000000)
 Metaspace       used 48192K, capacity 49217K, committed 49580K, reserved 1093632K
  class space    used 5189K, capacity 5475K, committed 5596K, reserved 1048576K
}
2017-03-14T09:37:15.197+0000: 469.209: Total time for which application threads were stopped: 0.0077827 seconds, Stopping threads took: 0.0000311 seconds
2017-03-14T09:37:15.491+0000: 469.503: Total time for which application threads were stopped: 0.0004504 seconds, Stopping threads took: 0.0000377 seconds
2017-03-14T09:37:15.492+0000: 469.504: Total time for which application threads were stopped: 0.0002148 seconds, Stopping threads took: 0.0000747 seconds
2017-03-14T09:37:15.492+0000: 469.504: Total time for which application threads were stopped: 0.0001320 seconds, Stopping threads took: 0.0000336 seconds
{Heap before GC invocations=82 (full 2):
 par new generation   total 109248K, used 94192K [0x00000000e0000000, 0x00000000e8000000, 0x00000000e8000000)
  eden space 87424K,  99% used [0x00000000e0000000, 0x00000000e55570a0, 0x00000000e5560000)
  from space 21824K,  31% used [0x00000000e5560000, 0x00000000e5c05118, 0x00000000e6ab0000)
  to   space 21824K,   0% used [0x00000000e6ab0000, 0x00000000e6ab0000, 0x00000000e8000000)
 concurrent mark-sweep generation total 393216K, used 52359K [0x00000000e8000000, 0x0000000100000000, 0x0000000100000000)
 Metaspace       used 48197K, capacity 49219K, committed 49580K, reserved 1093632K
  class space    used 5189K, capacity 5476K, committed 5596K, reserved 1048576K
2017-03-14T09:37:16.148+0000: 470.161: [GC (Allocation Failure) 2017-03-14T09:37:16.148+0000: 470.161: [ParNew
Desired survivor size 20112992 bytes, new threshold 8 (max 8)
- age   1:    2228064 bytes,    2228064 total
- age   2:    1241776 bytes,    3469840 total
- age   3:      48752 bytes,    3518592 total
- age   4:     156192 bytes,    3674784 total
- age   5:     206880 bytes,    3881664 total
- age   6:     193352 bytes,    4075016 total
- age   7:     512048 bytes,    4587064 total
- age   8:     114056 bytes,    4701120 total
: 94192K->7026K(109248K), 0.0147334 secs] 146551K->59429K(502464K), 0.0148465 secs] [Times: user=0.05 sys=0.00, real=0.02 secs] 
Heap after GC invocations=83 (full 2):
 par new generation   total 109248K, used 7026K [0x00000000e0000000, 0x00000000e8000000, 0x00000000e8000000)
  eden space 87424K,   0% used [0x00000000e0000000, 0x00000000e0000000, 0x00000000e5560000)
  from space 21824K,  32% used [0x00000000e6ab0000, 0x00000000e718c9b0, 0x00000000e8000000)
  to   space 21824K,   0% used [0x00000000e5560000, 0x00000000e5560000, 0x00000000e6ab0000)
 concurrent mark-sweep generation total 393216K, used 52403K [0x00000000e8000000, 0x0000000100000000, 0x0000000100000000)
 Metaspace       used 48197K, capacity 49219K, committed 49580K, reserved 1093632K
  class space    used 5189K, capacity 5476K, committed 5596K, reserved 1048576K
}
2017-03-14T09:37:16.163+0000: 470.175: Total time for which application threads were stopped: 0.0153868 seconds, Stopping threads took: 0.0000876 seconds
2017-03-14T09:37:16.855+0000: 470.868: Total time for which application threads were stopped: 0.0002197 seconds, Stopping threads took: 0.0000318 seconds
2017-03-14T09:37:16.855+0000: 470.868: Total time for which application threads were stopped: 0.0000759 seconds, Stopping threads took: 0.0000093 seconds
2017-03-14T09:37:16.855+0000: 470.868: Total time for which application threads were stopped: 0.0000685 seconds, Stopping threads took: 0.0000074 seconds
2017-03-14T09:37:16.856+0000: 470.868: Total time for which application threads were stopped: 0.0001205 seconds, Stopping threads took: 0.0000228 seconds
2017-03-14T09:37:16.856+0000: 470.869: Total time for which application threads were stopped: 0.0002827 seconds, Stopping threads took: 0.0000458 seconds
2017-03-14T09:37:16.857+0000: 470.869: Total time for which application threads were stopped: 0.0002533 seconds, Stopping threads took: 0.0000228 seconds
2017-03-14T09:37:16.859+0000: 470.871: Total time for which application threads were stopped: 0.0001828 seconds, Stopping threads took: 0.0000294 seconds
2017-03-14T09:37:16.860+0000: 470.872: Total time for which application threads were stopped: 0.0001825 seconds, Stopping threads took: 0.0000419 seconds
2017-03-14T09:37:16.860+0000: 470.872: Total time for which application threads were stopped: 0.0000930 seconds, Stopping threads took: 0.0000109 seconds
2017-03-14T09:37:16.860+0000: 470.872: Total time for which application threads were stopped: 0.0000923 seconds, Stopping threads took: 0.0000098 seconds
2017-03-14T09:37:16.901+0000: 470.913: Total time for which application threads were stopped: 0.0002079 seconds, Stopping threads took: 0.0000227 seconds
{Heap before GC invocations=83 (full 2):
 par new generation   total 109248K, used 94450K [0x00000000e0000000, 0x00000000e8000000, 0x00000000e8000000)
  eden space 87424K, 100% used [0x00000000e0000000, 0x00000000e5560000, 0x00000000e5560000)
  from space 21824K,  32% used [0x00000000e6ab0000, 0x00000000e718c9b0, 0x00000000e8000000)
  to   space 21824K,   0% used [0x00000000e5560000, 0x00000000e5560000, 0x00000000e6ab0000)
 concurrent mark-sweep generation total 393216K, used 52403K [0x00000000e8000000, 0x0000000100000000, 0x0000000100000000)
 Metaspace       used 48234K, capacity 49251K, committed 49580K, reserved 1093632K
  class space    used 5196K, capacity 5508K, committed 5596K, reserved 1048576K
2017-03-14T09:37:17.235+0000: 471.247: [GC (Allocation Failure) 2017-03-14T09:37:17.235+0000: 471.247: [ParNew
Desired survivor size 20112992 bytes, new threshold 8 (max 8)
- age   1:    1103328 bytes,    1103328 total
- age   2:    1613880 bytes,    2717208 total
- age   3:     644120 bytes,    3361328 total
- age   4:      43072 bytes,    3404400 total
- age   5:     155232 bytes,    3559632 total
- age   6:     205840 bytes,    3765472 total
- age   7:     192416 bytes,    3957888 total
- age   8:     511792 bytes,    4469680 total
: 94450K->5796K(109248K), 0.0159375 secs] 146853K->58311K(502464K), 0.0160500 secs] [Times: user=0.05 sys=0.00, real=0.02 secs] 
Heap after GC invocations=84 (full 2):
 par new generation   total 109248K, used 5796K [0x00000000e0000000, 0x00000000e8000000, 0x00000000e8000000)
  eden space 87424K,   0% used [0x00000000e0000000, 0x00000000e0000000, 0x00000000e5560000)
  from space 21824K,  26% used [0x00000000e5560000, 0x00000000e5b093d0, 0x00000000e6ab0000)
  to   space 21824K,   0% used [0x00000000e6ab0000, 0x00000000e6ab0000, 0x00000000e8000000)
 concurrent mark-sweep generation total 393216K, used 52514K [0x00000000e8000000, 0x0000000100000000, 0x0000000100000000)
 Metaspace       used 48234K, capacity 49251K, committed 49580K, reserved 1093632K
  class space    used 5196K, capacity 5508K, committed 5596K, reserved 1048576K
}
2017-03-14T09:37:17.251+0000: 471.263: Total time for which application threads were stopped: 0.0163985 seconds, Stopping threads took: 0.0000588 seconds
2017-03-14T09:37:17.273+0000: 471.285: Total time for which application threads were stopped: 0.0003163 seconds, Stopping threads took: 0.0000408 seconds
2017-03-14T09:37:17.274+0000: 471.286: Total time for which application threads were stopped: 0.0003190 seconds, Stopping threads took: 0.0001216 seconds
2017-03-14T09:37:17.277+0000: 471.289: Total time for which application threads were stopped: 0.0002476 seconds, Stopping threads took: 0.0000532 seconds
2017-03-14T09:37:17.277+0000: 471.289: Total time for which application threads were stopped: 0.0001325 seconds, Stopping threads took: 0.0000255 seconds
{Heap before GC invocations=84 (full 2):
 par new generation   total 109248K, used 93220K [0x00000000e0000000, 0x00000000e8000000, 0x00000000e8000000)
  eden space 87424K, 100% used [0x00000000e0000000, 0x00000000e5560000, 0x00000000e5560000)
  from space 21824K,  26% used [0x00000000e5560000, 0x00000000e5b093d0, 0x00000000e6ab0000)
  to   space 21824K,   0% used [0x00000000e6ab0000, 0x00000000e6ab0000, 0x00000000e8000000)
 concurrent mark-sweep generation total 393216K, used 52514K [0x00000000e8000000, 0x0000000100000000, 0x0000000100000000)
 Metaspace       used 48243K, capacity 49251K, committed 49580K, reserved 1093632K
  class space    used 5196K, capacity 5508K, committed 5596K, reserved 1048576K
2017-03-14T09:37:17.820+0000: 471.832: [GC (Allocation Failure) 2017-03-14T09:37:17.820+0000: 471.832: [ParNew
Desired survivor size 20112992 bytes, new threshold 8 (max 8)
- age   1:    1900064 bytes,    1900064 total
- age   2:     254000 bytes,    2154064 total
- age   3:    1482856 bytes,    3636920 total
- age   4:     238392 bytes,    3875312 total
- age   5:      40648 bytes,    3915960 total
- age   6:     154296 bytes,    4070256 total
- age   7:     205008 bytes,    4275264 total
- age   8:     191752 bytes,    4467016 total
: 93220K->5541K(109248K), 0.0120528 secs] 145735K->58556K(502464K), 0.0121749 secs] [Times: user=0.05 sys=0.00, real=0.02 secs] 
Heap after GC invocations=85 (full 2):
 par new generation   total 109248K, used 5541K [0x00000000e0000000, 0x00000000e8000000, 0x00000000e8000000)
  eden space 87424K,   0% used [0x00000000e0000000, 0x00000000e0000000, 0x00000000e5560000)
  from space 21824K,  25% used [0x00000000e6ab0000, 0x00000000e7019500, 0x00000000e8000000)
  to   space 21824K,   0% used [0x00000000e5560000, 0x00000000e5560000, 0x00000000e6ab0000)
 concurrent mark-sweep generation total 393216K, used 53014K [0x00000000e8000000, 0x0000000100000000, 0x0000000100000000)
 Metaspace       used 48243K, capacity 49251K, committed 49580K, reserved 1093632K
  class space    used 5196K, capacity 5508K, committed 5596K, reserved 1048576K
}
2017-03-14T09:37:17.832+0000: 471.844: Total time for which application threads were stopped: 0.0125728 seconds, Stopping threads took: 0.0000370 seconds
{Heap before GC invocations=85 (full 2):
 par new generation   total 109248K, used 92965K [0x00000000e0000000, 0x00000000e8000000, 0x00000000e8000000)
  eden space 87424K, 100% used [0x00000000e0000000, 0x00000000e5560000, 0x00000000e5560000)
  from space 21824K,  25% used [0x00000000e6ab0000, 0x00000000e7019500, 0x00000000e8000000)
  to   space 21824K,   0% used [0x00000000e5560000, 0x00000000e5560000, 0x00000000e6ab0000)
 concurrent mark-sweep generation total 393216K, used 53014K [0x00000000e8000000, 0x0000000100000000, 0x0000000100000000)
 Metaspace       used 48244K, capacity 49251K, committed 49580K, reserved 1093632K
  class space    used 5196K, capacity 5508K, committed 5596K, reserved 1048576K
2017-03-14T09:37:18.729+0000: 472.741: [GC (Allocation Failure) 2017-03-14T09:37:18.729+0000: 472.741: [ParNew
Desired survivor size 20112992 bytes, new threshold 8 (max 8)
- age   1:    2157296 bytes,    2157296 total
- age   2:    1345664 bytes,    3502960 total
- age   3:      98016 bytes,    3600976 total
- age   4:     593320 bytes,    4194296 total
- age   5:     237016 bytes,    4431312 total
- age   6:      40552 bytes,    4471864 total
- age   7:     154232 bytes,    4626096 total
- age   8:     204944 bytes,    4831040 total
: 92965K->7651K(109248K), 0.0175273 secs] 145980K->60854K(502464K), 0.0176335 secs] [Times: user=0.04 sys=0.00, real=0.02 secs] 
Heap after GC invocations=86 (full 2):
 par new generation   total 109248K, used 7651K [0x00000000e0000000, 0x00000000e8000000, 0x00000000e8000000)
  eden space 87424K,   0% used [0x00000000e0000000, 0x00000000e0000000, 0x00000000e5560000)
  from space 21824K,  35% used [0x00000000e5560000, 0x00000000e5cd8f00, 0x00000000e6ab0000)
  to   space 21824K,   0% used [0x00000000e6ab0000, 0x00000000e6ab0000, 0x00000000e8000000)
 concurrent mark-sweep generation total 393216K, used 53202K [0x00000000e8000000, 0x0000000100000000, 0x0000000100000000)
 Metaspace       used 48244K, capacity 49251K, committed 49580K, reserved 1093632K
  class space    used 5196K, capacity 5508K, committed 5596K, reserved 1048576K
}
2017-03-14T09:37:18.746+0000: 472.758: Total time for which application threads were stopped: 0.0179429 seconds, Stopping threads took: 0.0000266 seconds
2017-03-14T09:37:18.873+0000: 472.885: Total time for which application threads were stopped: 0.0003315 seconds, Stopping threads took: 0.0000544 seconds
2017-03-14T09:37:19.152+0000: 473.164: Total time for which application threads were stopped: 0.0002139 seconds, Stopping threads took: 0.0000274 seconds
2017-03-14T09:37:19.152+0000: 473.165: Total time for which application threads were stopped: 0.0001333 seconds, Stopping threads took: 0.0000224 seconds
2017-03-14T09:37:20.153+0000: 474.165: Total time for which application threads were stopped: 0.0002548 seconds, Stopping threads took: 0.0000553 seconds
2017-03-14T09:37:20.313+0000: 474.325: Total time for which application threads were stopped: 0.0002956 seconds, Stopping threads took: 0.0000537 seconds
2017-03-14T09:37:20.313+0000: 474.325: Total time for which application threads were stopped: 0.0001976 seconds, Stopping threads took: 0.0000564 seconds
2017-03-14T09:37:20.313+0000: 474.326: Total time for which application threads were stopped: 0.0001527 seconds, Stopping threads took: 0.0000372 seconds
{Heap before GC invocations=86 (full 2):
 par new generation   total 109248K, used 95075K [0x00000000e0000000, 0x00000000e8000000, 0x00000000e8000000)
  eden space 87424K, 100% used [0x00000000e0000000, 0x00000000e5560000, 0x00000000e5560000)
  from space 21824K,  35% used [0x00000000e5560000, 0x00000000e5cd8f00, 0x00000000e6ab0000)
  to   space 21824K,   0% used [0x00000000e6ab0000, 0x00000000e6ab0000, 0x00000000e8000000)
 concurrent mark-sweep generation total 393216K, used 53202K [0x00000000e8000000, 0x0000000100000000, 0x0000000100000000)
 Metaspace       used 48249K, capacity 49251K, committed 49580K, reserved 1093632K
  class space    used 5196K, capacity 5508K, committed 5596K, reserved 1048576K
2017-03-14T09:37:20.680+0000: 474.692: [GC (Allocation Failure) 2017-03-14T09:37:20.680+0000: 474.692: [ParNew
Desired survivor size 20112992 bytes, new threshold 8 (max 8)
- age   1:    2600696 bytes,    2600696 total
- age   2:     901056 bytes,    3501752 total
- age   3:      48264 bytes,    3550016 total
- age   4:      53064 bytes,    3603080 total
- age   5:     577712 bytes,    4180792 total
- age   6:      35928 bytes,    4216720 total
- age   7:      36688 bytes,    4253408 total
- age   8:      43504 bytes,    4296912 total
: 95075K->5339K(109248K), 0.0092772 secs] 148278K->58611K(502464K), 0.0093663 secs] [Times: user=0.03 sys=0.00, real=0.01 secs] 
Heap after GC invocations=87 (full 2):
 par new generation   total 109248K, used 5339K [0x00000000e0000000, 0x00000000e8000000, 0x00000000e8000000)
  eden space 87424K,   0% used [0x00000000e0000000, 0x00000000e0000000, 0x00000000e5560000)
  from space 21824K,  24% used [0x00000000e6ab0000, 0x00000000e6fe6f60, 0x00000000e8000000)
  to   space 21824K,   0% used [0x00000000e5560000, 0x00000000e5560000, 0x00000000e6ab0000)
 concurrent mark-sweep generation total 393216K, used 53271K [0x00000000e8000000, 0x0000000100000000, 0x0000000100000000)
 Metaspace       used 48249K, capacity 49251K, committed 49580K, reserved 1093632K
  class space    used 5196K, capacity 5508K, committed 5596K, reserved 1048576K
}
2017-03-14T09:37:20.689+0000: 474.701: Total time for which application threads were stopped: 0.0096396 seconds, Stopping threads took: 0.0000320 seconds
2017-03-14T09:37:20.893+0000: 474.905: Total time for which application threads were stopped: 0.0002668 seconds, Stopping threads took: 0.0000336 seconds
2017-03-14T09:37:21.623+0000: 475.635: Total time for which application threads were stopped: 0.0003108 seconds, Stopping threads took: 0.0000771 seconds
2017-03-14T09:37:21.623+0000: 475.636: Total time for which application threads were stopped: 0.0004785 seconds, Stopping threads took: 0.0000495 seconds
2017-03-14T09:37:22.326+0000: 476.338: Total time for which application threads were stopped: 0.0002386 seconds, Stopping threads took: 0.0000307 seconds
{Heap before GC invocations=87 (full 2):
 par new generation   total 109248K, used 92763K [0x00000000e0000000, 0x00000000e8000000, 0x00000000e8000000)
  eden space 87424K, 100% used [0x00000000e0000000, 0x00000000e5560000, 0x00000000e5560000)
  from space 21824K,  24% used [0x00000000e6ab0000, 0x00000000e6fe6f60, 0x00000000e8000000)
  to   space 21824K,   0% used [0x00000000e5560000, 0x00000000e5560000, 0x00000000e6ab0000)
 concurrent mark-sweep generation total 393216K, used 53271K [0x00000000e8000000, 0x0000000100000000, 0x0000000100000000)
 Metaspace       used 48257K, capacity 49251K, committed 49580K, reserved 1093632K
  class space    used 5196K, capacity 5508K, committed 5596K, reserved 1048576K
2017-03-14T09:37:23.099+0000: 477.111: [GC (Allocation Failure) 2017-03-14T09:37:23.099+0000: 477.111: [ParNew
Desired survivor size 20112992 bytes, new threshold 8 (max 8)
- age   1:    2720688 bytes,    2720688 total
- age   2:     478440 bytes,    3199128 total
- age   3:     864288 bytes,    4063416 total
- age   4:      40440 bytes,    4103856 total
- age   5:      51344 bytes,    4155200 total
- age   6:     576608 bytes,    4731808 total
- age   7:      35864 bytes,    4767672 total
- age   8:      36640 bytes,    4804312 total
: 92763K->6442K(109248K), 0.0147432 secs] 146035K->59755K(502464K), 0.0148865 secs] [Times: user=0.04 sys=0.00, real=0.02 secs] 
Heap after GC invocations=88 (full 2):
 par new generation   total 109248K, used 6442K [0x00000000e0000000, 0x00000000e8000000, 0x00000000e8000000)
  eden space 87424K,   0% used [0x00000000e0000000, 0x00000000e0000000, 0x00000000e5560000)
  from space 21824K,  29% used [0x00000000e5560000, 0x00000000e5baa818, 0x00000000e6ab0000)
  to   space 21824K,   0% used [0x00000000e6ab0000, 0x00000000e6ab0000, 0x00000000e8000000)
 concurrent mark-sweep generation total 393216K, used 53313K [0x00000000e8000000, 0x0000000100000000, 0x0000000100000000)
 Metaspace       used 48257K, capacity 49251K, committed 49580K, reserved 1093632K
  class space    used 5196K, capacity 5508K, committed 5596K, reserved 1048576K
}
2017-03-14T09:37:23.114+0000: 477.126: Total time for which application threads were stopped: 0.0152749 seconds, Stopping threads took: 0.0000478 seconds
2017-03-14T09:37:24.114+0000: 478.127: Total time for which application threads were stopped: 0.0003125 seconds, Stopping threads took: 0.0000479 seconds
2017-03-14T09:37:25.115+0000: 479.127: Total time for which application threads were stopped: 0.0002543 seconds, Stopping threads took: 0.0000487 seconds
{Heap before GC invocations=88 (full 2):
 par new generation   total 109248K, used 93859K [0x00000000e0000000, 0x00000000e8000000, 0x00000000e8000000)
  eden space 87424K,  99% used [0x00000000e0000000, 0x00000000e555e5b8, 0x00000000e5560000)
  from space 21824K,  29% used [0x00000000e5560000, 0x00000000e5baa818, 0x00000000e6ab0000)
  to   space 21824K,   0% used [0x00000000e6ab0000, 0x00000000e6ab0000, 0x00000000e8000000)
 concurrent mark-sweep generation total 393216K, used 53313K [0x00000000e8000000, 0x0000000100000000, 0x0000000100000000)
 Metaspace       used 48264K, capacity 49251K, committed 49580K, reserved 1093632K
  class space    used 5196K, capacity 5508K, committed 5596K, reserved 1048576K
2017-03-14T09:37:25.582+0000: 479.594: [GC (Allocation Failure) 2017-03-14T09:37:25.582+0000: 479.594: [ParNew
Desired survivor size 20112992 bytes, new threshold 8 (max 8)
- age   1:    2589208 bytes,    2589208 total
- age   2:     506008 bytes,    3095216 total
- age   3:     443560 bytes,    3538776 total
- age   4:     862304 bytes,    4401080 total
- age   5:      38368 bytes,    4439448 total
- age   6:      48832 bytes,    4488280 total
- age   7:     576416 bytes,    5064696 total
- age   8:      35800 bytes,    5100496 total
: 93859K->7368K(109248K), 0.0122881 secs] 147173K->60718K(502464K), 0.0124419 secs] [Times: user=0.05 sys=0.00, real=0.02 secs] 
Heap after GC invocations=89 (full 2):
 par new generation   total 109248K, used 7368K [0x00000000e0000000, 0x00000000e8000000, 0x00000000e8000000)
  eden space 87424K,   0% used [0x00000000e0000000, 0x00000000e0000000, 0x00000000e5560000)
  from space 21824K,  33% used [0x00000000e6ab0000, 0x00000000e71e23e0, 0x00000000e8000000)
  to   space 21824K,   0% used [0x00000000e5560000, 0x00000000e5560000, 0x00000000e6ab0000)
 concurrent mark-sweep generation total 393216K, used 53349K [0x00000000e8000000, 0x0000000100000000, 0x0000000100000000)
 Metaspace       used 48264K, capacity 49251K, committed 49580K, reserved 1093632K
  class space    used 5196K, capacity 5508K, committed 5596K, reserved 1048576K
}
2017-03-14T09:37:25.594+0000: 479.606: Total time for which application threads were stopped: 0.0128579 seconds, Stopping threads took: 0.0000395 seconds
2017-03-14T09:37:26.594+0000: 480.607: Total time for which application threads were stopped: 0.0002096 seconds, Stopping threads took: 0.0000465 seconds
{Heap before GC invocations=89 (full 2):
 par new generation   total 109248K, used 94792K [0x00000000e0000000, 0x00000000e8000000, 0x00000000e8000000)
  eden space 87424K, 100% used [0x00000000e0000000, 0x00000000e5560000, 0x00000000e5560000)
  from space 21824K,  33% used [0x00000000e6ab0000, 0x00000000e71e23e0, 0x00000000e8000000)
  to   space 21824K,   0% used [0x00000000e5560000, 0x00000000e5560000, 0x00000000e6ab0000)
 concurrent mark-sweep generation total 393216K, used 53349K [0x00000000e8000000, 0x0000000100000000, 0x0000000100000000)
 Metaspace       used 48266K, capacity 49259K, committed 49580K, reserved 1093632K
  class space    used 5196K, capacity 5508K, committed 5596K, reserved 1048576K
2017-03-14T09:37:26.719+0000: 480.732: [GC (Allocation Failure) 2017-03-14T09:37:26.719+0000: 480.732: [ParNew
Desired survivor size 20112992 bytes, new threshold 8 (max 8)
- age   1:    1703824 bytes,    1703824 total
- age   2:    1312696 bytes,    3016520 total
- age   3:     494088 bytes,    3510608 total
- age   4:     440808 bytes,    3951416 total
- age   5:     861376 bytes,    4812792 total
- age   6:      37528 bytes,    4850320 total
- age   7:      48672 bytes,    4898992 total
- age   8:     576264 bytes,    5475256 total
: 94792K->7042K(109248K), 0.0073473 secs] 148142K->60427K(502464K), 0.0074322 secs] [Times: user=0.02 sys=0.00, real=0.01 secs] 
Heap after GC invocations=90 (full 2):
 par new generation   total 109248K, used 7042K [0x00000000e0000000, 0x00000000e8000000, 0x00000000e8000000)
  eden space 87424K,   0% used [0x00000000e0000000, 0x00000000e0000000, 0x00000000e5560000)
  from space 21824K,  32% used [0x00000000e5560000, 0x00000000e5c40b50, 0x00000000e6ab0000)
  to   space 21824K,   0% used [0x00000000e6ab0000, 0x00000000e6ab0000, 0x00000000e8000000)
 concurrent mark-sweep generation total 393216K, used 53384K [0x00000000e8000000, 0x0000000100000000, 0x0000000100000000)
 Metaspace       used 48266K, capacity 49259K, committed 49580K, reserved 1093632K
  class space    used 5196K, capacity 5508K, committed 5596K, reserved 1048576K
}
2017-03-14T09:37:26.727+0000: 480.739: Total time for which application threads were stopped: 0.0076962 seconds, Stopping threads took: 0.0000238 seconds
{Heap before GC invocations=90 (full 2):
 par new generation   total 109248K, used 94466K [0x00000000e0000000, 0x00000000e8000000, 0x00000000e8000000)
  eden space 87424K, 100% used [0x00000000e0000000, 0x00000000e5560000, 0x00000000e5560000)
  from space 21824K,  32% used [0x00000000e5560000, 0x00000000e5c40b50, 0x00000000e6ab0000)
  to   space 21824K,   0% used [0x00000000e6ab0000, 0x00000000e6ab0000, 0x00000000e8000000)
 concurrent mark-sweep generation total 393216K, used 53384K [0x00000000e8000000, 0x0000000100000000, 0x0000000100000000)
 Metaspace       used 48266K, capacity 49259K, committed 49580K, reserved 1093632K
  class space    used 5196K, capacity 5508K, committed 5596K, reserved 1048576K
2017-03-14T09:37:27.581+0000: 481.594: [GC (Allocation Failure) 2017-03-14T09:37:27.581+0000: 481.594: [ParNew
Desired survivor size 20112992 bytes, new threshold 8 (max 8)
- age   1:     951896 bytes,     951896 total
- age   2:    1255872 bytes,    2207768 total
- age   3:    1305232 bytes,    3513000 total
- age   4:     490912 bytes,    4003912 total
- age   5:     440744 bytes,    4444656 total
- age   6:     861280 bytes,    5305936 total
- age   7:      36648 bytes,    5342584 total
- age   8:      48576 bytes,    5391160 total
: 94466K->6538K(109248K), 0.0077547 secs] 147851K->60486K(502464K), 0.0078518 secs] [Times: user=0.03 sys=0.00, real=0.01 secs] 
Heap after GC invocations=91 (full 2):
 par new generation   total 109248K, used 6538K [0x00000000e0000000, 0x00000000e8000000, 0x00000000e8000000)
  eden space 87424K,   0% used [0x00000000e0000000, 0x00000000e0000000, 0x00000000e5560000)
  from space 21824K,  29% used [0x00000000e6ab0000, 0x00000000e7112b50, 0x00000000e8000000)
  to   space 21824K,   0% used [0x00000000e5560000, 0x00000000e5560000, 0x00000000e6ab0000)
 concurrent mark-sweep generation total 393216K, used 53947K [0x00000000e8000000, 0x0000000100000000, 0x0000000100000000)
 Metaspace       used 48266K, capacity 49259K, committed 49580K, reserved 1093632K
  class space    used 5196K, capacity 5508K, committed 5596K, reserved 1048576K
}
2017-03-14T09:37:27.589+0000: 481.602: Total time for which application threads were stopped: 0.0081486 seconds, Stopping threads took: 0.0000324 seconds
{Heap before GC invocations=91 (full 2):
 par new generation   total 109248K, used 93962K [0x00000000e0000000, 0x00000000e8000000, 0x00000000e8000000)
  eden space 87424K, 100% used [0x00000000e0000000, 0x00000000e5560000, 0x00000000e5560000)
  from space 21824K,  29% used [0x00000000e6ab0000, 0x00000000e7112b50, 0x00000000e8000000)
  to   space 21824K,   0% used [0x00000000e5560000, 0x00000000e5560000, 0x00000000e6ab0000)
 concurrent mark-sweep generation total 393216K, used 53947K [0x00000000e8000000, 0x0000000100000000, 0x0000000100000000)
 Metaspace       used 48267K, capacity 49323K, committed 49580K, reserved 1093632K
  class space    used 5196K, capacity 5508K, committed 5596K, reserved 1048576K
2017-03-14T09:37:28.346+0000: 482.359: [GC (Allocation Failure) 2017-03-14T09:37:28.346+0000: 482.359: [ParNew
Desired survivor size 20112992 bytes, new threshold 8 (max 8)
- age   1:    2150792 bytes,    2150792 total
- age   2:     282864 bytes,    2433656 total
- age   3:    1027184 bytes,    3460840 total
- age   4:     404424 bytes,    3865264 total
- age   5:     488712 bytes,    4353976 total
- age   6:     440552 bytes,    4794528 total
- age   7:     861280 bytes,    5655808 total
- age   8:      36616 bytes,    5692424 total
: 93962K->8054K(109248K), 0.0102496 secs] 147910K->62050K(502464K), 0.0103329 secs] [Times: user=0.03 sys=0.00, real=0.01 secs] 
Heap after GC invocations=92 (full 2):
 par new generation   total 109248K, used 8054K [0x00000000e0000000, 0x00000000e8000000, 0x00000000e8000000)
  eden space 87424K,   0% used [0x00000000e0000000, 0x00000000e0000000, 0x00000000e5560000)
  from space 21824K,  36% used [0x00000000e5560000, 0x00000000e5d3d980, 0x00000000e6ab0000)
  to   space 21824K,   0% used [0x00000000e6ab0000, 0x00000000e6ab0000, 0x00000000e8000000)
 concurrent mark-sweep generation total 393216K, used 53995K [0x00000000e8000000, 0x0000000100000000, 0x0000000100000000)
 Metaspace       used 48267K, capacity 49323K, committed 49580K, reserved 1093632K
  class space    used 5196K, capacity 5508K, committed 5596K, reserved 1048576K
}
2017-03-14T09:37:28.357+0000: 482.369: Total time for which application threads were stopped: 0.0106100 seconds, Stopping threads took: 0.0000378 seconds
{Heap before GC invocations=92 (full 2):
 par new generation   total 109248K, used 95478K [0x00000000e0000000, 0x00000000e8000000, 0x00000000e8000000)
  eden space 87424K, 100% used [0x00000000e0000000, 0x00000000e5560000, 0x00000000e5560000)
  from space 21824K,  36% used [0x00000000e5560000, 0x00000000e5d3d980, 0x00000000e6ab0000)
  to   space 21824K,   0% used [0x00000000e6ab0000, 0x00000000e6ab0000, 0x00000000e8000000)
 concurrent mark-sweep generation total 393216K, used 53995K [0x00000000e8000000, 0x0000000100000000, 0x0000000100000000)
 Metaspace       used 48267K, capacity 49323K, committed 49580K, reserved 1093632K
  class space    used 5196K, capacity 5508K, committed 5596K, reserved 1048576K
2017-03-14T09:37:29.157+0000: 483.169: [GC (Allocation Failure) 2017-03-14T09:37:29.157+0000: 483.169: [ParNew
Desired survivor size 20112992 bytes, new threshold 8 (max 8)
- age   1:     995760 bytes,     995760 total
- age   2:    1632592 bytes,    2628352 total
- age   3:     247752 bytes,    2876104 total
- age   4:    1026256 bytes,    3902360 total
- age   5:     399544 bytes,    4301904 total
- age   6:     487832 bytes,    4789736 total
- age   7:     440424 bytes,    5230160 total
- age   8:     861184 bytes,    6091344 total
: 95478K->8088K(109248K), 0.0075503 secs] 149474K->62120K(502464K), 0.0076467 secs] [Times: user=0.03 sys=0.00, real=0.01 secs] 
Heap after GC invocations=93 (full 2):
 par new generation   total 109248K, used 8088K [0x00000000e0000000, 0x00000000e8000000, 0x00000000e8000000)
  eden space 87424K,   0% used [0x00000000e0000000, 0x00000000e0000000, 0x00000000e5560000)
  from space 21824K,  37% used [0x00000000e6ab0000, 0x00000000e7296080, 0x00000000e8000000)
  to   space 21824K,   0% used [0x00000000e5560000, 0x00000000e5560000, 0x00000000e6ab0000)
 concurrent mark-sweep generation total 393216K, used 54031K [0x00000000e8000000, 0x0000000100000000, 0x0000000100000000)
 Metaspace       used 48267K, capacity 49323K, committed 49580K, reserved 1093632K
  class space    used 5196K, capacity 5508K, committed 5596K, reserved 1048576K
}
2017-03-14T09:37:29.165+0000: 483.177: Total time for which application threads were stopped: 0.0079177 seconds, Stopping threads took: 0.0000243 seconds
{Heap before GC invocations=93 (full 2):
 par new generation   total 109248K, used 95512K [0x00000000e0000000, 0x00000000e8000000, 0x00000000e8000000)
  eden space 87424K, 100% used [0x00000000e0000000, 0x00000000e5560000, 0x00000000e5560000)
  from space 21824K,  37% used [0x00000000e6ab0000, 0x00000000e7296080, 0x00000000e8000000)
  to   space 21824K,   0% used [0x00000000e5560000, 0x00000000e5560000, 0x00000000e6ab0000)
 concurrent mark-sweep generation total 393216K, used 54031K [0x00000000e8000000, 0x0000000100000000, 0x0000000100000000)
 Metaspace       used 48268K, capacity 49323K, committed 49580K, reserved 1093632K
  class space    used 5196K, capacity 5508K, committed 5596K, reserved 1048576K
2017-03-14T09:37:29.936+0000: 483.948: [GC (Allocation Failure) 2017-03-14T09:37:29.936+0000: 483.948: [ParNew
Desired survivor size 20112992 bytes, new threshold 8 (max 8)
- age   1:    2078512 bytes,    2078512 total
- age   2:     301080 bytes,    2379592 total
- age   3:    1448864 bytes,    3828456 total
- age   4:      41192 bytes,    3869648 total
- age   5:     166424 bytes,    4036072 total
- age   6:     398552 bytes,    4434624 total
- age   7:     487736 bytes,    4922360 total
- age   8:     439872 bytes,    5362232 total
: 95512K->6838K(109248K), 0.0072956 secs] 149544K->61712K(502464K), 0.0073828 secs] [Times: user=0.03 sys=0.00, real=0.01 secs] 
Heap after GC invocations=94 (full 2):
 par new generation   total 109248K, used 6838K [0x00000000e0000000, 0x00000000e8000000, 0x00000000e8000000)
  eden space 87424K,   0% used [0x00000000e0000000, 0x00000000e0000000, 0x00000000e5560000)
  from space 21824K,  31% used [0x00000000e5560000, 0x00000000e5c0db80, 0x00000000e6ab0000)
  to   space 21824K,   0% used [0x00000000e6ab0000, 0x00000000e6ab0000, 0x00000000e8000000)
 concurrent mark-sweep generation total 393216K, used 54873K [0x00000000e8000000, 0x0000000100000000, 0x0000000100000000)
 Metaspace       used 48268K, capacity 49323K, committed 49580K, reserved 1093632K
  class space    used 5196K, capacity 5508K, committed 5596K, reserved 1048576K
}
2017-03-14T09:37:29.944+0000: 483.956: Total time for which application threads were stopped: 0.0076429 seconds, Stopping threads took: 0.0000247 seconds
2017-03-14T09:37:30.944+0000: 484.956: Total time for which application threads were stopped: 0.0002422 seconds, Stopping threads took: 0.0000356 seconds
{Heap before GC invocations=94 (full 2):
 par new generation   total 109248K, used 94262K [0x00000000e0000000, 0x00000000e8000000, 0x00000000e8000000)
  eden space 87424K, 100% used [0x00000000e0000000, 0x00000000e5560000, 0x00000000e5560000)
  from space 21824K,  31% used [0x00000000e5560000, 0x00000000e5c0db80, 0x00000000e6ab0000)
  to   space 21824K,   0% used [0x00000000e6ab0000, 0x00000000e6ab0000, 0x00000000e8000000)
 concurrent mark-sweep generation total 393216K, used 54873K [0x00000000e8000000, 0x0000000100000000, 0x0000000100000000)
 Metaspace       used 48271K, capacity 49323K, committed 49580K, reserved 1093632K
  class space    used 5196K, capacity 5508K, committed 5596K, reserved 1048576K
2017-03-14T09:37:30.958+0000: 484.971: [GC (Allocation Failure) 2017-03-14T09:37:30.958+0000: 484.971: [ParNew
Desired survivor size 20112992 bytes, new threshold 8 (max 8)
- age   1:    2173296 bytes,    2173296 total
- age   2:    1498008 bytes,    3671304 total
- age   3:      41000 bytes,    3712304 total
- age   4:     425584 bytes,    4137888 total
- age   5:      39472 bytes,    4177360 total
- age   6:     164560 bytes,    4341920 total
- age   7:     397832 bytes,    4739752 total
- age   8:     487640 bytes,    5227392 total
: 94262K->6128K(109248K), 0.0162571 secs] 149136K->61431K(502464K), 0.0163848 secs] [Times: user=0.04 sys=0.00, real=0.02 secs] 
Heap after GC invocations=95 (full 2):
 par new generation   total 109248K, used 6128K [0x00000000e0000000, 0x00000000e8000000, 0x00000000e8000000)
  eden space 87424K,   0% used [0x00000000e0000000, 0x00000000e0000000, 0x00000000e5560000)
  from space 21824K,  28% used [0x00000000e6ab0000, 0x00000000e70ac010, 0x00000000e8000000)
  to   space 21824K,   0% used [0x00000000e5560000, 0x00000000e5560000, 0x00000000e6ab0000)
 concurrent mark-sweep generation total 393216K, used 55303K [0x00000000e8000000, 0x0000000100000000, 0x0000000100000000)
 Metaspace       used 48271K, capacity 49323K, committed 49580K, reserved 1093632K
  class space    used 5196K, capacity 5508K, committed 5596K, reserved 1048576K
}
2017-03-14T09:37:30.975+0000: 484.987: Total time for which application threads were stopped: 0.0167505 seconds, Stopping threads took: 0.0000530 seconds
2017-03-14T09:37:31.975+0000: 485.988: Total time for which application threads were stopped: 0.0002269 seconds, Stopping threads took: 0.0000649 seconds
{Heap before GC invocations=95 (full 2):
 par new generation   total 109248K, used 93552K [0x00000000e0000000, 0x00000000e8000000, 0x00000000e8000000)
  eden space 87424K, 100% used [0x00000000e0000000, 0x00000000e5560000, 0x00000000e5560000)
  from space 21824K,  28% used [0x00000000e6ab0000, 0x00000000e70ac010, 0x00000000e8000000)
  to   space 21824K,   0% used [0x00000000e5560000, 0x00000000e5560000, 0x00000000e6ab0000)
 concurrent mark-sweep generation total 393216K, used 55303K [0x00000000e8000000, 0x0000000100000000, 0x0000000100000000)
 Metaspace       used 48272K, capacity 49323K, committed 49580K, reserved 1093632K
  class space    used 5197K, capacity 5508K, committed 5596K, reserved 1048576K
2017-03-14T09:37:31.983+0000: 485.995: [GC (Allocation Failure) 2017-03-14T09:37:31.983+0000: 485.995: [ParNew
Desired survivor size 20112992 bytes, new threshold 8 (max 8)
- age   1:    1010840 bytes,    1010840 total
- age   2:    1582952 bytes,    2593792 total
- age   3:    1485936 bytes,    4079728 total
- age   4:      37736 bytes,    4117464 total
- age   5:     422272 bytes,    4539736 total
- age   6:      39312 bytes,    4579048 total
- age   7:     163488 bytes,    4742536 total
- age   8:     397760 bytes,    5140296 total
: 93552K->9019K(109248K), 0.0082722 secs] 148855K->64799K(502464K), 0.0083740 secs] [Times: user=0.02 sys=0.01, real=0.01 secs] 
Heap after GC invocations=96 (full 2):
 par new generation   total 109248K, used 9019K [0x00000000e0000000, 0x00000000e8000000, 0x00000000e8000000)
  eden space 87424K,   0% used [0x00000000e0000000, 0x00000000e0000000, 0x00000000e5560000)
  from space 21824K,  41% used [0x00000000e5560000, 0x00000000e5e2ecc0, 0x00000000e6ab0000)
  to   space 21824K,   0% used [0x00000000e6ab0000, 0x00000000e6ab0000, 0x00000000e8000000)
 concurrent mark-sweep generation total 393216K, used 55780K [0x00000000e8000000, 0x0000000100000000, 0x0000000100000000)
 Metaspace       used 48272K, capacity 49323K, committed 49580K, reserved 1093632K
  class space    used 5197K, capacity 5508K, committed 5596K, reserved 1048576K
}
2017-03-14T09:37:31.991+0000: 486.003: Total time for which application threads were stopped: 0.0086587 seconds, Stopping threads took: 0.0000260 seconds
{Heap before GC invocations=96 (full 2):
 par new generation   total 109248K, used 96443K [0x00000000e0000000, 0x00000000e8000000, 0x00000000e8000000)
  eden space 87424K, 100% used [0x00000000e0000000, 0x00000000e5560000, 0x00000000e5560000)
  from space 21824K,  41% used [0x00000000e5560000, 0x00000000e5e2ecc0, 0x00000000e6ab0000)
  to   space 21824K,   0% used [0x00000000e6ab0000, 0x00000000e6ab0000, 0x00000000e8000000)
 concurrent mark-sweep generation total 393216K, used 55780K [0x00000000e8000000, 0x0000000100000000, 0x0000000100000000)
 Metaspace       used 48273K, capacity 49323K, committed 49580K, reserved 1093632K
  class space    used 5197K, capacity 5508K, committed 5596K, reserved 1048576K
2017-03-14T09:37:32.772+0000: 486.784: [GC (Allocation Failure) 2017-03-14T09:37:32.772+0000: 486.784: [ParNew
Desired survivor size 20112992 bytes, new threshold 8 (max 8)
- age   1:    2089104 bytes,    2089104 total
- age   2:     253536 bytes,    2342640 total
- age   3:    1409872 bytes,    3752512 total
- age   4:     615968 bytes,    4368480 total
- age   5:      36792 bytes,    4405272 total
- age   6:     421376 bytes,    4826648 total
- age   7:      39056 bytes,    4865704 total
- age   8:     162880 bytes,    5028584 total
: 96443K->6551K(109248K), 0.0126232 secs] 152223K->62721K(502464K), 0.0127133 secs] [Times: user=0.03 sys=0.01, real=0.01 secs] 
Heap after GC invocations=97 (full 2):
 par new generation   total 109248K, used 6551K [0x00000000e0000000, 0x00000000e8000000, 0x00000000e8000000)
  eden space 87424K,   0% used [0x00000000e0000000, 0x00000000e0000000, 0x00000000e5560000)
  from space 21824K,  30% used [0x00000000e6ab0000, 0x00000000e7115dc8, 0x00000000e8000000)
  to   space 21824K,   0% used [0x00000000e5560000, 0x00000000e5560000, 0x00000000e6ab0000)
 concurrent mark-sweep generation total 393216K, used 56170K [0x00000000e8000000, 0x0000000100000000, 0x0000000100000000)
 Metaspace       used 48273K, capacity 49323K, committed 49580K, reserved 1093632K
  class space    used 5197K, capacity 5508K, committed 5596K, reserved 1048576K
}
2017-03-14T09:37:32.785+0000: 486.797: Total time for which application threads were stopped: 0.0130048 seconds, Stopping threads took: 0.0000289 seconds
{Heap before GC invocations=97 (full 2):
 par new generation   total 109248K, used 93975K [0x00000000e0000000, 0x00000000e8000000, 0x00000000e8000000)
  eden space 87424K, 100% used [0x00000000e0000000, 0x00000000e5560000, 0x00000000e5560000)
  from space 21824K,  30% used [0x00000000e6ab0000, 0x00000000e7115dc8, 0x00000000e8000000)
  to   space 21824K,   0% used [0x00000000e5560000, 0x00000000e5560000, 0x00000000e6ab0000)
 concurrent mark-sweep generation total 393216K, used 56170K [0x00000000e8000000, 0x0000000100000000, 0x0000000100000000)
 Metaspace       used 48273K, capacity 49323K, committed 49580K, reserved 1093632K
  class space    used 5197K, capacity 5508K, committed 5596K, reserved 1048576K
2017-03-14T09:37:33.668+0000: 487.681: [GC (Allocation Failure) 2017-03-14T09:37:33.668+0000: 487.681: [ParNew
Desired survivor size 20112992 bytes, new threshold 8 (max 8)
- age   1:    1144128 bytes,    1144128 total
- age   2:    1551936 bytes,    2696064 total
- age   3:     224456 bytes,    2920520 total
- age   4:    1406552 bytes,    4327072 total
- age   5:     614040 bytes,    4941112 total
- age   6:      35848 bytes,    4976960 total
- age   7:     421176 bytes,    5398136 total
- age   8:      38112 bytes,    5436248 total
: 93975K->6702K(109248K), 0.0095539 secs] 150145K->63031K(502464K), 0.0096606 secs] [Times: user=0.03 sys=0.00, real=0.01 secs] 
Heap after GC invocations=98 (full 2):
 par new generation   total 109248K, used 6702K [0x00000000e0000000, 0x00000000e8000000, 0x00000000e8000000)
  eden space 87424K,   0% used [0x00000000e0000000, 0x00000000e0000000, 0x00000000e5560000)
  from space 21824K,  30% used [0x00000000e5560000, 0x00000000e5beb808, 0x00000000e6ab0000)
  to   space 21824K,   0% used [0x00000000e6ab0000, 0x00000000e6ab0000, 0x00000000e8000000)
 concurrent mark-sweep generation total 393216K, used 56329K [0x00000000e8000000, 0x0000000100000000, 0x0000000100000000)
 Metaspace       used 48273K, capacity 49323K, committed 49580K, reserved 1093632K
  class space    used 5197K, capacity 5508K, committed 5596K, reserved 1048576K
}
2017-03-14T09:37:33.678+0000: 487.690: Total time for which application threads were stopped: 0.0099748 seconds, Stopping threads took: 0.0000238 seconds
2017-03-14T09:37:33.778+0000: 487.791: Total time for which application threads were stopped: 0.0031103 seconds, Stopping threads took: 0.0028595 seconds
2017-03-14T09:37:34.147+0000: 488.160: Total time for which application threads were stopped: 0.0002948 seconds, Stopping threads took: 0.0000658 seconds
{Heap before GC invocations=98 (full 2):
 par new generation   total 109248K, used 94126K [0x00000000e0000000, 0x00000000e8000000, 0x00000000e8000000)
  eden space 87424K, 100% used [0x00000000e0000000, 0x00000000e5560000, 0x00000000e5560000)
  from space 21824K,  30% used [0x00000000e5560000, 0x00000000e5beb808, 0x00000000e6ab0000)
  to   space 21824K,   0% used [0x00000000e6ab0000, 0x00000000e6ab0000, 0x00000000e8000000)
 concurrent mark-sweep generation total 393216K, used 56329K [0x00000000e8000000, 0x0000000100000000, 0x0000000100000000)
 Metaspace       used 48298K, capacity 49323K, committed 49580K, reserved 1093632K
  class space    used 5198K, capacity 5508K, committed 5596K, reserved 1048576K
2017-03-14T09:37:34.197+0000: 488.209: [GC (Allocation Failure) 2017-03-14T09:37:34.197+0000: 488.209: [ParNew
Desired survivor size 20112992 bytes, new threshold 8 (max 8)
- age   1:    2237968 bytes,    2237968 total
- age   2:     270584 bytes,    2508552 total
- age   3:    1376248 bytes,    3884800 total
- age   4:      39648 bytes,    3924448 total
- age   5:     562160 bytes,    4486608 total
- age   6:     614016 bytes,    5100624 total
- age   7:      35816 bytes,    5136440 total
- age   8:     411832 bytes,    5548272 total
: 94126K->6886K(109248K), 0.0091258 secs] 150455K->63252K(502464K), 0.0092209 secs] [Times: user=0.03 sys=0.00, real=0.01 secs] 
Heap after GC invocations=99 (full 2):
 par new generation   total 109248K, used 6886K [0x00000000e0000000, 0x00000000e8000000, 0x00000000e8000000)
  eden space 87424K,   0% used [0x00000000e0000000, 0x00000000e0000000, 0x00000000e5560000)
  from space 21824K,  31% used [0x00000000e6ab0000, 0x00000000e7169970, 0x00000000e8000000)
  to   space 21824K,   0% used [0x00000000e5560000, 0x00000000e5560000, 0x00000000e6ab0000)
 concurrent mark-sweep generation total 393216K, used 56366K [0x00000000e8000000, 0x0000000100000000, 0x0000000100000000)
 Metaspace       used 48298K, capacity 49323K, committed 49580K, reserved 1093632K
  class space    used 5198K, capacity 5508K, committed 5596K, reserved 1048576K
}
2017-03-14T09:37:34.206+0000: 488.219: Total time for which application threads were stopped: 0.0095840 seconds, Stopping threads took: 0.0000339 seconds
2017-03-14T09:37:34.739+0000: 488.751: Total time for which application threads were stopped: 0.0002440 seconds, Stopping threads took: 0.0000274 seconds
2017-03-14T09:37:34.739+0000: 488.752: Total time for which application threads were stopped: 0.0000870 seconds, Stopping threads took: 0.0000083 seconds
2017-03-14T09:37:35.740+0000: 489.752: Total time for which application threads were stopped: 0.0002136 seconds, Stopping threads took: 0.0000281 seconds
{Heap before GC invocations=99 (full 2):
 par new generation   total 109248K, used 94307K [0x00000000e0000000, 0x00000000e8000000, 0x00000000e8000000)
  eden space 87424K,  99% used [0x00000000e0000000, 0x00000000e555f3b8, 0x00000000e5560000)
  from space 21824K,  31% used [0x00000000e6ab0000, 0x00000000e7169970, 0x00000000e8000000)
  to   space 21824K,   0% used [0x00000000e5560000, 0x00000000e5560000, 0x00000000e6ab0000)
 concurrent mark-sweep generation total 393216K, used 56366K [0x00000000e8000000, 0x0000000100000000, 0x0000000100000000)
 Metaspace       used 48299K, capacity 49323K, committed 49580K, reserved 1093632K
  class space    used 5198K, capacity 5508K, committed 5596K, reserved 1048576K
2017-03-14T09:37:35.812+0000: 489.825: [GC (Allocation Failure) 2017-03-14T09:37:35.812+0000: 489.825: [ParNew
Desired survivor size 20112992 bytes, new threshold 8 (max 8)
- age   1:    1597992 bytes,    1597992 total
- age   2:    1570000 bytes,    3167992 total
- age   3:      51312 bytes,    3219304 total
- age   4:     510808 bytes,    3730112 total
- age   5:      37992 bytes,    3768104 total
- age   6:     561064 bytes,    4329168 total
- age   7:     613352 bytes,    4942520 total
- age   8:      35784 bytes,    4978304 total
: 94307K->7817K(109248K), 0.0129871 secs] 150673K->64585K(502464K), 0.0130691 secs] [Times: user=0.03 sys=0.00, real=0.01 secs] 
Heap after GC invocations=100 (full 2):
 par new generation   total 109248K, used 7817K [0x00000000e0000000, 0x00000000e8000000, 0x00000000e8000000)
  eden space 87424K,   0% used [0x00000000e0000000, 0x00000000e0000000, 0x00000000e5560000)
  from space 21824K,  35% used [0x00000000e5560000, 0x00000000e5d02440, 0x00000000e6ab0000)
  to   space 21824K,   0% used [0x00000000e6ab0000, 0x00000000e6ab0000, 0x00000000e8000000)
 concurrent mark-sweep generation total 393216K, used 56768K [0x00000000e8000000, 0x0000000100000000, 0x0000000100000000)
 Metaspace       used 48299K, capacity 49323K, committed 49580K, reserved 1093632K
  class space    used 5198K, capacity 5508K, committed 5596K, reserved 1048576K
}
2017-03-14T09:37:35.825+0000: 489.838: Total time for which application threads were stopped: 0.0133931 seconds, Stopping threads took: 0.0000327 seconds
2017-03-14T09:37:35.946+0000: 489.958: Total time for which application threads were stopped: 0.0002792 seconds, Stopping threads took: 0.0000343 seconds
2017-03-14T09:37:36.080+0000: 490.093: Total time for which application threads were stopped: 0.0002053 seconds, Stopping threads took: 0.0000243 seconds
2017-03-14T09:37:36.081+0000: 490.093: Total time for which application threads were stopped: 0.0000707 seconds, Stopping threads took: 0.0000068 seconds
2017-03-14T09:37:36.828+0000: 490.840: Total time for which application threads were stopped: 0.0002301 seconds, Stopping threads took: 0.0000258 seconds
2017-03-14T09:37:36.828+0000: 490.840: Total time for which application threads were stopped: 0.0001155 seconds, Stopping threads took: 0.0000141 seconds
2017-03-14T09:37:36.828+0000: 490.840: Total time for which application threads were stopped: 0.0001173 seconds, Stopping threads took: 0.0000176 seconds
2017-03-14T09:37:36.829+0000: 490.841: Total time for which application threads were stopped: 0.0003457 seconds, Stopping threads took: 0.0000154 seconds
2017-03-14T09:37:36.829+0000: 490.841: Total time for which application threads were stopped: 0.0001289 seconds, Stopping threads took: 0.0000161 seconds
2017-03-14T09:37:36.829+0000: 490.841: Total time for which application threads were stopped: 0.0001143 seconds, Stopping threads took: 0.0000155 seconds
2017-03-14T09:37:36.829+0000: 490.841: Total time for which application threads were stopped: 0.0001071 seconds, Stopping threads took: 0.0000126 seconds
2017-03-14T09:37:36.829+0000: 490.842: Total time for which application threads were stopped: 0.0000968 seconds, Stopping threads took: 0.0000098 seconds
2017-03-14T09:37:36.829+0000: 490.842: Total time for which application threads were stopped: 0.0000961 seconds, Stopping threads took: 0.0000108 seconds
2017-03-14T09:37:36.830+0000: 490.842: Total time for which application threads were stopped: 0.0000945 seconds, Stopping threads took: 0.0000097 seconds
2017-03-14T09:37:36.830+0000: 490.842: Total time for which application threads were stopped: 0.0000953 seconds, Stopping threads took: 0.0000097 seconds
2017-03-14T09:37:37.830+0000: 491.843: Total time for which application threads were stopped: 0.0004328 seconds, Stopping threads took: 0.0000458 seconds
{Heap before GC invocations=100 (full 2):
 par new generation   total 109248K, used 95241K [0x00000000e0000000, 0x00000000e8000000, 0x00000000e8000000)
  eden space 87424K, 100% used [0x00000000e0000000, 0x00000000e5560000, 0x00000000e5560000)
  from space 21824K,  35% used [0x00000000e5560000, 0x00000000e5d02440, 0x00000000e6ab0000)
  to   space 21824K,   0% used [0x00000000e6ab0000, 0x00000000e6ab0000, 0x00000000e8000000)
 concurrent mark-sweep generation total 393216K, used 56768K [0x00000000e8000000, 0x0000000100000000, 0x0000000100000000)
 Metaspace       used 48303K, capacity 49323K, committed 49580K, reserved 1093632K
  class space    used 5199K, capacity 5508K, committed 5596K, reserved 1048576K
2017-03-14T09:37:38.100+0000: 492.112: [GC (Allocation Failure) 2017-03-14T09:37:38.100+0000: 492.112: [ParNew
Desired survivor size 20112992 bytes, new threshold 8 (max 8)
- age   1:    2836880 bytes,    2836880 total
- age   2:     506560 bytes,    3343440 total
- age   3:     666832 bytes,    4010272 total
- age   4:      39680 bytes,    4049952 total
- age   5:     496200 bytes,    4546152 total
- age   6:      37088 bytes,    4583240 total
- age   7:     437136 bytes,    5020376 total
- age   8:     603160 bytes,    5623536 total
: 95241K->7554K(109248K), 0.0113515 secs] 152009K->64358K(502464K), 0.0115877 secs] [Times: user=0.03 sys=0.00, real=0.02 secs] 
Heap after GC invocations=101 (full 2):
 par new generation   total 109248K, used 7554K [0x00000000e0000000, 0x00000000e8000000, 0x00000000e8000000)
  eden space 87424K,   0% used [0x00000000e0000000, 0x00000000e0000000, 0x00000000e5560000)
  from space 21824K,  34% used [0x00000000e6ab0000, 0x00000000e7210b00, 0x00000000e8000000)
  to   space 21824K,   0% used [0x00000000e5560000, 0x00000000e5560000, 0x00000000e6ab0000)
 concurrent mark-sweep generation total 393216K, used 56803K [0x00000000e8000000, 0x0000000100000000, 0x0000000100000000)
 Metaspace       used 48303K, capacity 49323K, committed 49580K, reserved 1093632K
  class space    used 5199K, capacity 5508K, committed 5596K, reserved 1048576K
}
2017-03-14T09:37:38.112+0000: 492.125: Total time for which application threads were stopped: 0.0126212 seconds, Stopping threads took: 0.0000361 seconds
2017-03-14T09:37:38.624+0000: 492.636: Total time for which application threads were stopped: 0.0003340 seconds, Stopping threads took: 0.0000296 seconds
2017-03-14T09:37:39.625+0000: 493.637: Total time for which application threads were stopped: 0.0005660 seconds, Stopping threads took: 0.0000982 seconds
{Heap before GC invocations=101 (full 2):
 par new generation   total 109248K, used 94978K [0x00000000e0000000, 0x00000000e8000000, 0x00000000e8000000)
  eden space 87424K, 100% used [0x00000000e0000000, 0x00000000e5560000, 0x00000000e5560000)
  from space 21824K,  34% used [0x00000000e6ab0000, 0x00000000e7210b00, 0x00000000e8000000)
  to   space 21824K,   0% used [0x00000000e5560000, 0x00000000e5560000, 0x00000000e6ab0000)
 concurrent mark-sweep generation total 393216K, used 56803K [0x00000000e8000000, 0x0000000100000000, 0x0000000100000000)
 Metaspace       used 48315K, capacity 49323K, committed 49580K, reserved 1093632K
  class space    used 5200K, capacity 5508K, committed 5596K, reserved 1048576K
2017-03-14T09:37:40.484+0000: 494.496: [GC (Allocation Failure) 2017-03-14T09:37:40.484+0000: 494.496: [ParNew
Desired survivor size 20112992 bytes, new threshold 8 (max 8)
- age   1:    4556224 bytes,    4556224 total
- age   2:     497968 bytes,    5054192 total
- age   3:     448736 bytes,    5502928 total
- age   4:     664280 bytes,    6167208 total
- age   5:      36528 bytes,    6203736 total
- age   6:     495320 bytes,    6699056 total
- age   7:      36056 bytes,    6735112 total
- age   8:     437072 bytes,    7172184 total
: 94978K->8739K(109248K), 0.0157211 secs] 151782K->66131K(502464K), 0.0159390 secs] [Times: user=0.04 sys=0.00, real=0.01 secs] 
Heap after GC invocations=102 (full 2):
 par new generation   total 109248K, used 8739K [0x00000000e0000000, 0x00000000e8000000, 0x00000000e8000000)
  eden space 87424K,   0% used [0x00000000e0000000, 0x00000000e0000000, 0x00000000e5560000)
  from space 21824K,  40% used [0x00000000e5560000, 0x00000000e5de8c98, 0x00000000e6ab0000)
  to   space 21824K,   0% used [0x00000000e6ab0000, 0x00000000e6ab0000, 0x00000000e8000000)
 concurrent mark-sweep generation total 393216K, used 57392K [0x00000000e8000000, 0x0000000100000000, 0x0000000100000000)
 Metaspace       used 48315K, capacity 49323K, committed 49580K, reserved 1093632K
  class space    used 5200K, capacity 5508K, committed 5596K, reserved 1048576K
}
2017-03-14T09:37:40.500+0000: 494.512: Total time for which application threads were stopped: 0.0164758 seconds, Stopping threads took: 0.0000340 seconds
2017-03-14T09:37:41.478+0000: 495.490: Total time for which application threads were stopped: 0.0003365 seconds, Stopping threads took: 0.0000598 seconds
2017-03-14T09:37:41.686+0000: 495.698: Total time for which application threads were stopped: 0.0006402 seconds, Stopping threads took: 0.0001445 seconds
2017-03-14T09:37:41.686+0000: 495.698: Total time for which application threads were stopped: 0.0001711 seconds, Stopping threads took: 0.0000162 seconds
2017-03-14T09:37:41.686+0000: 495.699: Total time for which application threads were stopped: 0.0001257 seconds, Stopping threads took: 0.0000144 seconds
2017-03-14T09:37:41.687+0000: 495.699: Total time for which application threads were stopped: 0.0001104 seconds, Stopping threads took: 0.0000141 seconds
2017-03-14T09:37:41.687+0000: 495.699: Total time for which application threads were stopped: 0.0000994 seconds, Stopping threads took: 0.0000123 seconds
2017-03-14T09:37:41.687+0000: 495.699: Total time for which application threads were stopped: 0.0000994 seconds, Stopping threads took: 0.0000114 seconds
2017-03-14T09:37:41.687+0000: 495.699: Total time for which application threads were stopped: 0.0001060 seconds, Stopping threads took: 0.0000119 seconds
2017-03-14T09:37:41.687+0000: 495.699: Total time for which application threads were stopped: 0.0000969 seconds, Stopping threads took: 0.0000108 seconds
2017-03-14T09:37:41.687+0000: 495.700: Total time for which application threads were stopped: 0.0000890 seconds, Stopping threads took: 0.0000103 seconds
2017-03-14T09:37:41.687+0000: 495.700: Total time for which application threads were stopped: 0.0000883 seconds, Stopping threads took: 0.0000098 seconds
2017-03-14T09:37:41.688+0000: 495.700: Total time for which application threads were stopped: 0.0000975 seconds, Stopping threads took: 0.0000106 seconds
2017-03-14T09:37:41.688+0000: 495.700: Total time for which application threads were stopped: 0.0000921 seconds, Stopping threads took: 0.0000101 seconds
2017-03-14T09:37:41.688+0000: 495.700: Total time for which application threads were stopped: 0.0000922 seconds, Stopping threads took: 0.0000106 seconds
2017-03-14T09:37:41.688+0000: 495.700: Total time for which application threads were stopped: 0.0000889 seconds, Stopping threads took: 0.0000099 seconds
2017-03-14T09:37:41.688+0000: 495.700: Total time for which application threads were stopped: 0.0000871 seconds, Stopping threads took: 0.0000100 seconds
2017-03-14T09:37:41.688+0000: 495.700: Total time for which application threads were stopped: 0.0000933 seconds, Stopping threads took: 0.0000107 seconds
2017-03-14T09:37:41.688+0000: 495.701: Total time for which application threads were stopped: 0.0000937 seconds, Stopping threads took: 0.0000102 seconds
{Heap before GC invocations=102 (full 2):
 par new generation   total 109248K, used 96163K [0x00000000e0000000, 0x00000000e8000000, 0x00000000e8000000)
  eden space 87424K, 100% used [0x00000000e0000000, 0x00000000e5560000, 0x00000000e5560000)
  from space 21824K,  40% used [0x00000000e5560000, 0x00000000e5de8c98, 0x00000000e6ab0000)
  to   space 21824K,   0% used [0x00000000e6ab0000, 0x00000000e6ab0000, 0x00000000e8000000)
 concurrent mark-sweep generation total 393216K, used 57392K [0x00000000e8000000, 0x0000000100000000, 0x0000000100000000)
 Metaspace       used 48319K, capacity 49323K, committed 49580K, reserved 1093632K
  class space    used 5200K, capacity 5508K, committed 5596K, reserved 1048576K
2017-03-14T09:37:42.665+0000: 496.678: [GC (Allocation Failure) 2017-03-14T09:37:42.665+0000: 496.678: [ParNew
Desired survivor size 20112992 bytes, new threshold 8 (max 8)
- age   1:    2702280 bytes,    2702280 total
- age   2:    2100936 bytes,    4803216 total
- age   3:     463864 bytes,    5267080 total
- age   4:     316880 bytes,    5583960 total
- age   5:     649112 bytes,    6233072 total
- age   6:      35680 bytes,    6268752 total
- age   7:     112144 bytes,    6380896 total
- age   8:      35960 bytes,    6416856 total
: 96163K->10369K(109248K), 0.0147303 secs] 153555K->68188K(502464K), 0.0148129 secs] [Times: user=0.05 sys=0.01, real=0.01 secs] 
Heap after GC invocations=103 (full 2):
 par new generation   total 109248K, used 10369K [0x00000000e0000000, 0x00000000e8000000, 0x00000000e8000000)
  eden space 87424K,   0% used [0x00000000e0000000, 0x00000000e0000000, 0x00000000e5560000)
  from space 21824K,  47% used [0x00000000e6ab0000, 0x00000000e74d0530, 0x00000000e8000000)
  to   space 21824K,   0% used [0x00000000e5560000, 0x00000000e5560000, 0x00000000e6ab0000)
 concurrent mark-sweep generation total 393216K, used 57819K [0x00000000e8000000, 0x0000000100000000, 0x0000000100000000)
 Metaspace       used 48319K, capacity 49323K, committed 49580K, reserved 1093632K
  class space    used 5200K, capacity 5508K, committed 5596K, reserved 1048576K
}
2017-03-14T09:37:42.680+0000: 496.693: Total time for which application threads were stopped: 0.0153000 seconds, Stopping threads took: 0.0000382 seconds
2017-03-14T09:37:43.353+0000: 497.365: Total time for which application threads were stopped: 0.0002828 seconds, Stopping threads took: 0.0000792 seconds
2017-03-14T09:37:43.354+0000: 497.366: Total time for which application threads were stopped: 0.0002205 seconds, Stopping threads took: 0.0000525 seconds
{Heap before GC invocations=103 (full 2):
 par new generation   total 109248K, used 97793K [0x00000000e0000000, 0x00000000e8000000, 0x00000000e8000000)
  eden space 87424K, 100% used [0x00000000e0000000, 0x00000000e5560000, 0x00000000e5560000)
  from space 21824K,  47% used [0x00000000e6ab0000, 0x00000000e74d0530, 0x00000000e8000000)
  to   space 21824K,   0% used [0x00000000e5560000, 0x00000000e5560000, 0x00000000e6ab0000)
 concurrent mark-sweep generation total 393216K, used 57819K [0x00000000e8000000, 0x0000000100000000, 0x0000000100000000)
 Metaspace       used 48320K, capacity 49323K, committed 49580K, reserved 1093632K
  class space    used 5200K, capacity 5508K, committed 5596K, reserved 1048576K
2017-03-14T09:37:43.903+0000: 497.915: [GC (Allocation Failure) 2017-03-14T09:37:43.903+0000: 497.915: [ParNew
Desired survivor size 20112992 bytes, new threshold 8 (max 8)
- age   1:    2659648 bytes,    2659648 total
- age   2:     476544 bytes,    3136192 total
- age   3:    2059824 bytes,    5196016 total
- age   4:     447096 bytes,    5643112 total
- age   5:     314960 bytes,    5958072 total
- age   6:     647528 bytes,    6605600 total
- age   7:      34840 bytes,    6640440 total
- age   8:     111952 bytes,    6752392 total
: 97793K->8381K(109248K), 0.0172654 secs] 155612K->66236K(502464K), 0.0173705 secs] [Times: user=0.06 sys=0.00, real=0.01 secs] 
Heap after GC invocations=104 (full 2):
 par new generation   total 109248K, used 8381K [0x00000000e0000000, 0x00000000e8000000, 0x00000000e8000000)
  eden space 87424K,   0% used [0x00000000e0000000, 0x00000000e0000000, 0x00000000e5560000)
  from space 21824K,  38% used [0x00000000e5560000, 0x00000000e5d8f750, 0x00000000e6ab0000)
  to   space 21824K,   0% used [0x00000000e6ab0000, 0x00000000e6ab0000, 0x00000000e8000000)
 concurrent mark-sweep generation total 393216K, used 57854K [0x00000000e8000000, 0x0000000100000000, 0x0000000100000000)
 Metaspace       used 48320K, capacity 49323K, committed 49580K, reserved 1093632K
  class space    used 5200K, capacity 5508K, committed 5596K, reserved 1048576K
}
2017-03-14T09:37:43.920+0000: 497.933: Total time for which application threads were stopped: 0.0176570 seconds, Stopping threads took: 0.0000311 seconds
{Heap before GC invocations=104 (full 2):
 par new generation   total 109248K, used 95805K [0x00000000e0000000, 0x00000000e8000000, 0x00000000e8000000)
  eden space 87424K, 100% used [0x00000000e0000000, 0x00000000e5560000, 0x00000000e5560000)
  from space 21824K,  38% used [0x00000000e5560000, 0x00000000e5d8f750, 0x00000000e6ab0000)
  to   space 21824K,   0% used [0x00000000e6ab0000, 0x00000000e6ab0000, 0x00000000e8000000)
 concurrent mark-sweep generation total 393216K, used 57854K [0x00000000e8000000, 0x0000000100000000, 0x0000000100000000)
 Metaspace       used 48320K, capacity 49323K, committed 49580K, reserved 1093632K
  class space    used 5200K, capacity 5508K, committed 5596K, reserved 1048576K
2017-03-14T09:37:44.744+0000: 498.756: [GC (Allocation Failure) 2017-03-14T09:37:44.744+0000: 498.756: [ParNew
Desired survivor size 20112992 bytes, new threshold 8 (max 8)
- age   1:    1760384 bytes,    1760384 total
- age   2:    1303336 bytes,    3063720 total
- age   3:     441800 bytes,    3505520 total
- age   4:    2056456 bytes,    5561976 total
- age   5:     445440 bytes,    6007416 total
- age   6:     313248 bytes,    6320664 total
- age   7:     647496 bytes,    6968160 total
- age   8:      34744 bytes,    7002904 total
: 95805K->9988K(109248K), 0.0202662 secs] 153660K->67952K(502464K), 0.0203758 secs] [Times: user=0.04 sys=0.00, real=0.02 secs] 
Heap after GC invocations=105 (full 2):
 par new generation   total 109248K, used 9988K [0x00000000e0000000, 0x00000000e8000000, 0x00000000e8000000)
  eden space 87424K,   0% used [0x00000000e0000000, 0x00000000e0000000, 0x00000000e5560000)
  from space 21824K,  45% used [0x00000000e6ab0000, 0x00000000e7471160, 0x00000000e8000000)
  to   space 21824K,   0% used [0x00000000e5560000, 0x00000000e5560000, 0x00000000e6ab0000)
 concurrent mark-sweep generation total 393216K, used 57963K [0x00000000e8000000, 0x0000000100000000, 0x0000000100000000)
 Metaspace       used 48320K, capacity 49323K, committed 49580K, reserved 1093632K
  class space    used 5200K, capacity 5508K, committed 5596K, reserved 1048576K
}
2017-03-14T09:37:44.764+0000: 498.777: Total time for which application threads were stopped: 0.0208088 seconds, Stopping threads took: 0.0000280 seconds
{Heap before GC invocations=105 (full 2):
 par new generation   total 109248K, used 97412K [0x00000000e0000000, 0x00000000e8000000, 0x00000000e8000000)
  eden space 87424K, 100% used [0x00000000e0000000, 0x00000000e5560000, 0x00000000e5560000)
  from space 21824K,  45% used [0x00000000e6ab0000, 0x00000000e7471160, 0x00000000e8000000)
  to   space 21824K,   0% used [0x00000000e5560000, 0x00000000e5560000, 0x00000000e6ab0000)
 concurrent mark-sweep generation total 393216K, used 57963K [0x00000000e8000000, 0x0000000100000000, 0x0000000100000000)
 Metaspace       used 48321K, capacity 49323K, committed 49580K, reserved 1093632K
  class space    used 5201K, capacity 5508K, committed 5596K, reserved 1048576K
2017-03-14T09:37:45.755+0000: 499.767: [GC (Allocation Failure) 2017-03-14T09:37:45.755+0000: 499.767: [ParNew
Desired survivor size 20112992 bytes, new threshold 8 (max 8)
- age   1:     965216 bytes,     965216 total
- age   2:    1302704 bytes,    2267920 total
- age   3:    1291312 bytes,    3559232 total
- age   4:     439240 bytes,    3998472 total
- age   5:    2054792 bytes,    6053264 total
- age   6:     444568 bytes,    6497832 total
- age   7:     313184 bytes,    6811016 total
- age   8:     647400 bytes,    7458416 total
: 97412K->9978K(109248K), 0.0276602 secs] 155376K->67975K(502464K), 0.0277837 secs] [Times: user=0.05 sys=0.00, real=0.03 secs] 
Heap after GC invocations=106 (full 2):
 par new generation   total 109248K, used 9978K [0x00000000e0000000, 0x00000000e8000000, 0x00000000e8000000)
  eden space 87424K,   0% used [0x00000000e0000000, 0x00000000e0000000, 0x00000000e5560000)
  from space 21824K,  45% used [0x00000000e5560000, 0x00000000e5f1ea60, 0x00000000e6ab0000)
  to   space 21824K,   0% used [0x00000000e6ab0000, 0x00000000e6ab0000, 0x00000000e8000000)
 concurrent mark-sweep generation total 393216K, used 57996K [0x00000000e8000000, 0x0000000100000000, 0x0000000100000000)
 Metaspace       used 48321K, capacity 49323K, committed 49580K, reserved 1093632K
  class space    used 5201K, capacity 5508K, committed 5596K, reserved 1048576K
}
2017-03-14T09:37:45.783+0000: 499.795: Total time for which application threads were stopped: 0.0282782 seconds, Stopping threads took: 0.0001285 seconds
2017-03-14T09:37:46.057+0000: 500.069: Total time for which application threads were stopped: 0.0002422 seconds, Stopping threads took: 0.0000366 seconds
2017-03-14T09:37:46.057+0000: 500.069: Total time for which application threads were stopped: 0.0000875 seconds, Stopping threads took: 0.0000141 seconds
2017-03-14T09:37:46.057+0000: 500.069: Total time for which application threads were stopped: 0.0000730 seconds, Stopping threads took: 0.0000090 seconds
{Heap before GC invocations=106 (full 2):
 par new generation   total 109248K, used 97390K [0x00000000e0000000, 0x00000000e8000000, 0x00000000e8000000)
  eden space 87424K,  99% used [0x00000000e0000000, 0x00000000e555d010, 0x00000000e5560000)
  from space 21824K,  45% used [0x00000000e5560000, 0x00000000e5f1ea60, 0x00000000e6ab0000)
  to   space 21824K,   0% used [0x00000000e6ab0000, 0x00000000e6ab0000, 0x00000000e8000000)
 concurrent mark-sweep generation total 393216K, used 57996K [0x00000000e8000000, 0x0000000100000000, 0x0000000100000000)
 Metaspace       used 48322K, capacity 49323K, committed 49580K, reserved 1093632K
  class space    used 5201K, capacity 5508K, committed 5596K, reserved 1048576K
2017-03-14T09:37:46.600+0000: 500.612: [GC (Allocation Failure) 2017-03-14T09:37:46.600+0000: 500.612: [ParNew
Desired survivor size 20112992 bytes, new threshold 8 (max 8)
- age   1:    2085312 bytes,    2085312 total
- age   2:     337056 bytes,    2422368 total
- age   3:    1186872 bytes,    3609240 total
- age   4:     385488 bytes,    3994728 total
- age   5:     438032 bytes,    4432760 total
- age   6:    2054344 bytes,    6487104 total
- age   7:     444472 bytes,    6931576 total
- age   8:     312408 bytes,    7243984 total
: 97390K->8390K(109248K), 0.0152677 secs] 155387K->67020K(502464K), 0.0153752 secs] [Times: user=0.02 sys=0.00, real=0.02 secs] 
Heap after GC invocations=107 (full 2):
 par new generation   total 109248K, used 8390K [0x00000000e0000000, 0x00000000e8000000, 0x00000000e8000000)
  eden space 87424K,   0% used [0x00000000e0000000, 0x00000000e0000000, 0x00000000e5560000)
  from space 21824K,  38% used [0x00000000e6ab0000, 0x00000000e72e1af8, 0x00000000e8000000)
  to   space 21824K,   0% used [0x00000000e5560000, 0x00000000e5560000, 0x00000000e6ab0000)
 concurrent mark-sweep generation total 393216K, used 58629K [0x00000000e8000000, 0x0000000100000000, 0x0000000100000000)
 Metaspace       used 48322K, capacity 49323K, committed 49580K, reserved 1093632K
  class space    used 5201K, capacity 5508K, committed 5596K, reserved 1048576K
}
2017-03-14T09:37:46.616+0000: 500.628: Total time for which application threads were stopped: 0.0157183 seconds, Stopping threads took: 0.0000368 seconds
{Heap before GC invocations=107 (full 2):
 par new generation   total 109248K, used 95814K [0x00000000e0000000, 0x00000000e8000000, 0x00000000e8000000)
  eden space 87424K, 100% used [0x00000000e0000000, 0x00000000e5560000, 0x00000000e5560000)
  from space 21824K,  38% used [0x00000000e6ab0000, 0x00000000e72e1af8, 0x00000000e8000000)
  to   space 21824K,   0% used [0x00000000e5560000, 0x00000000e5560000, 0x00000000e6ab0000)
 concurrent mark-sweep generation total 393216K, used 58629K [0x00000000e8000000, 0x0000000100000000, 0x0000000100000000)
 Metaspace       used 48322K, capacity 49323K, committed 49580K, reserved 1093632K
  class space    used 5201K, capacity 5508K, committed 5596K, reserved 1048576K
2017-03-14T09:37:47.485+0000: 501.498: [GC (Allocation Failure) 2017-03-14T09:37:47.485+0000: 501.498: [ParNew
Desired survivor size 20112992 bytes, new threshold 8 (max 8)
- age   1:     927872 bytes,     927872 total
- age   2:    1539240 bytes,    2467112 total
- age   3:     323544 bytes,    2790656 total
- age   4:    1117304 bytes,    3907960 total
- age   5:     380568 bytes,    4288528 total
- age   6:     437152 bytes,    4725680 total
- age   7:    2054248 bytes,    6779928 total
- age   8:     444376 bytes,    7224304 total
: 95814K->10832K(109248K), 0.0128248 secs] 154444K->69767K(502464K), 0.0129282 secs] [Times: user=0.03 sys=0.01, real=0.01 secs] 
Heap after GC invocations=108 (full 2):
 par new generation   total 109248K, used 10832K [0x00000000e0000000, 0x00000000e8000000, 0x00000000e8000000)
  eden space 87424K,   0% used [0x00000000e0000000, 0x00000000e0000000, 0x00000000e5560000)
  from space 21824K,  49% used [0x00000000e5560000, 0x00000000e5ff41c8, 0x00000000e6ab0000)
  to   space 21824K,   0% used [0x00000000e6ab0000, 0x00000000e6ab0000, 0x00000000e8000000)
 concurrent mark-sweep generation total 393216K, used 58935K [0x00000000e8000000, 0x0000000100000000, 0x0000000100000000)
 Metaspace       used 48322K, capacity 49323K, committed 49580K, reserved 1093632K
  class space    used 5201K, capacity 5508K, committed 5596K, reserved 1048576K
}
2017-03-14T09:37:47.498+0000: 501.511: Total time for which application threads were stopped: 0.0132373 seconds, Stopping threads took: 0.0000515 seconds
{Heap before GC invocations=108 (full 2):
 par new generation   total 109248K, used 98256K [0x00000000e0000000, 0x00000000e8000000, 0x00000000e8000000)
  eden space 87424K, 100% used [0x00000000e0000000, 0x00000000e5560000, 0x00000000e5560000)
  from space 21824K,  49% used [0x00000000e5560000, 0x00000000e5ff41c8, 0x00000000e6ab0000)
  to   space 21824K,   0% used [0x00000000e6ab0000, 0x00000000e6ab0000, 0x00000000e8000000)
 concurrent mark-sweep generation total 393216K, used 58935K [0x00000000e8000000, 0x0000000100000000, 0x0000000100000000)
 Metaspace       used 48332K, capacity 49323K, committed 49580K, reserved 1093632K
  class space    used 5201K, capacity 5508K, committed 5596K, reserved 1048576K
2017-03-14T09:37:48.290+0000: 502.303: [GC (Allocation Failure) 2017-03-14T09:37:48.290+0000: 502.303: [ParNew
Desired survivor size 20112992 bytes, new threshold 8 (max 8)
- age   1:    2136640 bytes,    2136640 total
- age   2:     244184 bytes,    2380824 total
- age   3:    1385096 bytes,    3765920 total
- age   4:      34864 bytes,    3800784 total
- age   5:     302496 bytes,    4103280 total
- age   6:     379976 bytes,    4483256 total
- age   7:     436752 bytes,    4920008 total
- age   8:    2054248 bytes,    6974256 total
: 98256K->9105K(109248K), 0.0107107 secs] 157191K->68475K(502464K), 0.0108001 secs] [Times: user=0.03 sys=0.00, real=0.00 secs] 
Heap after GC invocations=109 (full 2):
 par new generation   total 109248K, used 9105K [0x00000000e0000000, 0x00000000e8000000, 0x00000000e8000000)
  eden space 87424K,   0% used [0x00000000e0000000, 0x00000000e0000000, 0x00000000e5560000)
  from space 21824K,  41% used [0x00000000e6ab0000, 0x00000000e7394768, 0x00000000e8000000)
  to   space 21824K,   0% used [0x00000000e5560000, 0x00000000e5560000, 0x00000000e6ab0000)
 concurrent mark-sweep generation total 393216K, used 59369K [0x00000000e8000000, 0x0000000100000000, 0x0000000100000000)
 Metaspace       used 48332K, capacity 49323K, committed 49580K, reserved 1093632K
  class space    used 5201K, capacity 5508K, committed 5596K, reserved 1048576K
}
2017-03-14T09:37:48.301+0000: 502.314: Total time for which application threads were stopped: 0.0110696 seconds, Stopping threads took: 0.0000292 seconds
2017-03-14T09:37:48.932+0000: 502.945: Total time for which application threads were stopped: 0.0002840 seconds, Stopping threads took: 0.0000311 seconds
{Heap before GC invocations=109 (full 2):
 par new generation   total 109248K, used 96529K [0x00000000e0000000, 0x00000000e8000000, 0x00000000e8000000)
  eden space 87424K, 100% used [0x00000000e0000000, 0x00000000e5560000, 0x00000000e5560000)
  from space 21824K,  41% used [0x00000000e6ab0000, 0x00000000e7394768, 0x00000000e8000000)
  to   space 21824K,   0% used [0x00000000e5560000, 0x00000000e5560000, 0x00000000e6ab0000)
 concurrent mark-sweep generation total 393216K, used 59369K [0x00000000e8000000, 0x0000000100000000, 0x0000000100000000)
 Metaspace       used 48337K, capacity 49323K, committed 49580K, reserved 1093632K
  class space    used 5201K, capacity 5508K, committed 5596K, reserved 1048576K
2017-03-14T09:37:49.244+0000: 503.256: [GC (Allocation Failure) 2017-03-14T09:37:49.244+0000: 503.256: [ParNew
Desired survivor size 20112992 bytes, new threshold 8 (max 8)
- age   1:    2175840 bytes,    2175840 total
- age   2:    1444384 bytes,    3620224 total
- age   3:      42680 bytes,    3662904 total
- age   4:     402544 bytes,    4065448 total
- age   5:      34016 bytes,    4099464 total
- age   6:     301472 bytes,    4400936 total
- age   7:     368080 bytes,    4769016 total
- age   8:     427744 bytes,    5196760 total
: 96529K->6763K(109248K), 0.0104840 secs] 155899K->68129K(502464K), 0.0106104 secs] [Times: user=0.03 sys=0.00, real=0.01 secs] 
Heap after GC invocations=110 (full 2):
 par new generation   total 109248K, used 6763K [0x00000000e0000000, 0x00000000e8000000, 0x00000000e8000000)
  eden space 87424K,   0% used [0x00000000e0000000, 0x00000000e0000000, 0x00000000e5560000)
  from space 21824K,  30% used [0x00000000e5560000, 0x00000000e5bfaec0, 0x00000000e6ab0000)
  to   space 21824K,   0% used [0x00000000e6ab0000, 0x00000000e6ab0000, 0x00000000e8000000)
 concurrent mark-sweep generation total 393216K, used 61366K [0x00000000e8000000, 0x0000000100000000, 0x0000000100000000)
 Metaspace       used 48337K, capacity 49323K, committed 49580K, reserved 1093632K
  class space    used 5201K, capacity 5508K, committed 5596K, reserved 1048576K
}
2017-03-14T09:37:49.255+0000: 503.267: Total time for which application threads were stopped: 0.0109463 seconds, Stopping threads took: 0.0000374 seconds
2017-03-14T09:37:49.279+0000: 503.291: Total time for which application threads were stopped: 0.0002417 seconds, Stopping threads took: 0.0000265 seconds
2017-03-14T09:37:49.279+0000: 503.292: Total time for which application threads were stopped: 0.0001301 seconds, Stopping threads took: 0.0000232 seconds
2017-03-14T09:37:51.171+0000: 505.183: Total time for which application threads were stopped: 0.0002422 seconds, Stopping threads took: 0.0000396 seconds
2017-03-14T09:37:51.287+0000: 505.299: Total time for which application threads were stopped: 0.0004051 seconds, Stopping threads took: 0.0000449 seconds
2017-03-14T09:37:51.287+0000: 505.300: Total time for which application threads were stopped: 0.0002579 seconds, Stopping threads took: 0.0000275 seconds
{Heap before GC invocations=110 (full 2):
 par new generation   total 109248K, used 94187K [0x00000000e0000000, 0x00000000e8000000, 0x00000000e8000000)
  eden space 87424K, 100% used [0x00000000e0000000, 0x00000000e5560000, 0x00000000e5560000)
  from space 21824K,  30% used [0x00000000e5560000, 0x00000000e5bfaec0, 0x00000000e6ab0000)
  to   space 21824K,   0% used [0x00000000e6ab0000, 0x00000000e6ab0000, 0x00000000e8000000)
 concurrent mark-sweep generation total 393216K, used 61366K [0x00000000e8000000, 0x0000000100000000, 0x0000000100000000)
 Metaspace       used 48337K, capacity 49323K, committed 49580K, reserved 1093632K
  class space    used 5201K, capacity 5508K, committed 5596K, reserved 1048576K
2017-03-14T09:37:51.775+0000: 505.788: [GC (Allocation Failure) 2017-03-14T09:37:51.775+0000: 505.788: [ParNew
Desired survivor size 20112992 bytes, new threshold 8 (max 8)
- age   1:    2037536 bytes,    2037536 total
- age   2:    1529544 bytes,    3567080 total
- age   3:     524464 bytes,    4091544 total
- age   4:      38568 bytes,    4130112 total
- age   5:     398488 bytes,    4528600 total
- age   6:      33952 bytes,    4562552 total
- age   7:     288760 bytes,    4851312 total
- age   8:     356248 bytes,    5207560 total
: 94187K->6184K(109248K), 0.0156510 secs] 155553K->67962K(502464K), 0.0159210 secs] [Times: user=0.03 sys=0.00, real=0.02 secs] 
Heap after GC invocations=111 (full 2):
 par new generation   total 109248K, used 6184K [0x00000000e0000000, 0x00000000e8000000, 0x00000000e8000000)
  eden space 87424K,   0% used [0x00000000e0000000, 0x00000000e0000000, 0x00000000e5560000)
  from space 21824K,  28% used [0x00000000e6ab0000, 0x00000000e70ba110, 0x00000000e8000000)
  to   space 21824K,   0% used [0x00000000e5560000, 0x00000000e5560000, 0x00000000e6ab0000)
 concurrent mark-sweep generation total 393216K, used 61778K [0x00000000e8000000, 0x0000000100000000, 0x0000000100000000)
 Metaspace       used 48337K, capacity 49323K, committed 49580K, reserved 1093632K
  class space    used 5201K, capacity 5508K, committed 5596K, reserved 1048576K
}
2017-03-14T09:37:51.791+0000: 505.804: Total time for which application threads were stopped: 0.0164276 seconds, Stopping threads took: 0.0000301 seconds
2017-03-14T09:37:52.072+0000: 506.084: Total time for which application threads were stopped: 0.0002858 seconds, Stopping threads took: 0.0000829 seconds
{Heap before GC invocations=111 (full 2):
 par new generation   total 109248K, used 93608K [0x00000000e0000000, 0x00000000e8000000, 0x00000000e8000000)
  eden space 87424K, 100% used [0x00000000e0000000, 0x00000000e5560000, 0x00000000e5560000)
  from space 21824K,  28% used [0x00000000e6ab0000, 0x00000000e70ba110, 0x00000000e8000000)
  to   space 21824K,   0% used [0x00000000e5560000, 0x00000000e5560000, 0x00000000e6ab0000)
 concurrent mark-sweep generation total 393216K, used 61778K [0x00000000e8000000, 0x0000000100000000, 0x0000000100000000)
 Metaspace       used 48345K, capacity 49323K, committed 49580K, reserved 1093632K
  class space    used 5201K, capacity 5508K, committed 5596K, reserved 1048576K
2017-03-14T09:37:52.818+0000: 506.830: [GC (Allocation Failure) 2017-03-14T09:37:52.818+0000: 506.830: [ParNew
Desired survivor size 20112992 bytes, new threshold 8 (max 8)
- age   1:    1706064 bytes,    1706064 total
- age   2:    1412880 bytes,    3118944 total
- age   3:     691224 bytes,    3810168 total
- age   4:     522760 bytes,    4332928 total
- age   5:      37792 bytes,    4370720 total
- age   6:     397720 bytes,    4768440 total
- age   7:      33920 bytes,    4802360 total
- age   8:     288240 bytes,    5090600 total
: 93608K->7877K(109248K), 0.0079597 secs] 155386K->70004K(502464K), 0.0080533 secs] [Times: user=0.03 sys=0.00, real=0.01 secs] 
Heap after GC invocations=112 (full 2):
 par new generation   total 109248K, used 7877K [0x00000000e0000000, 0x00000000e8000000, 0x00000000e8000000)
  eden space 87424K,   0% used [0x00000000e0000000, 0x00000000e0000000, 0x00000000e5560000)
  from space 21824K,  36% used [0x00000000e5560000, 0x00000000e5d11530, 0x00000000e6ab0000)
  to   space 21824K,   0% used [0x00000000e6ab0000, 0x00000000e6ab0000, 0x00000000e8000000)
 concurrent mark-sweep generation total 393216K, used 62126K [0x00000000e8000000, 0x0000000100000000, 0x0000000100000000)
 Metaspace       used 48345K, capacity 49323K, committed 49580K, reserved 1093632K
  class space    used 5201K, capacity 5508K, committed 5596K, reserved 1048576K
}
2017-03-14T09:37:52.826+0000: 506.838: Total time for which application threads were stopped: 0.0083933 seconds, Stopping threads took: 0.0000258 seconds
2017-03-14T09:37:53.826+0000: 507.838: Total time for which application threads were stopped: 0.0003074 seconds, Stopping threads took: 0.0000338 seconds
2017-03-14T09:37:55.509+0000: 509.522: Total time for which application threads were stopped: 0.0002679 seconds, Stopping threads took: 0.0000374 seconds
2017-03-14T09:37:55.510+0000: 509.522: Total time for which application threads were stopped: 0.0001921 seconds, Stopping threads took: 0.0000266 seconds
2017-03-14T09:37:55.510+0000: 509.522: Total time for which application threads were stopped: 0.0001852 seconds, Stopping threads took: 0.0000708 seconds
2017-03-14T09:37:55.510+0000: 509.523: Total time for which application threads were stopped: 0.0001795 seconds, Stopping threads took: 0.0000198 seconds
2017-03-14T09:37:55.511+0000: 509.523: Total time for which application threads were stopped: 0.0002314 seconds, Stopping threads took: 0.0000754 seconds
2017-03-14T09:37:55.511+0000: 509.523: Total time for which application threads were stopped: 0.0001965 seconds, Stopping threads took: 0.0000435 seconds
2017-03-14T09:37:55.511+0000: 509.523: Total time for which application threads were stopped: 0.0001770 seconds, Stopping threads took: 0.0000248 seconds
2017-03-14T09:37:55.512+0000: 509.524: Total time for which application threads were stopped: 0.0003616 seconds, Stopping threads took: 0.0001893 seconds
2017-03-14T09:37:55.512+0000: 509.524: Total time for which application threads were stopped: 0.0002066 seconds, Stopping threads took: 0.0000418 seconds
2017-03-14T09:37:55.512+0000: 509.524: Total time for which application threads were stopped: 0.0001948 seconds, Stopping threads took: 0.0000363 seconds
2017-03-14T09:37:55.512+0000: 509.525: Total time for which application threads were stopped: 0.0001173 seconds, Stopping threads took: 0.0000173 seconds
2017-03-14T09:37:55.514+0000: 509.526: Total time for which application threads were stopped: 0.0002598 seconds, Stopping threads took: 0.0000373 seconds
2017-03-14T09:37:55.514+0000: 509.526: Total time for which application threads were stopped: 0.0001720 seconds, Stopping threads took: 0.0000301 seconds
2017-03-14T09:37:55.514+0000: 509.527: Total time for which application threads were stopped: 0.0003809 seconds, Stopping threads took: 0.0000197 seconds
{Heap before GC invocations=112 (full 2):
 par new generation   total 109248K, used 95301K [0x00000000e0000000, 0x00000000e8000000, 0x00000000e8000000)
  eden space 87424K, 100% used [0x00000000e0000000, 0x00000000e5560000, 0x00000000e5560000)
  from space 21824K,  36% used [0x00000000e5560000, 0x00000000e5d11530, 0x00000000e6ab0000)
  to   space 21824K,   0% used [0x00000000e6ab0000, 0x00000000e6ab0000, 0x00000000e8000000)
 concurrent mark-sweep generation total 393216K, used 62126K [0x00000000e8000000, 0x0000000100000000, 0x0000000100000000)
 Metaspace       used 48346K, capacity 49323K, committed 49580K, reserved 1093632K
  class space    used 5201K, capacity 5508K, committed 5596K, reserved 1048576K
2017-03-14T09:37:55.638+0000: 509.651: [GC (Allocation Failure) 2017-03-14T09:37:55.638+0000: 509.651: [ParNew
Desired survivor size 20112992 bytes, new threshold 8 (max 8)
- age   1:    2798560 bytes,    2798560 total
- age   2:      28400 bytes,    2826960 total
- age   3:     511792 bytes,    3338752 total
- age   4:     115968 bytes,    3454720 total
- age   5:     518544 bytes,    3973264 total
- age   6:      36752 bytes,    4010016 total
- age   7:      30168 bytes,    4040184 total
- age   8:      33888 bytes,    4074072 total
: 95301K->5860K(109248K), 0.0172958 secs] 157428K->68268K(502464K), 0.0173741 secs] [Times: user=0.04 sys=0.00, real=0.02 secs] 
Heap after GC invocations=113 (full 2):
 par new generation   total 109248K, used 5860K [0x00000000e0000000, 0x00000000e8000000, 0x00000000e8000000)
  eden space 87424K,   0% used [0x00000000e0000000, 0x00000000e0000000, 0x00000000e5560000)
  from space 21824K,  26% used [0x00000000e6ab0000, 0x00000000e7069140, 0x00000000e8000000)
  to   space 21824K,   0% used [0x00000000e5560000, 0x00000000e5560000, 0x00000000e6ab0000)
 concurrent mark-sweep generation total 393216K, used 62408K [0x00000000e8000000, 0x0000000100000000, 0x0000000100000000)
 Metaspace       used 48346K, capacity 49323K, committed 49580K, reserved 1093632K
  class space    used 5201K, capacity 5508K, committed 5596K, reserved 1048576K
}
2017-03-14T09:37:55.656+0000: 509.668: Total time for which application threads were stopped: 0.0176934 seconds, Stopping threads took: 0.0000348 seconds
2017-03-14T09:37:56.841+0000: 510.853: Total time for which application threads were stopped: 0.0004349 seconds, Stopping threads took: 0.0000587 seconds
{Heap before GC invocations=113 (full 2):
 par new generation   total 109248K, used 93276K [0x00000000e0000000, 0x00000000e8000000, 0x00000000e8000000)
  eden space 87424K,  99% used [0x00000000e0000000, 0x00000000e555e268, 0x00000000e5560000)
  from space 21824K,  26% used [0x00000000e6ab0000, 0x00000000e7069140, 0x00000000e8000000)
  to   space 21824K,   0% used [0x00000000e5560000, 0x00000000e5560000, 0x00000000e6ab0000)
 concurrent mark-sweep generation total 393216K, used 62408K [0x00000000e8000000, 0x0000000100000000, 0x0000000100000000)
 Metaspace       used 48351K, capacity 49323K, committed 49580K, reserved 1093632K
  class space    used 5201K, capacity 5508K, committed 5596K, reserved 1048576K
2017-03-14T09:37:57.196+0000: 511.208: [GC (Allocation Failure) 2017-03-14T09:37:57.196+0000: 511.208: [ParNew
Desired survivor size 20112992 bytes, new threshold 8 (max 8)
- age   1:    1900536 bytes,    1900536 total
- age   2:    1326752 bytes,    3227288 total
- age   3:      24304 bytes,    3251592 total
- age   4:     502736 bytes,    3754328 total
- age   5:     113592 bytes,    3867920 total
- age   6:     518384 bytes,    4386304 total
- age   7:      36656 bytes,    4422960 total
- age   8:      30040 bytes,    4453000 total
: 93276K->5165K(109248K), 0.0088282 secs] 155685K->67606K(502464K), 0.0089169 secs] [Times: user=0.03 sys=0.00, real=0.01 secs] 
Heap after GC invocations=114 (full 2):
 par new generation   total 109248K, used 5165K [0x00000000e0000000, 0x00000000e8000000, 0x00000000e8000000)
  eden space 87424K,   0% used [0x00000000e0000000, 0x00000000e0000000, 0x00000000e5560000)
  from space 21824K,  23% used [0x00000000e5560000, 0x00000000e5a6b400, 0x00000000e6ab0000)
  to   space 21824K,   0% used [0x00000000e6ab0000, 0x00000000e6ab0000, 0x00000000e8000000)
 concurrent mark-sweep generation total 393216K, used 62441K [0x00000000e8000000, 0x0000000100000000, 0x0000000100000000)
 Metaspace       used 48351K, capacity 49323K, committed 49580K, reserved 1093632K
  class space    used 5201K, capacity 5508K, committed 5596K, reserved 1048576K
}
2017-03-14T09:37:57.205+0000: 511.217: Total time for which application threads were stopped: 0.0092277 seconds, Stopping threads took: 0.0000301 seconds
2017-03-14T09:37:57.324+0000: 511.336: Total time for which application threads were stopped: 0.0019573 seconds, Stopping threads took: 0.0016949 seconds
2017-03-14T09:37:58.324+0000: 512.337: Total time for which application threads were stopped: 0.0002760 seconds, Stopping threads took: 0.0000360 seconds
{Heap before GC invocations=114 (full 2):
 par new generation   total 109248K, used 92589K [0x00000000e0000000, 0x00000000e8000000, 0x00000000e8000000)
  eden space 87424K, 100% used [0x00000000e0000000, 0x00000000e5560000, 0x00000000e5560000)
  from space 21824K,  23% used [0x00000000e5560000, 0x00000000e5a6b400, 0x00000000e6ab0000)
  to   space 21824K,   0% used [0x00000000e6ab0000, 0x00000000e6ab0000, 0x00000000e8000000)
 concurrent mark-sweep generation total 393216K, used 62441K [0x00000000e8000000, 0x0000000100000000, 0x0000000100000000)
 Metaspace       used 48361K, capacity 49387K, committed 49580K, reserved 1093632K
  class space    used 5201K, capacity 5508K, committed 5596K, reserved 1048576K
2017-03-14T09:37:58.749+0000: 512.761: [GC (Allocation Failure) 2017-03-14T09:37:58.749+0000: 512.761: [ParNew
Desired survivor size 20112992 bytes, new threshold 8 (max 8)
- age   1:    1709432 bytes,    1709432 total
- age   2:    1075584 bytes,    2785016 total
- age   3:     514400 bytes,    3299416 total
- age   4:      21888 bytes,    3321304 total
- age   5:     500208 bytes,    3821512 total
- age   6:     102760 bytes,    3924272 total
- age   7:     517328 bytes,    4441600 total
- age   8:      36528 bytes,    4478128 total
: 92589K->7556K(109248K), 0.0225333 secs] 155030K->70027K(502464K), 0.0226747 secs] [Times: user=0.05 sys=0.00, real=0.03 secs] 
Heap after GC invocations=115 (full 2):
 par new generation   total 109248K, used 7556K [0x00000000e0000000, 0x00000000e8000000, 0x00000000e8000000)
  eden space 87424K,   0% used [0x00000000e0000000, 0x00000000e0000000, 0x00000000e5560000)
  from space 21824K,  34% used [0x00000000e6ab0000, 0x00000000e7211000, 0x00000000e8000000)
  to   space 21824K,   0% used [0x00000000e5560000, 0x00000000e5560000, 0x00000000e6ab0000)
 concurrent mark-sweep generation total 393216K, used 62471K [0x00000000e8000000, 0x0000000100000000, 0x0000000100000000)
 Metaspace       used 48361K, capacity 49387K, committed 49580K, reserved 1093632K
  class space    used 5201K, capacity 5508K, committed 5596K, reserved 1048576K
}
2017-03-14T09:37:58.771+0000: 512.784: Total time for which application threads were stopped: 0.0230245 seconds, Stopping threads took: 0.0000267 seconds
2017-03-14T09:37:59.772+0000: 513.784: Total time for which application threads were stopped: 0.0002421 seconds, Stopping threads took: 0.0000343 seconds
2017-03-14T09:37:59.958+0000: 513.970: Total time for which application threads were stopped: 0.0002564 seconds, Stopping threads took: 0.0000506 seconds
2017-03-14T09:37:59.958+0000: 513.970: Total time for which application threads were stopped: 0.0002082 seconds, Stopping threads took: 0.0000576 seconds
2017-03-14T09:37:59.959+0000: 513.971: Total time for which application threads were stopped: 0.0003124 seconds, Stopping threads took: 0.0001333 seconds
2017-03-14T09:37:59.959+0000: 513.972: Total time for which application threads were stopped: 0.0001810 seconds, Stopping threads took: 0.0000695 seconds
2017-03-14T09:37:59.960+0000: 513.972: Total time for which application threads were stopped: 0.0004212 seconds, Stopping threads took: 0.0000484 seconds
2017-03-14T09:37:59.960+0000: 513.972: Total time for which application threads were stopped: 0.0001936 seconds, Stopping threads took: 0.0000597 seconds
2017-03-14T09:37:59.966+0000: 513.978: Total time for which application threads were stopped: 0.0003016 seconds, Stopping threads took: 0.0000460 seconds
{Heap before GC invocations=115 (full 2):
 par new generation   total 109248K, used 94980K [0x00000000e0000000, 0x00000000e8000000, 0x00000000e8000000)
  eden space 87424K, 100% used [0x00000000e0000000, 0x00000000e5560000, 0x00000000e5560000)
  from space 21824K,  34% used [0x00000000e6ab0000, 0x00000000e7211000, 0x00000000e8000000)
  to   space 21824K,   0% used [0x00000000e5560000, 0x00000000e5560000, 0x00000000e6ab0000)
 concurrent mark-sweep generation total 393216K, used 62471K [0x00000000e8000000, 0x0000000100000000, 0x0000000100000000)
 Metaspace       used 48380K, capacity 49387K, committed 49580K, reserved 1093632K
  class space    used 5201K, capacity 5508K, committed 5596K, reserved 1048576K
2017-03-14T09:38:00.623+0000: 514.635: [GC (Allocation Failure) 2017-03-14T09:38:00.623+0000: 514.635: [ParNew
Desired survivor size 20112992 bytes, new threshold 8 (max 8)
- age   1:    1860480 bytes,    1860480 total
- age   2:    1151224 bytes,    3011704 total
- age   3:      31536 bytes,    3043240 total
- age   4:     305728 bytes,    3348968 total
- age   5:      21336 bytes,    3370304 total
- age   6:     106608 bytes,    3476912 total
- age   7:     101464 bytes,    3578376 total
- age   8:      39872 bytes,    3618248 total
: 94980K->4585K(109248K), 0.0066231 secs] 157451K->67091K(502464K), 0.0067276 secs] [Times: user=0.02 sys=0.00, real=0.00 secs] 
Heap after GC invocations=116 (full 2):
 par new generation   total 109248K, used 4585K [0x00000000e0000000, 0x00000000e8000000, 0x00000000e8000000)
  eden space 87424K,   0% used [0x00000000e0000000, 0x00000000e0000000, 0x00000000e5560000)
  from space 21824K,  21% used [0x00000000e5560000, 0x00000000e59da408, 0x00000000e6ab0000)
  to   space 21824K,   0% used [0x00000000e6ab0000, 0x00000000e6ab0000, 0x00000000e8000000)
 concurrent mark-sweep generation total 393216K, used 62506K [0x00000000e8000000, 0x0000000100000000, 0x0000000100000000)
 Metaspace       used 48380K, capacity 49387K, committed 49580K, reserved 1093632K
  class space    used 5201K, capacity 5508K, committed 5596K, reserved 1048576K
}
2017-03-14T09:38:00.630+0000: 514.642: Total time for which application threads were stopped: 0.0070114 seconds, Stopping threads took: 0.0000315 seconds
{Heap before GC invocations=116 (full 2):
 par new generation   total 109248K, used 92009K [0x00000000e0000000, 0x00000000e8000000, 0x00000000e8000000)
  eden space 87424K, 100% used [0x00000000e0000000, 0x00000000e5560000, 0x00000000e5560000)
  from space 21824K,  21% used [0x00000000e5560000, 0x00000000e59da408, 0x00000000e6ab0000)
  to   space 21824K,   0% used [0x00000000e6ab0000, 0x00000000e6ab0000, 0x00000000e8000000)
 concurrent mark-sweep generation total 393216K, used 62506K [0x00000000e8000000, 0x0000000100000000, 0x0000000100000000)
 Metaspace       used 48380K, capacity 49387K, committed 49580K, reserved 1093632K
  class space    used 5201K, capacity 5508K, committed 5596K, reserved 1048576K
2017-03-14T09:38:01.442+0000: 515.454: [GC (Allocation Failure) 2017-03-14T09:38:01.442+0000: 515.454: [ParNew
Desired survivor size 20112992 bytes, new threshold 8 (max 8)
- age   1:    1007920 bytes,    1007920 total
- age   2:    1425520 bytes,    2433440 total
- age   3:    1146336 bytes,    3579776 total
- age   4:      29728 bytes,    3609504 total
- age   5:     304784 bytes,    3914288 total
- age   6:      21304 bytes,    3935592 total
- age   7:     106512 bytes,    4042104 total
- age   8:     100648 bytes,    4142752 total
: 92009K->5044K(109248K), 0.0082304 secs] 154515K->67590K(502464K), 0.0083778 secs] [Times: user=0.02 sys=0.00, real=0.02 secs] 
Heap after GC invocations=117 (full 2):
 par new generation   total 109248K, used 5044K [0x00000000e0000000, 0x00000000e8000000, 0x00000000e8000000)
  eden space 87424K,   0% used [0x00000000e0000000, 0x00000000e0000000, 0x00000000e5560000)
  from space 21824K,  23% used [0x00000000e6ab0000, 0x00000000e6f9d380, 0x00000000e8000000)
  to   space 21824K,   0% used [0x00000000e5560000, 0x00000000e5560000, 0x00000000e6ab0000)
 concurrent mark-sweep generation total 393216K, used 62545K [0x00000000e8000000, 0x0000000100000000, 0x0000000100000000)
 Metaspace       used 48380K, capacity 49387K, committed 49580K, reserved 1093632K
  class space    used 5201K, capacity 5508K, committed 5596K, reserved 1048576K
}
2017-03-14T09:38:01.450+0000: 515.463: Total time for which application threads were stopped: 0.0086889 seconds, Stopping threads took: 0.0000531 seconds
2017-03-14T09:38:01.709+0000: 515.722: Total time for which application threads were stopped: 0.0003155 seconds, Stopping threads took: 0.0000632 seconds
{Heap before GC invocations=117 (full 2):
 par new generation   total 109248K, used 92468K [0x00000000e0000000, 0x00000000e8000000, 0x00000000e8000000)
  eden space 87424K, 100% used [0x00000000e0000000, 0x00000000e5560000, 0x00000000e5560000)
  from space 21824K,  23% used [0x00000000e6ab0000, 0x00000000e6f9d380, 0x00000000e8000000)
  to   space 21824K,   0% used [0x00000000e5560000, 0x00000000e5560000, 0x00000000e6ab0000)
 concurrent mark-sweep generation total 393216K, used 62545K [0x00000000e8000000, 0x0000000100000000, 0x0000000100000000)
 Metaspace       used 48384K, capacity 49387K, committed 49580K, reserved 1093632K
  class space    used 5201K, capacity 5508K, committed 5596K, reserved 1048576K
2017-03-14T09:38:02.225+0000: 516.237: [GC (Allocation Failure) 2017-03-14T09:38:02.225+0000: 516.237: [ParNew
Desired survivor size 20112992 bytes, new threshold 8 (max 8)
- age   1:    2118592 bytes,    2118592 total
- age   2:     216704 bytes,    2335296 total
- age   3:    1209688 bytes,    3544984 total
- age   4:     328472 bytes,    3873456 total
- age   5:      27680 bytes,    3901136 total
- age   6:     304432 bytes,    4205568 total
- age   7:      21272 bytes,    4226840 total
- age   8:     106480 bytes,    4333320 total
: 92468K->6112K(109248K), 0.0072616 secs] 155014K->68756K(502464K), 0.0073626 secs] [Times: user=0.02 sys=0.00, real=0.01 secs] 
Heap after GC invocations=118 (full 2):
 par new generation   total 109248K, used 6112K [0x00000000e0000000, 0x00000000e8000000, 0x00000000e8000000)
  eden space 87424K,   0% used [0x00000000e0000000, 0x00000000e0000000, 0x00000000e5560000)
  from space 21824K,  28% used [0x00000000e5560000, 0x00000000e5b58258, 0x00000000e6ab0000)
  to   space 21824K,   0% used [0x00000000e6ab0000, 0x00000000e6ab0000, 0x00000000e8000000)
 concurrent mark-sweep generation total 393216K, used 62643K [0x00000000e8000000, 0x0000000100000000, 0x0000000100000000)
 Metaspace       used 48384K, capacity 49387K, committed 49580K, reserved 1093632K
  class space    used 5201K, capacity 5508K, committed 5596K, reserved 1048576K
}
2017-03-14T09:38:02.232+0000: 516.244: Total time for which application threads were stopped: 0.0076217 seconds, Stopping threads took: 0.0000232 seconds
{Heap before GC invocations=118 (full 2):
 par new generation   total 109248K, used 93536K [0x00000000e0000000, 0x00000000e8000000, 0x00000000e8000000)
  eden space 87424K, 100% used [0x00000000e0000000, 0x00000000e5560000, 0x00000000e5560000)
  from space 21824K,  28% used [0x00000000e5560000, 0x00000000e5b58258, 0x00000000e6ab0000)
  to   space 21824K,   0% used [0x00000000e6ab0000, 0x00000000e6ab0000, 0x00000000e8000000)
 concurrent mark-sweep generation total 393216K, used 62643K [0x00000000e8000000, 0x0000000100000000, 0x0000000100000000)
 Metaspace       used 48387K, capacity 49387K, committed 49580K, reserved 1093632K
  class space    used 5202K, capacity 5508K, committed 5596K, reserved 1048576K
2017-03-14T09:38:02.955+0000: 516.968: [GC (Allocation Failure) 2017-03-14T09:38:02.956+0000: 516.968: [ParNew
Desired survivor size 20112992 bytes, new threshold 8 (max 8)
- age   1:    1991536 bytes,    1991536 total
- age   2:    1434144 bytes,    3425680 total
- age   3:      41688 bytes,    3467368 total
- age   4:     346480 bytes,    3813848 total
- age   5:     325048 bytes,    4138896 total
- age   6:      27584 bytes,    4166480 total
- age   7:     304272 bytes,    4470752 total
- age   8:      21240 bytes,    4491992 total
: 93536K->6150K(109248K), 0.0066234 secs] 156180K->68898K(502464K), 0.0067099 secs] [Times: user=0.03 sys=0.00, real=0.01 secs] 
Heap after GC invocations=119 (full 2):
 par new generation   total 109248K, used 6150K [0x00000000e0000000, 0x00000000e8000000, 0x00000000e8000000)
  eden space 87424K,   0% used [0x00000000e0000000, 0x00000000e0000000, 0x00000000e5560000)
  from space 21824K,  28% used [0x00000000e6ab0000, 0x00000000e70b1990, 0x00000000e8000000)
  to   space 21824K,   0% used [0x00000000e5560000, 0x00000000e5560000, 0x00000000e6ab0000)
 concurrent mark-sweep generation total 393216K, used 62748K [0x00000000e8000000, 0x0000000100000000, 0x0000000100000000)
 Metaspace       used 48387K, capacity 49387K, committed 49580K, reserved 1093632K
  class space    used 5202K, capacity 5508K, committed 5596K, reserved 1048576K
}
2017-03-14T09:38:02.962+0000: 516.975: Total time for which application threads were stopped: 0.0070080 seconds, Stopping threads took: 0.0000270 seconds
{Heap before GC invocations=119 (full 2):
 par new generation   total 109248K, used 93574K [0x00000000e0000000, 0x00000000e8000000, 0x00000000e8000000)
  eden space 87424K, 100% used [0x00000000e0000000, 0x00000000e5560000, 0x00000000e5560000)
  from space 21824K,  28% used [0x00000000e6ab0000, 0x00000000e70b1990, 0x00000000e8000000)
  to   space 21824K,   0% used [0x00000000e5560000, 0x00000000e5560000, 0x00000000e6ab0000)
 concurrent mark-sweep generation total 393216K, used 62748K [0x00000000e8000000, 0x0000000100000000, 0x0000000100000000)
 Metaspace       used 48387K, capacity 49387K, committed 49580K, reserved 1093632K
  class space    used 5202K, capacity 5508K, committed 5596K, reserved 1048576K
2017-03-14T09:38:03.795+0000: 517.807: [GC (Allocation Failure) 2017-03-14T09:38:03.795+0000: 517.807: [ParNew
Desired survivor size 20112992 bytes, new threshold 8 (max 8)
- age   1:    1050728 bytes,    1050728 total
- age   2:    1480568 bytes,    2531296 total
- age   3:    1428464 bytes,    3959760 total
- age   4:      40064 bytes,    3999824 total
- age   5:     344640 bytes,    4344464 total
- age   6:     324728 bytes,    4669192 total
- age   7:      27552 bytes,    4696744 total
- age   8:     304208 bytes,    5000952 total
: 93574K->6215K(109248K), 0.0086657 secs] 156322K->68984K(502464K), 0.0087648 secs] [Times: user=0.03 sys=0.00, real=0.01 secs] 
Heap after GC invocations=120 (full 2):
 par new generation   total 109248K, used 6215K [0x00000000e0000000, 0x00000000e8000000, 0x00000000e8000000)
  eden space 87424K,   0% used [0x00000000e0000000, 0x00000000e0000000, 0x00000000e5560000)
  from space 21824K,  28% used [0x00000000e5560000, 0x00000000e5b71cb0, 0x00000000e6ab0000)
  to   space 21824K,   0% used [0x00000000e6ab0000, 0x00000000e6ab0000, 0x00000000e8000000)
 concurrent mark-sweep generation total 393216K, used 62769K [0x00000000e8000000, 0x0000000100000000, 0x0000000100000000)
 Metaspace       used 48387K, capacity 49387K, committed 49580K, reserved 1093632K
  class space    used 5202K, capacity 5508K, committed 5596K, reserved 1048576K
}
2017-03-14T09:38:03.804+0000: 517.816: Total time for which application threads were stopped: 0.0090616 seconds, Stopping threads took: 0.0000309 seconds
2017-03-14T09:38:04.041+0000: 518.054: Total time for which application threads were stopped: 0.0002005 seconds, Stopping threads took: 0.0000289 seconds
2017-03-14T09:38:04.125+0000: 518.137: Total time for which application threads were stopped: 0.0002058 seconds, Stopping threads took: 0.0000305 seconds
2017-03-14T09:38:04.125+0000: 518.137: Total time for which application threads were stopped: 0.0000845 seconds, Stopping threads took: 0.0000181 seconds
2017-03-14T09:38:05.125+0000: 519.137: Total time for which application threads were stopped: 0.0002317 seconds, Stopping threads took: 0.0000358 seconds
{Heap before GC invocations=120 (full 2):
 par new generation   total 109248K, used 93639K [0x00000000e0000000, 0x00000000e8000000, 0x00000000e8000000)
  eden space 87424K, 100% used [0x00000000e0000000, 0x00000000e5560000, 0x00000000e5560000)
  from space 21824K,  28% used [0x00000000e5560000, 0x00000000e5b71cb0, 0x00000000e6ab0000)
  to   space 21824K,   0% used [0x00000000e6ab0000, 0x00000000e6ab0000, 0x00000000e8000000)
 concurrent mark-sweep generation total 393216K, used 62769K [0x00000000e8000000, 0x0000000100000000, 0x0000000100000000)
 Metaspace       used 48388K, capacity 49387K, committed 49580K, reserved 1093632K
  class space    used 5202K, capacity 5508K, committed 5596K, reserved 1048576K
2017-03-14T09:38:05.344+0000: 519.356: [GC (Allocation Failure) 2017-03-14T09:38:05.344+0000: 519.356: [ParNew
Desired survivor size 20112992 bytes, new threshold 8 (max 8)
- age   1:    2240432 bytes,    2240432 total
- age   2:     250112 bytes,    2490544 total
- age   3:    1303128 bytes,    3793672 total
- age   4:     455296 bytes,    4248968 total
- age   5:      39968 bytes,    4288936 total
- age   6:     344184 bytes,    4633120 total
- age   7:     302264 bytes,    4935384 total
- age   8:      27520 bytes,    4962904 total
: 93639K->8455K(109248K), 0.0151843 secs] 156408K->71512K(502464K), 0.0152817 secs] [Times: user=0.05 sys=0.00, real=0.01 secs] 
Heap after GC invocations=121 (full 2):
 par new generation   total 109248K, used 8455K [0x00000000e0000000, 0x00000000e8000000, 0x00000000e8000000)
  eden space 87424K,   0% used [0x00000000e0000000, 0x00000000e0000000, 0x00000000e5560000)
  from space 21824K,  38% used [0x00000000e6ab0000, 0x00000000e72f1ec0, 0x00000000e8000000)
  to   space 21824K,   0% used [0x00000000e5560000, 0x00000000e5560000, 0x00000000e6ab0000)
 concurrent mark-sweep generation total 393216K, used 63056K [0x00000000e8000000, 0x0000000100000000, 0x0000000100000000)
 Metaspace       used 48388K, capacity 49387K, committed 49580K, reserved 1093632K
  class space    used 5202K, capacity 5508K, committed 5596K, reserved 1048576K
}
2017-03-14T09:38:05.359+0000: 519.371: Total time for which application threads were stopped: 0.0155654 seconds, Stopping threads took: 0.0000285 seconds
2017-03-14T09:38:06.147+0000: 520.160: Total time for which application threads were stopped: 0.0012919 seconds, Stopping threads took: 0.0000897 seconds
2017-03-14T09:38:06.159+0000: 520.171: Total time for which application threads were stopped: 0.0001974 seconds, Stopping threads took: 0.0000312 seconds
2017-03-14T09:38:06.602+0000: 520.614: Total time for which application threads were stopped: 0.0005792 seconds, Stopping threads took: 0.0000351 seconds
2017-03-14T09:38:06.602+0000: 520.614: Total time for which application threads were stopped: 0.0001794 seconds, Stopping threads took: 0.0000382 seconds
2017-03-14T09:38:06.727+0000: 520.739: Total time for which application threads were stopped: 0.0002206 seconds, Stopping threads took: 0.0000277 seconds
{Heap before GC invocations=121 (full 2):
 par new generation   total 109248K, used 95879K [0x00000000e0000000, 0x00000000e8000000, 0x00000000e8000000)
  eden space 87424K, 100% used [0x00000000e0000000, 0x00000000e5560000, 0x00000000e5560000)
  from space 21824K,  38% used [0x00000000e6ab0000, 0x00000000e72f1ec0, 0x00000000e8000000)
  to   space 21824K,   0% used [0x00000000e5560000, 0x00000000e5560000, 0x00000000e6ab0000)
 concurrent mark-sweep generation total 393216K, used 63056K [0x00000000e8000000, 0x0000000100000000, 0x0000000100000000)
 Metaspace       used 48390K, capacity 49387K, committed 49580K, reserved 1093632K
  class space    used 5202K, capacity 5508K, committed 5596K, reserved 1048576K
2017-03-14T09:38:07.194+0000: 521.206: [GC (Allocation Failure) 2017-03-14T09:38:07.194+0000: 521.206: [ParNew
Desired survivor size 20112992 bytes, new threshold 8 (max 8)
- age   1:    2129280 bytes,    2129280 total
- age   2:    1626888 bytes,    3756168 total
- age   3:      38000 bytes,    3794168 total
- age   4:     473320 bytes,    4267488 total
- age   5:     452216 bytes,    4719704 total
- age   6:      39016 bytes,    4758720 total
- age   7:     320944 bytes,    5079664 total
- age   8:     302128 bytes,    5381792 total
: 95879K->6805K(109248K), 0.0255267 secs] 158936K->69888K(502464K), 0.0256481 secs] [Times: user=0.06 sys=0.00, real=0.02 secs] 
Heap after GC invocations=122 (full 2):
 par new generation   total 109248K, used 6805K [0x00000000e0000000, 0x00000000e8000000, 0x00000000e8000000)
  eden space 87424K,   0% used [0x00000000e0000000, 0x00000000e0000000, 0x00000000e5560000)
  from space 21824K,  31% used [0x00000000e5560000, 0x00000000e5c05720, 0x00000000e6ab0000)
  to   space 21824K,   0% used [0x00000000e6ab0000, 0x00000000e6ab0000, 0x00000000e8000000)
 concurrent mark-sweep generation total 393216K, used 63082K [0x00000000e8000000, 0x0000000100000000, 0x0000000100000000)
 Metaspace       used 48390K, capacity 49387K, committed 49580K, reserved 1093632K
  class space    used 5202K, capacity 5508K, committed 5596K, reserved 1048576K
}
2017-03-14T09:38:07.219+0000: 521.232: Total time for which application threads were stopped: 0.0260001 seconds, Stopping threads took: 0.0000465 seconds
2017-03-14T09:38:08.220+0000: 522.232: Total time for which application threads were stopped: 0.0002337 seconds, Stopping threads took: 0.0000604 seconds
2017-03-14T09:38:09.220+0000: 523.232: Total time for which application threads were stopped: 0.0002527 seconds, Stopping threads took: 0.0000422 seconds
{Heap before GC invocations=122 (full 2):
 par new generation   total 109248K, used 94229K [0x00000000e0000000, 0x00000000e8000000, 0x00000000e8000000)
  eden space 87424K, 100% used [0x00000000e0000000, 0x00000000e5560000, 0x00000000e5560000)
  from space 21824K,  31% used [0x00000000e5560000, 0x00000000e5c05720, 0x00000000e6ab0000)
  to   space 21824K,   0% used [0x00000000e6ab0000, 0x00000000e6ab0000, 0x00000000e8000000)
 concurrent mark-sweep generation total 393216K, used 63082K [0x00000000e8000000, 0x0000000100000000, 0x0000000100000000)
 Metaspace       used 48391K, capacity 49387K, committed 49580K, reserved 1093632K
  class space    used 5202K, capacity 5508K, committed 5596K, reserved 1048576K
2017-03-14T09:38:09.383+0000: 523.396: [GC (Allocation Failure) 2017-03-14T09:38:09.383+0000: 523.396: [ParNew
Desired survivor size 20112992 bytes, new threshold 8 (max 8)
- age   1:    2828968 bytes,    2828968 total
- age   2:     509840 bytes,    3338808 total
- age   3:     691184 bytes,    4029992 total
- age   4:      34688 bytes,    4064680 total
- age   5:     469728 bytes,    4534408 total
- age   6:     451688 bytes,    4986096 total
- age   7:      38080 bytes,    5024176 total
- age   8:     320688 bytes,    5344864 total
: 94229K->6345K(109248K), 0.0129480 secs] 157312K->69723K(502464K), 0.0130880 secs] [Times: user=0.04 sys=0.00, real=0.01 secs] 
Heap after GC invocations=123 (full 2):
 par new generation   total 109248K, used 6345K [0x00000000e0000000, 0x00000000e8000000, 0x00000000e8000000)
  eden space 87424K,   0% used [0x00000000e0000000, 0x00000000e0000000, 0x00000000e5560000)
  from space 21824K,  29% used [0x00000000e6ab0000, 0x00000000e70e2400, 0x00000000e8000000)
  to   space 21824K,   0% used [0x00000000e5560000, 0x00000000e5560000, 0x00000000e6ab0000)
 concurrent mark-sweep generation total 393216K, used 63378K [0x00000000e8000000, 0x0000000100000000, 0x0000000100000000)
 Metaspace       used 48391K, capacity 49387K, committed 49580K, reserved 1093632K
  class space    used 5202K, capacity 5508K, committed 5596K, reserved 1048576K
}
2017-03-14T09:38:09.396+0000: 523.409: Total time for which application threads were stopped: 0.0134348 seconds, Stopping threads took: 0.0000288 seconds
2017-03-14T09:38:10.397+0000: 524.409: Total time for which application threads were stopped: 0.0002697 seconds, Stopping threads took: 0.0000560 seconds
2017-03-14T09:38:11.022+0000: 525.034: Total time for which application threads were stopped: 0.0002670 seconds, Stopping threads took: 0.0000349 seconds
2017-03-14T09:38:12.023+0000: 526.035: Total time for which application threads were stopped: 0.0004849 seconds, Stopping threads took: 0.0001381 seconds
{Heap before GC invocations=123 (full 2):
 par new generation   total 109248K, used 93769K [0x00000000e0000000, 0x00000000e8000000, 0x00000000e8000000)
  eden space 87424K, 100% used [0x00000000e0000000, 0x00000000e5560000, 0x00000000e5560000)
  from space 21824K,  29% used [0x00000000e6ab0000, 0x00000000e70e2400, 0x00000000e8000000)
  to   space 21824K,   0% used [0x00000000e5560000, 0x00000000e5560000, 0x00000000e6ab0000)
 concurrent mark-sweep generation total 393216K, used 63378K [0x00000000e8000000, 0x0000000100000000, 0x0000000100000000)
 Metaspace       used 48395K, capacity 49387K, committed 49580K, reserved 1093632K
  class space    used 5202K, capacity 5508K, committed 5596K, reserved 1048576K
2017-03-14T09:38:12.215+0000: 526.227: [GC (Allocation Failure) 2017-03-14T09:38:12.215+0000: 526.227: [ParNew
Desired survivor size 20112992 bytes, new threshold 8 (max 8)
- age   1:    2668768 bytes,    2668768 total
- age   2:     521520 bytes,    3190288 total
- age   3:     499808 bytes,    3690096 total
- age   4:     679656 bytes,    4369752 total
- age   5:      32240 bytes,    4401992 total
- age   6:     469504 bytes,    4871496 total
- age   7:     451464 bytes,    5322960 total
- age   8:      37888 bytes,    5360848 total
: 93769K->7961K(109248K), 0.0106317 secs] 157147K->71653K(502464K), 0.0107684 secs] [Times: user=0.03 sys=0.00, real=0.01 secs] 
Heap after GC invocations=124 (full 2):
 par new generation   total 109248K, used 7961K [0x00000000e0000000, 0x00000000e8000000, 0x00000000e8000000)
  eden space 87424K,   0% used [0x00000000e0000000, 0x00000000e0000000, 0x00000000e5560000)
  from space 21824K,  36% used [0x00000000e5560000, 0x00000000e5d26488, 0x00000000e6ab0000)
  to   space 21824K,   0% used [0x00000000e6ab0000, 0x00000000e6ab0000, 0x00000000e8000000)
 concurrent mark-sweep generation total 393216K, used 63692K [0x00000000e8000000, 0x0000000100000000, 0x0000000100000000)
 Metaspace       used 48395K, capacity 49387K, committed 49580K, reserved 1093632K
  class space    used 5202K, capacity 5508K, committed 5596K, reserved 1048576K
}
2017-03-14T09:38:12.226+0000: 526.238: Total time for which application threads were stopped: 0.0111368 seconds, Stopping threads took: 0.0000336 seconds
2017-03-14T09:38:14.216+0000: 528.228: Total time for which application threads were stopped: 0.0003082 seconds, Stopping threads took: 0.0000708 seconds
2017-03-14T09:38:14.263+0000: 528.275: Total time for which application threads were stopped: 0.0050103 seconds, Stopping threads took: 0.0048156 seconds
{Heap before GC invocations=124 (full 2):
 par new generation   total 109248K, used 95372K [0x00000000e0000000, 0x00000000e8000000, 0x00000000e8000000)
  eden space 87424K,  99% used [0x00000000e0000000, 0x00000000e555cd30, 0x00000000e5560000)
  from space 21824K,  36% used [0x00000000e5560000, 0x00000000e5d26488, 0x00000000e6ab0000)
  to   space 21824K,   0% used [0x00000000e6ab0000, 0x00000000e6ab0000, 0x00000000e8000000)
 concurrent mark-sweep generation total 393216K, used 63692K [0x00000000e8000000, 0x0000000100000000, 0x0000000100000000)
 Metaspace       used 48397K, capacity 49387K, committed 49580K, reserved 1093632K
  class space    used 5202K, capacity 5508K, committed 5596K, reserved 1048576K
2017-03-14T09:38:14.273+0000: 528.285: [GC (Allocation Failure) 2017-03-14T09:38:14.273+0000: 528.285: [ParNew
Desired survivor size 20112992 bytes, new threshold 8 (max 8)
- age   1:    2098088 bytes,    2098088 total
- age   2:     517664 bytes,    2615752 total
- age   3:     513616 bytes,    3129368 total
- age   4:     490648 bytes,    3620016 total
- age   5:     678776 bytes,    4298792 total
- age   6:      31208 bytes,    4330000 total
- age   7:     469440 bytes,    4799440 total
- age   8:     451368 bytes,    5250808 total
: 95372K->6115K(109248K), 0.0192570 secs] 159064K->69844K(502464K), 0.0193417 secs] [Times: user=0.04 sys=0.00, real=0.02 secs] 
Heap after GC invocations=125 (full 2):
 par new generation   total 109248K, used 6115K [0x00000000e0000000, 0x00000000e8000000, 0x00000000e8000000)
  eden space 87424K,   0% used [0x00000000e0000000, 0x00000000e0000000, 0x00000000e5560000)
  from space 21824K,  28% used [0x00000000e6ab0000, 0x00000000e70a8cf0, 0x00000000e8000000)
  to   space 21824K,   0% used [0x00000000e5560000, 0x00000000e5560000, 0x00000000e6ab0000)
 concurrent mark-sweep generation total 393216K, used 63728K [0x00000000e8000000, 0x0000000100000000, 0x0000000100000000)
 Metaspace       used 48397K, capacity 49387K, committed 49580K, reserved 1093632K
  class space    used 5202K, capacity 5508K, committed 5596K, reserved 1048576K
}
2017-03-14T09:38:14.292+0000: 528.305: Total time for which application threads were stopped: 0.0196572 seconds, Stopping threads took: 0.0000308 seconds
2017-03-14T09:38:15.086+0000: 529.098: Total time for which application threads were stopped: 0.0002921 seconds, Stopping threads took: 0.0000378 seconds
{Heap before GC invocations=125 (full 2):
 par new generation   total 109248K, used 93539K [0x00000000e0000000, 0x00000000e8000000, 0x00000000e8000000)
  eden space 87424K, 100% used [0x00000000e0000000, 0x00000000e5560000, 0x00000000e5560000)
  from space 21824K,  28% used [0x00000000e6ab0000, 0x00000000e70a8cf0, 0x00000000e8000000)
  to   space 21824K,   0% used [0x00000000e5560000, 0x00000000e5560000, 0x00000000e6ab0000)
 concurrent mark-sweep generation total 393216K, used 63728K [0x00000000e8000000, 0x0000000100000000, 0x0000000100000000)
 Metaspace       used 48401K, capacity 49387K, committed 49580K, reserved 1093632K
  class space    used 5202K, capacity 5508K, committed 5596K, reserved 1048576K
2017-03-14T09:38:15.145+0000: 529.157: [GC (Allocation Failure) 2017-03-14T09:38:15.145+0000: 529.157: [ParNew
Desired survivor size 20112992 bytes, new threshold 8 (max 8)
- age   1:    2505680 bytes,    2505680 total
- age   2:     515560 bytes,    3021240 total
- age   3:     462848 bytes,    3484088 total
- age   4:     510640 bytes,    3994728 total
- age   5:     489808 bytes,    4484536 total
- age   6:     678456 bytes,    5162992 total
- age   7:      31176 bytes,    5194168 total
- age   8:     469408 bytes,    5663576 total
: 93539K->8914K(109248K), 0.0253503 secs] 157268K->73084K(502464K), 0.0254521 secs] [Times: user=0.06 sys=0.00, real=0.03 secs] 
Heap after GC invocations=126 (full 2):
 par new generation   total 109248K, used 8914K [0x00000000e0000000, 0x00000000e8000000, 0x00000000e8000000)
  eden space 87424K,   0% used [0x00000000e0000000, 0x00000000e0000000, 0x00000000e5560000)
  from space 21824K,  40% used [0x00000000e5560000, 0x00000000e5e14ac0, 0x00000000e6ab0000)
  to   space 21824K,   0% used [0x00000000e6ab0000, 0x00000000e6ab0000, 0x00000000e8000000)
 concurrent mark-sweep generation total 393216K, used 64169K [0x00000000e8000000, 0x0000000100000000, 0x0000000100000000)
 Metaspace       used 48401K, capacity 49387K, committed 49580K, reserved 1093632K
  class space    used 5202K, capacity 5508K, committed 5596K, reserved 1048576K
}
2017-03-14T09:38:15.170+0000: 529.183: Total time for which application threads were stopped: 0.0258425 seconds, Stopping threads took: 0.0000374 seconds
{Heap before GC invocations=126 (full 2):
 par new generation   total 109248K, used 96311K [0x00000000e0000000, 0x00000000e8000000, 0x00000000e8000000)
  eden space 87424K,  99% used [0x00000000e0000000, 0x00000000e5559530, 0x00000000e5560000)
  from space 21824K,  40% used [0x00000000e5560000, 0x00000000e5e14ac0, 0x00000000e6ab0000)
  to   space 21824K,   0% used [0x00000000e6ab0000, 0x00000000e6ab0000, 0x00000000e8000000)
 concurrent mark-sweep generation total 393216K, used 64169K [0x00000000e8000000, 0x0000000100000000, 0x0000000100000000)
 Metaspace       used 48401K, capacity 49387K, committed 49580K, reserved 1093632K
  class space    used 5202K, capacity 5508K, committed 5596K, reserved 1048576K
2017-03-14T09:38:15.803+0000: 529.816: [GC (Allocation Failure) 2017-03-14T09:38:15.803+0000: 529.816: [ParNew
Desired survivor size 20112992 bytes, new threshold 8 (max 8)
- age   1:     684152 bytes,     684152 total
- age   2:    2049232 bytes,    2733384 total
- age   3:     508640 bytes,    3242024 total
- age   4:     458360 bytes,    3700384 total
- age   5:     510096 bytes,    4210480 total
- age   6:     488424 bytes,    4698904 total
- age   7:     677944 bytes,    5376848 total
- age   8:      30568 bytes,    5407416 total
: 96311K->6866K(109248K), 0.0480349 secs] 160481K->71494K(502464K), 0.0481342 secs] [Times: user=0.10 sys=0.00, real=0.05 secs] 
Heap after GC invocations=127 (full 2):
 par new generation   total 109248K, used 6866K [0x00000000e0000000, 0x00000000e8000000, 0x00000000e8000000)
  eden space 87424K,   0% used [0x00000000e0000000, 0x00000000e0000000, 0x00000000e5560000)
  from space 21824K,  31% used [0x00000000e6ab0000, 0x00000000e7164b58, 0x00000000e8000000)
  to   space 21824K,   0% used [0x00000000e5560000, 0x00000000e5560000, 0x00000000e6ab0000)
 concurrent mark-sweep generation total 393216K, used 64628K [0x00000000e8000000, 0x0000000100000000, 0x0000000100000000)
 Metaspace       used 48401K, capacity 49387K, committed 49580K, reserved 1093632K
  class space    used 5202K, capacity 5508K, committed 5596K, reserved 1048576K
}
2017-03-14T09:38:15.851+0000: 529.864: Total time for which application threads were stopped: 0.0485068 seconds, Stopping threads took: 0.0000726 seconds
2017-03-14T09:38:16.338+0000: 530.350: Total time for which application threads were stopped: 0.0009432 seconds, Stopping threads took: 0.0007473 seconds
2017-03-14T09:38:16.339+0000: 530.352: Total time for which application threads were stopped: 0.0002384 seconds, Stopping threads took: 0.0000332 seconds
2017-03-14T09:38:16.342+0000: 530.355: Total time for which application threads were stopped: 0.0028975 seconds, Stopping threads took: 0.0026986 seconds
2017-03-14T09:38:16.343+0000: 530.355: Total time for which application threads were stopped: 0.0001398 seconds, Stopping threads took: 0.0000508 seconds
2017-03-14T09:38:17.343+0000: 531.355: Total time for which application threads were stopped: 0.0003060 seconds, Stopping threads took: 0.0000355 seconds
2017-03-14T09:38:19.436+0000: 533.448: Total time for which application threads were stopped: 0.0005600 seconds, Stopping threads took: 0.0001273 seconds
2017-03-14T09:38:19.440+0000: 533.452: Total time for which application threads were stopped: 0.0004275 seconds, Stopping threads took: 0.0000623 seconds
2017-03-14T09:38:19.441+0000: 533.453: Total time for which application threads were stopped: 0.0002903 seconds, Stopping threads took: 0.0000395 seconds
2017-03-14T09:38:19.441+0000: 533.453: Total time for which application threads were stopped: 0.0003585 seconds, Stopping threads took: 0.0001147 seconds
2017-03-14T09:38:19.442+0000: 533.454: Total time for which application threads were stopped: 0.0002873 seconds, Stopping threads took: 0.0000474 seconds
2017-03-14T09:38:19.442+0000: 533.454: Total time for which application threads were stopped: 0.0002744 seconds, Stopping threads took: 0.0000755 seconds
2017-03-14T09:38:19.442+0000: 533.455: Total time for which application threads were stopped: 0.0002293 seconds, Stopping threads took: 0.0000378 seconds
2017-03-14T09:38:19.443+0000: 533.455: Total time for which application threads were stopped: 0.0002324 seconds, Stopping threads took: 0.0000460 seconds
2017-03-14T09:38:19.443+0000: 533.456: Total time for which application threads were stopped: 0.0002961 seconds, Stopping threads took: 0.0000708 seconds
2017-03-14T09:38:19.444+0000: 533.456: Total time for which application threads were stopped: 0.0002356 seconds, Stopping threads took: 0.0000466 seconds
2017-03-14T09:38:19.444+0000: 533.456: Total time for which application threads were stopped: 0.0002352 seconds, Stopping threads took: 0.0000480 seconds
2017-03-14T09:38:19.459+0000: 533.471: Total time for which application threads were stopped: 0.0004973 seconds, Stopping threads took: 0.0000941 seconds
2017-03-14T09:38:19.465+0000: 533.477: Total time for which application threads were stopped: 0.0003799 seconds, Stopping threads took: 0.0000605 seconds
2017-03-14T09:38:19.465+0000: 533.478: Total time for which application threads were stopped: 0.0003015 seconds, Stopping threads took: 0.0000505 seconds
2017-03-14T09:38:19.466+0000: 533.478: Total time for which application threads were stopped: 0.0002782 seconds, Stopping threads took: 0.0000460 seconds
2017-03-14T09:38:19.466+0000: 533.478: Total time for which application threads were stopped: 0.0002245 seconds, Stopping threads took: 0.0000210 seconds
2017-03-14T09:38:19.466+0000: 533.479: Total time for which application threads were stopped: 0.0002525 seconds, Stopping threads took: 0.0000232 seconds
2017-03-14T09:38:19.467+0000: 533.479: Total time for which application threads were stopped: 0.0002954 seconds, Stopping threads took: 0.0000950 seconds
2017-03-14T09:38:19.467+0000: 533.479: Total time for which application threads were stopped: 0.0001694 seconds, Stopping threads took: 0.0000202 seconds
2017-03-14T09:38:19.467+0000: 533.480: Total time for which application threads were stopped: 0.0002416 seconds, Stopping threads took: 0.0000216 seconds
2017-03-14T09:38:19.929+0000: 533.941: Total time for which application threads were stopped: 0.0003308 seconds, Stopping threads took: 0.0000382 seconds
2017-03-14T09:38:20.929+0000: 534.942: Total time for which application threads were stopped: 0.0003513 seconds, Stopping threads took: 0.0000546 seconds
2017-03-14T09:38:36.434+0000: 550.446: Total time for which application threads were stopped: 0.0003861 seconds, Stopping threads took: 0.0000791 seconds
2017-03-14T09:38:36.435+0000: 550.447: Total time for which application threads were stopped: 0.0002902 seconds, Stopping threads took: 0.0000355 seconds
2017-03-14T09:38:36.439+0000: 550.452: Total time for which application threads were stopped: 0.0002818 seconds, Stopping threads took: 0.0000313 seconds
2017-03-14T09:38:36.445+0000: 550.458: Total time for which application threads were stopped: 0.0011167 seconds, Stopping threads took: 0.0009209 seconds
2017-03-14T09:38:37.446+0000: 551.458: Total time for which application threads were stopped: 0.0003968 seconds, Stopping threads took: 0.0000598 seconds
2017-03-14T09:38:41.537+0000: 555.549: Total time for which application threads were stopped: 0.0002402 seconds, Stopping threads took: 0.0000298 seconds
2017-03-14T09:38:41.537+0000: 555.550: Total time for which application threads were stopped: 0.0001733 seconds, Stopping threads took: 0.0000153 seconds
2017-03-14T09:38:41.538+0000: 555.550: Total time for which application threads were stopped: 0.0001429 seconds, Stopping threads took: 0.0000120 seconds
2017-03-14T09:38:41.538+0000: 555.550: Total time for which application threads were stopped: 0.0003456 seconds, Stopping threads took: 0.0001968 seconds
2017-03-14T09:38:41.539+0000: 555.551: Total time for which application threads were stopped: 0.0004183 seconds, Stopping threads took: 0.0000127 seconds
2017-03-14T09:38:41.549+0000: 555.561: Total time for which application threads were stopped: 0.0016116 seconds, Stopping threads took: 0.0013998 seconds
2017-03-14T09:38:41.549+0000: 555.561: Total time for which application threads were stopped: 0.0001690 seconds, Stopping threads took: 0.0000472 seconds
2017-03-14T09:38:41.549+0000: 555.561: Total time for which application threads were stopped: 0.0001349 seconds, Stopping threads took: 0.0000386 seconds
2017-03-14T09:38:41.549+0000: 555.562: Total time for which application threads were stopped: 0.0001329 seconds, Stopping threads took: 0.0000416 seconds
2017-03-14T09:38:41.553+0000: 555.566: Total time for which application threads were stopped: 0.0002424 seconds, Stopping threads took: 0.0000432 seconds
2017-03-14T09:38:41.553+0000: 555.566: Total time for which application threads were stopped: 0.0001392 seconds, Stopping threads took: 0.0000266 seconds
2017-03-14T09:38:41.554+0000: 555.566: Total time for which application threads were stopped: 0.0001217 seconds, Stopping threads took: 0.0000236 seconds
2017-03-14T09:38:41.554+0000: 555.566: Total time for which application threads were stopped: 0.0001265 seconds, Stopping threads took: 0.0000277 seconds
2017-03-14T09:38:42.554+0000: 556.567: Total time for which application threads were stopped: 0.0002800 seconds, Stopping threads took: 0.0000423 seconds
2017-03-14T09:38:56.556+0000: 570.568: Total time for which application threads were stopped: 0.0002347 seconds, Stopping threads took: 0.0000277 seconds
2017-03-14T09:38:56.846+0000: 570.859: Total time for which application threads were stopped: 0.0003423 seconds, Stopping threads took: 0.0000361 seconds
2017-03-14T09:38:56.849+0000: 570.861: Total time for which application threads were stopped: 0.0002626 seconds, Stopping threads took: 0.0000488 seconds
2017-03-14T09:38:56.849+0000: 570.861: Total time for which application threads were stopped: 0.0001471 seconds, Stopping threads took: 0.0000166 seconds
2017-03-14T09:38:56.849+0000: 570.862: Total time for which application threads were stopped: 0.0001430 seconds, Stopping threads took: 0.0000166 seconds
2017-03-14T09:38:56.850+0000: 570.862: Total time for which application threads were stopped: 0.0001928 seconds, Stopping threads took: 0.0000154 seconds
2017-03-14T09:38:56.850+0000: 570.862: Total time for which application threads were stopped: 0.0001959 seconds, Stopping threads took: 0.0000221 seconds
2017-03-14T09:38:56.850+0000: 570.862: Total time for which application threads were stopped: 0.0001275 seconds, Stopping threads took: 0.0000139 seconds
2017-03-14T09:38:56.850+0000: 570.863: Total time for which application threads were stopped: 0.0001406 seconds, Stopping threads took: 0.0000147 seconds
2017-03-14T09:38:56.850+0000: 570.863: Total time for which application threads were stopped: 0.0001335 seconds, Stopping threads took: 0.0000137 seconds
2017-03-14T09:38:56.853+0000: 570.865: Total time for which application threads were stopped: 0.0002746 seconds, Stopping threads took: 0.0000535 seconds
2017-03-14T09:38:56.853+0000: 570.865: Total time for which application threads were stopped: 0.0001541 seconds, Stopping threads took: 0.0000324 seconds
2017-03-14T09:38:56.855+0000: 570.867: Total time for which application threads were stopped: 0.0002373 seconds, Stopping threads took: 0.0000458 seconds
2017-03-14T09:38:56.855+0000: 570.867: Total time for which application threads were stopped: 0.0001392 seconds, Stopping threads took: 0.0000141 seconds
2017-03-14T09:38:56.857+0000: 570.870: Total time for which application threads were stopped: 0.0002363 seconds, Stopping threads took: 0.0000555 seconds
2017-03-14T09:38:56.857+0000: 570.870: Total time for which application threads were stopped: 0.0001075 seconds, Stopping threads took: 0.0000235 seconds
2017-03-14T09:38:57.858+0000: 571.870: Total time for which application threads were stopped: 0.0002962 seconds, Stopping threads took: 0.0000476 seconds
2017-03-14T09:39:00.715+0000: 574.727: Total time for which application threads were stopped: 0.0002672 seconds, Stopping threads took: 0.0000303 seconds
2017-03-14T09:39:00.715+0000: 574.727: Total time for which application threads were stopped: 0.0001377 seconds, Stopping threads took: 0.0000102 seconds
2017-03-14T09:39:00.717+0000: 574.729: Total time for which application threads were stopped: 0.0002498 seconds, Stopping threads took: 0.0000561 seconds
2017-03-14T09:39:00.717+0000: 574.729: Total time for which application threads were stopped: 0.0001269 seconds, Stopping threads took: 0.0000339 seconds
2017-03-14T09:39:02.443+0000: 576.455: Total time for which application threads were stopped: 0.0002462 seconds, Stopping threads took: 0.0000513 seconds
2017-03-14T09:39:03.443+0000: 577.455: Total time for which application threads were stopped: 0.0002786 seconds, Stopping threads took: 0.0000617 seconds
2017-03-14T09:39:06.444+0000: 580.456: Total time for which application threads were stopped: 0.0002947 seconds, Stopping threads took: 0.0000682 seconds
2017-03-14T09:39:26.447+0000: 600.459: Total time for which application threads were stopped: 0.0005679 seconds, Stopping threads took: 0.0001272 seconds
2017-03-14T09:39:27.447+0000: 601.459: Total time for which application threads were stopped: 0.0002921 seconds, Stopping threads took: 0.0000363 seconds
2017-03-14T09:39:50.321+0000: 624.333: Total time for which application threads were stopped: 0.0003124 seconds, Stopping threads took: 0.0000625 seconds
2017-03-14T09:39:50.324+0000: 624.336: Total time for which application threads were stopped: 0.0015596 seconds, Stopping threads took: 0.0000404 seconds
2017-03-14T09:39:50.370+0000: 624.383: Total time for which application threads were stopped: 0.0002743 seconds, Stopping threads took: 0.0000403 seconds
2017-03-14T09:39:50.395+0000: 624.408: Total time for which application threads were stopped: 0.0014891 seconds, Stopping threads took: 0.0002715 seconds
2017-03-14T09:39:51.396+0000: 625.408: Total time for which application threads were stopped: 0.0002859 seconds, Stopping threads took: 0.0000456 seconds
{Heap before GC invocations=127 (full 2):
 par new generation   total 109248K, used 94290K [0x00000000e0000000, 0x00000000e8000000, 0x00000000e8000000)
  eden space 87424K, 100% used [0x00000000e0000000, 0x00000000e5560000, 0x00000000e5560000)
  from space 21824K,  31% used [0x00000000e6ab0000, 0x00000000e7164b58, 0x00000000e8000000)
  to   space 21824K,   0% used [0x00000000e5560000, 0x00000000e5560000, 0x00000000e6ab0000)
 concurrent mark-sweep generation total 393216K, used 64628K [0x00000000e8000000, 0x0000000100000000, 0x0000000100000000)
 Metaspace       used 49015K, capacity 50119K, committed 50348K, reserved 1093632K
  class space    used 5279K, capacity 5588K, committed 5596K, reserved 1048576K
2017-03-14T09:40:25.568+0000: 659.580: [GC (Allocation Failure) 2017-03-14T09:40:25.568+0000: 659.580: [ParNew
Desired survivor size 20112992 bytes, new threshold 8 (max 8)
- age   1:    1562768 bytes,    1562768 total
- age   2:     136560 bytes,    1699328 total
- age   3:      31896 bytes,    1731224 total
- age   4:      39632 bytes,    1770856 total
- age   5:      38952 bytes,    1809808 total
- age   6:      33896 bytes,    1843704 total
- age   7:     103896 bytes,    1947600 total
- age   8:     102664 bytes,    2050264 total
: 94290K->3255K(109248K), 0.0095405 secs] 158918K->67913K(502464K), 0.0096937 secs] [Times: user=0.04 sys=0.00, real=0.01 secs] 
Heap after GC invocations=128 (full 2):
 par new generation   total 109248K, used 3255K [0x00000000e0000000, 0x00000000e8000000, 0x00000000e8000000)
  eden space 87424K,   0% used [0x00000000e0000000, 0x00000000e0000000, 0x00000000e5560000)
  from space 21824K,  14% used [0x00000000e5560000, 0x00000000e588de80, 0x00000000e6ab0000)
  to   space 21824K,   0% used [0x00000000e6ab0000, 0x00000000e6ab0000, 0x00000000e8000000)
 concurrent mark-sweep generation total 393216K, used 64657K [0x00000000e8000000, 0x0000000100000000, 0x0000000100000000)
 Metaspace       used 49015K, capacity 50119K, committed 50348K, reserved 1093632K
  class space    used 5279K, capacity 5588K, committed 5596K, reserved 1048576K
}
2017-03-14T09:40:25.578+0000: 659.590: Total time for which application threads were stopped: 0.0100158 seconds, Stopping threads took: 0.0000320 seconds
2017-03-14T09:40:32.429+0000: 666.442: Total time for which application threads were stopped: 0.0003602 seconds, Stopping threads took: 0.0000650 seconds
2017-03-14T09:40:32.430+0000: 666.442: Total time for which application threads were stopped: 0.0002967 seconds, Stopping threads took: 0.0000874 seconds
2017-03-14T09:40:33.430+0000: 667.443: Total time for which application threads were stopped: 0.0003561 seconds, Stopping threads took: 0.0000719 seconds
2017-03-14T09:40:45.596+0000: 679.608: Total time for which application threads were stopped: 0.0003242 seconds, Stopping threads took: 0.0000447 seconds
2017-03-14T09:40:45.605+0000: 679.617: Total time for which application threads were stopped: 0.0004323 seconds, Stopping threads took: 0.0000763 seconds
2017-03-14T09:40:45.613+0000: 679.625: Total time for which application threads were stopped: 0.0003698 seconds, Stopping threads took: 0.0000369 seconds
2017-03-14T09:40:45.629+0000: 679.642: Total time for which application threads were stopped: 0.0002566 seconds, Stopping threads took: 0.0000311 seconds
2017-03-14T09:40:45.630+0000: 679.642: Total time for which application threads were stopped: 0.0001635 seconds, Stopping threads took: 0.0000281 seconds
2017-03-14T09:40:45.631+0000: 679.643: Total time for which application threads were stopped: 0.0003577 seconds, Stopping threads took: 0.0001725 seconds
2017-03-14T09:40:45.632+0000: 679.645: Total time for which application threads were stopped: 0.0006752 seconds, Stopping threads took: 0.0001697 seconds
2017-03-14T09:40:45.634+0000: 679.646: Total time for which application threads were stopped: 0.0005370 seconds, Stopping threads took: 0.0003021 seconds
2017-03-14T09:40:45.635+0000: 679.648: Total time for which application threads were stopped: 0.0008750 seconds, Stopping threads took: 0.0003060 seconds
2017-03-14T09:40:45.637+0000: 679.649: Total time for which application threads were stopped: 0.0002535 seconds, Stopping threads took: 0.0000662 seconds
2017-03-14T09:40:45.638+0000: 679.650: Total time for which application threads were stopped: 0.0002228 seconds, Stopping threads took: 0.0000522 seconds
2017-03-14T09:40:45.638+0000: 679.651: Total time for which application threads were stopped: 0.0002519 seconds, Stopping threads took: 0.0001010 seconds
2017-03-14T09:40:45.639+0000: 679.652: Total time for which application threads were stopped: 0.0002710 seconds, Stopping threads took: 0.0000983 seconds
2017-03-14T09:40:45.640+0000: 679.652: Total time for which application threads were stopped: 0.0001793 seconds, Stopping threads took: 0.0000296 seconds
2017-03-14T09:40:46.640+0000: 680.653: Total time for which application threads were stopped: 0.0003092 seconds, Stopping threads took: 0.0000492 seconds
2017-03-14T09:40:51.090+0000: 685.102: Total time for which application threads were stopped: 0.0003324 seconds, Stopping threads took: 0.0000951 seconds
2017-03-14T09:40:51.093+0000: 685.105: Total time for which application threads were stopped: 0.0004381 seconds, Stopping threads took: 0.0000924 seconds
2017-03-14T09:40:51.105+0000: 685.117: Total time for which application threads were stopped: 0.0002332 seconds, Stopping threads took: 0.0000476 seconds
2017-03-14T09:40:51.105+0000: 685.117: Total time for which application threads were stopped: 0.0001197 seconds, Stopping threads took: 0.0000274 seconds
2017-03-14T09:40:52.105+0000: 686.118: Total time for which application threads were stopped: 0.0002771 seconds, Stopping threads took: 0.0000416 seconds
2017-03-14T09:40:56.223+0000: 690.235: Total time for which application threads were stopped: 0.0003795 seconds, Stopping threads took: 0.0001498 seconds
2017-03-14T09:40:56.241+0000: 690.254: Total time for which application threads were stopped: 0.0013312 seconds, Stopping threads took: 0.0000276 seconds
2017-03-14T09:40:57.242+0000: 691.254: Total time for which application threads were stopped: 0.0004366 seconds, Stopping threads took: 0.0000546 seconds
2017-03-14T09:41:04.516+0000: 698.528: Total time for which application threads were stopped: 0.0002948 seconds, Stopping threads took: 0.0000742 seconds
2017-03-14T09:41:04.548+0000: 698.560: Total time for which application threads were stopped: 0.0014104 seconds, Stopping threads took: 0.0000367 seconds
2017-03-14T09:41:04.550+0000: 698.562: Total time for which application threads were stopped: 0.0010979 seconds, Stopping threads took: 0.0000271 seconds
2017-03-14T09:41:04.565+0000: 698.577: Total time for which application threads were stopped: 0.0011785 seconds, Stopping threads took: 0.0000278 seconds
2017-03-14T09:41:04.568+0000: 698.581: Total time for which application threads were stopped: 0.0003177 seconds, Stopping threads took: 0.0001310 seconds
2017-03-14T09:41:24.571+0000: 718.583: Total time for which application threads were stopped: 0.0002155 seconds, Stopping threads took: 0.0000328 seconds
2017-03-14T09:41:34.573+0000: 728.585: Total time for which application threads were stopped: 0.0002179 seconds, Stopping threads took: 0.0000504 seconds
2017-03-14T09:43:57.593+0000: 871.605: Total time for which application threads were stopped: 0.0003513 seconds, Stopping threads took: 0.0000581 seconds
2017-03-14T09:43:58.593+0000: 872.606: Total time for which application threads were stopped: 0.0003481 seconds, Stopping threads took: 0.0000553 seconds
2017-03-14T09:44:01.594+0000: 875.606: Total time for which application threads were stopped: 0.0002348 seconds, Stopping threads took: 0.0000448 seconds
2017-03-14T09:44:53.980+0000: 927.992: Total time for which application threads were stopped: 0.0004599 seconds, Stopping threads took: 0.0000294 seconds
2017-03-14T09:44:54.980+0000: 928.992: Total time for which application threads were stopped: 0.0002529 seconds, Stopping threads took: 0.0000934 seconds
2017-03-14T09:45:00.981+0000: 934.993: Total time for which application threads were stopped: 0.0002442 seconds, Stopping threads took: 0.0000551 seconds
2017-03-14T09:45:08.092+0000: 942.104: Total time for which application threads were stopped: 0.0002308 seconds, Stopping threads took: 0.0000511 seconds
2017-03-14T09:45:08.093+0000: 942.105: Total time for which application threads were stopped: 0.0001418 seconds, Stopping threads took: 0.0000277 seconds
2017-03-14T09:45:09.093+0000: 943.105: Total time for which application threads were stopped: 0.0002191 seconds, Stopping threads took: 0.0000512 seconds
2017-03-14T09:45:11.093+0000: 945.106: Total time for which application threads were stopped: 0.0003232 seconds, Stopping threads took: 0.0000508 seconds
2017-03-14T09:45:13.094+0000: 947.107: Total time for which application threads were stopped: 0.0004183 seconds, Stopping threads took: 0.0000552 seconds
2017-03-14T09:45:28.097+0000: 962.109: Total time for which application threads were stopped: 0.0004145 seconds, Stopping threads took: 0.0000613 seconds
2017-03-14T09:45:42.441+0000: 976.453: Total time for which application threads were stopped: 0.0003540 seconds, Stopping threads took: 0.0000735 seconds
2017-03-14T09:46:18.958+0000: 1012.971: Total time for which application threads were stopped: 0.0003101 seconds, Stopping threads took: 0.0000418 seconds
2017-03-14T09:46:19.959+0000: 1013.971: Total time for which application threads were stopped: 0.0002803 seconds, Stopping threads took: 0.0000403 seconds
2017-03-14T09:46:20.797+0000: 1014.809: Total time for which application threads were stopped: 0.0002295 seconds, Stopping threads took: 0.0000285 seconds
2017-03-14T09:46:20.797+0000: 1014.809: Total time for which application threads were stopped: 0.0001180 seconds, Stopping threads took: 0.0000211 seconds
2017-03-14T09:46:20.820+0000: 1014.833: Total time for which application threads were stopped: 0.0002384 seconds, Stopping threads took: 0.0000448 seconds
2017-03-14T09:46:20.821+0000: 1014.833: Total time for which application threads were stopped: 0.0001486 seconds, Stopping threads took: 0.0000219 seconds
2017-03-14T09:46:21.821+0000: 1015.834: Total time for which application threads were stopped: 0.0002521 seconds, Stopping threads took: 0.0000409 seconds
2017-03-14T09:46:28.446+0000: 1022.459: Total time for which application threads were stopped: 0.0002750 seconds, Stopping threads took: 0.0000563 seconds
2017-03-14T09:46:29.447+0000: 1023.459: Total time for which application threads were stopped: 0.0002697 seconds, Stopping threads took: 0.0000389 seconds
2017-03-14T09:47:12.453+0000: 1066.466: Total time for which application threads were stopped: 0.0002495 seconds, Stopping threads took: 0.0000397 seconds
2017-03-14T09:52:02.494+0000: 1356.507: Total time for which application threads were stopped: 0.0003859 seconds, Stopping threads took: 0.0000509 seconds
2017-03-14T09:52:52.806+0000: 1406.818: Total time for which application threads were stopped: 0.0012015 seconds, Stopping threads took: 0.0000394 seconds
2017-03-14T09:52:53.011+0000: 1407.023: Total time for which application threads were stopped: 0.0008367 seconds, Stopping threads took: 0.0000738 seconds
{Heap before GC invocations=128 (full 2):
 par new generation   total 109248K, used 90679K [0x00000000e0000000, 0x00000000e8000000, 0x00000000e8000000)
  eden space 87424K, 100% used [0x00000000e0000000, 0x00000000e5560000, 0x00000000e5560000)
  from space 21824K,  14% used [0x00000000e5560000, 0x00000000e588de80, 0x00000000e6ab0000)
  to   space 21824K,   0% used [0x00000000e6ab0000, 0x00000000e6ab0000, 0x00000000e8000000)
 concurrent mark-sweep generation total 393216K, used 64657K [0x00000000e8000000, 0x0000000100000000, 0x0000000100000000)
 Metaspace       used 49593K, capacity 50631K, committed 50732K, reserved 1093632K
  class space    used 5344K, capacity 5652K, committed 5724K, reserved 1048576K
2017-03-14T09:52:53.080+0000: 1407.093: [GC (Allocation Failure) 2017-03-14T09:52:53.080+0000: 1407.093: [ParNew
Desired survivor size 20112992 bytes, new threshold 8 (max 8)
- age   1:    2776344 bytes,    2776344 total
- age   2:     954120 bytes,    3730464 total
- age   3:     134232 bytes,    3864696 total
- age   4:      28416 bytes,    3893112 total
- age   5:      36360 bytes,    3929472 total
- age   6:      38112 bytes,    3967584 total
- age   7:      33864 bytes,    4001448 total
- age   8:     103832 bytes,    4105280 total
: 90679K->4508K(109248K), 0.0340364 secs] 155337K->69266K(502464K), 0.0341725 secs] [Times: user=0.04 sys=0.00, real=0.04 secs] 
Heap after GC invocations=129 (full 2):
 par new generation   total 109248K, used 4508K [0x00000000e0000000, 0x00000000e8000000, 0x00000000e8000000)
  eden space 87424K,   0% used [0x00000000e0000000, 0x00000000e0000000, 0x00000000e5560000)
  from space 21824K,  20% used [0x00000000e6ab0000, 0x00000000e6f17010, 0x00000000e8000000)
  to   space 21824K,   0% used [0x00000000e5560000, 0x00000000e5560000, 0x00000000e6ab0000)
 concurrent mark-sweep generation total 393216K, used 64758K [0x00000000e8000000, 0x0000000100000000, 0x0000000100000000)
 Metaspace       used 49593K, capacity 50631K, committed 50732K, reserved 1093632K
  class space    used 5344K, capacity 5652K, committed 5724K, reserved 1048576K
}
2017-03-14T09:52:53.115+0000: 1407.127: Total time for which application threads were stopped: 0.0346879 seconds, Stopping threads took: 0.0000612 seconds
{Heap before GC invocations=129 (full 2):
 par new generation   total 109248K, used 91932K [0x00000000e0000000, 0x00000000e8000000, 0x00000000e8000000)
  eden space 87424K, 100% used [0x00000000e0000000, 0x00000000e5560000, 0x00000000e5560000)
  from space 21824K,  20% used [0x00000000e6ab0000, 0x00000000e6f17010, 0x00000000e8000000)
  to   space 21824K,   0% used [0x00000000e5560000, 0x00000000e5560000, 0x00000000e6ab0000)
 concurrent mark-sweep generation total 393216K, used 64758K [0x00000000e8000000, 0x0000000100000000, 0x0000000100000000)
 Metaspace       used 49593K, capacity 50631K, committed 50732K, reserved 1093632K
  class space    used 5344K, capacity 5652K, committed 5724K, reserved 1048576K
2017-03-14T09:52:53.167+0000: 1407.180: [GC (Allocation Failure) 2017-03-14T09:52:53.167+0000: 1407.180: [ParNew
Desired survivor size 20112992 bytes, new threshold 8 (max 8)
- age   1:     370400 bytes,     370400 total
- age   2:    2210240 bytes,    2580640 total
- age   3:     947176 bytes,    3527816 total
- age   4:     134256 bytes,    3662072 total
- age   5:      28416 bytes,    3690488 total
- age   6:      36360 bytes,    3726848 total
- age   7:      38136 bytes,    3764984 total
- age   8:      33864 bytes,    3798848 total
: 91932K->5517K(109248K), 0.0169497 secs] 156690K->70377K(502464K), 0.0170884 secs] [Times: user=0.04 sys=0.00, real=0.02 secs] 
Heap after GC invocations=130 (full 2):
 par new generation   total 109248K, used 5517K [0x00000000e0000000, 0x00000000e8000000, 0x00000000e8000000)
  eden space 87424K,   0% used [0x00000000e0000000, 0x00000000e0000000, 0x00000000e5560000)
  from space 21824K,  25% used [0x00000000e5560000, 0x00000000e5ac3540, 0x00000000e6ab0000)
  to   space 21824K,   0% used [0x00000000e6ab0000, 0x00000000e6ab0000, 0x00000000e8000000)
 concurrent mark-sweep generation total 393216K, used 64859K [0x00000000e8000000, 0x0000000100000000, 0x0000000100000000)
 Metaspace       used 49593K, capacity 50631K, committed 50732K, reserved 1093632K
  class space    used 5344K, capacity 5652K, committed 5724K, reserved 1048576K
}
2017-03-14T09:52:53.184+0000: 1407.197: Total time for which application threads were stopped: 0.0175514 seconds, Stopping threads took: 0.0000743 seconds
{Heap before GC invocations=130 (full 2):
 par new generation   total 109248K, used 92941K [0x00000000e0000000, 0x00000000e8000000, 0x00000000e8000000)
  eden space 87424K, 100% used [0x00000000e0000000, 0x00000000e5560000, 0x00000000e5560000)
  from space 21824K,  25% used [0x00000000e5560000, 0x00000000e5ac3540, 0x00000000e6ab0000)
  to   space 21824K,   0% used [0x00000000e6ab0000, 0x00000000e6ab0000, 0x00000000e8000000)
 concurrent mark-sweep generation total 393216K, used 64859K [0x00000000e8000000, 0x0000000100000000, 0x0000000100000000)
 Metaspace       used 49594K, capacity 50631K, committed 50732K, reserved 1093632K
  class space    used 5345K, capacity 5652K, committed 5724K, reserved 1048576K
2017-03-14T09:52:53.267+0000: 1407.280: [GC (Allocation Failure) 2017-03-14T09:52:53.267+0000: 1407.280: [ParNew
Desired survivor size 20112992 bytes, new threshold 8 (max 8)
- age   1:     205664 bytes,     205664 total
- age   2:      90576 bytes,     296240 total
- age   3:    2210240 bytes,    2506480 total
- age   4:     947176 bytes,    3453656 total
- age   5:     134232 bytes,    3587888 total
- age   6:      28416 bytes,    3616304 total
- age   7:      36360 bytes,    3652664 total
- age   8:      38112 bytes,    3690776 total
: 92941K->4358K(109248K), 0.0226273 secs] 157801K->69252K(502464K), 0.0227508 secs] [Times: user=0.05 sys=0.00, real=0.03 secs] 
Heap after GC invocations=131 (full 2):
 par new generation   total 109248K, used 4358K [0x00000000e0000000, 0x00000000e8000000, 0x00000000e8000000)
  eden space 87424K,   0% used [0x00000000e0000000, 0x00000000e0000000, 0x00000000e5560000)
  from space 21824K,  19% used [0x00000000e6ab0000, 0x00000000e6ef1ac0, 0x00000000e8000000)
  to   space 21824K,   0% used [0x00000000e5560000, 0x00000000e5560000, 0x00000000e6ab0000)
 concurrent mark-sweep generation total 393216K, used 64893K [0x00000000e8000000, 0x0000000100000000, 0x0000000100000000)
 Metaspace       used 49594K, capacity 50631K, committed 50732K, reserved 1093632K
  class space    used 5345K, capacity 5652K, committed 5724K, reserved 1048576K
}
2017-03-14T09:52:53.290+0000: 1407.302: Total time for which application threads were stopped: 0.0280884 seconds, Stopping threads took: 0.0049246 seconds
2017-03-14T09:52:53.643+0000: 1407.655: Total time for which application threads were stopped: 0.0002167 seconds, Stopping threads took: 0.0000296 seconds
2017-03-14T09:52:53.769+0000: 1407.781: Total time for which application threads were stopped: 0.0003130 seconds, Stopping threads took: 0.0000295 seconds
{Heap before GC invocations=131 (full 2):
 par new generation   total 109248K, used 91782K [0x00000000e0000000, 0x00000000e8000000, 0x00000000e8000000)
  eden space 87424K, 100% used [0x00000000e0000000, 0x00000000e5560000, 0x00000000e5560000)
  from space 21824K,  19% used [0x00000000e6ab0000, 0x00000000e6ef1ac0, 0x00000000e8000000)
  to   space 21824K,   0% used [0x00000000e5560000, 0x00000000e5560000, 0x00000000e6ab0000)
 concurrent mark-sweep generation total 393216K, used 64893K [0x00000000e8000000, 0x0000000100000000, 0x0000000100000000)
 Metaspace       used 49622K, capacity 50635K, committed 50732K, reserved 1093632K
  class space    used 5345K, capacity 5652K, committed 5724K, reserved 1048576K
2017-03-14T09:52:53.833+0000: 1407.845: [GC (Allocation Failure) 2017-03-14T09:52:53.833+0000: 1407.845: [ParNew
Desired survivor size 20112992 bytes, new threshold 8 (max 8)
- age   1:    3573072 bytes,    3573072 total
- age   2:      84464 bytes,    3657536 total
- age   3:      89448 bytes,    3746984 total
- age   4:    1045288 bytes,    4792272 total
- age   5:     946688 bytes,    5738960 total
- age   6:     134168 bytes,    5873128 total
- age   7:      28384 bytes,    5901512 total
- age   8:      36360 bytes,    5937872 total
: 91782K->8120K(109248K), 0.0455406 secs] 156676K->73051K(502464K), 0.0457057 secs] [Times: user=0.04 sys=0.00, real=0.04 secs] 
Heap after GC invocations=132 (full 2):
 par new generation   total 109248K, used 8120K [0x00000000e0000000, 0x00000000e8000000, 0x00000000e8000000)
  eden space 87424K,   0% used [0x00000000e0000000, 0x00000000e0000000, 0x00000000e5560000)
  from space 21824K,  37% used [0x00000000e5560000, 0x00000000e5d4e0a0, 0x00000000e6ab0000)
  to   space 21824K,   0% used [0x00000000e6ab0000, 0x00000000e6ab0000, 0x00000000e8000000)
 concurrent mark-sweep generation total 393216K, used 64930K [0x00000000e8000000, 0x0000000100000000, 0x0000000100000000)
 Metaspace       used 49622K, capacity 50635K, committed 50732K, reserved 1093632K
  class space    used 5345K, capacity 5652K, committed 5724K, reserved 1048576K
}
2017-03-14T09:52:53.879+0000: 1407.891: Total time for which application threads were stopped: 0.0486964 seconds, Stopping threads took: 0.0026232 seconds
{Heap before GC invocations=132 (full 2):
 par new generation   total 109248K, used 95544K [0x00000000e0000000, 0x00000000e8000000, 0x00000000e8000000)
  eden space 87424K, 100% used [0x00000000e0000000, 0x00000000e5560000, 0x00000000e5560000)
  from space 21824K,  37% used [0x00000000e5560000, 0x00000000e5d4e0a0, 0x00000000e6ab0000)
  to   space 21824K,   0% used [0x00000000e6ab0000, 0x00000000e6ab0000, 0x00000000e8000000)
 concurrent mark-sweep generation total 393216K, used 64930K [0x00000000e8000000, 0x0000000100000000, 0x0000000100000000)
 Metaspace       used 49622K, capacity 50635K, committed 50732K, reserved 1093632K
  class space    used 5345K, capacity 5652K, committed 5724K, reserved 1048576K
2017-03-14T09:52:53.923+0000: 1407.935: [GC (Allocation Failure) 2017-03-14T09:52:53.923+0000: 1407.935: [ParNew
Desired survivor size 20112992 bytes, new threshold 8 (max 8)
- age   1:     492040 bytes,     492040 total
- age   2:    3346192 bytes,    3838232 total
- age   3:      84464 bytes,    3922696 total
- age   4:      89448 bytes,    4012144 total
- age   5:    1045288 bytes,    5057432 total
- age   6:     946688 bytes,    6004120 total
- age   7:     134168 bytes,    6138288 total
- age   8:      28384 bytes,    6166672 total
: 95544K->7466K(109248K), 0.0211043 secs] 160475K->72433K(502464K), 0.0212216 secs] [Times: user=0.06 sys=0.00, real=0.02 secs] 
Heap after GC invocations=133 (full 2):
 par new generation   total 109248K, used 7466K [0x00000000e0000000, 0x00000000e8000000, 0x00000000e8000000)
  eden space 87424K,   0% used [0x00000000e0000000, 0x00000000e0000000, 0x00000000e5560000)
  from space 21824K,  34% used [0x00000000e6ab0000, 0x00000000e71fa950, 0x00000000e8000000)
  to   space 21824K,   0% used [0x00000000e5560000, 0x00000000e5560000, 0x00000000e6ab0000)
 concurrent mark-sweep generation total 393216K, used 64966K [0x00000000e8000000, 0x0000000100000000, 0x0000000100000000)
 Metaspace       used 49622K, capacity 50635K, committed 50732K, reserved 1093632K
  class space    used 5345K, capacity 5652K, committed 5724K, reserved 1048576K
}
2017-03-14T09:52:53.944+0000: 1407.956: Total time for which application threads were stopped: 0.0217120 seconds, Stopping threads took: 0.0000681 seconds
{Heap before GC invocations=133 (full 2):
 par new generation   total 109248K, used 94890K [0x00000000e0000000, 0x00000000e8000000, 0x00000000e8000000)
  eden space 87424K, 100% used [0x00000000e0000000, 0x00000000e5560000, 0x00000000e5560000)
  from space 21824K,  34% used [0x00000000e6ab0000, 0x00000000e71fa950, 0x00000000e8000000)
  to   space 21824K,   0% used [0x00000000e5560000, 0x00000000e5560000, 0x00000000e6ab0000)
 concurrent mark-sweep generation total 393216K, used 64966K [0x00000000e8000000, 0x0000000100000000, 0x0000000100000000)
 Metaspace       used 49622K, capacity 50635K, committed 50732K, reserved 1093632K
  class space    used 5345K, capacity 5652K, committed 5724K, reserved 1048576K
2017-03-14T09:52:54.032+0000: 1408.044: [GC (Allocation Failure) 2017-03-14T09:52:54.032+0000: 1408.044: [ParNew
Desired survivor size 20112992 bytes, new threshold 8 (max 8)
- age   1:     312648 bytes,     312648 total
- age   2:      51120 bytes,     363768 total
- age   3:    3346192 bytes,    3709960 total
- age   4:      84464 bytes,    3794424 total
- age   5:      89448 bytes,    3883872 total
- age   6:    1045072 bytes,    4928944 total
- age   7:     946688 bytes,    5875632 total
- age   8:     134192 bytes,    6009824 total
: 94890K->7894K(109248K), 0.0176957 secs] 159857K->72890K(502464K), 0.0177779 secs] [Times: user=0.03 sys=0.00, real=0.01 secs] 
Heap after GC invocations=134 (full 2):
 par new generation   total 109248K, used 7894K [0x00000000e0000000, 0x00000000e8000000, 0x00000000e8000000)
  eden space 87424K,   0% used [0x00000000e0000000, 0x00000000e0000000, 0x00000000e5560000)
  from space 21824K,  36% used [0x00000000e5560000, 0x00000000e5d15b80, 0x00000000e6ab0000)
  to   space 21824K,   0% used [0x00000000e6ab0000, 0x00000000e6ab0000, 0x00000000e8000000)
 concurrent mark-sweep generation total 393216K, used 64995K [0x00000000e8000000, 0x0000000100000000, 0x0000000100000000)
 Metaspace       used 49622K, capacity 50635K, committed 50732K, reserved 1093632K
  class space    used 5345K, capacity 5652K, committed 5724K, reserved 1048576K
}
2017-03-14T09:52:54.050+0000: 1408.062: Total time for which application threads were stopped: 0.0182399 seconds, Stopping threads took: 0.0000502 seconds
{Heap before GC invocations=134 (full 2):
 par new generation   total 109248K, used 95318K [0x00000000e0000000, 0x00000000e8000000, 0x00000000e8000000)
  eden space 87424K, 100% used [0x00000000e0000000, 0x00000000e5560000, 0x00000000e5560000)
  from space 21824K,  36% used [0x00000000e5560000, 0x00000000e5d15b80, 0x00000000e6ab0000)
  to   space 21824K,   0% used [0x00000000e6ab0000, 0x00000000e6ab0000, 0x00000000e8000000)
 concurrent mark-sweep generation total 393216K, used 64995K [0x00000000e8000000, 0x0000000100000000, 0x0000000100000000)
 Metaspace       used 49625K, capacity 50635K, committed 50732K, reserved 1093632K
  class space    used 5345K, capacity 5652K, committed 5724K, reserved 1048576K
2017-03-14T09:52:54.137+0000: 1408.149: [GC (Allocation Failure) 2017-03-14T09:52:54.137+0000: 1408.149: [ParNew
Desired survivor size 20112992 bytes, new threshold 8 (max 8)
- age   1:     571288 bytes,     571288 total
- age   2:     105712 bytes,     677000 total
- age   3:      49680 bytes,     726680 total
- age   4:    3345352 bytes,    4072032 total
- age   5:      84464 bytes,    4156496 total
- age   6:      89448 bytes,    4245944 total
- age   7:    1045072 bytes,    5291016 total
- age   8:     946688 bytes,    6237704 total
: 95318K->7912K(109248K), 0.0248412 secs] 160314K->73038K(502464K), 0.0249912 secs] [Times: user=0.08 sys=0.00, real=0.02 secs] 
Heap after GC invocations=135 (full 2):
 par new generation   total 109248K, used 7912K [0x00000000e0000000, 0x00000000e8000000, 0x00000000e8000000)
  eden space 87424K,   0% used [0x00000000e0000000, 0x00000000e0000000, 0x00000000e5560000)
  from space 21824K,  36% used [0x00000000e6ab0000, 0x00000000e726a230, 0x00000000e8000000)
  to   space 21824K,   0% used [0x00000000e5560000, 0x00000000e5560000, 0x00000000e6ab0000)
 concurrent mark-sweep generation total 393216K, used 65126K [0x00000000e8000000, 0x0000000100000000, 0x0000000100000000)
 Metaspace       used 49625K, capacity 50635K, committed 50732K, reserved 1093632K
  class space    used 5345K, capacity 5652K, committed 5724K, reserved 1048576K
}
2017-03-14T09:52:54.162+0000: 1408.174: Total time for which application threads were stopped: 0.0254293 seconds, Stopping threads took: 0.0000412 seconds
2017-03-14T09:52:54.460+0000: 1408.473: Total time for which application threads were stopped: 0.0005413 seconds, Stopping threads took: 0.0001195 seconds
2017-03-14T09:52:54.467+0000: 1408.480: Total time for which application threads were stopped: 0.0004491 seconds, Stopping threads took: 0.0001082 seconds
2017-03-14T09:52:54.480+0000: 1408.492: Total time for which application threads were stopped: 0.0109969 seconds, Stopping threads took: 0.0107477 seconds
2017-03-14T09:52:54.491+0000: 1408.503: Total time for which application threads were stopped: 0.0004354 seconds, Stopping threads took: 0.0001494 seconds
{Heap before GC invocations=135 (full 2):
 par new generation   total 109248K, used 95336K [0x00000000e0000000, 0x00000000e8000000, 0x00000000e8000000)
  eden space 87424K, 100% used [0x00000000e0000000, 0x00000000e5560000, 0x00000000e5560000)
  from space 21824K,  36% used [0x00000000e6ab0000, 0x00000000e726a230, 0x00000000e8000000)
  to   space 21824K,   0% used [0x00000000e5560000, 0x00000000e5560000, 0x00000000e6ab0000)
 concurrent mark-sweep generation total 393216K, used 65126K [0x00000000e8000000, 0x0000000100000000, 0x0000000100000000)
 Metaspace       used 49640K, capacity 50647K, committed 50732K, reserved 1093632K
  class space    used 5346K, capacity 5654K, committed 5724K, reserved 1048576K
2017-03-14T09:52:54.497+0000: 1408.509: [GC (Allocation Failure) 2017-03-14T09:52:54.497+0000: 1408.509: [ParNew
Desired survivor size 20112992 bytes, new threshold 8 (max 8)
- age   1:    3170112 bytes,    3170112 total
- age   2:     202696 bytes,    3372808 total
- age   3:     105712 bytes,    3478520 total
- age   4:      49680 bytes,    3528200 total
- age   5:    1230880 bytes,    4759080 total
- age   6:        120 bytes,    4759200 total
- age   8:     902776 bytes,    5661976 total
: 95336K->7117K(109248K), 0.0621352 secs] 160462K->73174K(502464K), 0.0622649 secs] [Times: user=0.08 sys=0.00, real=0.06 secs] 
Heap after GC invocations=136 (full 2):
 par new generation   total 109248K, used 7117K [0x00000000e0000000, 0x00000000e8000000, 0x00000000e8000000)
  eden space 87424K,   0% used [0x00000000e0000000, 0x00000000e0000000, 0x00000000e5560000)
  from space 21824K,  32% used [0x00000000e5560000, 0x00000000e5c53780, 0x00000000e6ab0000)
  to   space 21824K,   0% used [0x00000000e6ab0000, 0x00000000e6ab0000, 0x00000000e8000000)
 concurrent mark-sweep generation total 393216K, used 66056K [0x00000000e8000000, 0x0000000100000000, 0x0000000100000000)
 Metaspace       used 49640K, capacity 50647K, committed 50732K, reserved 1093632K
  class space    used 5346K, capacity 5654K, committed 5724K, reserved 1048576K
}
2017-03-14T09:52:54.559+0000: 1408.572: Total time for which application threads were stopped: 0.0631571 seconds, Stopping threads took: 0.0005145 seconds
{Heap before GC invocations=136 (full 2):
 par new generation   total 109248K, used 94541K [0x00000000e0000000, 0x00000000e8000000, 0x00000000e8000000)
  eden space 87424K, 100% used [0x00000000e0000000, 0x00000000e5560000, 0x00000000e5560000)
  from space 21824K,  32% used [0x00000000e5560000, 0x00000000e5c53780, 0x00000000e6ab0000)
  to   space 21824K,   0% used [0x00000000e6ab0000, 0x00000000e6ab0000, 0x00000000e8000000)
 concurrent mark-sweep generation total 393216K, used 66056K [0x00000000e8000000, 0x0000000100000000, 0x0000000100000000)
 Metaspace       used 49691K, capacity 50789K, committed 50988K, reserved 1095680K
  class space    used 5354K, capacity 5667K, committed 5724K, reserved 1048576K
2017-03-14T09:52:54.650+0000: 1408.663: [GC (Allocation Failure) 2017-03-14T09:52:54.651+0000: 1408.663: [ParNew
Desired survivor size 20112992 bytes, new threshold 8 (max 8)
- age   1:     562232 bytes,     562232 total
- age   2:    3102280 bytes,    3664512 total
- age   3:     202696 bytes,    3867208 total
- age   4:     105712 bytes,    3972920 total
- age   5:      49680 bytes,    4022600 total
- age   6:    1230880 bytes,    5253480 total
- age   7:        120 bytes,    5253600 total
: 94541K->6172K(109248K), 0.0516685 secs] 160598K->73124K(502464K), 0.0517856 secs] [Times: user=0.04 sys=0.00, real=0.05 secs] 
Heap after GC invocations=137 (full 2):
 par new generation   total 109248K, used 6172K [0x00000000e0000000, 0x00000000e8000000, 0x00000000e8000000)
  eden space 87424K,   0% used [0x00000000e0000000, 0x00000000e0000000, 0x00000000e5560000)
  from space 21824K,  28% used [0x00000000e6ab0000, 0x00000000e70b7138, 0x00000000e8000000)
  to   space 21824K,   0% used [0x00000000e5560000, 0x00000000e5560000, 0x00000000e6ab0000)
 concurrent mark-sweep generation total 393216K, used 66952K [0x00000000e8000000, 0x0000000100000000, 0x0000000100000000)
 Metaspace       used 49691K, capacity 50789K, committed 50988K, reserved 1095680K
  class space    used 5354K, capacity 5667K, committed 5724K, reserved 1048576K
}
2017-03-14T09:52:54.702+0000: 1408.715: Total time for which application threads were stopped: 0.0649937 seconds, Stopping threads took: 0.0127678 seconds
{Heap before GC invocations=137 (full 2):
 par new generation   total 109248K, used 93596K [0x00000000e0000000, 0x00000000e8000000, 0x00000000e8000000)
  eden space 87424K, 100% used [0x00000000e0000000, 0x00000000e5560000, 0x00000000e5560000)
  from space 21824K,  28% used [0x00000000e6ab0000, 0x00000000e70b7138, 0x00000000e8000000)
  to   space 21824K,   0% used [0x00000000e5560000, 0x00000000e5560000, 0x00000000e6ab0000)
 concurrent mark-sweep generation total 393216K, used 66952K [0x00000000e8000000, 0x0000000100000000, 0x0000000100000000)
 Metaspace       used 49774K, capacity 50909K, committed 50988K, reserved 1095680K
  class space    used 5365K, capacity 5687K, committed 5724K, reserved 1048576K
2017-03-14T09:52:54.799+0000: 1408.812: [GC (Allocation Failure) 2017-03-14T09:52:54.799+0000: 1408.812: [ParNew
Desired survivor size 20112992 bytes, new threshold 8 (max 8)
- age   1:     455016 bytes,     455016 total
- age   2:     101616 bytes,     556632 total
- age   3:    3102008 bytes,    3658640 total
- age   4:     202696 bytes,    3861336 total
- age   5:     105712 bytes,    3967048 total
- age   6:      49680 bytes,    4016728 total
- age   7:    1230880 bytes,    5247608 total
- age   8:        120 bytes,    5247728 total
: 93596K->7623K(109248K), 0.0362445 secs] 160548K->74575K(502464K), 0.0363922 secs] [Times: user=0.04 sys=0.00, real=0.04 secs] 
Heap after GC invocations=138 (full 2):
 par new generation   total 109248K, used 7623K [0x00000000e0000000, 0x00000000e8000000, 0x00000000e8000000)
  eden space 87424K,   0% used [0x00000000e0000000, 0x00000000e0000000, 0x00000000e5560000)
  from space 21824K,  34% used [0x00000000e5560000, 0x00000000e5cd1e10, 0x00000000e6ab0000)
  to   space 21824K,   0% used [0x00000000e6ab0000, 0x00000000e6ab0000, 0x00000000e8000000)
 concurrent mark-sweep generation total 393216K, used 66952K [0x00000000e8000000, 0x0000000100000000, 0x0000000100000000)
 Metaspace       used 49774K, capacity 50909K, committed 50988K, reserved 1095680K
  class space    used 5365K, capacity 5687K, committed 5724K, reserved 1048576K
}
2017-03-14T09:52:54.836+0000: 1408.848: Total time for which application threads were stopped: 0.0413748 seconds, Stopping threads took: 0.0045546 seconds
2017-03-14T09:52:54.954+0000: 1408.966: Total time for which application threads were stopped: 0.0003201 seconds, Stopping threads took: 0.0000504 seconds
2017-03-14T09:52:55.178+0000: 1409.191: Total time for which application threads were stopped: 0.0019835 seconds, Stopping threads took: 0.0017370 seconds
{Heap before GC invocations=138 (full 2):
 par new generation   total 109248K, used 95047K [0x00000000e0000000, 0x00000000e8000000, 0x00000000e8000000)
  eden space 87424K, 100% used [0x00000000e0000000, 0x00000000e5560000, 0x00000000e5560000)
  from space 21824K,  34% used [0x00000000e5560000, 0x00000000e5cd1e10, 0x00000000e6ab0000)
  to   space 21824K,   0% used [0x00000000e6ab0000, 0x00000000e6ab0000, 0x00000000e8000000)
 concurrent mark-sweep generation total 393216K, used 66952K [0x00000000e8000000, 0x0000000100000000, 0x0000000100000000)
 Metaspace       used 49848K, capacity 51063K, committed 51244K, reserved 1095680K
  class space    used 5373K, capacity 5702K, committed 5724K, reserved 1048576K
2017-03-14T09:52:55.222+0000: 1409.234: [GC (Allocation Failure) 2017-03-14T09:52:55.222+0000: 1409.234: [ParNew
Desired survivor size 20112992 bytes, new threshold 8 (max 8)
- age   1:    3337920 bytes,    3337920 total
- age   2:     112336 bytes,    3450256 total
- age   3:     100560 bytes,    3550816 total
- age   4:    1136728 bytes,    4687544 total
- age   5:         72 bytes,    4687616 total
- age   8:    1135616 bytes,    5823232 total
: 95047K->7980K(109248K), 0.0333682 secs] 161999K->74933K(502464K), 0.0335146 secs] [Times: user=0.07 sys=0.00, real=0.04 secs] 
Heap after GC invocations=139 (full 2):
 par new generation   total 109248K, used 7980K [0x00000000e0000000, 0x00000000e8000000, 0x00000000e8000000)
  eden space 87424K,   0% used [0x00000000e0000000, 0x00000000e0000000, 0x00000000e5560000)
  from space 21824K,  36% used [0x00000000e6ab0000, 0x00000000e727b370, 0x00000000e8000000)
  to   space 21824K,   0% used [0x00000000e5560000, 0x00000000e5560000, 0x00000000e6ab0000)
 concurrent mark-sweep generation total 393216K, used 66952K [0x00000000e8000000, 0x0000000100000000, 0x0000000100000000)
 Metaspace       used 49848K, capacity 51063K, committed 51244K, reserved 1095680K
  class space    used 5373K, capacity 5702K, committed 5724K, reserved 1048576K
}
2017-03-14T09:52:55.255+0000: 1409.268: Total time for which application threads were stopped: 0.0435982 seconds, Stopping threads took: 0.0095638 seconds
{Heap before GC invocations=139 (full 2):
 par new generation   total 109248K, used 95404K [0x00000000e0000000, 0x00000000e8000000, 0x00000000e8000000)
  eden space 87424K, 100% used [0x00000000e0000000, 0x00000000e5560000, 0x00000000e5560000)
  from space 21824K,  36% used [0x00000000e6ab0000, 0x00000000e727b370, 0x00000000e8000000)
  to   space 21824K,   0% used [0x00000000e5560000, 0x00000000e5560000, 0x00000000e6ab0000)
 concurrent mark-sweep generation total 393216K, used 66952K [0x00000000e8000000, 0x0000000100000000, 0x0000000100000000)
 Metaspace       used 49848K, capacity 51063K, committed 51244K, reserved 1095680K
  class space    used 5373K, capacity 5702K, committed 5724K, reserved 1048576K
2017-03-14T09:52:55.331+0000: 1409.343: [GC (Allocation Failure) 2017-03-14T09:52:55.331+0000: 1409.343: [ParNew
Desired survivor size 20112992 bytes, new threshold 8 (max 8)
- age   1:     303904 bytes,     303904 total
- age   2:    2842416 bytes,    3146320 total
- age   3:     112336 bytes,    3258656 total
- age   4:     100560 bytes,    3359216 total
- age   5:    1136680 bytes,    4495896 total
- age   6:         72 bytes,    4495968 total
: 95404K->6566K(109248K), 0.0332776 secs] 162357K->74602K(502464K), 0.0334195 secs] [Times: user=0.05 sys=0.01, real=0.03 secs] 
Heap after GC invocations=140 (full 2):
 par new generation   total 109248K, used 6566K [0x00000000e0000000, 0x00000000e8000000, 0x00000000e8000000)
  eden space 87424K,   0% used [0x00000000e0000000, 0x00000000e0000000, 0x00000000e5560000)
  from space 21824K,  30% used [0x00000000e5560000, 0x00000000e5bc9b58, 0x00000000e6ab0000)
  to   space 21824K,   0% used [0x00000000e6ab0000, 0x00000000e6ab0000, 0x00000000e8000000)
 concurrent mark-sweep generation total 393216K, used 68035K [0x00000000e8000000, 0x0000000100000000, 0x0000000100000000)
 Metaspace       used 49848K, capacity 51063K, committed 51244K, reserved 1095680K
  class space    used 5373K, capacity 5702K, committed 5724K, reserved 1048576K
}
2017-03-14T09:52:55.364+0000: 1409.377: Total time for which application threads were stopped: 0.0338550 seconds, Stopping threads took: 0.0000607 seconds
{Heap before GC invocations=140 (full 2):
 par new generation   total 109248K, used 93990K [0x00000000e0000000, 0x00000000e8000000, 0x00000000e8000000)
  eden space 87424K, 100% used [0x00000000e0000000, 0x00000000e5560000, 0x00000000e5560000)
  from space 21824K,  30% used [0x00000000e5560000, 0x00000000e5bc9b58, 0x00000000e6ab0000)
  to   space 21824K,   0% used [0x00000000e6ab0000, 0x00000000e6ab0000, 0x00000000e8000000)
 concurrent mark-sweep generation total 393216K, used 68035K [0x00000000e8000000, 0x0000000100000000, 0x0000000100000000)
 Metaspace       used 49849K, capacity 51063K, committed 51244K, reserved 1095680K
  class space    used 5373K, capacity 5702K, committed 5724K, reserved 1048576K
2017-03-14T09:52:55.455+0000: 1409.468: [GC (Allocation Failure) 2017-03-14T09:52:55.455+0000: 1409.468: [ParNew
Desired survivor size 20112992 bytes, new threshold 8 (max 8)
- age   1:     282792 bytes,     282792 total
- age   2:     130288 bytes,     413080 total
- age   3:    2842608 bytes,    3255688 total
- age   4:     112336 bytes,    3368024 total
- age   5:     100560 bytes,    3468584 total
- age   6:    1136680 bytes,    4605264 total
- age   7:         72 bytes,    4605336 total
: 93990K->5940K(109248K), 0.0420187 secs] 162026K->73975K(502464K), 0.0421327 secs] [Times: user=0.09 sys=0.00, real=0.04 secs] 
Heap after GC invocations=141 (full 2):
 par new generation   total 109248K, used 5940K [0x00000000e0000000, 0x00000000e8000000, 0x00000000e8000000)
  eden space 87424K,   0% used [0x00000000e0000000, 0x00000000e0000000, 0x00000000e5560000)
  from space 21824K,  27% used [0x00000000e6ab0000, 0x00000000e707d140, 0x00000000e8000000)
  to   space 21824K,   0% used [0x00000000e5560000, 0x00000000e5560000, 0x00000000e6ab0000)
 concurrent mark-sweep generation total 393216K, used 68035K [0x00000000e8000000, 0x0000000100000000, 0x0000000100000000)
 Metaspace       used 49849K, capacity 51063K, committed 51244K, reserved 1095680K
  class space    used 5373K, capacity 5702K, committed 5724K, reserved 1048576K
}
2017-03-14T09:52:55.498+0000: 1409.510: Total time for which application threads were stopped: 0.0485721 seconds, Stopping threads took: 0.0060102 seconds
{Heap before GC invocations=141 (full 2):
 par new generation   total 109248K, used 93364K [0x00000000e0000000, 0x00000000e8000000, 0x00000000e8000000)
  eden space 87424K, 100% used [0x00000000e0000000, 0x00000000e5560000, 0x00000000e5560000)
  from space 21824K,  27% used [0x00000000e6ab0000, 0x00000000e707d140, 0x00000000e8000000)
  to   space 21824K,   0% used [0x00000000e5560000, 0x00000000e5560000, 0x00000000e6ab0000)
 concurrent mark-sweep generation total 393216K, used 68035K [0x00000000e8000000, 0x0000000100000000, 0x0000000100000000)
 Metaspace       used 49851K, capacity 51063K, committed 51244K, reserved 1095680K
  class space    used 5373K, capacity 5702K, committed 5724K, reserved 1048576K
2017-03-14T09:52:55.659+0000: 1409.672: [GC (Allocation Failure) 2017-03-14T09:52:55.660+0000: 1409.672: [ParNew
Desired survivor size 20112992 bytes, new threshold 8 (max 8)
- age   1:     577344 bytes,     577344 total
- age   2:     105360 bytes,     682704 total
- age   3:     116416 bytes,     799120 total
- age   4:    2833480 bytes,    3632600 total
- age   5:     112336 bytes,    3744936 total
- age   6:     100560 bytes,    3845496 total
- age   7:    1136680 bytes,    4982176 total
- age   8:         72 bytes,    4982248 total
: 93364K->5701K(109248K), 0.0334863 secs] 161399K->73736K(502464K), 0.0337609 secs] [Times: user=0.07 sys=0.00, real=0.04 secs] 
Heap after GC invocations=142 (full 2):
 par new generation   total 109248K, used 5701K [0x00000000e0000000, 0x00000000e8000000, 0x00000000e8000000)
  eden space 87424K,   0% used [0x00000000e0000000, 0x00000000e0000000, 0x00000000e5560000)
  from space 21824K,  26% used [0x00000000e5560000, 0x00000000e5af1500, 0x00000000e6ab0000)
  to   space 21824K,   0% used [0x00000000e6ab0000, 0x00000000e6ab0000, 0x00000000e8000000)
 concurrent mark-sweep generation total 393216K, used 68035K [0x00000000e8000000, 0x0000000100000000, 0x0000000100000000)
 Metaspace       used 49851K, capacity 51063K, committed 51244K, reserved 1095680K
  class space    used 5373K, capacity 5702K, committed 5724K, reserved 1048576K
}
2017-03-14T09:52:55.693+0000: 1409.705: Total time for which application threads were stopped: 0.0350609 seconds, Stopping threads took: 0.0004223 seconds
{Heap before GC invocations=142 (full 2):
 par new generation   total 109248K, used 93120K [0x00000000e0000000, 0x00000000e8000000, 0x00000000e8000000)
  eden space 87424K,  99% used [0x00000000e0000000, 0x00000000e555ee30, 0x00000000e5560000)
  from space 21824K,  26% used [0x00000000e5560000, 0x00000000e5af1500, 0x00000000e6ab0000)
  to   space 21824K,   0% used [0x00000000e6ab0000, 0x00000000e6ab0000, 0x00000000e8000000)
 concurrent mark-sweep generation total 393216K, used 68035K [0x00000000e8000000, 0x0000000100000000, 0x0000000100000000)
 Metaspace       used 49887K, capacity 51063K, committed 51244K, reserved 1095680K
  class space    used 5373K, capacity 5702K, committed 5724K, reserved 1048576K
2017-03-14T09:52:55.892+0000: 1409.904: [GC (Allocation Failure) 2017-03-14T09:52:55.892+0000: 1409.904: [ParNew
Desired survivor size 20112992 bytes, new threshold 8 (max 8)
- age   1:    2856304 bytes,    2856304 total
- age   2:     419160 bytes,    3275464 total
- age   3:     105360 bytes,    3380824 total
- age   4:     111160 bytes,    3491984 total
- age   5:     817672 bytes,    4309656 total
- age   6:      62360 bytes,    4372016 total
- age   7:      66344 bytes,    4438360 total
- age   8:    1063032 bytes,    5501392 total
: 93120K->7383K(109248K), 0.0192699 secs] 161156K->75418K(502464K), 0.0193794 secs] [Times: user=0.04 sys=0.00, real=0.02 secs] 
Heap after GC invocations=143 (full 2):
 par new generation   total 109248K, used 7383K [0x00000000e0000000, 0x00000000e8000000, 0x00000000e8000000)
  eden space 87424K,   0% used [0x00000000e0000000, 0x00000000e0000000, 0x00000000e5560000)
  from space 21824K,  33% used [0x00000000e6ab0000, 0x00000000e71e5e50, 0x00000000e8000000)
  to   space 21824K,   0% used [0x00000000e5560000, 0x00000000e5560000, 0x00000000e6ab0000)
 concurrent mark-sweep generation total 393216K, used 68035K [0x00000000e8000000, 0x0000000100000000, 0x0000000100000000)
 Metaspace       used 49887K, capacity 51063K, committed 51244K, reserved 1095680K
  class space    used 5373K, capacity 5702K, committed 5724K, reserved 1048576K
}
2017-03-14T09:52:55.911+0000: 1409.923: Total time for which application threads were stopped: 0.0205166 seconds, Stopping threads took: 0.0007559 seconds
{Heap before GC invocations=143 (full 2):
 par new generation   total 109248K, used 94807K [0x00000000e0000000, 0x00000000e8000000, 0x00000000e8000000)
  eden space 87424K, 100% used [0x00000000e0000000, 0x00000000e5560000, 0x00000000e5560000)
  from space 21824K,  33% used [0x00000000e6ab0000, 0x00000000e71e5e50, 0x00000000e8000000)
  to   space 21824K,   0% used [0x00000000e5560000, 0x00000000e5560000, 0x00000000e6ab0000)
 concurrent mark-sweep generation total 393216K, used 68035K [0x00000000e8000000, 0x0000000100000000, 0x0000000100000000)
 Metaspace       used 49887K, capacity 51063K, committed 51244K, reserved 1095680K
  class space    used 5373K, capacity 5702K, committed 5724K, reserved 1048576K
2017-03-14T09:52:55.990+0000: 1410.003: [GC (Allocation Failure) 2017-03-14T09:52:55.990+0000: 1410.003: [ParNew
Desired survivor size 20112992 bytes, new threshold 8 (max 8)
- age   1:     738408 bytes,     738408 total
- age   2:    2722160 bytes,    3460568 total
- age   3:     419160 bytes,    3879728 total
- age   4:     105360 bytes,    3985088 total
- age   5:     111160 bytes,    4096248 total
- age   6:     817648 bytes,    4913896 total
- age   7:      62360 bytes,    4976256 total
- age   8:      66344 bytes,    5042600 total
: 94807K->6138K(109248K), 0.0245945 secs] 162842K->75214K(502464K), 0.0247523 secs] [Times: user=0.04 sys=0.00, real=0.02 secs] 
Heap after GC invocations=144 (full 2):
 par new generation   total 109248K, used 6138K [0x00000000e0000000, 0x00000000e8000000, 0x00000000e8000000)
  eden space 87424K,   0% used [0x00000000e0000000, 0x00000000e0000000, 0x00000000e5560000)
  from space 21824K,  28% used [0x00000000e5560000, 0x00000000e5b5eb80, 0x00000000e6ab0000)
  to   space 21824K,   0% used [0x00000000e6ab0000, 0x00000000e6ab0000, 0x00000000e8000000)
 concurrent mark-sweep generation total 393216K, used 69075K [0x00000000e8000000, 0x0000000100000000, 0x0000000100000000)
 Metaspace       used 49887K, capacity 51063K, committed 51244K, reserved 1095680K
  class space    used 5373K, capacity 5702K, committed 5724K, reserved 1048576K
}
2017-03-14T09:52:56.015+0000: 1410.028: Total time for which application threads were stopped: 0.0366280 seconds, Stopping threads took: 0.0115044 seconds
{Heap before GC invocations=144 (full 2):
 par new generation   total 109248K, used 93562K [0x00000000e0000000, 0x00000000e8000000, 0x00000000e8000000)
  eden space 87424K, 100% used [0x00000000e0000000, 0x00000000e5560000, 0x00000000e5560000)
  from space 21824K,  28% used [0x00000000e5560000, 0x00000000e5b5eb80, 0x00000000e6ab0000)
  to   space 21824K,   0% used [0x00000000e6ab0000, 0x00000000e6ab0000, 0x00000000e8000000)
 concurrent mark-sweep generation total 393216K, used 69075K [0x00000000e8000000, 0x0000000100000000, 0x0000000100000000)
 Metaspace       used 49887K, capacity 51063K, committed 51244K, reserved 1095680K
  class space    used 5373K, capacity 5702K, committed 5724K, reserved 1048576K
2017-03-14T09:52:56.095+0000: 1410.107: [GC (Allocation Failure) 2017-03-14T09:52:56.095+0000: 1410.107: [ParNew
Desired survivor size 20112992 bytes, new threshold 8 (max 8)
- age   1:     297760 bytes,     297760 total
- age   2:      93160 bytes,     390920 total
- age   3:    2720816 bytes,    3111736 total
- age   4:     419160 bytes,    3530896 total
- age   5:     105360 bytes,    3636256 total
- age   6:     111160 bytes,    3747416 total
- age   7:     817648 bytes,    4565064 total
- age   8:      62360 bytes,    4627424 total
: 93562K->6691K(109248K), 0.0446526 secs] 162638K->75832K(502464K), 0.0447946 secs] [Times: user=0.08 sys=0.01, real=0.04 secs] 
Heap after GC invocations=145 (full 2):
 par new generation   total 109248K, used 6691K [0x00000000e0000000, 0x00000000e8000000, 0x00000000e8000000)
  eden space 87424K,   0% used [0x00000000e0000000, 0x00000000e0000000, 0x00000000e5560000)
  from space 21824K,  30% used [0x00000000e6ab0000, 0x00000000e7138c20, 0x00000000e8000000)
  to   space 21824K,   0% used [0x00000000e5560000, 0x00000000e5560000, 0x00000000e6ab0000)
 concurrent mark-sweep generation total 393216K, used 69141K [0x00000000e8000000, 0x0000000100000000, 0x0000000100000000)
 Metaspace       used 49887K, capacity 51063K, committed 51244K, reserved 1095680K
  class space    used 5373K, capacity 5702K, committed 5724K, reserved 1048576K
}
2017-03-14T09:52:56.140+0000: 1410.152: Total time for which application threads were stopped: 0.0452769 seconds, Stopping threads took: 0.0000598 seconds
2017-03-14T09:52:56.368+0000: 1410.380: Total time for which application threads were stopped: 0.0016021 seconds, Stopping threads took: 0.0007602 seconds
2017-03-14T09:52:56.382+0000: 1410.395: Total time for which application threads were stopped: 0.0003551 seconds, Stopping threads took: 0.0000329 seconds
2017-03-14T09:52:56.586+0000: 1410.599: Total time for which application threads were stopped: 0.0081642 seconds, Stopping threads took: 0.0078514 seconds
2017-03-14T09:52:56.595+0000: 1410.608: Total time for which application threads were stopped: 0.0073853 seconds, Stopping threads took: 0.0069475 seconds
2017-03-14T09:52:57.596+0000: 1411.608: Total time for which application threads were stopped: 0.0004767 seconds, Stopping threads took: 0.0000460 seconds
2017-03-14T09:52:58.141+0000: 1412.153: Total time for which application threads were stopped: 0.0005210 seconds, Stopping threads took: 0.0001330 seconds
2017-03-14T09:52:58.141+0000: 1412.154: Total time for which application threads were stopped: 0.0003833 seconds, Stopping threads took: 0.0001224 seconds
2017-03-14T09:52:58.164+0000: 1412.176: Total time for which application threads were stopped: 0.0004111 seconds, Stopping threads took: 0.0000789 seconds
2017-03-14T09:52:58.164+0000: 1412.176: Total time for which application threads were stopped: 0.0003219 seconds, Stopping threads took: 0.0000958 seconds
2017-03-14T09:52:58.191+0000: 1412.203: Total time for which application threads were stopped: 0.0003509 seconds, Stopping threads took: 0.0000432 seconds
2017-03-14T09:52:58.191+0000: 1412.203: Total time for which application threads were stopped: 0.0001855 seconds, Stopping threads took: 0.0000186 seconds
2017-03-14T09:52:58.191+0000: 1412.204: Total time for which application threads were stopped: 0.0001842 seconds, Stopping threads took: 0.0000165 seconds
2017-03-14T09:52:58.192+0000: 1412.204: Total time for which application threads were stopped: 0.0001786 seconds, Stopping threads took: 0.0000167 seconds
2017-03-14T09:52:59.192+0000: 1413.205: Total time for which application threads were stopped: 0.0003937 seconds, Stopping threads took: 0.0000583 seconds
2017-03-14T09:53:10.417+0000: 1424.429: Total time for which application threads were stopped: 0.0004275 seconds, Stopping threads took: 0.0001501 seconds
2017-03-14T09:53:10.418+0000: 1424.430: Total time for which application threads were stopped: 0.0009855 seconds, Stopping threads took: 0.0008369 seconds
2017-03-14T09:53:10.428+0000: 1424.440: Total time for which application threads were stopped: 0.0054426 seconds, Stopping threads took: 0.0038051 seconds
2017-03-14T09:53:10.429+0000: 1424.441: Total time for which application threads were stopped: 0.0002946 seconds, Stopping threads took: 0.0000617 seconds
2017-03-14T09:53:10.434+0000: 1424.446: Total time for which application threads were stopped: 0.0011441 seconds, Stopping threads took: 0.0009001 seconds
2017-03-14T09:53:11.434+0000: 1425.447: Total time for which application threads were stopped: 0.0003138 seconds, Stopping threads took: 0.0000517 seconds
2017-03-14T09:53:15.720+0000: 1429.732: Total time for which application threads were stopped: 0.0002725 seconds, Stopping threads took: 0.0000366 seconds
2017-03-14T09:53:15.720+0000: 1429.732: Total time for which application threads were stopped: 0.0002071 seconds, Stopping threads took: 0.0000486 seconds
2017-03-14T09:53:15.720+0000: 1429.733: Total time for which application threads were stopped: 0.0001525 seconds, Stopping threads took: 0.0000151 seconds
2017-03-14T09:53:15.721+0000: 1429.733: Total time for which application threads were stopped: 0.0001647 seconds, Stopping threads took: 0.0000422 seconds
2017-03-14T09:53:15.721+0000: 1429.733: Total time for which application threads were stopped: 0.0001491 seconds, Stopping threads took: 0.0000300 seconds
2017-03-14T09:53:15.722+0000: 1429.734: Total time for which application threads were stopped: 0.0002339 seconds, Stopping threads took: 0.0000542 seconds
2017-03-14T09:53:15.722+0000: 1429.734: Total time for which application threads were stopped: 0.0001151 seconds, Stopping threads took: 0.0000233 seconds
2017-03-14T09:53:15.722+0000: 1429.735: Total time for which application threads were stopped: 0.0002010 seconds, Stopping threads took: 0.0000848 seconds
2017-03-14T09:53:15.723+0000: 1429.735: Total time for which application threads were stopped: 0.0001477 seconds, Stopping threads took: 0.0000364 seconds
2017-03-14T09:53:15.724+0000: 1429.736: Total time for which application threads were stopped: 0.0002344 seconds, Stopping threads took: 0.0000278 seconds
2017-03-14T09:53:15.724+0000: 1429.736: Total time for which application threads were stopped: 0.0001392 seconds, Stopping threads took: 0.0000124 seconds
2017-03-14T09:53:15.724+0000: 1429.736: Total time for which application threads were stopped: 0.0001235 seconds, Stopping threads took: 0.0000102 seconds
2017-03-14T09:53:15.724+0000: 1429.737: Total time for which application threads were stopped: 0.0001377 seconds, Stopping threads took: 0.0000168 seconds
2017-03-14T09:53:15.725+0000: 1429.738: Total time for which application threads were stopped: 0.0001648 seconds, Stopping threads took: 0.0000193 seconds
2017-03-14T09:53:15.726+0000: 1429.738: Total time for which application threads were stopped: 0.0001419 seconds, Stopping threads took: 0.0000285 seconds
2017-03-14T09:53:15.728+0000: 1429.740: Total time for which application threads were stopped: 0.0002725 seconds, Stopping threads took: 0.0000297 seconds
2017-03-14T09:53:15.729+0000: 1429.741: Total time for which application threads were stopped: 0.0009748 seconds, Stopping threads took: 0.0007457 seconds
2017-03-14T09:53:15.734+0000: 1429.746: Total time for which application threads were stopped: 0.0004883 seconds, Stopping threads took: 0.0000288 seconds
2017-03-14T09:53:15.734+0000: 1429.747: Total time for which application threads were stopped: 0.0002204 seconds, Stopping threads took: 0.0000185 seconds
2017-03-14T09:53:15.781+0000: 1429.793: Total time for which application threads were stopped: 0.0003038 seconds, Stopping threads took: 0.0000335 seconds
2017-03-14T09:53:15.782+0000: 1429.794: Total time for which application threads were stopped: 0.0002188 seconds, Stopping threads took: 0.0000167 seconds
2017-03-14T09:53:15.784+0000: 1429.796: Total time for which application threads were stopped: 0.0006707 seconds, Stopping threads took: 0.0002298 seconds
2017-03-14T09:53:15.784+0000: 1429.797: Total time for which application threads were stopped: 0.0002456 seconds, Stopping threads took: 0.0000334 seconds
2017-03-14T09:53:15.786+0000: 1429.798: Total time for which application threads were stopped: 0.0011902 seconds, Stopping threads took: 0.0000425 seconds
2017-03-14T09:53:15.824+0000: 1429.837: Total time for which application threads were stopped: 0.0002845 seconds, Stopping threads took: 0.0000606 seconds
2017-03-14T09:53:15.825+0000: 1429.837: Total time for which application threads were stopped: 0.0001445 seconds, Stopping threads took: 0.0000222 seconds
2017-03-14T09:53:16.518+0000: 1430.530: Total time for which application threads were stopped: 0.0005691 seconds, Stopping threads took: 0.0002753 seconds
2017-03-14T09:53:16.518+0000: 1430.530: Total time for which application threads were stopped: 0.0002206 seconds, Stopping threads took: 0.0000425 seconds
2017-03-14T09:53:16.522+0000: 1430.535: Total time for which application threads were stopped: 0.0002848 seconds, Stopping threads took: 0.0000291 seconds
2017-03-14T09:53:16.526+0000: 1430.539: Total time for which application threads were stopped: 0.0037949 seconds, Stopping threads took: 0.0035944 seconds
2017-03-14T09:53:18.051+0000: 1432.063: Total time for which application threads were stopped: 0.0003747 seconds, Stopping threads took: 0.0000423 seconds
2017-03-14T09:53:18.054+0000: 1432.067: Total time for which application threads were stopped: 0.0017014 seconds, Stopping threads took: 0.0013911 seconds
2017-03-14T09:53:18.059+0000: 1432.071: Total time for which application threads were stopped: 0.0002935 seconds, Stopping threads took: 0.0000309 seconds
2017-03-14T09:53:18.059+0000: 1432.071: Total time for which application threads were stopped: 0.0001904 seconds, Stopping threads took: 0.0000163 seconds
2017-03-14T09:53:27.324+0000: 1441.337: Total time for which application threads were stopped: 0.0002847 seconds, Stopping threads took: 0.0000369 seconds
2017-03-14T09:53:27.325+0000: 1441.337: Total time for which application threads were stopped: 0.0001790 seconds, Stopping threads took: 0.0000502 seconds
2017-03-14T09:53:27.327+0000: 1441.339: Total time for which application threads were stopped: 0.0002876 seconds, Stopping threads took: 0.0000526 seconds
2017-03-14T09:53:27.327+0000: 1441.339: Total time for which application threads were stopped: 0.0001457 seconds, Stopping threads took: 0.0000387 seconds
2017-03-14T09:53:28.131+0000: 1442.144: Total time for which application threads were stopped: 0.0003022 seconds, Stopping threads took: 0.0000313 seconds
2017-03-14T09:53:28.132+0000: 1442.144: Total time for which application threads were stopped: 0.0001847 seconds, Stopping threads took: 0.0000368 seconds
2017-03-14T09:53:28.134+0000: 1442.147: Total time for which application threads were stopped: 0.0005195 seconds, Stopping threads took: 0.0002548 seconds
2017-03-14T09:53:28.135+0000: 1442.147: Total time for which application threads were stopped: 0.0001717 seconds, Stopping threads took: 0.0000265 seconds
2017-03-14T09:53:29.135+0000: 1443.148: Total time for which application threads were stopped: 0.0004846 seconds, Stopping threads took: 0.0000576 seconds
2017-03-14T09:53:35.137+0000: 1449.149: Total time for which application threads were stopped: 0.0003659 seconds, Stopping threads took: 0.0000547 seconds
2017-03-14T09:53:39.499+0000: 1453.511: Total time for which application threads were stopped: 0.0004472 seconds, Stopping threads took: 0.0002140 seconds
2017-03-14T09:53:39.499+0000: 1453.511: Total time for which application threads were stopped: 0.0001556 seconds, Stopping threads took: 0.0000411 seconds
2017-03-14T09:53:39.506+0000: 1453.518: Total time for which application threads were stopped: 0.0002333 seconds, Stopping threads took: 0.0000504 seconds
2017-03-14T09:53:39.506+0000: 1453.518: Total time for which application threads were stopped: 0.0001032 seconds, Stopping threads took: 0.0000233 seconds
2017-03-14T09:53:41.741+0000: 1455.753: Total time for which application threads were stopped: 0.0003045 seconds, Stopping threads took: 0.0000358 seconds
2017-03-14T09:53:41.741+0000: 1455.753: Total time for which application threads were stopped: 0.0004404 seconds, Stopping threads took: 0.0002566 seconds
2017-03-14T09:53:41.745+0000: 1455.757: Total time for which application threads were stopped: 0.0003181 seconds, Stopping threads took: 0.0000859 seconds
2017-03-14T09:53:41.745+0000: 1455.757: Total time for which application threads were stopped: 0.0001494 seconds, Stopping threads took: 0.0000242 seconds
2017-03-14T09:53:42.474+0000: 1456.487: Total time for which application threads were stopped: 0.0003863 seconds, Stopping threads took: 0.0001296 seconds
2017-03-14T09:53:58.477+0000: 1472.489: Total time for which application threads were stopped: 0.0003573 seconds, Stopping threads took: 0.0000531 seconds
2017-03-14T09:54:03.598+0000: 1477.610: Total time for which application threads were stopped: 0.0005686 seconds, Stopping threads took: 0.0000860 seconds
2017-03-14T09:54:03.701+0000: 1477.713: Total time for which application threads were stopped: 0.0003134 seconds, Stopping threads took: 0.0000493 seconds
2017-03-14T09:54:03.702+0000: 1477.714: Total time for which application threads were stopped: 0.0002778 seconds, Stopping threads took: 0.0000482 seconds
2017-03-14T09:54:03.824+0000: 1477.836: Total time for which application threads were stopped: 0.0002593 seconds, Stopping threads took: 0.0000379 seconds
2017-03-14T09:54:03.826+0000: 1477.839: Total time for which application threads were stopped: 0.0015592 seconds, Stopping threads took: 0.0000348 seconds
{Heap before GC invocations=145 (full 2):
 par new generation   total 109248K, used 94115K [0x00000000e0000000, 0x00000000e8000000, 0x00000000e8000000)
  eden space 87424K, 100% used [0x00000000e0000000, 0x00000000e5560000, 0x00000000e5560000)
  from space 21824K,  30% used [0x00000000e6ab0000, 0x00000000e7138c20, 0x00000000e8000000)
  to   space 21824K,   0% used [0x00000000e5560000, 0x00000000e5560000, 0x00000000e6ab0000)
 concurrent mark-sweep generation total 393216K, used 69141K [0x00000000e8000000, 0x0000000100000000, 0x0000000100000000)
 Metaspace       used 50952K, capacity 52241K, committed 52396K, reserved 1095680K
  class space    used 5481K, capacity 5839K, committed 5852K, reserved 1048576K
2017-03-14T09:54:03.915+0000: 1477.928: [GC (Allocation Failure) 2017-03-14T09:54:03.915+0000: 1477.928: [ParNew
Desired survivor size 20112992 bytes, new threshold 8 (max 8)
- age   1:    2752672 bytes,    2752672 total
- age   2:     138904 bytes,    2891576 total
- age   3:      92584 bytes,    2984160 total
- age   4:     738216 bytes,    3722376 total
- age   5:      36072 bytes,    3758448 total
- age   7:       9608 bytes,    3768056 total
- age   8:     355968 bytes,    4124024 total
: 94115K->4917K(109248K), 0.0428003 secs] 163256K->74121K(502464K), 0.0429810 secs] [Times: user=0.07 sys=0.00, real=0.04 secs] 
Heap after GC invocations=146 (full 2):
 par new generation   total 109248K, used 4917K [0x00000000e0000000, 0x00000000e8000000, 0x00000000e8000000)
  eden space 87424K,   0% used [0x00000000e0000000, 0x00000000e0000000, 0x00000000e5560000)
  from space 21824K,  22% used [0x00000000e5560000, 0x00000000e5a2d478, 0x00000000e6ab0000)
  to   space 21824K,   0% used [0x00000000e6ab0000, 0x00000000e6ab0000, 0x00000000e8000000)
 concurrent mark-sweep generation total 393216K, used 69204K [0x00000000e8000000, 0x0000000100000000, 0x0000000100000000)
 Metaspace       used 50952K, capacity 52241K, committed 52396K, reserved 1095680K
  class space    used 5481K, capacity 5839K, committed 5852K, reserved 1048576K
}
2017-03-14T09:54:03.958+0000: 1477.971: Total time for which application threads were stopped: 0.0433892 seconds, Stopping threads took: 0.0000518 seconds
2017-03-14T09:54:04.959+0000: 1478.971: Total time for which application threads were stopped: 0.0004319 seconds, Stopping threads took: 0.0000602 seconds
2017-03-14T09:54:36.964+0000: 1510.976: Total time for which application threads were stopped: 0.0003439 seconds, Stopping threads took: 0.0000542 seconds
2017-03-14T09:54:47.460+0000: 1521.472: Total time for which application threads were stopped: 0.0003297 seconds, Stopping threads took: 0.0000522 seconds
2017-03-14T09:54:47.460+0000: 1521.473: Total time for which application threads were stopped: 0.0002978 seconds, Stopping threads took: 0.0001235 seconds
2017-03-14T09:56:11.450+0000: 1605.463: Total time for which application threads were stopped: 0.0007032 seconds, Stopping threads took: 0.0001512 seconds
2017-03-14T09:56:11.461+0000: 1605.474: Total time for which application threads were stopped: 0.0003583 seconds, Stopping threads took: 0.0001092 seconds
2017-03-14T09:56:11.464+0000: 1605.477: Total time for which application threads were stopped: 0.0003452 seconds, Stopping threads took: 0.0001085 seconds
2017-03-14T09:56:11.467+0000: 1605.479: Total time for which application threads were stopped: 0.0002893 seconds, Stopping threads took: 0.0000590 seconds
2017-03-14T09:56:11.467+0000: 1605.479: Total time for which application threads were stopped: 0.0002003 seconds, Stopping threads took: 0.0000523 seconds
2017-03-14T09:56:11.468+0000: 1605.480: Total time for which application threads were stopped: 0.0001992 seconds, Stopping threads took: 0.0000244 seconds
2017-03-14T09:56:11.468+0000: 1605.481: Total time for which application threads were stopped: 0.0002110 seconds, Stopping threads took: 0.0000470 seconds
2017-03-14T09:56:11.469+0000: 1605.481: Total time for which application threads were stopped: 0.0001742 seconds, Stopping threads took: 0.0000227 seconds
2017-03-14T09:56:11.469+0000: 1605.482: Total time for which application threads were stopped: 0.0001767 seconds, Stopping threads took: 0.0000214 seconds
2017-03-14T09:56:11.470+0000: 1605.482: Total time for which application threads were stopped: 0.0001995 seconds, Stopping threads took: 0.0000198 seconds
2017-03-14T09:56:11.471+0000: 1605.483: Total time for which application threads were stopped: 0.0004357 seconds, Stopping threads took: 0.0001645 seconds
2017-03-14T09:56:11.473+0000: 1605.485: Total time for which application threads were stopped: 0.0007231 seconds, Stopping threads took: 0.0001735 seconds
2017-03-14T09:56:11.474+0000: 1605.486: Total time for which application threads were stopped: 0.0002288 seconds, Stopping threads took: 0.0000400 seconds
2017-03-14T09:56:11.475+0000: 1605.487: Total time for which application threads were stopped: 0.0005432 seconds, Stopping threads took: 0.0000292 seconds
2017-03-14T09:56:11.477+0000: 1605.489: Total time for which application threads were stopped: 0.0003235 seconds, Stopping threads took: 0.0000751 seconds
2017-03-14T09:56:11.479+0000: 1605.491: Total time for which application threads were stopped: 0.0006572 seconds, Stopping threads took: 0.0003789 seconds
2017-03-14T09:56:11.479+0000: 1605.491: Total time for which application threads were stopped: 0.0001685 seconds, Stopping threads took: 0.0000248 seconds
2017-03-14T09:56:11.479+0000: 1605.492: Total time for which application threads were stopped: 0.0001803 seconds, Stopping threads took: 0.0000424 seconds
2017-03-14T09:56:11.493+0000: 1605.505: Total time for which application threads were stopped: 0.0003290 seconds, Stopping threads took: 0.0000602 seconds
2017-03-14T09:56:11.493+0000: 1605.505: Total time for which application threads were stopped: 0.0002491 seconds, Stopping threads took: 0.0000731 seconds
2017-03-14T09:56:11.493+0000: 1605.506: Total time for which application threads were stopped: 0.0002084 seconds, Stopping threads took: 0.0000491 seconds
2017-03-14T09:56:12.494+0000: 1606.506: Total time for which application threads were stopped: 0.0002809 seconds, Stopping threads took: 0.0000364 seconds
2017-03-14T09:56:26.799+0000: 1620.811: Total time for which application threads were stopped: 0.0004143 seconds, Stopping threads took: 0.0000884 seconds
2017-03-14T09:56:26.800+0000: 1620.813: Total time for which application threads were stopped: 0.0003001 seconds, Stopping threads took: 0.0000461 seconds
2017-03-14T09:56:26.806+0000: 1620.819: Total time for which application threads were stopped: 0.0022820 seconds, Stopping threads took: 0.0019698 seconds
2017-03-14T09:56:26.807+0000: 1620.820: Total time for which application threads were stopped: 0.0004398 seconds, Stopping threads took: 0.0001641 seconds
2017-03-14T09:56:26.808+0000: 1620.820: Total time for which application threads were stopped: 0.0004917 seconds, Stopping threads took: 0.0000668 seconds
2017-03-14T09:56:26.810+0000: 1620.822: Total time for which application threads were stopped: 0.0002747 seconds, Stopping threads took: 0.0000377 seconds
2017-03-14T09:56:26.810+0000: 1620.823: Total time for which application threads were stopped: 0.0005970 seconds, Stopping threads took: 0.0000600 seconds
2017-03-14T09:56:26.816+0000: 1620.828: Total time for which application threads were stopped: 0.0002600 seconds, Stopping threads took: 0.0000264 seconds
2017-03-14T09:56:26.816+0000: 1620.828: Total time for which application threads were stopped: 0.0001554 seconds, Stopping threads took: 0.0000157 seconds
2017-03-14T09:56:27.816+0000: 1621.829: Total time for which application threads were stopped: 0.0002746 seconds, Stopping threads took: 0.0000428 seconds
2017-03-14T09:57:04.821+0000: 1658.834: Total time for which application threads were stopped: 0.0002111 seconds, Stopping threads took: 0.0000340 seconds
2017-03-14T09:57:47.467+0000: 1701.479: Total time for which application threads were stopped: 0.0003834 seconds, Stopping threads took: 0.0000532 seconds
2017-03-14T09:57:47.468+0000: 1701.480: Total time for which application threads were stopped: 0.0003048 seconds, Stopping threads took: 0.0000313 seconds
2017-03-14T09:57:57.469+0000: 1711.481: Total time for which application threads were stopped: 0.0003299 seconds, Stopping threads took: 0.0000539 seconds
2017-03-14T09:57:59.686+0000: 1713.698: Total time for which application threads were stopped: 0.0003762 seconds, Stopping threads took: 0.0000730 seconds
2017-03-14T09:58:00.686+0000: 1714.699: Total time for which application threads were stopped: 0.0003185 seconds, Stopping threads took: 0.0000353 seconds
2017-03-14T09:58:02.687+0000: 1716.699: Total time for which application threads were stopped: 0.0001771 seconds, Stopping threads took: 0.0000246 seconds
2017-03-14T09:58:02.978+0000: 1716.991: Total time for which application threads were stopped: 0.0003188 seconds, Stopping threads took: 0.0000522 seconds
2017-03-14T09:58:02.979+0000: 1716.991: Total time for which application threads were stopped: 0.0001896 seconds, Stopping threads took: 0.0000289 seconds
2017-03-14T09:58:02.981+0000: 1716.993: Total time for which application threads were stopped: 0.0003295 seconds, Stopping threads took: 0.0000438 seconds
2017-03-14T09:58:02.981+0000: 1716.993: Total time for which application threads were stopped: 0.0002151 seconds, Stopping threads took: 0.0000135 seconds
2017-03-14T09:58:02.983+0000: 1716.995: Total time for which application threads were stopped: 0.0016644 seconds, Stopping threads took: 0.0014215 seconds
2017-03-14T09:58:02.983+0000: 1716.995: Total time for which application threads were stopped: 0.0001669 seconds, Stopping threads took: 0.0000355 seconds
2017-03-14T09:58:02.984+0000: 1716.996: Total time for which application threads were stopped: 0.0004446 seconds, Stopping threads took: 0.0001495 seconds
2017-03-14T09:58:02.991+0000: 1717.003: Total time for which application threads were stopped: 0.0003072 seconds, Stopping threads took: 0.0000464 seconds
2017-03-14T09:58:02.992+0000: 1717.004: Total time for which application threads were stopped: 0.0012088 seconds, Stopping threads took: 0.0009514 seconds
2017-03-14T09:58:02.995+0000: 1717.007: Total time for which application threads were stopped: 0.0002682 seconds, Stopping threads took: 0.0000265 seconds
2017-03-14T09:58:02.995+0000: 1717.007: Total time for which application threads were stopped: 0.0001787 seconds, Stopping threads took: 0.0000274 seconds
2017-03-14T09:58:03.996+0000: 1718.008: Total time for which application threads were stopped: 0.0003821 seconds, Stopping threads took: 0.0000557 seconds
2017-03-14T09:58:06.174+0000: 1720.186: Total time for which application threads were stopped: 0.0004098 seconds, Stopping threads took: 0.0000940 seconds
2017-03-14T09:58:06.176+0000: 1720.188: Total time for which application threads were stopped: 0.0003439 seconds, Stopping threads took: 0.0000727 seconds
2017-03-14T09:58:06.179+0000: 1720.191: Total time for which application threads were stopped: 0.0002871 seconds, Stopping threads took: 0.0000781 seconds
2017-03-14T09:58:06.179+0000: 1720.191: Total time for which application threads were stopped: 0.0001932 seconds, Stopping threads took: 0.0000425 seconds
2017-03-14T09:58:06.179+0000: 1720.191: Total time for which application threads were stopped: 0.0002129 seconds, Stopping threads took: 0.0000387 seconds
2017-03-14T09:58:06.179+0000: 1720.192: Total time for which application threads were stopped: 0.0002334 seconds, Stopping threads took: 0.0000459 seconds
2017-03-14T09:58:06.180+0000: 1720.192: Total time for which application threads were stopped: 0.0001605 seconds, Stopping threads took: 0.0000385 seconds
2017-03-14T09:58:06.180+0000: 1720.192: Total time for which application threads were stopped: 0.0001465 seconds, Stopping threads took: 0.0000183 seconds
2017-03-14T09:58:06.180+0000: 1720.192: Total time for which application threads were stopped: 0.0001480 seconds, Stopping threads took: 0.0000367 seconds
2017-03-14T09:58:06.181+0000: 1720.194: Total time for which application threads were stopped: 0.0003083 seconds, Stopping threads took: 0.0000568 seconds
2017-03-14T09:58:06.182+0000: 1720.194: Total time for which application threads were stopped: 0.0002276 seconds, Stopping threads took: 0.0000507 seconds
2017-03-14T09:58:06.185+0000: 1720.197: Total time for which application threads were stopped: 0.0003297 seconds, Stopping threads took: 0.0000353 seconds
2017-03-14T09:58:06.185+0000: 1720.197: Total time for which application threads were stopped: 0.0002021 seconds, Stopping threads took: 0.0000190 seconds
2017-03-14T09:58:06.189+0000: 1720.201: Total time for which application threads were stopped: 0.0002676 seconds, Stopping threads took: 0.0000380 seconds
2017-03-14T09:58:06.189+0000: 1720.202: Total time for which application threads were stopped: 0.0001508 seconds, Stopping threads took: 0.0000146 seconds
2017-03-14T09:58:36.193+0000: 1750.206: Total time for which application threads were stopped: 0.0002849 seconds, Stopping threads took: 0.0000346 seconds
2017-03-14T09:58:37.470+0000: 1751.482: Total time for which application threads were stopped: 0.0023676 seconds, Stopping threads took: 0.0020325 seconds
2017-03-14T09:58:37.470+0000: 1751.483: Total time for which application threads were stopped: 0.0001972 seconds, Stopping threads took: 0.0000208 seconds
2017-03-14T09:58:37.476+0000: 1751.489: Total time for which application threads were stopped: 0.0003206 seconds, Stopping threads took: 0.0000654 seconds
2017-03-14T09:58:37.477+0000: 1751.489: Total time for which application threads were stopped: 0.0001491 seconds, Stopping threads took: 0.0000284 seconds
2017-03-14T09:58:40.898+0000: 1754.910: Total time for which application threads were stopped: 0.0003007 seconds, Stopping threads took: 0.0000280 seconds
2017-03-14T09:58:40.898+0000: 1754.910: Total time for which application threads were stopped: 0.0001871 seconds, Stopping threads took: 0.0000313 seconds
2017-03-14T09:58:40.919+0000: 1754.931: Total time for which application threads were stopped: 0.0002525 seconds, Stopping threads took: 0.0000301 seconds
2017-03-14T09:58:40.919+0000: 1754.931: Total time for which application threads were stopped: 0.0001086 seconds, Stopping threads took: 0.0000104 seconds
2017-03-14T09:58:40.927+0000: 1754.939: Total time for which application threads were stopped: 0.0003318 seconds, Stopping threads took: 0.0000323 seconds
2017-03-14T09:58:40.927+0000: 1754.940: Total time for which application threads were stopped: 0.0001606 seconds, Stopping threads took: 0.0000110 seconds
2017-03-14T09:58:40.929+0000: 1754.942: Total time for which application threads were stopped: 0.0003970 seconds, Stopping threads took: 0.0000702 seconds
2017-03-14T09:58:40.930+0000: 1754.942: Total time for which application threads were stopped: 0.0001905 seconds, Stopping threads took: 0.0000266 seconds
2017-03-14T09:58:41.930+0000: 1755.942: Total time for which application threads were stopped: 0.0002491 seconds, Stopping threads took: 0.0000347 seconds
2017-03-14T09:58:42.609+0000: 1756.621: Total time for which application threads were stopped: 0.0005143 seconds, Stopping threads took: 0.0000342 seconds
2017-03-14T09:58:42.610+0000: 1756.622: Total time for which application threads were stopped: 0.0007166 seconds, Stopping threads took: 0.0000950 seconds
2017-03-14T09:58:42.616+0000: 1756.628: Total time for which application threads were stopped: 0.0002671 seconds, Stopping threads took: 0.0000355 seconds
2017-03-14T09:58:42.616+0000: 1756.628: Total time for which application threads were stopped: 0.0001824 seconds, Stopping threads took: 0.0000221 seconds
2017-03-14T09:58:43.640+0000: 1757.652: Total time for which application threads were stopped: 0.0031385 seconds, Stopping threads took: 0.0028107 seconds
2017-03-14T09:58:43.640+0000: 1757.653: Total time for which application threads were stopped: 0.0002627 seconds, Stopping threads took: 0.0000571 seconds
2017-03-14T09:58:43.643+0000: 1757.656: Total time for which application threads were stopped: 0.0014783 seconds, Stopping threads took: 0.0011227 seconds
2017-03-14T09:58:43.646+0000: 1757.658: Total time for which application threads were stopped: 0.0023367 seconds, Stopping threads took: 0.0020990 seconds
2017-03-14T09:58:50.225+0000: 1764.237: Total time for which application threads were stopped: 0.0002877 seconds, Stopping threads took: 0.0000260 seconds
2017-03-14T09:58:50.225+0000: 1764.237: Total time for which application threads were stopped: 0.0001480 seconds, Stopping threads took: 0.0000116 seconds
2017-03-14T09:58:50.227+0000: 1764.239: Total time for which application threads were stopped: 0.0004726 seconds, Stopping threads took: 0.0000472 seconds
2017-03-14T09:58:50.227+0000: 1764.239: Total time for which application threads were stopped: 0.0002563 seconds, Stopping threads took: 0.0000277 seconds
2017-03-14T09:58:50.227+0000: 1764.240: Total time for which application threads were stopped: 0.0001511 seconds, Stopping threads took: 0.0000234 seconds
2017-03-14T09:58:50.228+0000: 1764.240: Total time for which application threads were stopped: 0.0001210 seconds, Stopping threads took: 0.0000321 seconds
2017-03-14T09:58:50.228+0000: 1764.240: Total time for which application threads were stopped: 0.0002308 seconds, Stopping threads took: 0.0000262 seconds
2017-03-14T09:58:50.235+0000: 1764.248: Total time for which application threads were stopped: 0.0003201 seconds, Stopping threads took: 0.0000335 seconds
2017-03-14T09:58:50.236+0000: 1764.248: Total time for which application threads were stopped: 0.0001750 seconds, Stopping threads took: 0.0000158 seconds
2017-03-14T09:58:50.239+0000: 1764.251: Total time for which application threads were stopped: 0.0002606 seconds, Stopping threads took: 0.0000482 seconds
2017-03-14T09:58:50.239+0000: 1764.252: Total time for which application threads were stopped: 0.0006484 seconds, Stopping threads took: 0.0004162 seconds
2017-03-14T09:59:06.454+0000: 1780.467: Total time for which application threads were stopped: 0.0002662 seconds, Stopping threads took: 0.0000287 seconds
2017-03-14T09:59:06.455+0000: 1780.467: Total time for which application threads were stopped: 0.0001408 seconds, Stopping threads took: 0.0000150 seconds
2017-03-14T09:59:06.476+0000: 1780.488: Total time for which application threads were stopped: 0.0003096 seconds, Stopping threads took: 0.0000535 seconds
2017-03-14T09:59:06.477+0000: 1780.489: Total time for which application threads were stopped: 0.0004828 seconds, Stopping threads took: 0.0001011 seconds
2017-03-14T09:59:07.627+0000: 1781.640: Total time for which application threads were stopped: 0.0002551 seconds, Stopping threads took: 0.0000263 seconds
2017-03-14T09:59:07.627+0000: 1781.640: Total time for which application threads were stopped: 0.0001945 seconds, Stopping threads took: 0.0000197 seconds
2017-03-14T09:59:07.629+0000: 1781.642: Total time for which application threads were stopped: 0.0002560 seconds, Stopping threads took: 0.0000324 seconds
2017-03-14T09:59:07.630+0000: 1781.642: Total time for which application threads were stopped: 0.0001818 seconds, Stopping threads took: 0.0000564 seconds
2017-03-14T09:59:08.630+0000: 1782.642: Total time for which application threads were stopped: 0.0002520 seconds, Stopping threads took: 0.0000502 seconds
2017-03-14T09:59:09.621+0000: 1783.633: Total time for which application threads were stopped: 0.0003317 seconds, Stopping threads took: 0.0000590 seconds
2017-03-14T09:59:09.621+0000: 1783.634: Total time for which application threads were stopped: 0.0002167 seconds, Stopping threads took: 0.0000293 seconds
2017-03-14T09:59:09.624+0000: 1783.636: Total time for which application threads were stopped: 0.0002855 seconds, Stopping threads took: 0.0000565 seconds
2017-03-14T09:59:09.624+0000: 1783.637: Total time for which application threads were stopped: 0.0001505 seconds, Stopping threads took: 0.0000228 seconds
2017-03-14T09:59:10.625+0000: 1784.637: Total time for which application threads were stopped: 0.0003068 seconds, Stopping threads took: 0.0000417 seconds
2017-03-14T09:59:36.981+0000: 1810.993: Total time for which application threads were stopped: 0.0003889 seconds, Stopping threads took: 0.0000490 seconds
2017-03-14T09:59:36.981+0000: 1810.993: Total time for which application threads were stopped: 0.0002249 seconds, Stopping threads took: 0.0000452 seconds
2017-03-14T09:59:36.987+0000: 1810.999: Total time for which application threads were stopped: 0.0003176 seconds, Stopping threads took: 0.0000713 seconds
2017-03-14T09:59:36.987+0000: 1810.999: Total time for which application threads were stopped: 0.0001641 seconds, Stopping threads took: 0.0000264 seconds
2017-03-14T09:59:37.861+0000: 1811.873: Total time for which application threads were stopped: 0.0003541 seconds, Stopping threads took: 0.0000468 seconds
2017-03-14T09:59:37.861+0000: 1811.874: Total time for which application threads were stopped: 0.0002286 seconds, Stopping threads took: 0.0000251 seconds
2017-03-14T09:59:37.864+0000: 1811.876: Total time for which application threads were stopped: 0.0004266 seconds, Stopping threads took: 0.0001254 seconds
2017-03-14T09:59:37.864+0000: 1811.877: Total time for which application threads were stopped: 0.0002818 seconds, Stopping threads took: 0.0000731 seconds
2017-03-14T09:59:44.738+0000: 1818.750: Total time for which application threads were stopped: 0.0002557 seconds, Stopping threads took: 0.0000289 seconds
2017-03-14T09:59:44.738+0000: 1818.750: Total time for which application threads were stopped: 0.0001744 seconds, Stopping threads took: 0.0000165 seconds
2017-03-14T09:59:44.740+0000: 1818.753: Total time for which application threads were stopped: 0.0003521 seconds, Stopping threads took: 0.0000713 seconds
2017-03-14T09:59:44.741+0000: 1818.753: Total time for which application threads were stopped: 0.0002213 seconds, Stopping threads took: 0.0000716 seconds
2017-03-14T09:59:45.741+0000: 1819.754: Total time for which application threads were stopped: 0.0006885 seconds, Stopping threads took: 0.0001614 seconds
2017-03-14T09:59:46.446+0000: 1820.458: Total time for which application threads were stopped: 0.0002915 seconds, Stopping threads took: 0.0000309 seconds
2017-03-14T09:59:46.446+0000: 1820.458: Total time for which application threads were stopped: 0.0001819 seconds, Stopping threads took: 0.0000098 seconds
2017-03-14T09:59:46.449+0000: 1820.462: Total time for which application threads were stopped: 0.0002636 seconds, Stopping threads took: 0.0000303 seconds
2017-03-14T09:59:46.449+0000: 1820.462: Total time for which application threads were stopped: 0.0001403 seconds, Stopping threads took: 0.0000178 seconds
2017-03-14T09:59:56.508+0000: 1830.521: Total time for which application threads were stopped: 0.0003412 seconds, Stopping threads took: 0.0000301 seconds
2017-03-14T09:59:56.509+0000: 1830.521: Total time for which application threads were stopped: 0.0002429 seconds, Stopping threads took: 0.0000411 seconds
2017-03-14T09:59:56.512+0000: 1830.524: Total time for which application threads were stopped: 0.0003556 seconds, Stopping threads took: 0.0000619 seconds
2017-03-14T09:59:56.513+0000: 1830.525: Total time for which application threads were stopped: 0.0002679 seconds, Stopping threads took: 0.0000593 seconds
2017-03-14T09:59:57.938+0000: 1831.950: Total time for which application threads were stopped: 0.0003273 seconds, Stopping threads took: 0.0000652 seconds
2017-03-14T09:59:57.939+0000: 1831.951: Total time for which application threads were stopped: 0.0007259 seconds, Stopping threads took: 0.0000269 seconds
2017-03-14T09:59:57.943+0000: 1831.955: Total time for which application threads were stopped: 0.0002838 seconds, Stopping threads took: 0.0000347 seconds
2017-03-14T09:59:57.943+0000: 1831.955: Total time for which application threads were stopped: 0.0001606 seconds, Stopping threads took: 0.0000208 seconds
2017-03-14T09:59:57.946+0000: 1831.959: Total time for which application threads were stopped: 0.0004585 seconds, Stopping threads took: 0.0000884 seconds
2017-03-14T09:59:57.948+0000: 1831.960: Total time for which application threads were stopped: 0.0003366 seconds, Stopping threads took: 0.0000714 seconds
2017-03-14T09:59:59.999+0000: 1834.011: Total time for which application threads were stopped: 0.0003646 seconds, Stopping threads took: 0.0000566 seconds
2017-03-14T09:59:59.999+0000: 1834.011: Total time for which application threads were stopped: 0.0002320 seconds, Stopping threads took: 0.0000384 seconds
2017-03-14T10:00:00.003+0000: 1834.015: Total time for which application threads were stopped: 0.0010648 seconds, Stopping threads took: 0.0000471 seconds
2017-03-14T10:00:00.004+0000: 1834.016: Total time for which application threads were stopped: 0.0014764 seconds, Stopping threads took: 0.0011827 seconds
2017-03-14T10:00:00.935+0000: 1834.947: Total time for which application threads were stopped: 0.0010936 seconds, Stopping threads took: 0.0000408 seconds
2017-03-14T10:00:00.935+0000: 1834.948: Total time for which application threads were stopped: 0.0005980 seconds, Stopping threads took: 0.0000515 seconds
2017-03-14T10:00:00.939+0000: 1834.951: Total time for which application threads were stopped: 0.0002845 seconds, Stopping threads took: 0.0000366 seconds
2017-03-14T10:00:00.939+0000: 1834.951: Total time for which application threads were stopped: 0.0001529 seconds, Stopping threads took: 0.0000181 seconds
2017-03-14T10:00:01.939+0000: 1835.951: Total time for which application threads were stopped: 0.0002378 seconds, Stopping threads took: 0.0000352 seconds
2017-03-14T10:00:04.893+0000: 1838.905: Total time for which application threads were stopped: 0.0002856 seconds, Stopping threads took: 0.0000523 seconds
2017-03-14T10:00:04.893+0000: 1838.906: Total time for which application threads were stopped: 0.0001882 seconds, Stopping threads took: 0.0000433 seconds
2017-03-14T10:00:04.897+0000: 1838.909: Total time for which application threads were stopped: 0.0002519 seconds, Stopping threads took: 0.0000304 seconds
2017-03-14T10:00:04.897+0000: 1838.909: Total time for which application threads were stopped: 0.0002642 seconds, Stopping threads took: 0.0000554 seconds
2017-03-14T10:00:08.195+0000: 1842.208: Total time for which application threads were stopped: 0.0002969 seconds, Stopping threads took: 0.0000381 seconds
2017-03-14T10:00:08.199+0000: 1842.211: Total time for which application threads were stopped: 0.0003336 seconds, Stopping threads took: 0.0000372 seconds
2017-03-14T10:00:08.199+0000: 1842.211: Total time for which application threads were stopped: 0.0002825 seconds, Stopping threads took: 0.0000421 seconds
2017-03-14T10:00:08.199+0000: 1842.211: Total time for which application threads were stopped: 0.0002077 seconds, Stopping threads took: 0.0000362 seconds
2017-03-14T10:00:08.207+0000: 1842.219: Total time for which application threads were stopped: 0.0005304 seconds, Stopping threads took: 0.0000392 seconds
2017-03-14T10:00:08.212+0000: 1842.224: Total time for which application threads were stopped: 0.0006815 seconds, Stopping threads took: 0.0001150 seconds
2017-03-14T10:00:08.213+0000: 1842.225: Total time for which application threads were stopped: 0.0005571 seconds, Stopping threads took: 0.0000413 seconds
2017-03-14T10:00:08.223+0000: 1842.235: Total time for which application threads were stopped: 0.0003254 seconds, Stopping threads took: 0.0000361 seconds
2017-03-14T10:00:08.223+0000: 1842.236: Total time for which application threads were stopped: 0.0002648 seconds, Stopping threads took: 0.0000215 seconds
2017-03-14T10:00:08.229+0000: 1842.241: Total time for which application threads were stopped: 0.0002780 seconds, Stopping threads took: 0.0000374 seconds
2017-03-14T10:00:08.229+0000: 1842.241: Total time for which application threads were stopped: 0.0001511 seconds, Stopping threads took: 0.0000176 seconds
2017-03-14T10:00:26.232+0000: 1860.244: Total time for which application threads were stopped: 0.0002563 seconds, Stopping threads took: 0.0000386 seconds
2017-03-14T10:00:32.838+0000: 1866.850: Total time for which application threads were stopped: 0.0035351 seconds, Stopping threads took: 0.0031272 seconds
2017-03-14T10:00:32.838+0000: 1866.851: Total time for which application threads were stopped: 0.0002769 seconds, Stopping threads took: 0.0000179 seconds
2017-03-14T10:00:32.841+0000: 1866.853: Total time for which application threads were stopped: 0.0015393 seconds, Stopping threads took: 0.0012344 seconds
2017-03-14T10:00:32.841+0000: 1866.853: Total time for which application threads were stopped: 0.0002763 seconds, Stopping threads took: 0.0000371 seconds
2017-03-14T10:00:33.842+0000: 1867.854: Total time for which application threads were stopped: 0.0003883 seconds, Stopping threads took: 0.0000501 seconds
2017-03-14T10:00:34.955+0000: 1868.968: Total time for which application threads were stopped: 0.0003537 seconds, Stopping threads took: 0.0000574 seconds
2017-03-14T10:00:34.956+0000: 1868.968: Total time for which application threads were stopped: 0.0002026 seconds, Stopping threads took: 0.0000182 seconds
2017-03-14T10:00:34.959+0000: 1868.971: Total time for which application threads were stopped: 0.0003719 seconds, Stopping threads took: 0.0000699 seconds
2017-03-14T10:00:34.959+0000: 1868.971: Total time for which application threads were stopped: 0.0001966 seconds, Stopping threads took: 0.0000139 seconds
2017-03-14T10:00:35.959+0000: 1869.972: Total time for which application threads were stopped: 0.0003898 seconds, Stopping threads took: 0.0000592 seconds
2017-03-14T10:00:36.881+0000: 1870.894: Total time for which application threads were stopped: 0.0003320 seconds, Stopping threads took: 0.0000320 seconds
2017-03-14T10:00:36.882+0000: 1870.894: Total time for which application threads were stopped: 0.0002123 seconds, Stopping threads took: 0.0000268 seconds
2017-03-14T10:00:36.884+0000: 1870.896: Total time for which application threads were stopped: 0.0002804 seconds, Stopping threads took: 0.0000609 seconds
2017-03-14T10:00:36.884+0000: 1870.896: Total time for which application threads were stopped: 0.0001433 seconds, Stopping threads took: 0.0000371 seconds
2017-03-14T10:00:40.471+0000: 1874.484: Total time for which application threads were stopped: 0.0002653 seconds, Stopping threads took: 0.0000279 seconds
2017-03-14T10:00:40.472+0000: 1874.484: Total time for which application threads were stopped: 0.0001425 seconds, Stopping threads took: 0.0000130 seconds
2017-03-14T10:00:40.473+0000: 1874.486: Total time for which application threads were stopped: 0.0002327 seconds, Stopping threads took: 0.0000392 seconds
2017-03-14T10:00:40.473+0000: 1874.486: Total time for which application threads were stopped: 0.0001753 seconds, Stopping threads took: 0.0000515 seconds
2017-03-14T10:00:50.789+0000: 1884.801: Total time for which application threads were stopped: 0.0004923 seconds, Stopping threads took: 0.0001398 seconds
2017-03-14T10:00:50.791+0000: 1884.803: Total time for which application threads were stopped: 0.0008035 seconds, Stopping threads took: 0.0001249 seconds
2017-03-14T10:00:50.792+0000: 1884.804: Total time for which application threads were stopped: 0.0003926 seconds, Stopping threads took: 0.0000294 seconds
2017-03-14T10:00:50.796+0000: 1884.809: Total time for which application threads were stopped: 0.0004418 seconds, Stopping threads took: 0.0000840 seconds
2017-03-14T10:01:32.484+0000: 1926.497: Total time for which application threads were stopped: 0.0004125 seconds, Stopping threads took: 0.0000771 seconds
2017-03-14T10:02:31.492+0000: 1985.505: Total time for which application threads were stopped: 0.0002697 seconds, Stopping threads took: 0.0000410 seconds
2017-03-14T10:07:32.396+0000: 2286.409: Total time for which application threads were stopped: 0.0003848 seconds, Stopping threads took: 0.0000729 seconds
2017-03-14T10:07:32.397+0000: 2286.409: Total time for which application threads were stopped: 0.0001899 seconds, Stopping threads took: 0.0000306 seconds
2017-03-14T10:07:32.397+0000: 2286.410: Total time for which application threads were stopped: 0.0004370 seconds, Stopping threads took: 0.0002737 seconds
2017-03-14T10:07:32.397+0000: 2286.410: Total time for which application threads were stopped: 0.0001194 seconds, Stopping threads took: 0.0000260 seconds
2017-03-14T10:07:32.398+0000: 2286.411: Total time for which application threads were stopped: 0.0002444 seconds, Stopping threads took: 0.0000259 seconds
2017-03-14T10:07:32.400+0000: 2286.412: Total time for which application threads were stopped: 0.0004789 seconds, Stopping threads took: 0.0000328 seconds
2017-03-14T10:07:32.403+0000: 2286.415: Total time for which application threads were stopped: 0.0003053 seconds, Stopping threads took: 0.0000268 seconds
2017-03-14T10:08:12.498+0000: 2326.511: Total time for which application threads were stopped: 0.0004900 seconds, Stopping threads took: 0.0000690 seconds
2017-03-14T10:08:12.499+0000: 2326.511: Total time for which application threads were stopped: 0.0002870 seconds, Stopping threads took: 0.0000439 seconds
2017-03-14T10:09:14.380+0000: 2388.393: Total time for which application threads were stopped: 0.0007939 seconds, Stopping threads took: 0.0000330 seconds
2017-03-14T10:09:14.513+0000: 2388.526: Total time for which application threads were stopped: 0.0012996 seconds, Stopping threads took: 0.0000374 seconds
2017-03-14T10:09:14.535+0000: 2388.548: Total time for which application threads were stopped: 0.0003551 seconds, Stopping threads took: 0.0000322 seconds
2017-03-14T10:09:14.536+0000: 2388.548: Total time for which application threads were stopped: 0.0001673 seconds, Stopping threads took: 0.0000148 seconds
2017-03-14T10:09:14.539+0000: 2388.551: Total time for which application threads were stopped: 0.0006009 seconds, Stopping threads took: 0.0000779 seconds
2017-03-14T10:09:14.542+0000: 2388.555: Total time for which application threads were stopped: 0.0003780 seconds, Stopping threads took: 0.0000431 seconds
2017-03-14T10:09:14.543+0000: 2388.555: Total time for which application threads were stopped: 0.0002041 seconds, Stopping threads took: 0.0000193 seconds
2017-03-14T10:09:15.543+0000: 2389.555: Total time for which application threads were stopped: 0.0002924 seconds, Stopping threads took: 0.0000390 seconds
2017-03-14T10:09:57.503+0000: 2431.515: Total time for which application threads were stopped: 0.0004094 seconds, Stopping threads took: 0.0000557 seconds
2017-03-14T10:11:29.667+0000: 2523.680: Total time for which application threads were stopped: 0.0020171 seconds, Stopping threads took: 0.0000379 seconds
{Heap before GC invocations=146 (full 2):
 par new generation   total 109248K, used 92341K [0x00000000e0000000, 0x00000000e8000000, 0x00000000e8000000)
  eden space 87424K, 100% used [0x00000000e0000000, 0x00000000e5560000, 0x00000000e5560000)
  from space 21824K,  22% used [0x00000000e5560000, 0x00000000e5a2d478, 0x00000000e6ab0000)
  to   space 21824K,   0% used [0x00000000e6ab0000, 0x00000000e6ab0000, 0x00000000e8000000)
 concurrent mark-sweep generation total 393216K, used 69204K [0x00000000e8000000, 0x0000000100000000, 0x0000000100000000)
 Metaspace       used 52435K, capacity 53741K, committed 53932K, reserved 1097728K
  class space    used 5628K, capacity 5995K, committed 6108K, reserved 1048576K
2017-03-14T10:11:29.687+0000: 2523.700: [GC (Allocation Failure) 2017-03-14T10:11:29.687+0000: 2523.700: [ParNew
Desired survivor size 20112992 bytes, new threshold 8 (max 8)
- age   1:    2163496 bytes,    2163496 total
- age   2:    1591600 bytes,    3755096 total
- age   3:     138904 bytes,    3894000 total
- age   4:      92584 bytes,    3986584 total
- age   5:     737376 bytes,    4723960 total
- age   6:      36072 bytes,    4760032 total
- age   8:       9608 bytes,    4769640 total
: 92341K->6515K(109248K), 0.0114252 secs] 161545K->76073K(502464K), 0.0115325 secs] [Times: user=0.03 sys=0.00, real=0.01 secs] 
Heap after GC invocations=147 (full 2):
 par new generation   total 109248K, used 6515K [0x00000000e0000000, 0x00000000e8000000, 0x00000000e8000000)
  eden space 87424K,   0% used [0x00000000e0000000, 0x00000000e0000000, 0x00000000e5560000)
  from space 21824K,  29% used [0x00000000e6ab0000, 0x00000000e710cd00, 0x00000000e8000000)
  to   space 21824K,   0% used [0x00000000e5560000, 0x00000000e5560000, 0x00000000e6ab0000)
 concurrent mark-sweep generation total 393216K, used 69558K [0x00000000e8000000, 0x0000000100000000, 0x0000000100000000)
 Metaspace       used 52435K, capacity 53741K, committed 53932K, reserved 1097728K
  class space    used 5628K, capacity 5995K, committed 6108K, reserved 1048576K
}
2017-03-14T10:11:29.699+0000: 2523.711: Total time for which application threads were stopped: 0.0118562 seconds, Stopping threads took: 0.0000457 seconds
{Heap before GC invocations=147 (full 2):
 par new generation   total 109248K, used 93939K [0x00000000e0000000, 0x00000000e8000000, 0x00000000e8000000)
  eden space 87424K, 100% used [0x00000000e0000000, 0x00000000e5560000, 0x00000000e5560000)
  from space 21824K,  29% used [0x00000000e6ab0000, 0x00000000e710cd00, 0x00000000e8000000)
  to   space 21824K,   0% used [0x00000000e5560000, 0x00000000e5560000, 0x00000000e6ab0000)
 concurrent mark-sweep generation total 393216K, used 69558K [0x00000000e8000000, 0x0000000100000000, 0x0000000100000000)
 Metaspace       used 52450K, capacity 53745K, committed 53932K, reserved 1097728K
  class space    used 5628K, capacity 5995K, committed 6108K, reserved 1048576K
2017-03-14T10:11:29.843+0000: 2523.855: [GC (Allocation Failure) 2017-03-14T10:11:29.843+0000: 2523.855: [ParNew
Desired survivor size 20112992 bytes, new threshold 8 (max 8)
- age   1:    2674944 bytes,    2674944 total
- age   2:     986312 bytes,    3661256 total
- age   3:    1246280 bytes,    4907536 total
- age   4:     138904 bytes,    5046440 total
- age   5:      92584 bytes,    5139024 total
- age   6:     715264 bytes,    5854288 total
- age   7:      32056 bytes,    5886344 total
: 93939K->7362K(109248K), 0.0250566 secs] 163497K->76930K(502464K), 0.0251868 secs] [Times: user=0.04 sys=0.01, real=0.02 secs] 
Heap after GC invocations=148 (full 2):
 par new generation   total 109248K, used 7362K [0x00000000e0000000, 0x00000000e8000000, 0x00000000e8000000)
  eden space 87424K,   0% used [0x00000000e0000000, 0x00000000e0000000, 0x00000000e5560000)
  from space 21824K,  33% used [0x00000000e5560000, 0x00000000e5c90bd0, 0x00000000e6ab0000)
  to   space 21824K,   0% used [0x00000000e6ab0000, 0x00000000e6ab0000, 0x00000000e8000000)
 concurrent mark-sweep generation total 393216K, used 69567K [0x00000000e8000000, 0x0000000100000000, 0x0000000100000000)
 Metaspace       used 52450K, capacity 53745K, committed 53932K, reserved 1097728K
  class space    used 5628K, capacity 5995K, committed 6108K, reserved 1048576K
}
2017-03-14T10:11:29.868+0000: 2523.880: Total time for which application threads were stopped: 0.0369272 seconds, Stopping threads took: 0.0112611 seconds
{Heap before GC invocations=148 (full 2):
 par new generation   total 109248K, used 94786K [0x00000000e0000000, 0x00000000e8000000, 0x00000000e8000000)
  eden space 87424K, 100% used [0x00000000e0000000, 0x00000000e5560000, 0x00000000e5560000)
  from space 21824K,  33% used [0x00000000e5560000, 0x00000000e5c90bd0, 0x00000000e6ab0000)
  to   space 21824K,   0% used [0x00000000e6ab0000, 0x00000000e6ab0000, 0x00000000e8000000)
 concurrent mark-sweep generation total 393216K, used 69567K [0x00000000e8000000, 0x0000000100000000, 0x0000000100000000)
 Metaspace       used 52451K, capacity 53745K, committed 53932K, reserved 1097728K
  class space    used 5628K, capacity 5995K, committed 6108K, reserved 1048576K
2017-03-14T10:11:29.956+0000: 2523.969: [GC (Allocation Failure) 2017-03-14T10:11:29.956+0000: 2523.969: [ParNew
Desired survivor size 20112992 bytes, new threshold 8 (max 8)
- age   1:     416056 bytes,     416056 total
- age   2:    2415880 bytes,    2831936 total
- age   3:     960160 bytes,    3792096 total
- age   4:    1246280 bytes,    5038376 total
- age   5:     138904 bytes,    5177280 total
- age   6:      92584 bytes,    5269864 total
- age   7:     715264 bytes,    5985128 total
- age   8:      32056 bytes,    6017184 total
: 94786K->8716K(109248K), 0.0312108 secs] 164354K->78283K(502464K), 0.0313371 secs] [Times: user=0.05 sys=0.00, real=0.03 secs] 
Heap after GC invocations=149 (full 2):
 par new generation   total 109248K, used 8716K [0x00000000e0000000, 0x00000000e8000000, 0x00000000e8000000)
  eden space 87424K,   0% used [0x00000000e0000000, 0x00000000e0000000, 0x00000000e5560000)
  from space 21824K,  39% used [0x00000000e6ab0000, 0x00000000e73330d0, 0x00000000e8000000)
  to   space 21824K,   0% used [0x00000000e5560000, 0x00000000e5560000, 0x00000000e6ab0000)
 concurrent mark-sweep generation total 393216K, used 69567K [0x00000000e8000000, 0x0000000100000000, 0x0000000100000000)
 Metaspace       used 52451K, capacity 53745K, committed 53932K, reserved 1097728K
  class space    used 5628K, capacity 5995K, committed 6108K, reserved 1048576K
}
2017-03-14T10:11:29.988+0000: 2524.000: Total time for which application threads were stopped: 0.0318667 seconds, Stopping threads took: 0.0000764 seconds
{Heap before GC invocations=149 (full 2):
 par new generation   total 109248K, used 96140K [0x00000000e0000000, 0x00000000e8000000, 0x00000000e8000000)
  eden space 87424K, 100% used [0x00000000e0000000, 0x00000000e5560000, 0x00000000e5560000)
  from space 21824K,  39% used [0x00000000e6ab0000, 0x00000000e73330d0, 0x00000000e8000000)
  to   space 21824K,   0% used [0x00000000e5560000, 0x00000000e5560000, 0x00000000e6ab0000)
 concurrent mark-sweep generation total 393216K, used 69567K [0x00000000e8000000, 0x0000000100000000, 0x0000000100000000)
 Metaspace       used 52451K, capacity 53745K, committed 53932K, reserved 1097728K
  class space    used 5628K, capacity 5995K, committed 6108K, reserved 1048576K
2017-03-14T10:11:30.090+0000: 2524.102: [GC (Allocation Failure) 2017-03-14T10:11:30.090+0000: 2524.102: [ParNew
Desired survivor size 20112992 bytes, new threshold 8 (max 8)
- age   1:     257504 bytes,     257504 total
- age   2:     171728 bytes,     429232 total
- age   3:    2415608 bytes,    2844840 total
- age   4:     959944 bytes,    3804784 total
- age   5:    1246280 bytes,    5051064 total
- age   6:     138904 bytes,    5189968 total
- age   7:      92584 bytes,    5282552 total
- age   8:     715264 bytes,    5997816 total
: 96140K->6897K(109248K), 0.0474574 secs] 165707K->76496K(502464K), 0.0475743 secs] [Times: user=0.07 sys=0.00, real=0.05 secs] 
Heap after GC invocations=150 (full 2):
 par new generation   total 109248K, used 6897K [0x00000000e0000000, 0x00000000e8000000, 0x00000000e8000000)
  eden space 87424K,   0% used [0x00000000e0000000, 0x00000000e0000000, 0x00000000e5560000)
  from space 21824K,  31% used [0x00000000e5560000, 0x00000000e5c1c5c0, 0x00000000e6ab0000)
  to   space 21824K,   0% used [0x00000000e6ab0000, 0x00000000e6ab0000, 0x00000000e8000000)
 concurrent mark-sweep generation total 393216K, used 69599K [0x00000000e8000000, 0x0000000100000000, 0x0000000100000000)
 Metaspace       used 52451K, capacity 53745K, committed 53932K, reserved 1097728K
  class space    used 5628K, capacity 5995K, committed 6108K, reserved 1048576K
}
2017-03-14T10:11:30.138+0000: 2524.150: Total time for which application threads were stopped: 0.0480595 seconds, Stopping threads took: 0.0000703 seconds
2017-03-14T10:11:30.349+0000: 2524.361: Total time for which application threads were stopped: 0.0004184 seconds, Stopping threads took: 0.0000392 seconds
2017-03-14T10:11:30.350+0000: 2524.363: Total time for which application threads were stopped: 0.0003544 seconds, Stopping threads took: 0.0000322 seconds
2017-03-14T10:11:30.433+0000: 2524.445: Total time for which application threads were stopped: 0.0003581 seconds, Stopping threads took: 0.0000343 seconds
2017-03-14T10:11:30.457+0000: 2524.469: Total time for which application threads were stopped: 0.0004310 seconds, Stopping threads took: 0.0000551 seconds
2017-03-14T10:11:30.469+0000: 2524.481: Total time for which application threads were stopped: 0.0018200 seconds, Stopping threads took: 0.0014686 seconds
2017-03-14T10:11:30.471+0000: 2524.483: Total time for which application threads were stopped: 0.0012093 seconds, Stopping threads took: 0.0008581 seconds
2017-03-14T10:11:30.473+0000: 2524.485: Total time for which application threads were stopped: 0.0007692 seconds, Stopping threads took: 0.0000597 seconds
2017-03-14T10:11:30.475+0000: 2524.487: Total time for which application threads were stopped: 0.0010341 seconds, Stopping threads took: 0.0006933 seconds
2017-03-14T10:11:31.476+0000: 2525.488: Total time for which application threads were stopped: 0.0004390 seconds, Stopping threads took: 0.0000489 seconds
2017-03-14T10:11:31.787+0000: 2525.800: Total time for which application threads were stopped: 0.0003809 seconds, Stopping threads took: 0.0000350 seconds
2017-03-14T10:11:31.788+0000: 2525.800: Total time for which application threads were stopped: 0.0002845 seconds, Stopping threads took: 0.0000564 seconds
2017-03-14T10:11:31.788+0000: 2525.801: Total time for which application threads were stopped: 0.0002810 seconds, Stopping threads took: 0.0000526 seconds
2017-03-14T10:11:31.844+0000: 2525.856: Total time for which application threads were stopped: 0.0005365 seconds, Stopping threads took: 0.0002591 seconds
2017-03-14T10:11:31.847+0000: 2525.859: Total time for which application threads were stopped: 0.0004430 seconds, Stopping threads took: 0.0001666 seconds
2017-03-14T10:11:31.893+0000: 2525.905: Total time for which application threads were stopped: 0.0003314 seconds, Stopping threads took: 0.0000330 seconds
2017-03-14T10:11:32.894+0000: 2526.906: Total time for which application threads were stopped: 0.0003756 seconds, Stopping threads took: 0.0000551 seconds
2017-03-14T10:11:38.895+0000: 2532.907: Total time for which application threads were stopped: 0.0004101 seconds, Stopping threads took: 0.0000608 seconds
2017-03-14T10:11:48.896+0000: 2542.909: Total time for which application threads were stopped: 0.0005870 seconds, Stopping threads took: 0.0000650 seconds
2017-03-14T10:12:08.900+0000: 2562.912: Total time for which application threads were stopped: 0.0004058 seconds, Stopping threads took: 0.0000588 seconds
2017-03-14T10:12:12.513+0000: 2566.525: Total time for which application threads were stopped: 0.0003441 seconds, Stopping threads took: 0.0000502 seconds
2017-03-14T10:12:19.514+0000: 2573.526: Total time for which application threads were stopped: 0.0004756 seconds, Stopping threads took: 0.0000582 seconds
2017-03-14T10:12:24.515+0000: 2578.528: Total time for which application threads were stopped: 0.0003729 seconds, Stopping threads took: 0.0000536 seconds
2017-03-14T10:12:37.518+0000: 2591.530: Total time for which application threads were stopped: 0.0003457 seconds, Stopping threads took: 0.0000541 seconds
2017-03-14T10:12:51.186+0000: 2605.199: Total time for which application threads were stopped: 0.0002808 seconds, Stopping threads took: 0.0000300 seconds
2017-03-14T10:12:51.186+0000: 2605.199: Total time for which application threads were stopped: 0.0001337 seconds, Stopping threads took: 0.0000113 seconds
2017-03-14T10:12:51.188+0000: 2605.201: Total time for which application threads were stopped: 0.0002917 seconds, Stopping threads took: 0.0000390 seconds
2017-03-14T10:12:51.189+0000: 2605.201: Total time for which application threads were stopped: 0.0001944 seconds, Stopping threads took: 0.0000233 seconds
2017-03-14T10:12:56.190+0000: 2610.202: Total time for which application threads were stopped: 0.0005487 seconds, Stopping threads took: 0.0000850 seconds
2017-03-14T10:13:31.911+0000: 2645.923: Total time for which application threads were stopped: 0.0002811 seconds, Stopping threads took: 0.0000587 seconds
2017-03-14T10:13:31.914+0000: 2645.926: Total time for which application threads were stopped: 0.0003800 seconds, Stopping threads took: 0.0000343 seconds
2017-03-14T10:13:31.915+0000: 2645.927: Total time for which application threads were stopped: 0.0003289 seconds, Stopping threads took: 0.0000283 seconds
2017-03-14T10:13:31.951+0000: 2645.963: Total time for which application threads were stopped: 0.0003787 seconds, Stopping threads took: 0.0000537 seconds
2017-03-14T10:13:31.964+0000: 2645.976: Total time for which application threads were stopped: 0.0003466 seconds, Stopping threads took: 0.0000517 seconds
2017-03-14T10:13:32.215+0000: 2646.228: Total time for which application threads were stopped: 0.0004084 seconds, Stopping threads took: 0.0000608 seconds
{Heap before GC invocations=150 (full 2):
 par new generation   total 109248K, used 94321K [0x00000000e0000000, 0x00000000e8000000, 0x00000000e8000000)
  eden space 87424K, 100% used [0x00000000e0000000, 0x00000000e5560000, 0x00000000e5560000)
  from space 21824K,  31% used [0x00000000e5560000, 0x00000000e5c1c5c0, 0x00000000e6ab0000)
  to   space 21824K,   0% used [0x00000000e6ab0000, 0x00000000e6ab0000, 0x00000000e8000000)
 concurrent mark-sweep generation total 393216K, used 69599K [0x00000000e8000000, 0x0000000100000000, 0x0000000100000000)
 Metaspace       used 52516K, capacity 53809K, committed 53932K, reserved 1097728K
  class space    used 5630K, capacity 5995K, committed 6108K, reserved 1048576K
2017-03-14T10:13:32.331+0000: 2646.344: [GC (Allocation Failure) 2017-03-14T10:13:32.331+0000: 2646.344: [ParNew
Desired survivor size 20112992 bytes, new threshold 8 (max 8)
- age   1:    7428552 bytes,    7428552 total
- age   2:      84968 bytes,    7513520 total
- age   3:     102488 bytes,    7616008 total
- age   4:     316280 bytes,    7932288 total
- age   5:     702880 bytes,    8635168 total
- age   6:     610984 bytes,    9246152 total
- age   7:         16 bytes,    9246168 total
: 94321K->11936K(109248K), 0.0548867 secs] 163920K->82093K(502464K), 0.0550268 secs] [Times: user=0.13 sys=0.00, real=0.05 secs] 
Heap after GC invocations=151 (full 2):
 par new generation   total 109248K, used 11936K [0x00000000e0000000, 0x00000000e8000000, 0x00000000e8000000)
  eden space 87424K,   0% used [0x00000000e0000000, 0x00000000e0000000, 0x00000000e5560000)
  from space 21824K,  54% used [0x00000000e6ab0000, 0x00000000e7658030, 0x00000000e8000000)
  to   space 21824K,   0% used [0x00000000e5560000, 0x00000000e5560000, 0x00000000e6ab0000)
 concurrent mark-sweep generation total 393216K, used 70156K [0x00000000e8000000, 0x0000000100000000, 0x0000000100000000)
 Metaspace       used 52516K, capacity 53809K, committed 53932K, reserved 1097728K
  class space    used 5630K, capacity 5995K, committed 6108K, reserved 1048576K
}
2017-03-14T10:13:32.386+0000: 2646.399: Total time for which application threads were stopped: 0.0554810 seconds, Stopping threads took: 0.0000347 seconds
2017-03-14T10:13:32.555+0000: 2646.567: Total time for which application threads were stopped: 0.0003967 seconds, Stopping threads took: 0.0000437 seconds
2017-03-14T10:13:32.567+0000: 2646.579: Total time for which application threads were stopped: 0.0003387 seconds, Stopping threads took: 0.0000475 seconds
2017-03-14T10:13:32.568+0000: 2646.580: Total time for which application threads were stopped: 0.0003163 seconds, Stopping threads took: 0.0000466 seconds
2017-03-14T10:13:32.570+0000: 2646.582: Total time for which application threads were stopped: 0.0003203 seconds, Stopping threads took: 0.0000361 seconds
2017-03-14T10:13:32.571+0000: 2646.583: Total time for which application threads were stopped: 0.0002879 seconds, Stopping threads took: 0.0000281 seconds
2017-03-14T10:13:32.571+0000: 2646.584: Total time for which application threads were stopped: 0.0002627 seconds, Stopping threads took: 0.0000217 seconds
2017-03-14T10:13:32.572+0000: 2646.584: Total time for which application threads were stopped: 0.0003019 seconds, Stopping threads took: 0.0000303 seconds
2017-03-14T10:13:32.574+0000: 2646.586: Total time for which application threads were stopped: 0.0003061 seconds, Stopping threads took: 0.0000359 seconds
2017-03-14T10:13:32.575+0000: 2646.587: Total time for which application threads were stopped: 0.0002954 seconds, Stopping threads took: 0.0000397 seconds
2017-03-14T10:13:32.575+0000: 2646.588: Total time for which application threads were stopped: 0.0002807 seconds, Stopping threads took: 0.0000284 seconds
2017-03-14T10:13:32.576+0000: 2646.589: Total time for which application threads were stopped: 0.0003054 seconds, Stopping threads took: 0.0000449 seconds
2017-03-14T10:13:32.577+0000: 2646.589: Total time for which application threads were stopped: 0.0002402 seconds, Stopping threads took: 0.0000312 seconds
2017-03-14T10:13:32.580+0000: 2646.592: Total time for which application threads were stopped: 0.0004480 seconds, Stopping threads took: 0.0000559 seconds
2017-03-14T10:13:32.581+0000: 2646.593: Total time for which application threads were stopped: 0.0003589 seconds, Stopping threads took: 0.0000534 seconds
2017-03-14T10:13:32.590+0000: 2646.603: Total time for which application threads were stopped: 0.0003539 seconds, Stopping threads took: 0.0000733 seconds
2017-03-14T10:13:32.591+0000: 2646.604: Total time for which application threads were stopped: 0.0003024 seconds, Stopping threads took: 0.0000392 seconds
2017-03-14T10:13:32.593+0000: 2646.605: Total time for which application threads were stopped: 0.0006822 seconds, Stopping threads took: 0.0000435 seconds
2017-03-14T10:13:32.637+0000: 2646.649: Total time for which application threads were stopped: 0.0003381 seconds, Stopping threads took: 0.0000466 seconds
{Heap before GC invocations=151 (full 2):
 par new generation   total 109248K, used 99360K [0x00000000e0000000, 0x00000000e8000000, 0x00000000e8000000)
  eden space 87424K, 100% used [0x00000000e0000000, 0x00000000e5560000, 0x00000000e5560000)
  from space 21824K,  54% used [0x00000000e6ab0000, 0x00000000e7658030, 0x00000000e8000000)
  to   space 21824K,   0% used [0x00000000e5560000, 0x00000000e5560000, 0x00000000e6ab0000)
 concurrent mark-sweep generation total 393216K, used 70156K [0x00000000e8000000, 0x0000000100000000, 0x0000000100000000)
 Metaspace       used 52548K, capacity 53873K, committed 54188K, reserved 1097728K
  class space    used 5630K, capacity 5995K, committed 6108K, reserved 1048576K
2017-03-14T10:13:32.910+0000: 2646.922: [GC (Allocation Failure) 2017-03-14T10:13:32.910+0000: 2646.922: [ParNew
Desired survivor size 20112992 bytes, new threshold 8 (max 8)
- age   1:    9733384 bytes,    9733384 total
- age   2:    4343432 bytes,   14076816 total
- age   3:      84968 bytes,   14161784 total
- age   4:     101936 bytes,   14263720 total
- age   5:     345896 bytes,   14609616 total
- age   6:     693312 bytes,   15302928 total
- age   7:     603912 bytes,   15906840 total
- age   8:         16 bytes,   15906856 total
: 99360K->19129K(109248K), 0.0573383 secs] 169517K->89286K(502464K), 0.0574333 secs] [Times: user=0.13 sys=0.00, real=0.06 secs] 
Heap after GC invocations=152 (full 2):
 par new generation   total 109248K, used 19129K [0x00000000e0000000, 0x00000000e8000000, 0x00000000e8000000)
  eden space 87424K,   0% used [0x00000000e0000000, 0x00000000e0000000, 0x00000000e5560000)
  from space 21824K,  87% used [0x00000000e5560000, 0x00000000e680e7f0, 0x00000000e6ab0000)
  to   space 21824K,   0% used [0x00000000e6ab0000, 0x00000000e6ab0000, 0x00000000e8000000)
 concurrent mark-sweep generation total 393216K, used 70156K [0x00000000e8000000, 0x0000000100000000, 0x0000000100000000)
 Metaspace       used 52548K, capacity 53873K, committed 54188K, reserved 1097728K
  class space    used 5630K, capacity 5995K, committed 6108K, reserved 1048576K
}
2017-03-14T10:13:32.967+0000: 2646.980: Total time for which application threads were stopped: 0.0579124 seconds, Stopping threads took: 0.0000559 seconds
2017-03-14T10:13:33.968+0000: 2647.980: Total time for which application threads were stopped: 0.0002580 seconds, Stopping threads took: 0.0000368 seconds
2017-03-14T10:13:37.510+0000: 2651.523: Total time for which application threads were stopped: 0.0002462 seconds, Stopping threads took: 0.0000373 seconds
2017-03-14T10:14:07.523+0000: 2681.535: Total time for which application threads were stopped: 0.0003062 seconds, Stopping threads took: 0.0000451 seconds
2017-03-14T10:14:07.523+0000: 2681.535: Total time for which application threads were stopped: 0.0001907 seconds, Stopping threads took: 0.0000242 seconds
2017-03-14T10:14:07.525+0000: 2681.537: Total time for which application threads were stopped: 0.0002541 seconds, Stopping threads took: 0.0000419 seconds
2017-03-14T10:14:07.525+0000: 2681.537: Total time for which application threads were stopped: 0.0001583 seconds, Stopping threads took: 0.0000411 seconds
2017-03-14T10:14:08.526+0000: 2682.538: Total time for which application threads were stopped: 0.0003702 seconds, Stopping threads took: 0.0000498 seconds
2017-03-14T10:15:02.514+0000: 2736.526: Total time for which application threads were stopped: 0.0004365 seconds, Stopping threads took: 0.0000589 seconds
2017-03-14T10:15:02.514+0000: 2736.526: Total time for which application threads were stopped: 0.0003084 seconds, Stopping threads took: 0.0000392 seconds
2017-03-14T10:15:08.515+0000: 2742.528: Total time for which application threads were stopped: 0.0003419 seconds, Stopping threads took: 0.0000508 seconds
2017-03-14T10:21:02.864+0000: 3096.876: Total time for which application threads were stopped: 0.0003337 seconds, Stopping threads took: 0.0000353 seconds
2017-03-14T10:21:02.954+0000: 3096.966: Total time for which application threads were stopped: 0.0003724 seconds, Stopping threads took: 0.0000341 seconds
2017-03-14T10:21:02.954+0000: 3096.967: Total time for which application threads were stopped: 0.0001924 seconds, Stopping threads took: 0.0000233 seconds
2017-03-14T10:21:02.962+0000: 3096.974: Total time for which application threads were stopped: 0.0002837 seconds, Stopping threads took: 0.0000382 seconds
2017-03-14T10:21:47.525+0000: 3141.537: Total time for which application threads were stopped: 0.0002520 seconds, Stopping threads took: 0.0000394 seconds
2017-03-14T10:29:27.584+0000: 3601.596: Total time for which application threads were stopped: 0.0002800 seconds, Stopping threads took: 0.0000371 seconds
2017-03-14T10:29:30.585+0000: 3604.597: Total time for which application threads were stopped: 0.0005359 seconds, Stopping threads took: 0.0000998 seconds
2017-03-14T10:33:17.612+0000: 3831.624: Total time for which application threads were stopped: 0.0003682 seconds, Stopping threads took: 0.0000463 seconds
2017-03-14T10:33:19.613+0000: 3833.625: Total time for which application threads were stopped: 0.0003736 seconds, Stopping threads took: 0.0000550 seconds
2017-03-14T10:34:46.598+0000: 3920.611: Total time for which application threads were stopped: 0.0005138 seconds, Stopping threads took: 0.0000986 seconds
2017-03-14T10:34:46.627+0000: 3920.639: Total time for which application threads were stopped: 0.0003053 seconds, Stopping threads took: 0.0000308 seconds
2017-03-14T10:34:46.633+0000: 3920.645: Total time for which application threads were stopped: 0.0002941 seconds, Stopping threads took: 0.0000314 seconds
2017-03-14T10:34:46.633+0000: 3920.645: Total time for which application threads were stopped: 0.0001723 seconds, Stopping threads took: 0.0000156 seconds
2017-03-14T10:34:47.633+0000: 3921.646: Total time for which application threads were stopped: 0.0002900 seconds, Stopping threads took: 0.0000405 seconds
2017-03-14T10:35:27.550+0000: 3961.562: Total time for which application threads were stopped: 0.0004216 seconds, Stopping threads took: 0.0000739 seconds
2017-03-14T10:35:27.551+0000: 3961.563: Total time for which application threads were stopped: 0.0002374 seconds, Stopping threads took: 0.0000441 seconds
2017-03-14T10:37:02.563+0000: 4056.575: Total time for which application threads were stopped: 0.0002770 seconds, Stopping threads took: 0.0000486 seconds
2017-03-14T10:37:35.137+0000: 4089.149: Total time for which application threads were stopped: 0.0003253 seconds, Stopping threads took: 0.0001038 seconds
2017-03-14T10:37:35.144+0000: 4089.156: Total time for which application threads were stopped: 0.0003240 seconds, Stopping threads took: 0.0000469 seconds
2017-03-14T10:37:35.162+0000: 4089.175: Total time for which application threads were stopped: 0.0005270 seconds, Stopping threads took: 0.0002399 seconds
2017-03-14T10:37:35.163+0000: 4089.175: Total time for which application threads were stopped: 0.0002727 seconds, Stopping threads took: 0.0000671 seconds
2017-03-14T10:37:35.163+0000: 4089.176: Total time for which application threads were stopped: 0.0002211 seconds, Stopping threads took: 0.0000436 seconds
2017-03-14T10:37:35.165+0000: 4089.177: Total time for which application threads were stopped: 0.0003055 seconds, Stopping threads took: 0.0000714 seconds
2017-03-14T10:37:36.533+0000: 4090.546: Total time for which application threads were stopped: 0.0003901 seconds, Stopping threads took: 0.0000534 seconds
2017-03-14T10:37:36.534+0000: 4090.546: Total time for which application threads were stopped: 0.0003173 seconds, Stopping threads took: 0.0000698 seconds
2017-03-14T10:37:36.647+0000: 4090.659: Total time for which application threads were stopped: 0.0003971 seconds, Stopping threads took: 0.0000651 seconds
2017-03-14T10:37:36.647+0000: 4090.660: Total time for which application threads were stopped: 0.0003169 seconds, Stopping threads took: 0.0000730 seconds
2017-03-14T10:37:36.648+0000: 4090.660: Total time for which application threads were stopped: 0.0002706 seconds, Stopping threads took: 0.0000332 seconds
2017-03-14T10:37:36.731+0000: 4090.743: Total time for which application threads were stopped: 0.0002960 seconds, Stopping threads took: 0.0000299 seconds
2017-03-14T10:37:36.731+0000: 4090.743: Total time for which application threads were stopped: 0.0001719 seconds, Stopping threads took: 0.0000194 seconds
2017-03-14T10:37:36.731+0000: 4090.743: Total time for which application threads were stopped: 0.0001626 seconds, Stopping threads took: 0.0000210 seconds
2017-03-14T10:37:42.556+0000: 4096.568: Total time for which application threads were stopped: 0.0005087 seconds, Stopping threads took: 0.0000373 seconds
2017-03-14T10:37:42.557+0000: 4096.569: Total time for which application threads were stopped: 0.0002208 seconds, Stopping threads took: 0.0000297 seconds
2017-03-14T10:37:52.083+0000: 4106.095: Total time for which application threads were stopped: 0.0003125 seconds, Stopping threads took: 0.0001139 seconds
2017-03-14T10:37:52.083+0000: 4106.095: Total time for which application threads were stopped: 0.0001389 seconds, Stopping threads took: 0.0000508 seconds
2017-03-14T10:37:52.083+0000: 4106.096: Total time for which application threads were stopped: 0.0000992 seconds, Stopping threads took: 0.0000099 seconds
2017-03-14T10:37:52.083+0000: 4106.096: Total time for which application threads were stopped: 0.0001082 seconds, Stopping threads took: 0.0000292 seconds
2017-03-14T10:37:52.084+0000: 4106.096: Total time for which application threads were stopped: 0.0001397 seconds, Stopping threads took: 0.0000289 seconds
2017-03-14T10:37:52.084+0000: 4106.097: Total time for which application threads were stopped: 0.0001933 seconds, Stopping threads took: 0.0000367 seconds
2017-03-14T10:37:52.084+0000: 4106.097: Total time for which application threads were stopped: 0.0001047 seconds, Stopping threads took: 0.0000203 seconds
2017-03-14T10:37:52.085+0000: 4106.097: Total time for which application threads were stopped: 0.0000941 seconds, Stopping threads took: 0.0000197 seconds
2017-03-14T10:37:52.085+0000: 4106.097: Total time for which application threads were stopped: 0.0000962 seconds, Stopping threads took: 0.0000198 seconds
2017-03-14T10:37:52.085+0000: 4106.097: Total time for which application threads were stopped: 0.0001130 seconds, Stopping threads took: 0.0000340 seconds
2017-03-14T10:37:52.085+0000: 4106.097: Total time for which application threads were stopped: 0.0000943 seconds, Stopping threads took: 0.0000194 seconds
2017-03-14T10:37:52.085+0000: 4106.097: Total time for which application threads were stopped: 0.0001055 seconds, Stopping threads took: 0.0000259 seconds
2017-03-14T10:37:52.085+0000: 4106.097: Total time for which application threads were stopped: 0.0000937 seconds, Stopping threads took: 0.0000193 seconds
2017-03-14T10:37:52.086+0000: 4106.098: Total time for which application threads were stopped: 0.0002096 seconds, Stopping threads took: 0.0000362 seconds
2017-03-14T10:37:52.086+0000: 4106.099: Total time for which application threads were stopped: 0.0001495 seconds, Stopping threads took: 0.0000449 seconds
2017-03-14T10:37:52.089+0000: 4106.101: Total time for which application threads were stopped: 0.0003359 seconds, Stopping threads took: 0.0000328 seconds
2017-03-14T10:37:52.095+0000: 4106.107: Total time for which application threads were stopped: 0.0017713 seconds, Stopping threads took: 0.0015380 seconds
2017-03-14T10:37:52.103+0000: 4106.115: Total time for which application threads were stopped: 0.0003201 seconds, Stopping threads took: 0.0000298 seconds
2017-03-14T10:37:52.103+0000: 4106.116: Total time for which application threads were stopped: 0.0001656 seconds, Stopping threads took: 0.0000143 seconds
2017-03-14T10:37:52.104+0000: 4106.116: Total time for which application threads were stopped: 0.0001578 seconds, Stopping threads took: 0.0000132 seconds
2017-03-14T10:37:52.105+0000: 4106.117: Total time for which application threads were stopped: 0.0002207 seconds, Stopping threads took: 0.0000275 seconds
2017-03-14T10:37:53.313+0000: 4107.325: Total time for which application threads were stopped: 0.0003206 seconds, Stopping threads took: 0.0000341 seconds
2017-03-14T10:37:53.317+0000: 4107.329: Total time for which application threads were stopped: 0.0003104 seconds, Stopping threads took: 0.0000932 seconds
2017-03-14T10:37:53.319+0000: 4107.331: Total time for which application threads were stopped: 0.0002271 seconds, Stopping threads took: 0.0000461 seconds
2017-03-14T10:37:53.373+0000: 4107.386: Total time for which application threads were stopped: 0.0002720 seconds, Stopping threads took: 0.0000358 seconds
2017-03-14T10:37:53.374+0000: 4107.386: Total time for which application threads were stopped: 0.0002098 seconds, Stopping threads took: 0.0000237 seconds
2017-03-14T10:37:53.375+0000: 4107.387: Total time for which application threads were stopped: 0.0002527 seconds, Stopping threads took: 0.0000435 seconds
2017-03-14T10:37:53.375+0000: 4107.387: Total time for which application threads were stopped: 0.0001559 seconds, Stopping threads took: 0.0000268 seconds
2017-03-14T10:37:54.146+0000: 4108.158: Total time for which application threads were stopped: 0.0003435 seconds, Stopping threads took: 0.0000678 seconds
2017-03-14T10:37:54.146+0000: 4108.159: Total time for which application threads were stopped: 0.0001721 seconds, Stopping threads took: 0.0000334 seconds
2017-03-14T10:37:54.151+0000: 4108.163: Total time for which application threads were stopped: 0.0003225 seconds, Stopping threads took: 0.0000857 seconds
2017-03-14T10:37:54.151+0000: 4108.163: Total time for which application threads were stopped: 0.0001322 seconds, Stopping threads took: 0.0000104 seconds
2017-03-14T10:37:58.328+0000: 4112.340: Total time for which application threads were stopped: 0.0003372 seconds, Stopping threads took: 0.0000437 seconds
2017-03-14T10:37:58.328+0000: 4112.340: Total time for which application threads were stopped: 0.0002555 seconds, Stopping threads took: 0.0000268 seconds
2017-03-14T10:37:58.330+0000: 4112.342: Total time for which application threads were stopped: 0.0004355 seconds, Stopping threads took: 0.0000418 seconds
2017-03-14T10:37:58.330+0000: 4112.343: Total time for which application threads were stopped: 0.0003608 seconds, Stopping threads took: 0.0000441 seconds
2017-03-14T10:37:58.331+0000: 4112.343: Total time for which application threads were stopped: 0.0002949 seconds, Stopping threads took: 0.0000372 seconds
2017-03-14T10:38:06.352+0000: 4120.364: Total time for which application threads were stopped: 0.0004683 seconds, Stopping threads took: 0.0001987 seconds
2017-03-14T10:38:06.354+0000: 4120.366: Total time for which application threads were stopped: 0.0003764 seconds, Stopping threads took: 0.0000963 seconds
2017-03-14T10:38:06.355+0000: 4120.368: Total time for which application threads were stopped: 0.0005878 seconds, Stopping threads took: 0.0000337 seconds
2017-03-14T10:38:06.359+0000: 4120.372: Total time for which application threads were stopped: 0.0007021 seconds, Stopping threads took: 0.0001101 seconds
2017-03-14T10:38:06.360+0000: 4120.372: Total time for which application threads were stopped: 0.0002618 seconds, Stopping threads took: 0.0000419 seconds
2017-03-14T10:38:06.360+0000: 4120.372: Total time for which application threads were stopped: 0.0002132 seconds, Stopping threads took: 0.0000257 seconds
2017-03-14T10:38:47.559+0000: 4161.571: Total time for which application threads were stopped: 0.0003168 seconds, Stopping threads took: 0.0000479 seconds
2017-03-14T10:43:01.593+0000: 4415.606: Total time for which application threads were stopped: 0.0002790 seconds, Stopping threads took: 0.0000406 seconds
2017-03-14T10:52:58.675+0000: 5012.687: Total time for which application threads were stopped: 0.0004208 seconds, Stopping threads took: 0.0000924 seconds
2017-03-14T11:08:15.321+0000: 5929.333: Total time for which application threads were stopped: 0.0004029 seconds, Stopping threads took: 0.0000307 seconds
2017-03-14T11:08:15.345+0000: 5929.357: Total time for which application threads were stopped: 0.0002812 seconds, Stopping threads took: 0.0000517 seconds
2017-03-14T11:08:15.345+0000: 5929.357: Total time for which application threads were stopped: 0.0001370 seconds, Stopping threads took: 0.0000113 seconds
2017-03-14T11:08:15.368+0000: 5929.380: Total time for which application threads were stopped: 0.0002868 seconds, Stopping threads took: 0.0000278 seconds
2017-03-14T11:08:15.368+0000: 5929.381: Total time for which application threads were stopped: 0.0001783 seconds, Stopping threads took: 0.0000273 seconds
2017-03-14T11:08:16.369+0000: 5930.381: Total time for which application threads were stopped: 0.0002204 seconds, Stopping threads took: 0.0000230 seconds
2017-03-14T11:14:36.950+0000: 6310.962: Total time for which application threads were stopped: 0.0008378 seconds, Stopping threads took: 0.0001197 seconds
2017-03-14T11:14:37.012+0000: 6311.025: Total time for which application threads were stopped: 0.0003281 seconds, Stopping threads took: 0.0000552 seconds
2017-03-14T11:14:37.014+0000: 6311.026: Total time for which application threads were stopped: 0.0003256 seconds, Stopping threads took: 0.0000922 seconds
2017-03-14T11:14:37.014+0000: 6311.027: Total time for which application threads were stopped: 0.0002130 seconds, Stopping threads took: 0.0000554 seconds
2017-03-14T11:14:37.015+0000: 6311.027: Total time for which application threads were stopped: 0.0001943 seconds, Stopping threads took: 0.0000555 seconds
2017-03-14T11:14:37.015+0000: 6311.110: Total time for which application threads were stopped: 0.0827447 seconds, Stopping threads took: 0.0000415 seconds
2017-03-14T11:14:37.098+0000: 6311.110: Total time for which application threads were stopped: 0.0004745 seconds, Stopping threads took: 0.0000902 seconds
2017-03-14T11:14:37.099+0000: 6311.111: Total time for which application threads were stopped: 0.0003855 seconds, Stopping threads took: 0.0001244 seconds
2017-03-14T11:14:37.101+0000: 6311.113: Total time for which application threads were stopped: 0.0005027 seconds, Stopping threads took: 0.0001650 seconds
2017-03-14T11:14:37.101+0000: 6311.113: Total time for which application threads were stopped: 0.0003266 seconds, Stopping threads took: 0.0001268 seconds
2017-03-14T11:14:37.102+0000: 6311.114: Total time for which application threads were stopped: 0.0003925 seconds, Stopping threads took: 0.0001377 seconds
2017-03-14T11:14:37.102+0000: 6311.114: Total time for which application threads were stopped: 0.0002422 seconds, Stopping threads took: 0.0000825 seconds
2017-03-14T11:14:37.102+0000: 6311.115: Total time for which application threads were stopped: 0.0002280 seconds, Stopping threads took: 0.0000601 seconds
2017-03-14T11:14:37.103+0000: 6311.115: Total time for which application threads were stopped: 0.0002425 seconds, Stopping threads took: 0.0000784 seconds
2017-03-14T11:14:37.104+0000: 6311.116: Total time for which application threads were stopped: 0.0002873 seconds, Stopping threads took: 0.0000875 seconds
2017-03-14T11:14:37.105+0000: 6311.117: Total time for which application threads were stopped: 0.0002538 seconds, Stopping threads took: 0.0000619 seconds
2017-03-14T11:14:37.129+0000: 6311.142: Total time for which application threads were stopped: 0.0002947 seconds, Stopping threads took: 0.0000534 seconds
Heap
 par new generation   total 109248K, used 88705K [0x00000000e0000000, 0x00000000e8000000, 0x00000000e8000000)
  eden space 87424K,  79% used [0x00000000e0000000, 0x00000000e43f1fc8, 0x00000000e5560000)
  from space 21824K,  87% used [0x00000000e5560000, 0x00000000e680e7f0, 0x00000000e6ab0000)
  to   space 21824K,   0% used [0x00000000e6ab0000, 0x00000000e6ab0000, 0x00000000e8000000)
 concurrent mark-sweep generation total 393216K, used 70156K [0x00000000e8000000, 0x0000000100000000, 0x0000000100000000)
 Metaspace       used 52807K, capacity 54119K, committed 54444K, reserved 1097728K
  class space    used 5659K, capacity 6032K, committed 6108K, reserved 1048576K
