Java HotSpot(TM) 64-Bit Server VM (25.121-b13) for linux-amd64 JRE (1.8.0_121-b13), built on Dec 12 2016 16:36:53 by "java_re" with gcc 4.3.0 20080428 (Red Hat 4.3.0-8)
Memory: 4k page, physical 3991748k(1258268k free), swap 1999868k(1825464k free)
CommandLine flags: -XX:CMSInitiatingOccupancyFraction=50 -XX:CMSMaxAbortablePrecleanTime=6000 -XX:+CMSParallelRemarkEnabled -XX:+CMSScavengeBeforeRemark -XX:ConcGCThreads=4 -XX:GCLogFileSize=20971520 -XX:InitialHeapSize=536870912 -XX:MaxHeapSize=536870912 -XX:MaxTenuringThreshold=8 -XX:NewRatio=3 -XX:NumberOfGCLogFiles=9 -XX:OldPLABSize=16 -XX:-OmitStackTraceInFastThrow -XX:OnOutOfMemoryError=/home/harbouj/Downloads/solr-6.4.2/bin/oom_solr.sh 8983 /home/harbouj/Downloads/solr-6.4.2/example/cloud/node1/solr/../logs -XX:ParallelGCThreads=4 -XX:+ParallelRefProcEnabled -XX:PretenureSizeThreshold=67108864 -XX:+PrintGC -XX:+PrintGCApplicationStoppedTime -XX:+PrintGCDateStamps -XX:+PrintGCDetails -XX:+PrintGCTimeStamps -XX:+PrintHeapAtGC -XX:+PrintTenuringDistribution -XX:SurvivorRatio=4 -XX:TargetSurvivorRatio=90 -XX:ThreadStackSize=256 -XX:+UseCMSInitiatingOccupancyOnly -XX:+UseCompressedClassPointers -XX:+UseCompressedOops -XX:+UseConcMarkSweepGC -XX:+UseGCLogFileRotation -XX:+UseParNewGC 
2017-03-14T11:19:46.586+0000: 0.136: Total time for which application threads were stopped: 0.0000877 seconds, Stopping threads took: 0.0000159 seconds
2017-03-14T11:19:46.667+0000: 0.218: Total time for which application threads were stopped: 0.0001364 seconds, Stopping threads took: 0.0000220 seconds
2017-03-14T11:19:47.043+0000: 0.593: Total time for which application threads were stopped: 0.0001699 seconds, Stopping threads took: 0.0000212 seconds
2017-03-14T11:19:47.166+0000: 0.717: Total time for which application threads were stopped: 0.0001876 seconds, Stopping threads took: 0.0000216 seconds
2017-03-14T11:19:47.185+0000: 0.736: Total time for which application threads were stopped: 0.0001961 seconds, Stopping threads took: 0.0000282 seconds
2017-03-14T11:19:47.394+0000: 0.944: Total time for which application threads were stopped: 0.0001952 seconds, Stopping threads took: 0.0000185 seconds
2017-03-14T11:19:47.424+0000: 0.975: Total time for which application threads were stopped: 0.0001983 seconds, Stopping threads took: 0.0000171 seconds
2017-03-14T11:19:47.519+0000: 1.070: Total time for which application threads were stopped: 0.0002090 seconds, Stopping threads took: 0.0000168 seconds
2017-03-14T11:19:47.631+0000: 1.182: Total time for which application threads were stopped: 0.0004418 seconds, Stopping threads took: 0.0000199 seconds
2017-03-14T11:19:47.633+0000: 1.183: Total time for which application threads were stopped: 0.0001371 seconds, Stopping threads took: 0.0000074 seconds
2017-03-14T11:19:47.635+0000: 1.186: Total time for which application threads were stopped: 0.0002056 seconds, Stopping threads took: 0.0000190 seconds
2017-03-14T11:19:47.644+0000: 1.195: Total time for which application threads were stopped: 0.0002287 seconds, Stopping threads took: 0.0000223 seconds
2017-03-14T11:19:47.722+0000: 1.272: Total time for which application threads were stopped: 0.0002411 seconds, Stopping threads took: 0.0000296 seconds
{Heap before GC invocations=0 (full 0):
 par new generation   total 109248K, used 87424K [0x00000000e0000000, 0x00000000e8000000, 0x00000000e8000000)
  eden space 87424K, 100% used [0x00000000e0000000, 0x00000000e5560000, 0x00000000e5560000)
  from space 21824K,   0% used [0x00000000e5560000, 0x00000000e5560000, 0x00000000e6ab0000)
  to   space 21824K,   0% used [0x00000000e6ab0000, 0x00000000e6ab0000, 0x00000000e8000000)
 concurrent mark-sweep generation total 393216K, used 0K [0x00000000e8000000, 0x0000000100000000, 0x0000000100000000)
 Metaspace       used 20385K, capacity 20746K, committed 20992K, reserved 1067008K
  class space    used 2389K, capacity 2521K, committed 2560K, reserved 1048576K
2017-03-14T11:19:48.454+0000: 2.005: [GC (Allocation Failure) 2017-03-14T11:19:48.455+0000: 2.005: [ParNew
Desired survivor size 20112992 bytes, new threshold 8 (max 8)
- age   1:   12710344 bytes,   12710344 total
: 87424K->12527K(109248K), 0.0306128 secs] 87424K->12527K(502464K), 0.0307726 secs] [Times: user=0.07 sys=0.03, real=0.03 secs] 
Heap after GC invocations=1 (full 0):
 par new generation   total 109248K, used 12527K [0x00000000e0000000, 0x00000000e8000000, 0x00000000e8000000)
  eden space 87424K,   0% used [0x00000000e0000000, 0x00000000e0000000, 0x00000000e5560000)
  from space 21824K,  57% used [0x00000000e6ab0000, 0x00000000e76ebf98, 0x00000000e8000000)
  to   space 21824K,   0% used [0x00000000e5560000, 0x00000000e5560000, 0x00000000e6ab0000)
 concurrent mark-sweep generation total 393216K, used 0K [0x00000000e8000000, 0x0000000100000000, 0x0000000100000000)
 Metaspace       used 20385K, capacity 20746K, committed 20992K, reserved 1067008K
  class space    used 2389K, capacity 2521K, committed 2560K, reserved 1048576K
}
2017-03-14T11:19:48.485+0000: 2.036: Total time for which application threads were stopped: 0.0311787 seconds, Stopping threads took: 0.0000335 seconds
2017-03-14T11:19:48.598+0000: 2.149: Total time for which application threads were stopped: 0.0001129 seconds, Stopping threads took: 0.0000194 seconds
2017-03-14T11:19:48.730+0000: 2.280: Total time for which application threads were stopped: 0.0001498 seconds, Stopping threads took: 0.0000339 seconds
2017-03-14T11:19:49.036+0000: 2.587: Total time for which application threads were stopped: 0.0001057 seconds, Stopping threads took: 0.0000188 seconds
2017-03-14T11:19:49.069+0000: 2.619: Total time for which application threads were stopped: 0.0001141 seconds, Stopping threads took: 0.0000251 seconds
2017-03-14T11:19:49.137+0000: 2.687: Total time for which application threads were stopped: 0.0001862 seconds, Stopping threads took: 0.0000598 seconds
2017-03-14T11:19:49.194+0000: 2.745: Total time for which application threads were stopped: 0.0002056 seconds, Stopping threads took: 0.0000978 seconds
2017-03-14T11:19:49.196+0000: 2.747: Total time for which application threads were stopped: 0.0002788 seconds, Stopping threads took: 0.0000198 seconds
2017-03-14T11:19:49.290+0000: 2.840: Total time for which application threads were stopped: 0.0001701 seconds, Stopping threads took: 0.0000234 seconds
2017-03-14T11:19:50.334+0000: 3.884: Total time for which application threads were stopped: 0.0002020 seconds, Stopping threads took: 0.0000463 seconds
2017-03-14T11:19:50.369+0000: 3.920: Total time for which application threads were stopped: 0.0001429 seconds, Stopping threads took: 0.0000263 seconds
2017-03-14T11:19:50.440+0000: 3.991: Total time for which application threads were stopped: 0.0001202 seconds, Stopping threads took: 0.0000261 seconds
2017-03-14T11:19:50.489+0000: 4.040: [GC (CMS Initial Mark) [1 CMS-initial-mark: 0K(393216K)] 59079K(502464K), 0.0109980 secs] [Times: user=0.04 sys=0.00, real=0.01 secs] 
2017-03-14T11:19:50.501+0000: 4.051: Total time for which application threads were stopped: 0.0112167 seconds, Stopping threads took: 0.0000643 seconds
2017-03-14T11:19:50.501+0000: 4.051: [CMS-concurrent-mark-start]
2017-03-14T11:19:50.501+0000: 4.051: [CMS-concurrent-mark: 0.000/0.000 secs] [Times: user=0.00 sys=0.00, real=0.00 secs] 
2017-03-14T11:19:50.501+0000: 4.051: [CMS-concurrent-preclean-start]
2017-03-14T11:19:50.503+0000: 4.053: [CMS-concurrent-preclean: 0.002/0.002 secs] [Times: user=0.01 sys=0.00, real=0.01 secs] 
2017-03-14T11:19:50.503+0000: 4.053: [CMS-concurrent-abortable-preclean-start]
2017-03-14T11:19:50.521+0000: 4.072: Total time for which application threads were stopped: 0.0004245 seconds, Stopping threads took: 0.0000276 seconds
2017-03-14T11:19:50.649+0000: 4.200: Total time for which application threads were stopped: 0.0001559 seconds, Stopping threads took: 0.0000347 seconds
2017-03-14T11:19:50.656+0000: 4.207: Total time for which application threads were stopped: 0.0001636 seconds, Stopping threads took: 0.0000327 seconds
2017-03-14T11:19:50.660+0000: 4.211: Total time for which application threads were stopped: 0.0005839 seconds, Stopping threads took: 0.0004675 seconds
2017-03-14T11:19:50.672+0000: 4.222: Total time for which application threads were stopped: 0.0001757 seconds, Stopping threads took: 0.0000350 seconds
2017-03-14T11:19:50.672+0000: 4.223: Total time for which application threads were stopped: 0.0001296 seconds, Stopping threads took: 0.0000430 seconds
2017-03-14T11:19:50.696+0000: 4.247: Total time for which application threads were stopped: 0.0058896 seconds, Stopping threads took: 0.0057409 seconds
2017-03-14T11:19:50.711+0000: 4.262: Total time for which application threads were stopped: 0.0098712 seconds, Stopping threads took: 0.0000343 seconds
2017-03-14T11:19:50.716+0000: 4.266: Total time for which application threads were stopped: 0.0011727 seconds, Stopping threads took: 0.0010303 seconds
2017-03-14T11:19:50.716+0000: 4.266: Total time for which application threads were stopped: 0.0000824 seconds, Stopping threads took: 0.0000145 seconds
2017-03-14T11:19:50.716+0000: 4.266: Total time for which application threads were stopped: 0.0000750 seconds, Stopping threads took: 0.0000095 seconds
2017-03-14T11:19:50.717+0000: 4.267: Total time for which application threads were stopped: 0.0001385 seconds, Stopping threads took: 0.0000228 seconds
2017-03-14T11:19:50.717+0000: 4.268: Total time for which application threads were stopped: 0.0000805 seconds, Stopping threads took: 0.0000113 seconds
2017-03-14T11:19:50.717+0000: 4.268: Total time for which application threads were stopped: 0.0000823 seconds, Stopping threads took: 0.0000115 seconds
2017-03-14T11:19:50.717+0000: 4.268: Total time for which application threads were stopped: 0.0000780 seconds, Stopping threads took: 0.0000092 seconds
2017-03-14T11:19:50.717+0000: 4.268: Total time for which application threads were stopped: 0.0000760 seconds, Stopping threads took: 0.0000112 seconds
2017-03-14T11:19:50.718+0000: 4.268: Total time for which application threads were stopped: 0.0001216 seconds, Stopping threads took: 0.0000197 seconds
2017-03-14T11:19:50.718+0000: 4.269: Total time for which application threads were stopped: 0.0000822 seconds, Stopping threads took: 0.0000128 seconds
2017-03-14T11:19:50.719+0000: 4.270: Total time for which application threads were stopped: 0.0005066 seconds, Stopping threads took: 0.0000736 seconds
2017-03-14T11:19:50.720+0000: 4.270: Total time for which application threads were stopped: 0.0003920 seconds, Stopping threads took: 0.0000348 seconds
2017-03-14T11:19:50.720+0000: 4.271: Total time for which application threads were stopped: 0.0003506 seconds, Stopping threads took: 0.0000113 seconds
2017-03-14T11:19:50.721+0000: 4.272: Total time for which application threads were stopped: 0.0001271 seconds, Stopping threads took: 0.0000247 seconds
2017-03-14T11:19:50.746+0000: 4.296: Total time for which application threads were stopped: 0.0005479 seconds, Stopping threads took: 0.0001335 seconds
2017-03-14T11:19:50.774+0000: 4.325: Total time for which application threads were stopped: 0.0001887 seconds, Stopping threads took: 0.0000485 seconds
2017-03-14T11:19:50.775+0000: 4.326: Total time for which application threads were stopped: 0.0004771 seconds, Stopping threads took: 0.0000427 seconds
{Heap before GC invocations=1 (full 1):
 par new generation   total 109248K, used 99950K [0x00000000e0000000, 0x00000000e8000000, 0x00000000e8000000)
  eden space 87424K,  99% used [0x00000000e0000000, 0x00000000e555f8d8, 0x00000000e5560000)
  from space 21824K,  57% used [0x00000000e6ab0000, 0x00000000e76ebf98, 0x00000000e8000000)
  to   space 21824K,   0% used [0x00000000e5560000, 0x00000000e5560000, 0x00000000e6ab0000)
 concurrent mark-sweep generation total 393216K, used 0K [0x00000000e8000000, 0x0000000100000000, 0x0000000100000000)
 Metaspace       used 24582K, capacity 24974K, committed 25204K, reserved 1071104K
  class space    used 2896K, capacity 3029K, committed 3040K, reserved 1048576K
2017-03-14T11:19:50.879+0000: 4.429: [GC (Allocation Failure) 2017-03-14T11:19:50.879+0000: 4.429: [ParNew
Desired survivor size 20112992 bytes, new threshold 8 (max 8)
- age   1:    6035560 bytes,    6035560 total
- age   2:    6747992 bytes,   12783552 total
: 99950K->17074K(109248K), 0.0355796 secs] 99950K->17074K(502464K), 0.0356834 secs] [Times: user=0.07 sys=0.00, real=0.04 secs] 
Heap after GC invocations=2 (full 1):
 par new generation   total 109248K, used 17074K [0x00000000e0000000, 0x00000000e8000000, 0x00000000e8000000)
  eden space 87424K,   0% used [0x00000000e0000000, 0x00000000e0000000, 0x00000000e5560000)
  from space 21824K,  78% used [0x00000000e5560000, 0x00000000e660c910, 0x00000000e6ab0000)
  to   space 21824K,   0% used [0x00000000e6ab0000, 0x00000000e6ab0000, 0x00000000e8000000)
 concurrent mark-sweep generation total 393216K, used 0K [0x00000000e8000000, 0x0000000100000000, 0x0000000100000000)
 Metaspace       used 24582K, capacity 24974K, committed 25204K, reserved 1071104K
  class space    used 2896K, capacity 3029K, committed 3040K, reserved 1048576K
}
2017-03-14T11:19:50.914+0000: 4.465: Total time for which application threads were stopped: 0.0363398 seconds, Stopping threads took: 0.0003814 seconds
2017-03-14T11:19:50.950+0000: 4.500: Total time for which application threads were stopped: 0.0070248 seconds, Stopping threads took: 0.0065597 seconds
2017-03-14T11:19:50.999+0000: 4.549: Total time for which application threads were stopped: 0.0003618 seconds, Stopping threads took: 0.0001203 seconds
2017-03-14T11:19:51.000+0000: 4.551: Total time for which application threads were stopped: 0.0004726 seconds, Stopping threads took: 0.0001370 seconds
2017-03-14T11:19:51.030+0000: 4.581: Total time for which application threads were stopped: 0.0001772 seconds, Stopping threads took: 0.0000252 seconds
2017-03-14T11:19:51.038+0000: 4.589: Total time for which application threads were stopped: 0.0001462 seconds, Stopping threads took: 0.0000292 seconds
2017-03-14T11:19:51.041+0000: 4.591: Total time for which application threads were stopped: 0.0001212 seconds, Stopping threads took: 0.0000326 seconds
2017-03-14T11:19:51.206+0000: 4.757: Total time for which application threads were stopped: 0.0002232 seconds, Stopping threads took: 0.0000309 seconds
2017-03-14T11:19:51.234+0000: 4.785: Total time for which application threads were stopped: 0.0040654 seconds, Stopping threads took: 0.0039078 seconds
2017-03-14T11:19:51.256+0000: 4.806: Total time for which application threads were stopped: 0.0006831 seconds, Stopping threads took: 0.0001681 seconds
2017-03-14T11:19:51.256+0000: 4.806: Total time for which application threads were stopped: 0.0001422 seconds, Stopping threads took: 0.0000292 seconds
2017-03-14T11:19:51.257+0000: 4.808: Total time for which application threads were stopped: 0.0001770 seconds, Stopping threads took: 0.0000417 seconds
2017-03-14T11:19:51.257+0000: 4.808: Total time for which application threads were stopped: 0.0000954 seconds, Stopping threads took: 0.0000186 seconds
2017-03-14T11:19:51.258+0000: 4.808: Total time for which application threads were stopped: 0.0000912 seconds, Stopping threads took: 0.0000179 seconds
2017-03-14T11:19:51.258+0000: 4.809: Total time for which application threads were stopped: 0.0001909 seconds, Stopping threads took: 0.0000363 seconds
2017-03-14T11:19:51.258+0000: 4.809: Total time for which application threads were stopped: 0.0001008 seconds, Stopping threads took: 0.0000206 seconds
2017-03-14T11:19:51.259+0000: 4.809: Total time for which application threads were stopped: 0.0004651 seconds, Stopping threads took: 0.0003101 seconds
2017-03-14T11:19:51.263+0000: 4.813: Total time for which application threads were stopped: 0.0004336 seconds, Stopping threads took: 0.0001166 seconds
2017-03-14T11:19:51.263+0000: 4.814: Total time for which application threads were stopped: 0.0002590 seconds, Stopping threads took: 0.0001071 seconds
2017-03-14T11:19:51.271+0000: 4.821: Total time for which application threads were stopped: 0.0001463 seconds, Stopping threads took: 0.0000268 seconds
2017-03-14T11:19:51.271+0000: 4.821: Total time for which application threads were stopped: 0.0000904 seconds, Stopping threads took: 0.0000318 seconds
2017-03-14T11:19:51.271+0000: 4.821: Total time for which application threads were stopped: 0.0000950 seconds, Stopping threads took: 0.0000296 seconds
2017-03-14T11:19:51.278+0000: 4.828: Total time for which application threads were stopped: 0.0003502 seconds, Stopping threads took: 0.0001479 seconds
2017-03-14T11:19:51.279+0000: 4.830: Total time for which application threads were stopped: 0.0001513 seconds, Stopping threads took: 0.0000239 seconds
2017-03-14T11:19:51.280+0000: 4.831: Total time for which application threads were stopped: 0.0004117 seconds, Stopping threads took: 0.0000646 seconds
2017-03-14T11:19:51.281+0000: 4.831: Total time for which application threads were stopped: 0.0002781 seconds, Stopping threads took: 0.0000473 seconds
2017-03-14T11:19:51.282+0000: 4.832: Total time for which application threads were stopped: 0.0002303 seconds, Stopping threads took: 0.0000321 seconds
2017-03-14T11:19:51.356+0000: 4.906: Total time for which application threads were stopped: 0.0006550 seconds, Stopping threads took: 0.0001859 seconds
2017-03-14T11:19:51.371+0000: 4.921: Total time for which application threads were stopped: 0.0001356 seconds, Stopping threads took: 0.0000394 seconds
2017-03-14T11:19:51.371+0000: 4.922: Total time for which application threads were stopped: 0.0000882 seconds, Stopping threads took: 0.0000183 seconds
2017-03-14T11:19:51.371+0000: 4.922: Total time for which application threads were stopped: 0.0000761 seconds, Stopping threads took: 0.0000182 seconds
2017-03-14T11:19:51.372+0000: 4.922: Total time for which application threads were stopped: 0.0002323 seconds, Stopping threads took: 0.0000316 seconds
2017-03-14T11:19:51.378+0000: 4.929: Total time for which application threads were stopped: 0.0004985 seconds, Stopping threads took: 0.0000876 seconds
2017-03-14T11:19:51.400+0000: 4.951: Total time for which application threads were stopped: 0.0001550 seconds, Stopping threads took: 0.0000647 seconds
2017-03-14T11:19:51.419+0000: 4.970: Total time for which application threads were stopped: 0.0001336 seconds, Stopping threads took: 0.0000211 seconds
2017-03-14T11:19:51.419+0000: 4.970: [CMS-concurrent-abortable-preclean: 0.765/0.916 secs] [Times: user=2.07 sys=0.03, real=0.91 secs] 
2017-03-14T11:19:51.432+0000: 4.982: [GC (CMS Final Remark) [YG occupancy: 62135 K (109248 K)]{Heap before GC invocations=2 (full 1):
 par new generation   total 109248K, used 62135K [0x00000000e0000000, 0x00000000e8000000, 0x00000000e8000000)
  eden space 87424K,  51% used [0x00000000e0000000, 0x00000000e2c01560, 0x00000000e5560000)
  from space 21824K,  78% used [0x00000000e5560000, 0x00000000e660c910, 0x00000000e6ab0000)
  to   space 21824K,   0% used [0x00000000e6ab0000, 0x00000000e6ab0000, 0x00000000e8000000)
 concurrent mark-sweep generation total 393216K, used 0K [0x00000000e8000000, 0x0000000100000000, 0x0000000100000000)
 Metaspace       used 25303K, capacity 25818K, committed 26200K, reserved 1073152K
  class space    used 2973K, capacity 3143K, committed 3192K, reserved 1048576K
2017-03-14T11:19:51.432+0000: 4.982: [GC (CMS Final Remark) 2017-03-14T11:19:51.432+0000: 4.982: [ParNew
Desired survivor size 20112992 bytes, new threshold 8 (max 8)
- age   1:    2001008 bytes,    2001008 total
- age   2:    2050968 bytes,    4051976 total
- age   3:    6717016 bytes,   10768992 total
: 62135K->14801K(109248K), 0.0292396 secs] 62135K->14801K(502464K), 0.0294593 secs] [Times: user=0.06 sys=0.00, real=0.02 secs] 
Heap after GC invocations=3 (full 1):
 par new generation   total 109248K, used 14801K [0x00000000e0000000, 0x00000000e8000000, 0x00000000e8000000)
  eden space 87424K,   0% used [0x00000000e0000000, 0x00000000e0000000, 0x00000000e5560000)
  from space 21824K,  67% used [0x00000000e6ab0000, 0x00000000e7924638, 0x00000000e8000000)
  to   space 21824K,   0% used [0x00000000e5560000, 0x00000000e5560000, 0x00000000e6ab0000)
 concurrent mark-sweep generation total 393216K, used 0K [0x00000000e8000000, 0x0000000100000000, 0x0000000100000000)
 Metaspace       used 25303K, capacity 25818K, committed 26200K, reserved 1073152K
  class space    used 2973K, capacity 3143K, committed 3192K, reserved 1048576K
}
2017-03-14T11:19:51.461+0000: 5.012: [Rescan (parallel) , 0.0124308 secs]2017-03-14T11:19:51.474+0000: 5.024: [weak refs processing, 0.0127346 secs]2017-03-14T11:19:51.487+0000: 5.037: [class unloading, 0.0064178 secs]2017-03-14T11:19:51.493+0000: 5.044: [scrub symbol table, 0.0071874 secs]2017-03-14T11:19:51.500+0000: 5.051: [scrub string table, 0.0004692 secs][1 CMS-remark: 0K(393216K)] 14801K(502464K), 0.0698993 secs] [Times: user=0.11 sys=0.01, real=0.06 secs] 
2017-03-14T11:19:51.502+0000: 5.052: Total time for which application threads were stopped: 0.0711531 seconds, Stopping threads took: 0.0009355 seconds
2017-03-14T11:19:51.502+0000: 5.052: [CMS-concurrent-sweep-start]
2017-03-14T11:19:51.502+0000: 5.052: [CMS-concurrent-sweep: 0.000/0.000 secs] [Times: user=0.00 sys=0.00, real=0.00 secs] 
2017-03-14T11:19:51.502+0000: 5.052: [CMS-concurrent-reset-start]
2017-03-14T11:19:51.505+0000: 5.055: [CMS-concurrent-reset: 0.003/0.003 secs] [Times: user=0.00 sys=0.00, real=0.01 secs] 
2017-03-14T11:19:51.513+0000: 5.063: Total time for which application threads were stopped: 0.0041642 seconds, Stopping threads took: 0.0035860 seconds
2017-03-14T11:19:51.524+0000: 5.075: Total time for which application threads were stopped: 0.0002055 seconds, Stopping threads took: 0.0000708 seconds
2017-03-14T11:19:51.525+0000: 5.075: Total time for which application threads were stopped: 0.0000746 seconds, Stopping threads took: 0.0000121 seconds
2017-03-14T11:19:51.525+0000: 5.075: Total time for which application threads were stopped: 0.0000761 seconds, Stopping threads took: 0.0000109 seconds
2017-03-14T11:19:51.525+0000: 5.075: Total time for which application threads were stopped: 0.0000795 seconds, Stopping threads took: 0.0000110 seconds
2017-03-14T11:19:51.525+0000: 5.075: Total time for which application threads were stopped: 0.0000736 seconds, Stopping threads took: 0.0000090 seconds
2017-03-14T11:19:51.525+0000: 5.075: Total time for which application threads were stopped: 0.0000688 seconds, Stopping threads took: 0.0000078 seconds
2017-03-14T11:19:51.525+0000: 5.076: Total time for which application threads were stopped: 0.0002905 seconds, Stopping threads took: 0.0000075 seconds
2017-03-14T11:19:51.556+0000: 5.106: Total time for which application threads were stopped: 0.0036713 seconds, Stopping threads took: 0.0035236 seconds
2017-03-14T11:19:51.601+0000: 5.152: Total time for which application threads were stopped: 0.0002791 seconds, Stopping threads took: 0.0001431 seconds
2017-03-14T11:19:51.720+0000: 5.271: Total time for which application threads were stopped: 0.0002511 seconds, Stopping threads took: 0.0000298 seconds
2017-03-14T11:19:51.738+0000: 5.288: Total time for which application threads were stopped: 0.0001788 seconds, Stopping threads took: 0.0000310 seconds
2017-03-14T11:19:51.806+0000: 5.357: Total time for which application threads were stopped: 0.0002211 seconds, Stopping threads took: 0.0000835 seconds
2017-03-14T11:19:51.810+0000: 5.361: Total time for which application threads were stopped: 0.0017397 seconds, Stopping threads took: 0.0015780 seconds
2017-03-14T11:19:51.815+0000: 5.366: Total time for which application threads were stopped: 0.0002064 seconds, Stopping threads took: 0.0000821 seconds
2017-03-14T11:19:51.840+0000: 5.391: Total time for which application threads were stopped: 0.0001671 seconds, Stopping threads took: 0.0000579 seconds
2017-03-14T11:19:51.888+0000: 5.439: Total time for which application threads were stopped: 0.0018904 seconds, Stopping threads took: 0.0005948 seconds
2017-03-14T11:19:51.889+0000: 5.439: Total time for which application threads were stopped: 0.0004126 seconds, Stopping threads took: 0.0001308 seconds
2017-03-14T11:19:51.890+0000: 5.441: Total time for which application threads were stopped: 0.0001528 seconds, Stopping threads took: 0.0000550 seconds
2017-03-14T11:19:51.890+0000: 5.441: Total time for which application threads were stopped: 0.0000806 seconds, Stopping threads took: 0.0000353 seconds
2017-03-14T11:19:51.894+0000: 5.444: Total time for which application threads were stopped: 0.0032341 seconds, Stopping threads took: 0.0031098 seconds
2017-03-14T11:19:51.905+0000: 5.456: Total time for which application threads were stopped: 0.0017285 seconds, Stopping threads took: 0.0012687 seconds
2017-03-14T11:19:51.923+0000: 5.473: Total time for which application threads were stopped: 0.0006917 seconds, Stopping threads took: 0.0003777 seconds
2017-03-14T11:19:51.941+0000: 5.491: Total time for which application threads were stopped: 0.0038753 seconds, Stopping threads took: 0.0035172 seconds
{Heap before GC invocations=3 (full 1):
 par new generation   total 109248K, used 102194K [0x00000000e0000000, 0x00000000e8000000, 0x00000000e8000000)
  eden space 87424K,  99% used [0x00000000e0000000, 0x00000000e55582e0, 0x00000000e5560000)
  from space 21824K,  67% used [0x00000000e6ab0000, 0x00000000e7924638, 0x00000000e8000000)
  to   space 21824K,   0% used [0x00000000e5560000, 0x00000000e5560000, 0x00000000e6ab0000)
 concurrent mark-sweep generation total 393216K, used 0K [0x00000000e8000000, 0x0000000100000000, 0x0000000100000000)
 Metaspace       used 26129K, capacity 26630K, committed 26840K, reserved 1073152K
  class space    used 3103K, capacity 3305K, committed 3320K, reserved 1048576K
2017-03-14T11:19:51.945+0000: 5.496: [GC (Allocation Failure) 2017-03-14T11:19:51.945+0000: 5.496: [ParNew
Desired survivor size 20112992 bytes, new threshold 8 (max 8)
- age   1:    1207992 bytes,    1207992 total
- age   2:    1418840 bytes,    2626832 total
- age   3:    2007096 bytes,    4633928 total
- age   4:    6710952 bytes,   11344880 total
: 102194K->12573K(109248K), 0.0394365 secs] 102194K->12573K(502464K), 0.0395111 secs] [Times: user=0.05 sys=0.00, real=0.04 secs] 
Heap after GC invocations=4 (full 1):
 par new generation   total 109248K, used 12573K [0x00000000e0000000, 0x00000000e8000000, 0x00000000e8000000)
  eden space 87424K,   0% used [0x00000000e0000000, 0x00000000e0000000, 0x00000000e5560000)
  from space 21824K,  57% used [0x00000000e5560000, 0x00000000e61a7718, 0x00000000e6ab0000)
  to   space 21824K,   0% used [0x00000000e6ab0000, 0x00000000e6ab0000, 0x00000000e8000000)
 concurrent mark-sweep generation total 393216K, used 0K [0x00000000e8000000, 0x0000000100000000, 0x0000000100000000)
 Metaspace       used 26129K, capacity 26630K, committed 26840K, reserved 1073152K
  class space    used 3103K, capacity 3305K, committed 3320K, reserved 1048576K
}
2017-03-14T11:19:51.985+0000: 5.536: Total time for which application threads were stopped: 0.0399323 seconds, Stopping threads took: 0.0001844 seconds
2017-03-14T11:19:52.020+0000: 5.571: Total time for which application threads were stopped: 0.0003234 seconds, Stopping threads took: 0.0001634 seconds
2017-03-14T11:19:52.116+0000: 5.667: Total time for which application threads were stopped: 0.0015277 seconds, Stopping threads took: 0.0013978 seconds
2017-03-14T11:19:52.117+0000: 5.668: Total time for which application threads were stopped: 0.0001659 seconds, Stopping threads took: 0.0000790 seconds
2017-03-14T11:19:52.119+0000: 5.669: Total time for which application threads were stopped: 0.0005846 seconds, Stopping threads took: 0.0004371 seconds
{Heap before GC invocations=4 (full 1):
 par new generation   total 109248K, used 99997K [0x00000000e0000000, 0x00000000e8000000, 0x00000000e8000000)
  eden space 87424K, 100% used [0x00000000e0000000, 0x00000000e5560000, 0x00000000e5560000)
  from space 21824K,  57% used [0x00000000e5560000, 0x00000000e61a7718, 0x00000000e6ab0000)
  to   space 21824K,   0% used [0x00000000e6ab0000, 0x00000000e6ab0000, 0x00000000e8000000)
 concurrent mark-sweep generation total 393216K, used 0K [0x00000000e8000000, 0x0000000100000000, 0x0000000100000000)
 Metaspace       used 26854K, capacity 27358K, committed 27736K, reserved 1073152K
  class space    used 3202K, capacity 3373K, committed 3448K, reserved 1048576K
2017-03-14T11:19:52.161+0000: 5.712: [GC (Allocation Failure) 2017-03-14T11:19:52.161+0000: 5.712: [ParNew
Desired survivor size 20112992 bytes, new threshold 8 (max 8)
- age   1:    1767832 bytes,    1767832 total
- age   2:     344544 bytes,    2112376 total
- age   3:    1417728 bytes,    3530104 total
- age   4:    2006320 bytes,    5536424 total
- age   5:    6706152 bytes,   12242576 total
: 99997K->19412K(109248K), 0.0183188 secs] 99997K->19412K(502464K), 0.0185328 secs] [Times: user=0.05 sys=0.00, real=0.02 secs] 
Heap after GC invocations=5 (full 1):
 par new generation   total 109248K, used 19412K [0x00000000e0000000, 0x00000000e8000000, 0x00000000e8000000)
  eden space 87424K,   0% used [0x00000000e0000000, 0x00000000e0000000, 0x00000000e5560000)
  from space 21824K,  88% used [0x00000000e6ab0000, 0x00000000e7da52c0, 0x00000000e8000000)
  to   space 21824K,   0% used [0x00000000e5560000, 0x00000000e5560000, 0x00000000e6ab0000)
 concurrent mark-sweep generation total 393216K, used 0K [0x00000000e8000000, 0x0000000100000000, 0x0000000100000000)
 Metaspace       used 26854K, capacity 27358K, committed 27736K, reserved 1073152K
  class space    used 3202K, capacity 3373K, committed 3448K, reserved 1048576K
}
2017-03-14T11:19:52.180+0000: 5.731: Total time for which application threads were stopped: 0.0189859 seconds, Stopping threads took: 0.0000605 seconds
2017-03-14T11:19:52.272+0000: 5.823: Total time for which application threads were stopped: 0.0003630 seconds, Stopping threads took: 0.0000259 seconds
2017-03-14T11:19:52.273+0000: 5.824: Total time for which application threads were stopped: 0.0001363 seconds, Stopping threads took: 0.0000571 seconds
2017-03-14T11:19:52.274+0000: 5.824: Total time for which application threads were stopped: 0.0001366 seconds, Stopping threads took: 0.0000364 seconds
2017-03-14T11:19:52.274+0000: 5.824: Total time for which application threads were stopped: 0.0001017 seconds, Stopping threads took: 0.0000281 seconds
2017-03-14T11:19:52.291+0000: 5.842: Total time for which application threads were stopped: 0.0003631 seconds, Stopping threads took: 0.0002080 seconds
2017-03-14T11:19:52.291+0000: 5.842: Total time for which application threads were stopped: 0.0001180 seconds, Stopping threads took: 0.0000163 seconds
{Heap before GC invocations=5 (full 1):
 par new generation   total 109248K, used 106836K [0x00000000e0000000, 0x00000000e8000000, 0x00000000e8000000)
  eden space 87424K, 100% used [0x00000000e0000000, 0x00000000e5560000, 0x00000000e5560000)
  from space 21824K,  88% used [0x00000000e6ab0000, 0x00000000e7da52c0, 0x00000000e8000000)
  to   space 21824K,   0% used [0x00000000e5560000, 0x00000000e5560000, 0x00000000e6ab0000)
 concurrent mark-sweep generation total 393216K, used 0K [0x00000000e8000000, 0x0000000100000000, 0x0000000100000000)
 Metaspace       used 27424K, capacity 27942K, committed 28376K, reserved 1075200K
  class space    used 3274K, capacity 3477K, committed 3576K, reserved 1048576K
2017-03-14T11:19:52.374+0000: 5.925: [GC (Allocation Failure) 2017-03-14T11:19:52.375+0000: 5.925: [ParNew
Desired survivor size 20112992 bytes, new threshold 8 (max 8)
- age   1:     749096 bytes,     749096 total
- age   2:     456448 bytes,    1205544 total
- age   3:     341744 bytes,    1547288 total
- age   4:    1417232 bytes,    2964520 total
- age   5:    2006032 bytes,    4970552 total
- age   6:    6706072 bytes,   11676624 total
: 106836K->14892K(109248K), 0.0382606 secs] 106836K->14892K(502464K), 0.0384232 secs] [Times: user=0.05 sys=0.00, real=0.04 secs] 
Heap after GC invocations=6 (full 1):
 par new generation   total 109248K, used 14892K [0x00000000e0000000, 0x00000000e8000000, 0x00000000e8000000)
  eden space 87424K,   0% used [0x00000000e0000000, 0x00000000e0000000, 0x00000000e5560000)
  from space 21824K,  68% used [0x00000000e5560000, 0x00000000e63eb280, 0x00000000e6ab0000)
  to   space 21824K,   0% used [0x00000000e6ab0000, 0x00000000e6ab0000, 0x00000000e8000000)
 concurrent mark-sweep generation total 393216K, used 0K [0x00000000e8000000, 0x0000000100000000, 0x0000000100000000)
 Metaspace       used 27424K, capacity 27942K, committed 28376K, reserved 1075200K
  class space    used 3274K, capacity 3477K, committed 3576K, reserved 1048576K
}
2017-03-14T11:19:52.413+0000: 5.964: Total time for which application threads were stopped: 0.0389989 seconds, Stopping threads took: 0.0001552 seconds
2017-03-14T11:19:52.430+0000: 5.981: Total time for which application threads were stopped: 0.0003541 seconds, Stopping threads took: 0.0000357 seconds
2017-03-14T11:19:52.436+0000: 5.986: Total time for which application threads were stopped: 0.0002287 seconds, Stopping threads took: 0.0001099 seconds
2017-03-14T11:19:52.437+0000: 5.988: Total time for which application threads were stopped: 0.0001593 seconds, Stopping threads took: 0.0000764 seconds
2017-03-14T11:19:52.491+0000: 6.042: Total time for which application threads were stopped: 0.0002183 seconds, Stopping threads took: 0.0000784 seconds
2017-03-14T11:19:52.574+0000: 6.125: Total time for which application threads were stopped: 0.0001615 seconds, Stopping threads took: 0.0000446 seconds
2017-03-14T11:19:52.605+0000: 6.156: Total time for which application threads were stopped: 0.0003528 seconds, Stopping threads took: 0.0000329 seconds
2017-03-14T11:19:52.741+0000: 6.291: Total time for which application threads were stopped: 0.0002522 seconds, Stopping threads took: 0.0000453 seconds
2017-03-14T11:19:52.788+0000: 6.339: Total time for which application threads were stopped: 0.0005135 seconds, Stopping threads took: 0.0000418 seconds
2017-03-14T11:19:53.506+0000: 7.057: Total time for which application threads were stopped: 0.0006795 seconds, Stopping threads took: 0.0000476 seconds
2017-03-14T11:19:53.507+0000: 7.057: Total time for which application threads were stopped: 0.0001624 seconds, Stopping threads took: 0.0000331 seconds
2017-03-14T11:19:53.513+0000: 7.064: Total time for which application threads were stopped: 0.0031300 seconds, Stopping threads took: 0.0029175 seconds
2017-03-14T11:19:53.567+0000: 7.117: Total time for which application threads were stopped: 0.0001519 seconds, Stopping threads took: 0.0000474 seconds
2017-03-14T11:19:53.576+0000: 7.126: Total time for which application threads were stopped: 0.0001993 seconds, Stopping threads took: 0.0000721 seconds
2017-03-14T11:19:53.577+0000: 7.128: Total time for which application threads were stopped: 0.0001685 seconds, Stopping threads took: 0.0000526 seconds
2017-03-14T11:19:53.578+0000: 7.129: Total time for which application threads were stopped: 0.0001578 seconds, Stopping threads took: 0.0000549 seconds
2017-03-14T11:19:53.581+0000: 7.131: Total time for which application threads were stopped: 0.0024155 seconds, Stopping threads took: 0.0022940 seconds
2017-03-14T11:19:53.581+0000: 7.132: Total time for which application threads were stopped: 0.0000856 seconds, Stopping threads took: 0.0000173 seconds
2017-03-14T11:19:53.598+0000: 7.149: Total time for which application threads were stopped: 0.0007494 seconds, Stopping threads took: 0.0000608 seconds
2017-03-14T11:19:53.737+0000: 7.288: Total time for which application threads were stopped: 0.0018111 seconds, Stopping threads took: 0.0012693 seconds
2017-03-14T11:19:53.752+0000: 7.302: Total time for which application threads were stopped: 0.0001817 seconds, Stopping threads took: 0.0000620 seconds
2017-03-14T11:19:53.758+0000: 7.309: Total time for which application threads were stopped: 0.0007749 seconds, Stopping threads took: 0.0002221 seconds
2017-03-14T11:19:53.759+0000: 7.310: Total time for which application threads were stopped: 0.0001633 seconds, Stopping threads took: 0.0000469 seconds
2017-03-14T11:19:53.831+0000: 7.382: Total time for which application threads were stopped: 0.0001710 seconds, Stopping threads took: 0.0000481 seconds
{Heap before GC invocations=6 (full 1):
 par new generation   total 109248K, used 102316K [0x00000000e0000000, 0x00000000e8000000, 0x00000000e8000000)
  eden space 87424K, 100% used [0x00000000e0000000, 0x00000000e5560000, 0x00000000e5560000)
  from space 21824K,  68% used [0x00000000e5560000, 0x00000000e63eb280, 0x00000000e6ab0000)
  to   space 21824K,   0% used [0x00000000e6ab0000, 0x00000000e6ab0000, 0x00000000e8000000)
 concurrent mark-sweep generation total 393216K, used 0K [0x00000000e8000000, 0x0000000100000000, 0x0000000100000000)
 Metaspace       used 31184K, capacity 31702K, committed 32088K, reserved 1077248K
  class space    used 3750K, capacity 3951K, committed 3960K, reserved 1048576K
2017-03-14T11:19:54.123+0000: 7.673: [GC (Allocation Failure) 2017-03-14T11:19:54.123+0000: 7.673: [ParNew
Desired survivor size 20112992 bytes, new threshold 8 (max 8)
- age   1:    4980232 bytes,    4980232 total
- age   2:     226464 bytes,    5206696 total
- age   3:     454480 bytes,    5661176 total
- age   4:     324744 bytes,    5985920 total
- age   5:     248432 bytes,    6234352 total
- age   6:    2001328 bytes,    8235680 total
- age   7:    6703784 bytes,   14939464 total
: 102316K->18297K(109248K), 0.0250621 secs] 102316K->18297K(502464K), 0.0251801 secs] [Times: user=0.06 sys=0.00, real=0.02 secs] 
Heap after GC invocations=7 (full 1):
 par new generation   total 109248K, used 18297K [0x00000000e0000000, 0x00000000e8000000, 0x00000000e8000000)
  eden space 87424K,   0% used [0x00000000e0000000, 0x00000000e0000000, 0x00000000e5560000)
  from space 21824K,  83% used [0x00000000e6ab0000, 0x00000000e7c8e598, 0x00000000e8000000)
  to   space 21824K,   0% used [0x00000000e5560000, 0x00000000e5560000, 0x00000000e6ab0000)
 concurrent mark-sweep generation total 393216K, used 0K [0x00000000e8000000, 0x0000000100000000, 0x0000000100000000)
 Metaspace       used 31184K, capacity 31702K, committed 32088K, reserved 1077248K
  class space    used 3750K, capacity 3951K, committed 3960K, reserved 1048576K
}
2017-03-14T11:19:54.148+0000: 7.698: Total time for which application threads were stopped: 0.0254527 seconds, Stopping threads took: 0.0000435 seconds
2017-03-14T11:19:54.154+0000: 7.704: Total time for which application threads were stopped: 0.0014168 seconds, Stopping threads took: 0.0012848 seconds
2017-03-14T11:19:54.200+0000: 7.750: Total time for which application threads were stopped: 0.0012625 seconds, Stopping threads took: 0.0010765 seconds
2017-03-14T11:19:54.246+0000: 7.796: Total time for which application threads were stopped: 0.0002121 seconds, Stopping threads took: 0.0000813 seconds
2017-03-14T11:19:54.346+0000: 7.897: Total time for which application threads were stopped: 0.0002302 seconds, Stopping threads took: 0.0000299 seconds
2017-03-14T11:19:54.369+0000: 7.920: Total time for which application threads were stopped: 0.0001743 seconds, Stopping threads took: 0.0000278 seconds
2017-03-14T11:19:54.971+0000: 8.521: Total time for which application threads were stopped: 0.0068977 seconds, Stopping threads took: 0.0066989 seconds
2017-03-14T11:19:54.972+0000: 8.522: Total time for which application threads were stopped: 0.0007197 seconds, Stopping threads took: 0.0005563 seconds
2017-03-14T11:19:54.973+0000: 8.523: Total time for which application threads were stopped: 0.0007143 seconds, Stopping threads took: 0.0005822 seconds
2017-03-14T11:19:54.978+0000: 8.528: Total time for which application threads were stopped: 0.0006287 seconds, Stopping threads took: 0.0001294 seconds
2017-03-14T11:19:54.988+0000: 8.538: Total time for which application threads were stopped: 0.0006929 seconds, Stopping threads took: 0.0000332 seconds
2017-03-14T11:19:55.210+0000: 8.760: Total time for which application threads were stopped: 0.0002678 seconds, Stopping threads took: 0.0000482 seconds
2017-03-14T11:19:55.262+0000: 8.813: Total time for which application threads were stopped: 0.0041111 seconds, Stopping threads took: 0.0038969 seconds
2017-03-14T11:19:55.287+0000: 8.837: Total time for which application threads were stopped: 0.0009803 seconds, Stopping threads took: 0.0008344 seconds
2017-03-14T11:19:55.289+0000: 8.839: Total time for which application threads were stopped: 0.0016067 seconds, Stopping threads took: 0.0000671 seconds
2017-03-14T11:19:55.331+0000: 8.881: Total time for which application threads were stopped: 0.0002059 seconds, Stopping threads took: 0.0000488 seconds
2017-03-14T11:19:55.331+0000: 8.882: Total time for which application threads were stopped: 0.0004245 seconds, Stopping threads took: 0.0002968 seconds
2017-03-14T11:19:55.337+0000: 8.888: Total time for which application threads were stopped: 0.0006573 seconds, Stopping threads took: 0.0000489 seconds
2017-03-14T11:19:55.350+0000: 8.901: Total time for which application threads were stopped: 0.0003359 seconds, Stopping threads took: 0.0001082 seconds
2017-03-14T11:19:55.383+0000: 8.934: Total time for which application threads were stopped: 0.0073559 seconds, Stopping threads took: 0.0071903 seconds
2017-03-14T11:19:55.386+0000: 8.937: Total time for which application threads were stopped: 0.0001872 seconds, Stopping threads took: 0.0000526 seconds
2017-03-14T11:19:55.807+0000: 9.358: Total time for which application threads were stopped: 0.0093492 seconds, Stopping threads took: 0.0082894 seconds
2017-03-14T11:19:56.251+0000: 9.802: Total time for which application threads were stopped: 0.0002273 seconds, Stopping threads took: 0.0000322 seconds
2017-03-14T11:19:56.286+0000: 9.836: Total time for which application threads were stopped: 0.0004816 seconds, Stopping threads took: 0.0000325 seconds
2017-03-14T11:19:56.298+0000: 9.849: Total time for which application threads were stopped: 0.0002197 seconds, Stopping threads took: 0.0000320 seconds
2017-03-14T11:19:56.326+0000: 9.877: Total time for which application threads were stopped: 0.0001609 seconds, Stopping threads took: 0.0000262 seconds
2017-03-14T11:19:56.346+0000: 9.896: Total time for which application threads were stopped: 0.0001853 seconds, Stopping threads took: 0.0000300 seconds
2017-03-14T11:19:56.366+0000: 9.917: Total time for which application threads were stopped: 0.0001685 seconds, Stopping threads took: 0.0000408 seconds
2017-03-14T11:19:56.384+0000: 9.934: Total time for which application threads were stopped: 0.0007294 seconds, Stopping threads took: 0.0005941 seconds
2017-03-14T11:19:56.423+0000: 9.974: Total time for which application threads were stopped: 0.0001964 seconds, Stopping threads took: 0.0000293 seconds
2017-03-14T11:19:56.482+0000: 10.033: Total time for which application threads were stopped: 0.0009067 seconds, Stopping threads took: 0.0007729 seconds
2017-03-14T11:19:56.570+0000: 10.120: Total time for which application threads were stopped: 0.0001404 seconds, Stopping threads took: 0.0000270 seconds
2017-03-14T11:19:56.570+0000: 10.120: Total time for which application threads were stopped: 0.0000767 seconds, Stopping threads took: 0.0000229 seconds
2017-03-14T11:19:57.570+0000: 11.120: Total time for which application threads were stopped: 0.0001390 seconds, Stopping threads took: 0.0000258 seconds
{Heap before GC invocations=7 (full 1):
 par new generation   total 109248K, used 105721K [0x00000000e0000000, 0x00000000e8000000, 0x00000000e8000000)
  eden space 87424K, 100% used [0x00000000e0000000, 0x00000000e5560000, 0x00000000e5560000)
  from space 21824K,  83% used [0x00000000e6ab0000, 0x00000000e7c8e598, 0x00000000e8000000)
  to   space 21824K,   0% used [0x00000000e5560000, 0x00000000e5560000, 0x00000000e6ab0000)
 concurrent mark-sweep generation total 393216K, used 0K [0x00000000e8000000, 0x0000000100000000, 0x0000000100000000)
 Metaspace       used 34709K, capacity 35378K, committed 35800K, reserved 1081344K
  class space    used 4121K, capacity 4331K, committed 4344K, reserved 1048576K
2017-03-14T11:19:57.986+0000: 11.536: [GC (Allocation Failure) 2017-03-14T11:19:57.986+0000: 11.536: [ParNew
Desired survivor size 20112992 bytes, new threshold 8 (max 8)
- age   1:    8403520 bytes,    8403520 total
- age   2:    2008352 bytes,   10411872 total
- age   3:     215800 bytes,   10627672 total
- age   4:     429856 bytes,   11057528 total
- age   5:     275496 bytes,   11333024 total
- age   6:     243904 bytes,   11576928 total
- age   7:    1912048 bytes,   13488976 total
- age   8:    6252168 bytes,   19741144 total
: 105721K->21824K(109248K), 0.0250851 secs] 105721K->22950K(502464K), 0.0251854 secs] [Times: user=0.08 sys=0.00, real=0.03 secs] 
Heap after GC invocations=8 (full 1):
 par new generation   total 109248K, used 21824K [0x00000000e0000000, 0x00000000e8000000, 0x00000000e8000000)
  eden space 87424K,   0% used [0x00000000e0000000, 0x00000000e0000000, 0x00000000e5560000)
  from space 21824K, 100% used [0x00000000e5560000, 0x00000000e6ab0000, 0x00000000e6ab0000)
  to   space 21824K,   0% used [0x00000000e6ab0000, 0x00000000e6ab0000, 0x00000000e8000000)
 concurrent mark-sweep generation total 393216K, used 1126K [0x00000000e8000000, 0x0000000100000000, 0x0000000100000000)
 Metaspace       used 34709K, capacity 35378K, committed 35800K, reserved 1081344K
  class space    used 4121K, capacity 4331K, committed 4344K, reserved 1048576K
}
2017-03-14T11:19:58.011+0000: 11.562: Total time for which application threads were stopped: 0.0254262 seconds, Stopping threads took: 0.0000232 seconds
2017-03-14T11:19:58.012+0000: 11.562: Total time for which application threads were stopped: 0.0002347 seconds, Stopping threads took: 0.0000266 seconds
2017-03-14T11:19:58.949+0000: 12.499: Total time for which application threads were stopped: 0.0002056 seconds, Stopping threads took: 0.0000654 seconds
2017-03-14T11:19:58.950+0000: 12.501: Total time for which application threads were stopped: 0.0001545 seconds, Stopping threads took: 0.0000303 seconds
2017-03-14T11:19:58.951+0000: 12.501: Total time for which application threads were stopped: 0.0000932 seconds, Stopping threads took: 0.0000158 seconds
2017-03-14T11:19:58.951+0000: 12.501: Total time for which application threads were stopped: 0.0001072 seconds, Stopping threads took: 0.0000288 seconds
2017-03-14T11:19:58.951+0000: 12.502: Total time for which application threads were stopped: 0.0001461 seconds, Stopping threads took: 0.0000632 seconds
2017-03-14T11:19:58.951+0000: 12.502: Total time for which application threads were stopped: 0.0001043 seconds, Stopping threads took: 0.0000351 seconds
2017-03-14T11:19:58.951+0000: 12.502: Total time for which application threads were stopped: 0.0001192 seconds, Stopping threads took: 0.0000482 seconds
2017-03-14T11:19:58.952+0000: 12.502: Total time for which application threads were stopped: 0.0001502 seconds, Stopping threads took: 0.0000564 seconds
2017-03-14T11:19:58.953+0000: 12.504: Total time for which application threads were stopped: 0.0001563 seconds, Stopping threads took: 0.0000343 seconds
2017-03-14T11:19:58.953+0000: 12.504: Total time for which application threads were stopped: 0.0001098 seconds, Stopping threads took: 0.0000349 seconds
2017-03-14T11:19:58.967+0000: 12.517: Total time for which application threads were stopped: 0.0002656 seconds, Stopping threads took: 0.0000279 seconds
2017-03-14T11:19:58.967+0000: 12.517: Total time for which application threads were stopped: 0.0001078 seconds, Stopping threads took: 0.0000174 seconds
2017-03-14T11:19:58.970+0000: 12.521: Total time for which application threads were stopped: 0.0002311 seconds, Stopping threads took: 0.0000592 seconds
2017-03-14T11:19:58.975+0000: 12.526: Total time for which application threads were stopped: 0.0001508 seconds, Stopping threads took: 0.0000290 seconds
2017-03-14T11:19:59.976+0000: 13.526: Total time for which application threads were stopped: 0.0001863 seconds, Stopping threads took: 0.0000327 seconds
2017-03-14T11:20:01.371+0000: 14.921: Total time for which application threads were stopped: 0.0001602 seconds, Stopping threads took: 0.0000321 seconds
2017-03-14T11:20:01.371+0000: 14.921: Total time for which application threads were stopped: 0.0000941 seconds, Stopping threads took: 0.0000364 seconds
2017-03-14T11:20:01.371+0000: 14.922: Total time for which application threads were stopped: 0.0000996 seconds, Stopping threads took: 0.0000170 seconds
2017-03-14T11:20:01.371+0000: 14.922: Total time for which application threads were stopped: 0.0000756 seconds, Stopping threads took: 0.0000104 seconds
2017-03-14T11:20:01.371+0000: 14.922: Total time for which application threads were stopped: 0.0000570 seconds, Stopping threads took: 0.0000088 seconds
2017-03-14T11:20:01.378+0000: 14.929: Total time for which application threads were stopped: 0.0002445 seconds, Stopping threads took: 0.0000319 seconds
2017-03-14T11:20:01.378+0000: 14.929: Total time for which application threads were stopped: 0.0001125 seconds, Stopping threads took: 0.0000275 seconds
2017-03-14T11:20:01.381+0000: 14.931: Total time for which application threads were stopped: 0.0002025 seconds, Stopping threads took: 0.0000741 seconds
2017-03-14T11:20:01.381+0000: 14.932: Total time for which application threads were stopped: 0.0005624 seconds, Stopping threads took: 0.0004816 seconds
2017-03-14T11:20:02.382+0000: 15.932: Total time for which application threads were stopped: 0.0003304 seconds, Stopping threads took: 0.0000572 seconds
2017-03-14T11:20:04.020+0000: 17.571: Total time for which application threads were stopped: 0.0004654 seconds, Stopping threads took: 0.0002003 seconds
2017-03-14T11:20:04.022+0000: 17.573: Total time for which application threads were stopped: 0.0009794 seconds, Stopping threads took: 0.0007752 seconds
2017-03-14T11:20:04.023+0000: 17.573: Total time for which application threads were stopped: 0.0002514 seconds, Stopping threads took: 0.0000632 seconds
2017-03-14T11:20:04.129+0000: 17.679: Total time for which application threads were stopped: 0.0022014 seconds, Stopping threads took: 0.0019144 seconds
2017-03-14T11:20:04.350+0000: 17.900: Total time for which application threads were stopped: 0.0001324 seconds, Stopping threads took: 0.0000273 seconds
2017-03-14T11:20:04.421+0000: 17.972: Total time for which application threads were stopped: 0.0001717 seconds, Stopping threads took: 0.0000260 seconds
2017-03-14T11:20:04.508+0000: 18.058: Total time for which application threads were stopped: 0.0001355 seconds, Stopping threads took: 0.0000355 seconds
2017-03-14T11:20:04.571+0000: 18.122: Total time for which application threads were stopped: 0.0002079 seconds, Stopping threads took: 0.0000419 seconds
2017-03-14T11:20:04.676+0000: 18.226: Total time for which application threads were stopped: 0.0003026 seconds, Stopping threads took: 0.0001205 seconds
2017-03-14T11:20:04.841+0000: 18.392: Total time for which application threads were stopped: 0.0001659 seconds, Stopping threads took: 0.0000337 seconds
2017-03-14T11:20:04.864+0000: 18.415: Total time for which application threads were stopped: 0.0001472 seconds, Stopping threads took: 0.0000279 seconds
2017-03-14T11:20:04.986+0000: 18.537: Total time for which application threads were stopped: 0.0001862 seconds, Stopping threads took: 0.0000421 seconds
2017-03-14T11:20:04.998+0000: 18.549: Total time for which application threads were stopped: 0.0002227 seconds, Stopping threads took: 0.0000318 seconds
2017-03-14T11:20:05.007+0000: 18.558: Total time for which application threads were stopped: 0.0001959 seconds, Stopping threads took: 0.0000598 seconds
2017-03-14T11:20:05.019+0000: 18.569: Total time for which application threads were stopped: 0.0001577 seconds, Stopping threads took: 0.0000301 seconds
2017-03-14T11:20:05.030+0000: 18.580: Total time for which application threads were stopped: 0.0001677 seconds, Stopping threads took: 0.0000270 seconds
2017-03-14T11:20:05.040+0000: 18.591: Total time for which application threads were stopped: 0.0001211 seconds, Stopping threads took: 0.0000253 seconds
2017-03-14T11:20:05.052+0000: 18.603: Total time for which application threads were stopped: 0.0005639 seconds, Stopping threads took: 0.0000311 seconds
2017-03-14T11:20:06.213+0000: 19.763: Total time for which application threads were stopped: 0.0006351 seconds, Stopping threads took: 0.0000267 seconds
2017-03-14T11:20:06.229+0000: 19.780: Total time for which application threads were stopped: 0.0006596 seconds, Stopping threads took: 0.0000390 seconds
2017-03-14T11:20:06.459+0000: 20.009: Total time for which application threads were stopped: 0.0002118 seconds, Stopping threads took: 0.0000507 seconds
2017-03-14T11:20:06.461+0000: 20.011: Total time for which application threads were stopped: 0.0002108 seconds, Stopping threads took: 0.0000462 seconds
2017-03-14T11:20:06.592+0000: 20.143: Total time for which application threads were stopped: 0.0005725 seconds, Stopping threads took: 0.0003370 seconds
2017-03-14T11:20:06.624+0000: 20.175: Total time for which application threads were stopped: 0.0073764 seconds, Stopping threads took: 0.0065238 seconds
2017-03-14T11:20:06.630+0000: 20.181: Total time for which application threads were stopped: 0.0021734 seconds, Stopping threads took: 0.0018290 seconds
2017-03-14T11:20:06.635+0000: 20.186: Total time for which application threads were stopped: 0.0005541 seconds, Stopping threads took: 0.0003108 seconds
2017-03-14T11:20:06.636+0000: 20.187: Total time for which application threads were stopped: 0.0003166 seconds, Stopping threads took: 0.0000684 seconds
2017-03-14T11:20:06.643+0000: 20.194: Total time for which application threads were stopped: 0.0002860 seconds, Stopping threads took: 0.0000811 seconds
2017-03-14T11:20:06.643+0000: 20.194: Total time for which application threads were stopped: 0.0002411 seconds, Stopping threads took: 0.0000684 seconds
2017-03-14T11:20:06.647+0000: 20.197: Total time for which application threads were stopped: 0.0001889 seconds, Stopping threads took: 0.0000539 seconds
2017-03-14T11:20:06.649+0000: 20.200: Total time for which application threads were stopped: 0.0007658 seconds, Stopping threads took: 0.0000334 seconds
2017-03-14T11:20:06.650+0000: 20.201: Total time for which application threads were stopped: 0.0004077 seconds, Stopping threads took: 0.0001806 seconds
2017-03-14T11:20:06.652+0000: 20.202: Total time for which application threads were stopped: 0.0002356 seconds, Stopping threads took: 0.0000348 seconds
2017-03-14T11:20:06.652+0000: 20.203: Total time for which application threads were stopped: 0.0001580 seconds, Stopping threads took: 0.0000170 seconds
2017-03-14T11:20:06.652+0000: 20.203: Total time for which application threads were stopped: 0.0001402 seconds, Stopping threads took: 0.0000138 seconds
2017-03-14T11:20:06.653+0000: 20.203: Total time for which application threads were stopped: 0.0001485 seconds, Stopping threads took: 0.0000161 seconds
2017-03-14T11:20:06.653+0000: 20.203: Total time for which application threads were stopped: 0.0001125 seconds, Stopping threads took: 0.0000250 seconds
2017-03-14T11:20:06.665+0000: 20.216: Total time for which application threads were stopped: 0.0014248 seconds, Stopping threads took: 0.0000404 seconds
2017-03-14T11:20:06.742+0000: 20.293: Total time for which application threads were stopped: 0.0020014 seconds, Stopping threads took: 0.0017198 seconds
2017-03-14T11:20:06.752+0000: 20.303: Total time for which application threads were stopped: 0.0039380 seconds, Stopping threads took: 0.0036948 seconds
2017-03-14T11:20:06.753+0000: 20.304: Total time for which application threads were stopped: 0.0002517 seconds, Stopping threads took: 0.0000364 seconds
2017-03-14T11:20:06.770+0000: 20.321: Total time for which application threads were stopped: 0.0019010 seconds, Stopping threads took: 0.0015968 seconds
2017-03-14T11:20:06.796+0000: 20.347: Total time for which application threads were stopped: 0.0012185 seconds, Stopping threads took: 0.0009496 seconds
2017-03-14T11:20:06.843+0000: 20.393: Total time for which application threads were stopped: 0.0032093 seconds, Stopping threads took: 0.0015913 seconds
2017-03-14T11:20:06.860+0000: 20.410: Total time for which application threads were stopped: 0.0023342 seconds, Stopping threads took: 0.0007662 seconds
2017-03-14T11:20:06.907+0000: 20.458: Total time for which application threads were stopped: 0.0005793 seconds, Stopping threads took: 0.0000637 seconds
2017-03-14T11:20:06.946+0000: 20.496: Total time for which application threads were stopped: 0.0004616 seconds, Stopping threads took: 0.0001011 seconds
2017-03-14T11:20:06.965+0000: 20.516: Total time for which application threads were stopped: 0.0065642 seconds, Stopping threads took: 0.0062321 seconds
2017-03-14T11:20:06.991+0000: 20.541: Total time for which application threads were stopped: 0.0003878 seconds, Stopping threads took: 0.0000864 seconds
2017-03-14T11:20:06.996+0000: 20.546: Total time for which application threads were stopped: 0.0003152 seconds, Stopping threads took: 0.0000634 seconds
2017-03-14T11:20:07.150+0000: 20.701: Total time for which application threads were stopped: 0.0004736 seconds, Stopping threads took: 0.0000537 seconds
2017-03-14T11:20:07.685+0000: 21.236: Total time for which application threads were stopped: 0.0029126 seconds, Stopping threads took: 0.0022266 seconds
2017-03-14T11:20:07.709+0000: 21.260: Total time for which application threads were stopped: 0.0007717 seconds, Stopping threads took: 0.0001412 seconds
2017-03-14T11:20:07.845+0000: 21.396: Total time for which application threads were stopped: 0.0060339 seconds, Stopping threads took: 0.0000925 seconds
2017-03-14T11:20:07.864+0000: 21.414: Total time for which application threads were stopped: 0.0084278 seconds, Stopping threads took: 0.0077090 seconds
2017-03-14T11:20:07.995+0000: 21.546: Total time for which application threads were stopped: 0.0131258 seconds, Stopping threads took: 0.0123488 seconds
2017-03-14T11:20:08.004+0000: 21.555: Total time for which application threads were stopped: 0.0073769 seconds, Stopping threads took: 0.0054876 seconds
2017-03-14T11:20:08.045+0000: 21.595: Total time for which application threads were stopped: 0.0105347 seconds, Stopping threads took: 0.0097811 seconds
2017-03-14T11:20:08.060+0000: 21.611: Total time for which application threads were stopped: 0.0055509 seconds, Stopping threads took: 0.0042509 seconds
2017-03-14T11:20:08.068+0000: 21.619: Total time for which application threads were stopped: 0.0008586 seconds, Stopping threads took: 0.0003472 seconds
2017-03-14T11:20:08.076+0000: 21.626: Total time for which application threads were stopped: 0.0044203 seconds, Stopping threads took: 0.0009668 seconds
2017-03-14T11:20:08.083+0000: 21.633: Total time for which application threads were stopped: 0.0047265 seconds, Stopping threads took: 0.0041927 seconds
2017-03-14T11:20:08.166+0000: 21.716: Total time for which application threads were stopped: 0.0054370 seconds, Stopping threads took: 0.0001618 seconds
2017-03-14T11:20:08.168+0000: 21.718: Total time for which application threads were stopped: 0.0008093 seconds, Stopping threads took: 0.0000716 seconds
2017-03-14T11:20:08.231+0000: 21.781: Total time for which application threads were stopped: 0.0086459 seconds, Stopping threads took: 0.0078025 seconds
2017-03-14T11:20:08.232+0000: 21.782: Total time for which application threads were stopped: 0.0007446 seconds, Stopping threads took: 0.0000412 seconds
2017-03-14T11:20:08.235+0000: 21.785: Total time for which application threads were stopped: 0.0006239 seconds, Stopping threads took: 0.0001055 seconds
2017-03-14T11:20:08.261+0000: 21.812: Total time for which application threads were stopped: 0.0082546 seconds, Stopping threads took: 0.0074823 seconds
2017-03-14T11:20:08.308+0000: 21.858: Total time for which application threads were stopped: 0.0083475 seconds, Stopping threads took: 0.0075649 seconds
2017-03-14T11:20:08.309+0000: 21.860: Total time for which application threads were stopped: 0.0008795 seconds, Stopping threads took: 0.0000992 seconds
2017-03-14T11:20:08.346+0000: 21.897: Total time for which application threads were stopped: 0.0109147 seconds, Stopping threads took: 0.0100963 seconds
2017-03-14T11:20:08.354+0000: 21.905: Total time for which application threads were stopped: 0.0009175 seconds, Stopping threads took: 0.0001278 seconds
{Heap before GC invocations=8 (full 1):
 par new generation   total 109248K, used 109248K [0x00000000e0000000, 0x00000000e8000000, 0x00000000e8000000)
  eden space 87424K, 100% used [0x00000000e0000000, 0x00000000e5560000, 0x00000000e5560000)
  from space 21824K, 100% used [0x00000000e5560000, 0x00000000e6ab0000, 0x00000000e6ab0000)
  to   space 21824K,   0% used [0x00000000e6ab0000, 0x00000000e6ab0000, 0x00000000e8000000)
 concurrent mark-sweep generation total 393216K, used 1126K [0x00000000e8000000, 0x0000000100000000, 0x0000000100000000)
 Metaspace       used 37726K, capacity 38386K, committed 38744K, reserved 1083392K
  class space    used 4453K, capacity 4677K, committed 4728K, reserved 1048576K
2017-03-14T11:20:08.395+0000: 21.945: [GC (Allocation Failure) 2017-03-14T11:20:08.395+0000: 21.946: [ParNew
Desired survivor size 20112992 bytes, new threshold 8 (max 8)
- age   1:   10714936 bytes,   10714936 total
- age   2:    5986312 bytes,   16701248 total
- age   3:    1695856 bytes,   18397104 total
- age   4:     195344 bytes,   18592448 total
- age   5:     388048 bytes,   18980496 total
- age   6:     239944 bytes,   19220440 total
- age   7:     212264 bytes,   19432704 total
- age   8:    1647288 bytes,   21079992 total
: 109248K->21824K(109248K), 0.0932864 secs] 110374K->32727K(502464K), 0.0934744 secs] [Times: user=0.17 sys=0.00, real=0.09 secs] 
Heap after GC invocations=9 (full 1):
 par new generation   total 109248K, used 21824K [0x00000000e0000000, 0x00000000e8000000, 0x00000000e8000000)
  eden space 87424K,   0% used [0x00000000e0000000, 0x00000000e0000000, 0x00000000e5560000)
  from space 21824K, 100% used [0x00000000e6ab0000, 0x00000000e8000000, 0x00000000e8000000)
  to   space 21824K,   0% used [0x00000000e5560000, 0x00000000e5560000, 0x00000000e6ab0000)
 concurrent mark-sweep generation total 393216K, used 10903K [0x00000000e8000000, 0x0000000100000000, 0x0000000100000000)
 Metaspace       used 37726K, capacity 38386K, committed 38744K, reserved 1083392K
  class space    used 4453K, capacity 4677K, committed 4728K, reserved 1048576K
}
2017-03-14T11:20:08.489+0000: 22.039: Total time for which application threads were stopped: 0.1231753 seconds, Stopping threads took: 0.0287396 seconds
2017-03-14T11:20:08.536+0000: 22.087: Total time for which application threads were stopped: 0.0021409 seconds, Stopping threads took: 0.0012687 seconds
{Heap before GC invocations=9 (full 1):
 par new generation   total 109248K, used 109248K [0x00000000e0000000, 0x00000000e8000000, 0x00000000e8000000)
  eden space 87424K, 100% used [0x00000000e0000000, 0x00000000e5560000, 0x00000000e5560000)
  from space 21824K, 100% used [0x00000000e6ab0000, 0x00000000e8000000, 0x00000000e8000000)
  to   space 21824K,   0% used [0x00000000e5560000, 0x00000000e5560000, 0x00000000e6ab0000)
 concurrent mark-sweep generation total 393216K, used 10903K [0x00000000e8000000, 0x0000000100000000, 0x0000000100000000)
 Metaspace       used 37778K, capacity 38596K, committed 39000K, reserved 1083392K
  class space    used 4454K, capacity 4680K, committed 4728K, reserved 1048576K
2017-03-14T11:20:08.717+0000: 22.267: [GC (Allocation Failure) 2017-03-14T11:20:08.717+0000: 22.267: [ParNew
Desired survivor size 20112992 bytes, new threshold 8 (max 8)
- age   1:    1242504 bytes,    1242504 total
- age   2:    9550336 bytes,   10792840 total
- age   3:    5136000 bytes,   15928840 total
- age   4:    1551064 bytes,   17479904 total
- age   5:     189904 bytes,   17669808 total
- age   6:     378616 bytes,   18048424 total
- age   7:     238416 bytes,   18286840 total
- age   8:     184448 bytes,   18471288 total
: 109248K->21824K(109248K), 0.0438066 secs] 120151K->36090K(502464K), 0.0439920 secs] [Times: user=0.12 sys=0.00, real=0.04 secs] 
Heap after GC invocations=10 (full 1):
 par new generation   total 109248K, used 21824K [0x00000000e0000000, 0x00000000e8000000, 0x00000000e8000000)
  eden space 87424K,   0% used [0x00000000e0000000, 0x00000000e0000000, 0x00000000e5560000)
  from space 21824K, 100% used [0x00000000e5560000, 0x00000000e6ab0000, 0x00000000e6ab0000)
  to   space 21824K,   0% used [0x00000000e6ab0000, 0x00000000e6ab0000, 0x00000000e8000000)
 concurrent mark-sweep generation total 393216K, used 14266K [0x00000000e8000000, 0x0000000100000000, 0x0000000100000000)
 Metaspace       used 37778K, capacity 38596K, committed 39000K, reserved 1083392K
  class space    used 4454K, capacity 4680K, committed 4728K, reserved 1048576K
}
2017-03-14T11:20:08.761+0000: 22.311: Total time for which application threads were stopped: 0.0463250 seconds, Stopping threads took: 0.0015300 seconds
2017-03-14T11:20:08.763+0000: 22.314: Total time for which application threads were stopped: 0.0007178 seconds, Stopping threads took: 0.0001033 seconds
2017-03-14T11:20:08.779+0000: 22.330: Total time for which application threads were stopped: 0.0088907 seconds, Stopping threads took: 0.0081294 seconds
2017-03-14T11:20:08.819+0000: 22.370: Total time for which application threads were stopped: 0.0170633 seconds, Stopping threads took: 0.0164451 seconds
{Heap before GC invocations=10 (full 1):
 par new generation   total 109248K, used 109248K [0x00000000e0000000, 0x00000000e8000000, 0x00000000e8000000)
  eden space 87424K, 100% used [0x00000000e0000000, 0x00000000e5560000, 0x00000000e5560000)
  from space 21824K, 100% used [0x00000000e5560000, 0x00000000e6ab0000, 0x00000000e6ab0000)
  to   space 21824K,   0% used [0x00000000e6ab0000, 0x00000000e6ab0000, 0x00000000e8000000)
 concurrent mark-sweep generation total 393216K, used 14266K [0x00000000e8000000, 0x0000000100000000, 0x0000000100000000)
 Metaspace       used 37841K, capacity 38602K, committed 39000K, reserved 1083392K
  class space    used 4455K, capacity 4681K, committed 4728K, reserved 1048576K
2017-03-14T11:20:08.966+0000: 22.516: [GC (Allocation Failure) 2017-03-14T11:20:08.966+0000: 22.516: [ParNew
Desired survivor size 20112992 bytes, new threshold 8 (max 8)
- age   1:    1599048 bytes,    1599048 total
- age   2:     941552 bytes,    2540600 total
- age   3:    9047312 bytes,   11587912 total
- age   4:    5021928 bytes,   16609840 total
- age   5:    1551064 bytes,   18160904 total
- age   6:     189904 bytes,   18350808 total
- age   7:     378616 bytes,   18729424 total
- age   8:     238416 bytes,   18967840 total
: 109248K->21824K(109248K), 0.0309984 secs] 123514K->36384K(502464K), 0.0311865 secs] [Times: user=0.08 sys=0.00, real=0.03 secs] 
Heap after GC invocations=11 (full 1):
 par new generation   total 109248K, used 21824K [0x00000000e0000000, 0x00000000e8000000, 0x00000000e8000000)
  eden space 87424K,   0% used [0x00000000e0000000, 0x00000000e0000000, 0x00000000e5560000)
  from space 21824K, 100% used [0x00000000e6ab0000, 0x00000000e8000000, 0x00000000e8000000)
  to   space 21824K,   0% used [0x00000000e5560000, 0x00000000e5560000, 0x00000000e6ab0000)
 concurrent mark-sweep generation total 393216K, used 14560K [0x00000000e8000000, 0x0000000100000000, 0x0000000100000000)
 Metaspace       used 37841K, capacity 38602K, committed 39000K, reserved 1083392K
  class space    used 4455K, capacity 4681K, committed 4728K, reserved 1048576K
}
2017-03-14T11:20:08.997+0000: 22.547: Total time for which application threads were stopped: 0.0397412 seconds, Stopping threads took: 0.0079781 seconds
{Heap before GC invocations=11 (full 1):
 par new generation   total 109248K, used 109248K [0x00000000e0000000, 0x00000000e8000000, 0x00000000e8000000)
  eden space 87424K, 100% used [0x00000000e0000000, 0x00000000e5560000, 0x00000000e5560000)
  from space 21824K, 100% used [0x00000000e6ab0000, 0x00000000e8000000, 0x00000000e8000000)
  to   space 21824K,   0% used [0x00000000e5560000, 0x00000000e5560000, 0x00000000e6ab0000)
 concurrent mark-sweep generation total 393216K, used 14560K [0x00000000e8000000, 0x0000000100000000, 0x0000000100000000)
 Metaspace       used 37888K, capacity 38632K, committed 39000K, reserved 1083392K
  class space    used 4458K, capacity 4686K, committed 4728K, reserved 1048576K
2017-03-14T11:20:09.131+0000: 22.681: [GC (Allocation Failure) 2017-03-14T11:20:09.131+0000: 22.681: [ParNew
Desired survivor size 20112992 bytes, new threshold 8 (max 8)
- age   1:     423976 bytes,     423976 total
- age   2:    1223384 bytes,    1647360 total
- age   3:     819120 bytes,    2466480 total
- age   4:    8974360 bytes,   11440840 total
- age   5:    4940552 bytes,   16381392 total
- age   6:    1508600 bytes,   17889992 total
- age   7:     189664 bytes,   18079656 total
- age   8:     371376 bytes,   18451032 total
: 109248K->21824K(109248K), 0.0360584 secs] 123808K->36875K(502464K), 0.0362049 secs] [Times: user=0.09 sys=0.01, real=0.03 secs] 
Heap after GC invocations=12 (full 1):
 par new generation   total 109248K, used 21824K [0x00000000e0000000, 0x00000000e8000000, 0x00000000e8000000)
  eden space 87424K,   0% used [0x00000000e0000000, 0x00000000e0000000, 0x00000000e5560000)
  from space 21824K, 100% used [0x00000000e5560000, 0x00000000e6ab0000, 0x00000000e6ab0000)
  to   space 21824K,   0% used [0x00000000e6ab0000, 0x00000000e6ab0000, 0x00000000e8000000)
 concurrent mark-sweep generation total 393216K, used 15051K [0x00000000e8000000, 0x0000000100000000, 0x0000000100000000)
 Metaspace       used 37888K, capacity 38632K, committed 39000K, reserved 1083392K
  class space    used 4458K, capacity 4686K, committed 4728K, reserved 1048576K
}
2017-03-14T11:20:09.167+0000: 22.717: Total time for which application threads were stopped: 0.0366980 seconds, Stopping threads took: 0.0001050 seconds
2017-03-14T11:20:09.434+0000: 22.984: Total time for which application threads were stopped: 0.0076810 seconds, Stopping threads took: 0.0072208 seconds
2017-03-14T11:20:09.440+0000: 22.991: Total time for which application threads were stopped: 0.0006628 seconds, Stopping threads took: 0.0002619 seconds
{Heap before GC invocations=12 (full 1):
 par new generation   total 109248K, used 109248K [0x00000000e0000000, 0x00000000e8000000, 0x00000000e8000000)
  eden space 87424K, 100% used [0x00000000e0000000, 0x00000000e5560000, 0x00000000e5560000)
  from space 21824K, 100% used [0x00000000e5560000, 0x00000000e6ab0000, 0x00000000e6ab0000)
  to   space 21824K,   0% used [0x00000000e6ab0000, 0x00000000e6ab0000, 0x00000000e8000000)
 concurrent mark-sweep generation total 393216K, used 15051K [0x00000000e8000000, 0x0000000100000000, 0x0000000100000000)
 Metaspace       used 38022K, capacity 38790K, committed 39000K, reserved 1083392K
  class space    used 4461K, capacity 4691K, committed 4728K, reserved 1048576K
2017-03-14T11:20:09.493+0000: 23.043: [GC (Allocation Failure) 2017-03-14T11:20:09.493+0000: 23.043: [ParNew
Desired survivor size 20112992 bytes, new threshold 8 (max 8)
- age   1:    1158200 bytes,    1158200 total
- age   2:     135696 bytes,    1293896 total
- age   3:     670064 bytes,    1963960 total
- age   4:     787160 bytes,    2751120 total
- age   5:    8972504 bytes,   11723624 total
- age   6:    4940280 bytes,   16663904 total
- age   7:    1501048 bytes,   18164952 total
- age   8:     189664 bytes,   18354616 total
: 109248K->21824K(109248K), 0.0295301 secs] 124299K->37242K(502464K), 0.0296637 secs] [Times: user=0.07 sys=0.00, real=0.03 secs] 
Heap after GC invocations=13 (full 1):
 par new generation   total 109248K, used 21824K [0x00000000e0000000, 0x00000000e8000000, 0x00000000e8000000)
  eden space 87424K,   0% used [0x00000000e0000000, 0x00000000e0000000, 0x00000000e5560000)
  from space 21824K, 100% used [0x00000000e6ab0000, 0x00000000e8000000, 0x00000000e8000000)
  to   space 21824K,   0% used [0x00000000e5560000, 0x00000000e5560000, 0x00000000e6ab0000)
 concurrent mark-sweep generation total 393216K, used 15418K [0x00000000e8000000, 0x0000000100000000, 0x0000000100000000)
 Metaspace       used 38022K, capacity 38790K, committed 39000K, reserved 1083392K
  class space    used 4461K, capacity 4691K, committed 4728K, reserved 1048576K
}
2017-03-14T11:20:09.522+0000: 23.073: Total time for which application threads were stopped: 0.0301620 seconds, Stopping threads took: 0.0000543 seconds
2017-03-14T11:20:09.528+0000: 23.078: Total time for which application threads were stopped: 0.0011179 seconds, Stopping threads took: 0.0007232 seconds
2017-03-14T11:20:09.528+0000: 23.079: Total time for which application threads were stopped: 0.0002797 seconds, Stopping threads took: 0.0000234 seconds
2017-03-14T11:20:09.611+0000: 23.161: Total time for which application threads were stopped: 0.0022132 seconds, Stopping threads took: 0.0017994 seconds
2017-03-14T11:20:09.611+0000: 23.161: Total time for which application threads were stopped: 0.0003436 seconds, Stopping threads took: 0.0000266 seconds
2017-03-14T11:20:09.611+0000: 23.162: Total time for which application threads were stopped: 0.0002612 seconds, Stopping threads took: 0.0000276 seconds
2017-03-14T11:20:09.612+0000: 23.162: Total time for which application threads were stopped: 0.0002621 seconds, Stopping threads took: 0.0000207 seconds
2017-03-14T11:20:09.612+0000: 23.162: Total time for which application threads were stopped: 0.0002721 seconds, Stopping threads took: 0.0000190 seconds
2017-03-14T11:20:09.612+0000: 23.163: Total time for which application threads were stopped: 0.0003071 seconds, Stopping threads took: 0.0000196 seconds
2017-03-14T11:20:09.613+0000: 23.163: Total time for which application threads were stopped: 0.0002634 seconds, Stopping threads took: 0.0000202 seconds
2017-03-14T11:20:09.613+0000: 23.163: Total time for which application threads were stopped: 0.0002753 seconds, Stopping threads took: 0.0000205 seconds
2017-03-14T11:20:09.613+0000: 23.164: Total time for which application threads were stopped: 0.0002492 seconds, Stopping threads took: 0.0000175 seconds
2017-03-14T11:20:09.614+0000: 23.164: Total time for which application threads were stopped: 0.0002436 seconds, Stopping threads took: 0.0000177 seconds
2017-03-14T11:20:09.614+0000: 23.164: Total time for which application threads were stopped: 0.0002362 seconds, Stopping threads took: 0.0000169 seconds
2017-03-14T11:20:09.614+0000: 23.165: Total time for which application threads were stopped: 0.0002477 seconds, Stopping threads took: 0.0000175 seconds
2017-03-14T11:20:09.614+0000: 23.165: Total time for which application threads were stopped: 0.0002691 seconds, Stopping threads took: 0.0000167 seconds
2017-03-14T11:20:09.615+0000: 23.165: Total time for which application threads were stopped: 0.0002736 seconds, Stopping threads took: 0.0000219 seconds
2017-03-14T11:20:09.615+0000: 23.166: Total time for which application threads were stopped: 0.0002332 seconds, Stopping threads took: 0.0000167 seconds
2017-03-14T11:20:09.615+0000: 23.166: Total time for which application threads were stopped: 0.0002334 seconds, Stopping threads took: 0.0000183 seconds
2017-03-14T11:20:09.616+0000: 23.166: Total time for which application threads were stopped: 0.0002255 seconds, Stopping threads took: 0.0000173 seconds
2017-03-14T11:20:09.616+0000: 23.166: Total time for which application threads were stopped: 0.0002434 seconds, Stopping threads took: 0.0000171 seconds
2017-03-14T11:20:09.640+0000: 23.190: Total time for which application threads were stopped: 0.0004303 seconds, Stopping threads took: 0.0001078 seconds
2017-03-14T11:20:09.640+0000: 23.191: Total time for which application threads were stopped: 0.0003766 seconds, Stopping threads took: 0.0000773 seconds
2017-03-14T11:20:09.640+0000: 23.191: Total time for which application threads were stopped: 0.0002609 seconds, Stopping threads took: 0.0000424 seconds
2017-03-14T11:20:09.641+0000: 23.191: Total time for which application threads were stopped: 0.0002108 seconds, Stopping threads took: 0.0000330 seconds
2017-03-14T11:20:09.641+0000: 23.192: Total time for which application threads were stopped: 0.0002242 seconds, Stopping threads took: 0.0000571 seconds
2017-03-14T11:20:09.648+0000: 23.199: Total time for which application threads were stopped: 0.0003430 seconds, Stopping threads took: 0.0000665 seconds
2017-03-14T11:20:09.649+0000: 23.199: Total time for which application threads were stopped: 0.0001583 seconds, Stopping threads took: 0.0000209 seconds
2017-03-14T11:20:09.649+0000: 23.199: Total time for which application threads were stopped: 0.0002160 seconds, Stopping threads took: 0.0000515 seconds
2017-03-14T11:20:09.649+0000: 23.200: Total time for which application threads were stopped: 0.0001635 seconds, Stopping threads took: 0.0000290 seconds
2017-03-14T11:20:09.649+0000: 23.200: Total time for which application threads were stopped: 0.0001835 seconds, Stopping threads took: 0.0000456 seconds
2017-03-14T11:20:09.650+0000: 23.200: Total time for which application threads were stopped: 0.0001604 seconds, Stopping threads took: 0.0000292 seconds
2017-03-14T11:20:09.650+0000: 23.200: Total time for which application threads were stopped: 0.0001657 seconds, Stopping threads took: 0.0000271 seconds
2017-03-14T11:20:09.651+0000: 23.201: Total time for which application threads were stopped: 0.0002905 seconds, Stopping threads took: 0.0000688 seconds
2017-03-14T11:20:09.653+0000: 23.203: Total time for which application threads were stopped: 0.0003363 seconds, Stopping threads took: 0.0000730 seconds
2017-03-14T11:20:09.653+0000: 23.204: Total time for which application threads were stopped: 0.0002515 seconds, Stopping threads took: 0.0000440 seconds
2017-03-14T11:20:09.654+0000: 23.205: Total time for which application threads were stopped: 0.0011404 seconds, Stopping threads took: 0.0009815 seconds
2017-03-14T11:20:09.654+0000: 23.205: Total time for which application threads were stopped: 0.0001687 seconds, Stopping threads took: 0.0000229 seconds
2017-03-14T11:20:09.655+0000: 23.205: Total time for which application threads were stopped: 0.0001581 seconds, Stopping threads took: 0.0000289 seconds
2017-03-14T11:20:09.655+0000: 23.205: Total time for which application threads were stopped: 0.0001625 seconds, Stopping threads took: 0.0000334 seconds
2017-03-14T11:20:09.658+0000: 23.208: Total time for which application threads were stopped: 0.0003409 seconds, Stopping threads took: 0.0000859 seconds
2017-03-14T11:20:09.658+0000: 23.209: Total time for which application threads were stopped: 0.0002804 seconds, Stopping threads took: 0.0000588 seconds
2017-03-14T11:20:09.659+0000: 23.209: Total time for which application threads were stopped: 0.0002388 seconds, Stopping threads took: 0.0000455 seconds
2017-03-14T11:20:09.661+0000: 23.212: Total time for which application threads were stopped: 0.0003830 seconds, Stopping threads took: 0.0000781 seconds
2017-03-14T11:20:09.662+0000: 23.212: Total time for which application threads were stopped: 0.0002470 seconds, Stopping threads took: 0.0000429 seconds
2017-03-14T11:20:09.662+0000: 23.213: Total time for which application threads were stopped: 0.0002174 seconds, Stopping threads took: 0.0000397 seconds
2017-03-14T11:20:09.662+0000: 23.213: Total time for which application threads were stopped: 0.0001812 seconds, Stopping threads took: 0.0000225 seconds
2017-03-14T11:20:09.663+0000: 23.213: Total time for which application threads were stopped: 0.0001771 seconds, Stopping threads took: 0.0000241 seconds
2017-03-14T11:20:09.663+0000: 23.213: Total time for which application threads were stopped: 0.0001701 seconds, Stopping threads took: 0.0000283 seconds
2017-03-14T11:20:09.663+0000: 23.213: Total time for which application threads were stopped: 0.0001762 seconds, Stopping threads took: 0.0000332 seconds
2017-03-14T11:20:09.663+0000: 23.214: Total time for which application threads were stopped: 0.0001669 seconds, Stopping threads took: 0.0000281 seconds
2017-03-14T11:20:09.663+0000: 23.214: Total time for which application threads were stopped: 0.0001827 seconds, Stopping threads took: 0.0000428 seconds
2017-03-14T11:20:09.663+0000: 23.214: Total time for which application threads were stopped: 0.0001573 seconds, Stopping threads took: 0.0000272 seconds
2017-03-14T11:20:09.664+0000: 23.214: Total time for which application threads were stopped: 0.0001476 seconds, Stopping threads took: 0.0000171 seconds
2017-03-14T11:20:09.664+0000: 23.214: Total time for which application threads were stopped: 0.0001713 seconds, Stopping threads took: 0.0000333 seconds
2017-03-14T11:20:09.664+0000: 23.215: Total time for which application threads were stopped: 0.0001554 seconds, Stopping threads took: 0.0000242 seconds
2017-03-14T11:20:09.664+0000: 23.215: Total time for which application threads were stopped: 0.0001639 seconds, Stopping threads took: 0.0000321 seconds
2017-03-14T11:20:09.664+0000: 23.215: Total time for which application threads were stopped: 0.0001605 seconds, Stopping threads took: 0.0000312 seconds
2017-03-14T11:20:09.665+0000: 23.215: Total time for which application threads were stopped: 0.0001500 seconds, Stopping threads took: 0.0000171 seconds
2017-03-14T11:20:09.665+0000: 23.215: Total time for which application threads were stopped: 0.0001796 seconds, Stopping threads took: 0.0000428 seconds
2017-03-14T11:20:09.666+0000: 23.217: Total time for which application threads were stopped: 0.0004188 seconds, Stopping threads took: 0.0000515 seconds
2017-03-14T11:20:09.667+0000: 23.218: Total time for which application threads were stopped: 0.0004104 seconds, Stopping threads took: 0.0000593 seconds
2017-03-14T11:20:09.669+0000: 23.220: Total time for which application threads were stopped: 0.0005123 seconds, Stopping threads took: 0.0000833 seconds
2017-03-14T11:20:09.671+0000: 23.221: Total time for which application threads were stopped: 0.0014311 seconds, Stopping threads took: 0.0000735 seconds
2017-03-14T11:20:09.672+0000: 23.222: Total time for which application threads were stopped: 0.0005301 seconds, Stopping threads took: 0.0002309 seconds
2017-03-14T11:20:09.699+0000: 23.249: Total time for which application threads were stopped: 0.0005017 seconds, Stopping threads took: 0.0001142 seconds
2017-03-14T11:20:09.701+0000: 23.252: Total time for which application threads were stopped: 0.0004193 seconds, Stopping threads took: 0.0000565 seconds
2017-03-14T11:20:09.703+0000: 23.254: Total time for which application threads were stopped: 0.0014509 seconds, Stopping threads took: 0.0000706 seconds
2017-03-14T11:20:09.735+0000: 23.286: Total time for which application threads were stopped: 0.0003547 seconds, Stopping threads took: 0.0000673 seconds
2017-03-14T11:20:09.736+0000: 23.286: Total time for which application threads were stopped: 0.0002073 seconds, Stopping threads took: 0.0000358 seconds
2017-03-14T11:20:09.754+0000: 23.305: Total time for which application threads were stopped: 0.0004788 seconds, Stopping threads took: 0.0000815 seconds
2017-03-14T11:20:09.782+0000: 23.332: Total time for which application threads were stopped: 0.0079037 seconds, Stopping threads took: 0.0075251 seconds
2017-03-14T11:20:09.782+0000: 23.333: Total time for which application threads were stopped: 0.0002855 seconds, Stopping threads took: 0.0000644 seconds
2017-03-14T11:20:09.809+0000: 23.360: Total time for which application threads were stopped: 0.0003978 seconds, Stopping threads took: 0.0000570 seconds
2017-03-14T11:20:09.810+0000: 23.360: Total time for which application threads were stopped: 0.0004074 seconds, Stopping threads took: 0.0001147 seconds
2017-03-14T11:20:09.811+0000: 23.362: Total time for which application threads were stopped: 0.0004001 seconds, Stopping threads took: 0.0000740 seconds
2017-03-14T11:20:09.857+0000: 23.408: Total time for which application threads were stopped: 0.0003711 seconds, Stopping threads took: 0.0000798 seconds
2017-03-14T11:20:09.858+0000: 23.408: Total time for which application threads were stopped: 0.0003319 seconds, Stopping threads took: 0.0000451 seconds
2017-03-14T11:20:09.858+0000: 23.409: Total time for which application threads were stopped: 0.0002554 seconds, Stopping threads took: 0.0000323 seconds
2017-03-14T11:20:09.858+0000: 23.409: Total time for which application threads were stopped: 0.0002034 seconds, Stopping threads took: 0.0000191 seconds
2017-03-14T11:20:09.859+0000: 23.409: Total time for which application threads were stopped: 0.0001570 seconds, Stopping threads took: 0.0000177 seconds
2017-03-14T11:20:09.859+0000: 23.410: Total time for which application threads were stopped: 0.0002442 seconds, Stopping threads took: 0.0000221 seconds
2017-03-14T11:20:09.859+0000: 23.410: Total time for which application threads were stopped: 0.0001718 seconds, Stopping threads took: 0.0000144 seconds
2017-03-14T11:20:09.860+0000: 23.410: Total time for which application threads were stopped: 0.0002054 seconds, Stopping threads took: 0.0000242 seconds
2017-03-14T11:20:09.860+0000: 23.411: Total time for which application threads were stopped: 0.0002208 seconds, Stopping threads took: 0.0000601 seconds
2017-03-14T11:20:09.861+0000: 23.411: Total time for which application threads were stopped: 0.0004053 seconds, Stopping threads took: 0.0001672 seconds
2017-03-14T11:20:09.861+0000: 23.411: Total time for which application threads were stopped: 0.0002616 seconds, Stopping threads took: 0.0000327 seconds
2017-03-14T11:20:09.862+0000: 23.412: Total time for which application threads were stopped: 0.0002935 seconds, Stopping threads took: 0.0000416 seconds
2017-03-14T11:20:09.863+0000: 23.413: Total time for which application threads were stopped: 0.0012559 seconds, Stopping threads took: 0.0000398 seconds
2017-03-14T11:20:09.864+0000: 23.414: Total time for which application threads were stopped: 0.0002893 seconds, Stopping threads took: 0.0000530 seconds
2017-03-14T11:20:09.880+0000: 23.430: Total time for which application threads were stopped: 0.0004566 seconds, Stopping threads took: 0.0000677 seconds
2017-03-14T11:20:09.881+0000: 23.432: Total time for which application threads were stopped: 0.0004481 seconds, Stopping threads took: 0.0000720 seconds
2017-03-14T11:20:09.888+0000: 23.438: Total time for which application threads were stopped: 0.0004112 seconds, Stopping threads took: 0.0000667 seconds
2017-03-14T11:20:09.889+0000: 23.439: Total time for which application threads were stopped: 0.0003055 seconds, Stopping threads took: 0.0000422 seconds
2017-03-14T11:20:09.893+0000: 23.444: Total time for which application threads were stopped: 0.0010706 seconds, Stopping threads took: 0.0007001 seconds
2017-03-14T11:20:09.906+0000: 23.456: Total time for which application threads were stopped: 0.0003843 seconds, Stopping threads took: 0.0000773 seconds
2017-03-14T11:20:09.942+0000: 23.492: Total time for which application threads were stopped: 0.0003802 seconds, Stopping threads took: 0.0000704 seconds
2017-03-14T11:20:09.946+0000: 23.496: Total time for which application threads were stopped: 0.0005002 seconds, Stopping threads took: 0.0001521 seconds
2017-03-14T11:20:09.951+0000: 23.501: Total time for which application threads were stopped: 0.0004188 seconds, Stopping threads took: 0.0000764 seconds
2017-03-14T11:20:09.965+0000: 23.516: Total time for which application threads were stopped: 0.0030921 seconds, Stopping threads took: 0.0027926 seconds
2017-03-14T11:20:09.966+0000: 23.517: Total time for which application threads were stopped: 0.0004025 seconds, Stopping threads took: 0.0000691 seconds
2017-03-14T11:20:09.968+0000: 23.519: Total time for which application threads were stopped: 0.0003937 seconds, Stopping threads took: 0.0000629 seconds
2017-03-14T11:20:09.969+0000: 23.520: Total time for which application threads were stopped: 0.0003023 seconds, Stopping threads took: 0.0000325 seconds
2017-03-14T11:20:09.970+0000: 23.520: Total time for which application threads were stopped: 0.0002972 seconds, Stopping threads took: 0.0000301 seconds
2017-03-14T11:20:10.013+0000: 23.564: Total time for which application threads were stopped: 0.0010101 seconds, Stopping threads took: 0.0006915 seconds
2017-03-14T11:20:10.159+0000: 23.710: Total time for which application threads were stopped: 0.0004658 seconds, Stopping threads took: 0.0000703 seconds
2017-03-14T11:20:10.168+0000: 23.718: Total time for which application threads were stopped: 0.0018823 seconds, Stopping threads took: 0.0015037 seconds
2017-03-14T11:20:10.175+0000: 23.726: Total time for which application threads were stopped: 0.0003258 seconds, Stopping threads took: 0.0000770 seconds
{Heap before GC invocations=13 (full 1):
 par new generation   total 109248K, used 109248K [0x00000000e0000000, 0x00000000e8000000, 0x00000000e8000000)
  eden space 87424K, 100% used [0x00000000e0000000, 0x00000000e5560000, 0x00000000e5560000)
  from space 21824K, 100% used [0x00000000e6ab0000, 0x00000000e8000000, 0x00000000e8000000)
  to   space 21824K,   0% used [0x00000000e5560000, 0x00000000e5560000, 0x00000000e6ab0000)
 concurrent mark-sweep generation total 393216K, used 15418K [0x00000000e8000000, 0x0000000100000000, 0x0000000100000000)
 Metaspace       used 38302K, capacity 39088K, committed 39256K, reserved 1083392K
  class space    used 4483K, capacity 4698K, committed 4728K, reserved 1048576K
2017-03-14T11:20:10.185+0000: 23.736: [GC (Allocation Failure) 2017-03-14T11:20:10.186+0000: 23.736: [ParNew
Desired survivor size 20112992 bytes, new threshold 8 (max 8)
- age   1:    5449784 bytes,    5449784 total
- age   2:    1001280 bytes,    6451064 total
- age   3:     121328 bytes,    6572392 total
- age   4:     542824 bytes,    7115216 total
- age   5:     759464 bytes,    7874680 total
- age   6:    7051544 bytes,   14926224 total
- age   7:    1773160 bytes,   16699384 total
- age   8:    1079696 bytes,   17779080 total
: 109248K->21824K(109248K), 0.0289001 secs] 124666K->40159K(502464K), 0.0290556 secs] [Times: user=0.11 sys=0.00, real=0.03 secs] 
Heap after GC invocations=14 (full 1):
 par new generation   total 109248K, used 21824K [0x00000000e0000000, 0x00000000e8000000, 0x00000000e8000000)
  eden space 87424K,   0% used [0x00000000e0000000, 0x00000000e0000000, 0x00000000e5560000)
  from space 21824K, 100% used [0x00000000e5560000, 0x00000000e6ab0000, 0x00000000e6ab0000)
  to   space 21824K,   0% used [0x00000000e6ab0000, 0x00000000e6ab0000, 0x00000000e8000000)
 concurrent mark-sweep generation total 393216K, used 18335K [0x00000000e8000000, 0x0000000100000000, 0x0000000100000000)
 Metaspace       used 38302K, capacity 39088K, committed 39256K, reserved 1083392K
  class space    used 4483K, capacity 4698K, committed 4728K, reserved 1048576K
}
2017-03-14T11:20:10.215+0000: 23.765: Total time for which application threads were stopped: 0.0295391 seconds, Stopping threads took: 0.0000841 seconds
2017-03-14T11:20:10.217+0000: 23.767: Total time for which application threads were stopped: 0.0003760 seconds, Stopping threads took: 0.0001017 seconds
2017-03-14T11:20:10.230+0000: 23.781: Total time for which application threads were stopped: 0.0003810 seconds, Stopping threads took: 0.0000787 seconds
{Heap before GC invocations=14 (full 1):
 par new generation   total 109248K, used 109235K [0x00000000e0000000, 0x00000000e8000000, 0x00000000e8000000)
  eden space 87424K,  99% used [0x00000000e0000000, 0x00000000e555cd08, 0x00000000e5560000)
  from space 21824K, 100% used [0x00000000e5560000, 0x00000000e6ab0000, 0x00000000e6ab0000)
  to   space 21824K,   0% used [0x00000000e6ab0000, 0x00000000e6ab0000, 0x00000000e8000000)
 concurrent mark-sweep generation total 393216K, used 18335K [0x00000000e8000000, 0x0000000100000000, 0x0000000100000000)
 Metaspace       used 38308K, capacity 39088K, committed 39256K, reserved 1083392K
  class space    used 4483K, capacity 4698K, committed 4728K, reserved 1048576K
2017-03-14T11:20:10.295+0000: 23.846: [GC (Allocation Failure) 2017-03-14T11:20:10.295+0000: 23.846: [ParNew
Desired survivor size 20112992 bytes, new threshold 8 (max 8)
- age   1:     532432 bytes,     532432 total
- age   2:    5240576 bytes,    5773008 total
- age   3:    1001280 bytes,    6774288 total
- age   4:     121328 bytes,    6895616 total
- age   5:     542824 bytes,    7438440 total
- age   6:     759464 bytes,    8197904 total
- age   7:    7051288 bytes,   15249192 total
- age   8:    1773000 bytes,   17022192 total
: 109235K->21824K(109248K), 0.0214485 secs] 127571K->41228K(502464K), 0.0215795 secs] [Times: user=0.08 sys=0.00, real=0.02 secs] 
Heap after GC invocations=15 (full 1):
 par new generation   total 109248K, used 21824K [0x00000000e0000000, 0x00000000e8000000, 0x00000000e8000000)
  eden space 87424K,   0% used [0x00000000e0000000, 0x00000000e0000000, 0x00000000e5560000)
  from space 21824K, 100% used [0x00000000e6ab0000, 0x00000000e8000000, 0x00000000e8000000)
  to   space 21824K,   0% used [0x00000000e5560000, 0x00000000e5560000, 0x00000000e6ab0000)
 concurrent mark-sweep generation total 393216K, used 19404K [0x00000000e8000000, 0x0000000100000000, 0x0000000100000000)
 Metaspace       used 38308K, capacity 39088K, committed 39256K, reserved 1083392K
  class space    used 4483K, capacity 4698K, committed 4728K, reserved 1048576K
}
2017-03-14T11:20:10.317+0000: 23.867: Total time for which application threads were stopped: 0.0220681 seconds, Stopping threads took: 0.0000568 seconds
2017-03-14T11:20:10.317+0000: 23.868: Total time for which application threads were stopped: 0.0003469 seconds, Stopping threads took: 0.0000635 seconds
2017-03-14T11:20:10.384+0000: 23.935: Total time for which application threads were stopped: 0.0004022 seconds, Stopping threads took: 0.0000541 seconds
2017-03-14T11:20:10.473+0000: 24.024: Total time for which application threads were stopped: 0.0009789 seconds, Stopping threads took: 0.0002502 seconds
2017-03-14T11:20:10.585+0000: 24.136: Total time for which application threads were stopped: 0.0003702 seconds, Stopping threads took: 0.0001164 seconds
2017-03-14T11:20:10.585+0000: 24.136: Total time for which application threads were stopped: 0.0001739 seconds, Stopping threads took: 0.0000433 seconds
2017-03-14T11:20:10.585+0000: 24.136: Total time for which application threads were stopped: 0.0001331 seconds, Stopping threads took: 0.0000143 seconds
2017-03-14T11:20:10.586+0000: 24.136: Total time for which application threads were stopped: 0.0001398 seconds, Stopping threads took: 0.0000160 seconds
2017-03-14T11:20:10.586+0000: 24.136: Total time for which application threads were stopped: 0.0001371 seconds, Stopping threads took: 0.0000157 seconds
2017-03-14T11:20:10.586+0000: 24.136: Total time for which application threads were stopped: 0.0001372 seconds, Stopping threads took: 0.0000146 seconds
2017-03-14T11:20:10.586+0000: 24.137: Total time for which application threads were stopped: 0.0001678 seconds, Stopping threads took: 0.0000148 seconds
2017-03-14T11:20:10.586+0000: 24.137: Total time for which application threads were stopped: 0.0001678 seconds, Stopping threads took: 0.0000222 seconds
2017-03-14T11:20:10.587+0000: 24.137: Total time for which application threads were stopped: 0.0001798 seconds, Stopping threads took: 0.0000519 seconds
2017-03-14T11:20:10.587+0000: 24.137: Total time for which application threads were stopped: 0.0001445 seconds, Stopping threads took: 0.0000192 seconds
2017-03-14T11:20:10.587+0000: 24.137: Total time for which application threads were stopped: 0.0001527 seconds, Stopping threads took: 0.0000257 seconds
2017-03-14T11:20:10.587+0000: 24.138: Total time for which application threads were stopped: 0.0001443 seconds, Stopping threads took: 0.0000206 seconds
2017-03-14T11:20:10.587+0000: 24.138: Total time for which application threads were stopped: 0.0001548 seconds, Stopping threads took: 0.0000240 seconds
2017-03-14T11:20:10.598+0000: 24.149: Total time for which application threads were stopped: 0.0003309 seconds, Stopping threads took: 0.0000673 seconds
2017-03-14T11:20:10.602+0000: 24.153: Total time for which application threads were stopped: 0.0003407 seconds, Stopping threads took: 0.0000732 seconds
2017-03-14T11:20:10.603+0000: 24.153: Total time for which application threads were stopped: 0.0002238 seconds, Stopping threads took: 0.0000334 seconds
2017-03-14T11:20:10.603+0000: 24.154: Total time for which application threads were stopped: 0.0003395 seconds, Stopping threads took: 0.0000799 seconds
2017-03-14T11:20:10.604+0000: 24.155: Total time for which application threads were stopped: 0.0003714 seconds, Stopping threads took: 0.0000756 seconds
2017-03-14T11:20:10.606+0000: 24.157: Total time for which application threads were stopped: 0.0003848 seconds, Stopping threads took: 0.0000774 seconds
2017-03-14T11:20:10.607+0000: 24.157: Total time for which application threads were stopped: 0.0002556 seconds, Stopping threads took: 0.0000345 seconds
2017-03-14T11:20:10.607+0000: 24.158: Total time for which application threads were stopped: 0.0003149 seconds, Stopping threads took: 0.0001359 seconds
2017-03-14T11:20:10.607+0000: 24.158: Total time for which application threads were stopped: 0.0001815 seconds, Stopping threads took: 0.0000303 seconds
2017-03-14T11:20:10.608+0000: 24.158: Total time for which application threads were stopped: 0.0001662 seconds, Stopping threads took: 0.0000259 seconds
2017-03-14T11:20:10.608+0000: 24.158: Total time for which application threads were stopped: 0.0001655 seconds, Stopping threads took: 0.0000255 seconds
2017-03-14T11:20:10.608+0000: 24.158: Total time for which application threads were stopped: 0.0001711 seconds, Stopping threads took: 0.0000270 seconds
2017-03-14T11:20:10.608+0000: 24.159: Total time for which application threads were stopped: 0.0001588 seconds, Stopping threads took: 0.0000259 seconds
2017-03-14T11:20:10.608+0000: 24.159: Total time for which application threads were stopped: 0.0001720 seconds, Stopping threads took: 0.0000337 seconds
2017-03-14T11:20:10.609+0000: 24.159: Total time for which application threads were stopped: 0.0001576 seconds, Stopping threads took: 0.0000283 seconds
2017-03-14T11:20:10.609+0000: 24.159: Total time for which application threads were stopped: 0.0001504 seconds, Stopping threads took: 0.0000233 seconds
2017-03-14T11:20:10.609+0000: 24.159: Total time for which application threads were stopped: 0.0001552 seconds, Stopping threads took: 0.0000255 seconds
2017-03-14T11:20:10.609+0000: 24.160: Total time for which application threads were stopped: 0.0001529 seconds, Stopping threads took: 0.0000247 seconds
2017-03-14T11:20:10.610+0000: 24.161: Total time for which application threads were stopped: 0.0011262 seconds, Stopping threads took: 0.0000280 seconds
2017-03-14T11:20:10.619+0000: 24.169: Total time for which application threads were stopped: 0.0003334 seconds, Stopping threads took: 0.0000726 seconds
2017-03-14T11:20:10.619+0000: 24.170: Total time for which application threads were stopped: 0.0002418 seconds, Stopping threads took: 0.0000336 seconds
2017-03-14T11:20:10.642+0000: 24.192: Total time for which application threads were stopped: 0.0003346 seconds, Stopping threads took: 0.0000643 seconds
2017-03-14T11:20:10.646+0000: 24.197: Total time for which application threads were stopped: 0.0047535 seconds, Stopping threads took: 0.0044769 seconds
2017-03-14T11:20:10.647+0000: 24.197: Total time for which application threads were stopped: 0.0001818 seconds, Stopping threads took: 0.0000247 seconds
2017-03-14T11:20:10.647+0000: 24.197: Total time for which application threads were stopped: 0.0001755 seconds, Stopping threads took: 0.0000174 seconds
2017-03-14T11:20:10.647+0000: 24.198: Total time for which application threads were stopped: 0.0001703 seconds, Stopping threads took: 0.0000272 seconds
2017-03-14T11:20:10.647+0000: 24.198: Total time for which application threads were stopped: 0.0001852 seconds, Stopping threads took: 0.0000285 seconds
2017-03-14T11:20:10.650+0000: 24.201: Total time for which application threads were stopped: 0.0028289 seconds, Stopping threads took: 0.0025678 seconds
2017-03-14T11:20:10.651+0000: 24.201: Total time for which application threads were stopped: 0.0002190 seconds, Stopping threads took: 0.0000375 seconds
2017-03-14T11:20:10.651+0000: 24.202: Total time for which application threads were stopped: 0.0001980 seconds, Stopping threads took: 0.0000456 seconds
2017-03-14T11:20:10.651+0000: 24.202: Total time for which application threads were stopped: 0.0001738 seconds, Stopping threads took: 0.0000288 seconds
2017-03-14T11:20:10.652+0000: 24.202: Total time for which application threads were stopped: 0.0001941 seconds, Stopping threads took: 0.0000307 seconds
2017-03-14T11:20:10.652+0000: 24.202: Total time for which application threads were stopped: 0.0001838 seconds, Stopping threads took: 0.0000252 seconds
2017-03-14T11:20:10.652+0000: 24.203: Total time for which application threads were stopped: 0.0001627 seconds, Stopping threads took: 0.0000264 seconds
2017-03-14T11:20:10.652+0000: 24.203: Total time for which application threads were stopped: 0.0001737 seconds, Stopping threads took: 0.0000319 seconds
2017-03-14T11:20:10.653+0000: 24.203: Total time for which application threads were stopped: 0.0001921 seconds, Stopping threads took: 0.0000350 seconds
2017-03-14T11:20:10.653+0000: 24.204: Total time for which application threads were stopped: 0.0001743 seconds, Stopping threads took: 0.0000294 seconds
2017-03-14T11:20:10.653+0000: 24.204: Total time for which application threads were stopped: 0.0002807 seconds, Stopping threads took: 0.0001227 seconds
2017-03-14T11:20:10.654+0000: 24.204: Total time for which application threads were stopped: 0.0001940 seconds, Stopping threads took: 0.0000325 seconds
2017-03-14T11:20:10.654+0000: 24.205: Total time for which application threads were stopped: 0.0002015 seconds, Stopping threads took: 0.0000325 seconds
2017-03-14T11:20:10.654+0000: 24.205: Total time for which application threads were stopped: 0.0001999 seconds, Stopping threads took: 0.0000352 seconds
2017-03-14T11:20:10.655+0000: 24.205: Total time for which application threads were stopped: 0.0001936 seconds, Stopping threads took: 0.0000177 seconds
2017-03-14T11:20:10.655+0000: 24.205: Total time for which application threads were stopped: 0.0001632 seconds, Stopping threads took: 0.0000181 seconds
2017-03-14T11:20:10.661+0000: 24.212: Total time for which application threads were stopped: 0.0003451 seconds, Stopping threads took: 0.0000713 seconds
2017-03-14T11:20:10.673+0000: 24.224: Total time for which application threads were stopped: 0.0003224 seconds, Stopping threads took: 0.0000680 seconds
2017-03-14T11:20:10.681+0000: 24.232: Total time for which application threads were stopped: 0.0003175 seconds, Stopping threads took: 0.0000524 seconds
2017-03-14T11:20:15.107+0000: 28.657: Total time for which application threads were stopped: 0.0030156 seconds, Stopping threads took: 0.0025292 seconds
2017-03-14T11:20:15.112+0000: 28.663: Total time for which application threads were stopped: 0.0005114 seconds, Stopping threads took: 0.0001127 seconds
2017-03-14T11:20:15.114+0000: 28.664: Total time for which application threads were stopped: 0.0004492 seconds, Stopping threads took: 0.0001036 seconds
2017-03-14T11:20:15.117+0000: 28.667: Total time for which application threads were stopped: 0.0006595 seconds, Stopping threads took: 0.0001506 seconds
2017-03-14T11:20:15.119+0000: 28.669: Total time for which application threads were stopped: 0.0005752 seconds, Stopping threads took: 0.0001623 seconds
2017-03-14T11:20:15.129+0000: 28.679: Total time for which application threads were stopped: 0.0003876 seconds, Stopping threads took: 0.0000528 seconds
2017-03-14T11:20:15.131+0000: 28.682: Total time for which application threads were stopped: 0.0003868 seconds, Stopping threads took: 0.0000617 seconds
2017-03-14T11:20:15.132+0000: 28.682: Total time for which application threads were stopped: 0.0002788 seconds, Stopping threads took: 0.0000355 seconds
2017-03-14T11:20:15.133+0000: 28.683: Total time for which application threads were stopped: 0.0003774 seconds, Stopping threads took: 0.0000559 seconds
2017-03-14T11:20:16.134+0000: 29.684: Total time for which application threads were stopped: 0.0006094 seconds, Stopping threads took: 0.0000788 seconds
2017-03-14T11:20:17.134+0000: 30.685: Total time for which application threads were stopped: 0.0007413 seconds, Stopping threads took: 0.0001086 seconds
2017-03-14T11:20:17.206+0000: 30.757: Total time for which application threads were stopped: 0.0007807 seconds, Stopping threads took: 0.0000805 seconds
2017-03-14T11:20:17.351+0000: 30.902: Total time for which application threads were stopped: 0.0003968 seconds, Stopping threads took: 0.0000664 seconds
2017-03-14T11:20:17.353+0000: 30.904: Total time for which application threads were stopped: 0.0003755 seconds, Stopping threads took: 0.0000783 seconds
2017-03-14T11:20:17.363+0000: 30.914: Total time for which application threads were stopped: 0.0003162 seconds, Stopping threads took: 0.0000565 seconds
2017-03-14T11:20:18.226+0000: 31.777: Total time for which application threads were stopped: 0.0003947 seconds, Stopping threads took: 0.0000568 seconds
2017-03-14T11:20:18.230+0000: 31.781: Total time for which application threads were stopped: 0.0004109 seconds, Stopping threads took: 0.0000997 seconds
2017-03-14T11:20:18.230+0000: 31.781: Total time for which application threads were stopped: 0.0002925 seconds, Stopping threads took: 0.0000533 seconds
2017-03-14T11:20:18.231+0000: 31.782: Total time for which application threads were stopped: 0.0003211 seconds, Stopping threads took: 0.0000584 seconds
2017-03-14T11:20:18.283+0000: 31.834: Total time for which application threads were stopped: 0.0004243 seconds, Stopping threads took: 0.0000631 seconds
2017-03-14T11:20:18.407+0000: 31.958: Total time for which application threads were stopped: 0.0005626 seconds, Stopping threads took: 0.0000630 seconds
2017-03-14T11:20:18.410+0000: 31.961: Total time for which application threads were stopped: 0.0005862 seconds, Stopping threads took: 0.0000806 seconds
2017-03-14T11:20:24.412+0000: 37.962: Total time for which application threads were stopped: 0.0005044 seconds, Stopping threads took: 0.0000764 seconds
2017-03-14T11:20:27.412+0000: 40.963: Total time for which application threads were stopped: 0.0004048 seconds, Stopping threads took: 0.0000657 seconds
2017-03-14T11:20:29.414+0000: 42.964: Total time for which application threads were stopped: 0.0009045 seconds, Stopping threads took: 0.0001232 seconds
2017-03-14T11:20:34.415+0000: 47.965: Total time for which application threads were stopped: 0.0003779 seconds, Stopping threads took: 0.0000633 seconds
2017-03-14T11:20:39.416+0000: 52.966: Total time for which application threads were stopped: 0.0004010 seconds, Stopping threads took: 0.0000786 seconds
2017-03-14T11:20:47.841+0000: 61.392: Total time for which application threads were stopped: 0.0004611 seconds, Stopping threads took: 0.0000644 seconds
2017-03-14T11:20:47.842+0000: 61.392: Total time for which application threads were stopped: 0.0004333 seconds, Stopping threads took: 0.0000330 seconds
2017-03-14T11:20:50.843+0000: 64.394: Total time for which application threads were stopped: 0.0006699 seconds, Stopping threads took: 0.0001125 seconds
2017-03-14T11:20:52.852+0000: 66.402: Total time for which application threads were stopped: 0.0005652 seconds, Stopping threads took: 0.0000797 seconds
2017-03-14T11:20:52.852+0000: 66.403: Total time for which application threads were stopped: 0.0005563 seconds, Stopping threads took: 0.0000437 seconds
2017-03-14T11:20:52.853+0000: 66.404: Total time for which application threads were stopped: 0.0003996 seconds, Stopping threads took: 0.0000694 seconds
2017-03-14T11:20:52.854+0000: 66.405: Total time for which application threads were stopped: 0.0004673 seconds, Stopping threads took: 0.0001046 seconds
2017-03-14T11:20:52.855+0000: 66.405: Total time for which application threads were stopped: 0.0004192 seconds, Stopping threads took: 0.0000985 seconds
2017-03-14T11:20:52.858+0000: 66.408: Total time for which application threads were stopped: 0.0030601 seconds, Stopping threads took: 0.0025842 seconds
2017-03-14T11:20:52.859+0000: 66.409: Total time for which application threads were stopped: 0.0004331 seconds, Stopping threads took: 0.0000845 seconds
2017-03-14T11:20:52.859+0000: 66.410: Total time for which application threads were stopped: 0.0003987 seconds, Stopping threads took: 0.0000408 seconds
2017-03-14T11:20:52.860+0000: 66.410: Total time for which application threads were stopped: 0.0003203 seconds, Stopping threads took: 0.0000348 seconds
2017-03-14T11:20:52.862+0000: 66.412: Total time for which application threads were stopped: 0.0014154 seconds, Stopping threads took: 0.0000378 seconds
2017-03-14T11:20:53.863+0000: 67.413: Total time for which application threads were stopped: 0.0007600 seconds, Stopping threads took: 0.0000969 seconds
2017-03-14T11:20:57.863+0000: 71.414: Total time for which application threads were stopped: 0.0003305 seconds, Stopping threads took: 0.0000629 seconds
2017-03-14T11:20:59.864+0000: 73.415: Total time for which application threads were stopped: 0.0008098 seconds, Stopping threads took: 0.0001690 seconds
2017-03-14T11:21:00.865+0000: 74.415: Total time for which application threads were stopped: 0.0004162 seconds, Stopping threads took: 0.0000593 seconds
2017-03-14T11:21:01.866+0000: 75.416: Total time for which application threads were stopped: 0.0006910 seconds, Stopping threads took: 0.0001048 seconds
2017-03-14T11:21:03.867+0000: 77.417: Total time for which application threads were stopped: 0.0006150 seconds, Stopping threads took: 0.0000915 seconds
2017-03-14T11:21:13.869+0000: 87.419: Total time for which application threads were stopped: 0.0006390 seconds, Stopping threads took: 0.0001005 seconds
2017-03-14T11:21:14.869+0000: 88.420: Total time for which application threads were stopped: 0.0003669 seconds, Stopping threads took: 0.0000546 seconds
2017-03-14T11:21:15.175+0000: 88.725: Total time for which application threads were stopped: 0.0003009 seconds, Stopping threads took: 0.0000624 seconds
2017-03-14T11:21:15.175+0000: 88.726: Total time for which application threads were stopped: 0.0001961 seconds, Stopping threads took: 0.0000647 seconds
2017-03-14T11:21:15.178+0000: 88.729: Total time for which application threads were stopped: 0.0029017 seconds, Stopping threads took: 0.0027862 seconds
2017-03-14T11:21:15.178+0000: 88.729: Total time for which application threads were stopped: 0.0001325 seconds, Stopping threads took: 0.0000177 seconds
2017-03-14T11:21:15.179+0000: 88.729: Total time for which application threads were stopped: 0.0001243 seconds, Stopping threads took: 0.0000120 seconds
2017-03-14T11:21:15.179+0000: 88.729: Total time for which application threads were stopped: 0.0001580 seconds, Stopping threads took: 0.0000354 seconds
2017-03-14T11:21:15.179+0000: 88.729: Total time for which application threads were stopped: 0.0001407 seconds, Stopping threads took: 0.0000249 seconds
2017-03-14T11:21:15.179+0000: 88.730: Total time for which application threads were stopped: 0.0001378 seconds, Stopping threads took: 0.0000224 seconds
2017-03-14T11:21:15.179+0000: 88.730: Total time for which application threads were stopped: 0.0001380 seconds, Stopping threads took: 0.0000270 seconds
2017-03-14T11:21:15.182+0000: 88.733: Total time for which application threads were stopped: 0.0029696 seconds, Stopping threads took: 0.0028081 seconds
2017-03-14T11:21:15.182+0000: 88.733: Total time for which application threads were stopped: 0.0001393 seconds, Stopping threads took: 0.0000291 seconds
2017-03-14T11:21:15.183+0000: 88.733: Total time for which application threads were stopped: 0.0001292 seconds, Stopping threads took: 0.0000211 seconds
2017-03-14T11:21:15.183+0000: 88.733: Total time for which application threads were stopped: 0.0001388 seconds, Stopping threads took: 0.0000286 seconds
2017-03-14T11:21:15.183+0000: 88.734: Total time for which application threads were stopped: 0.0001443 seconds, Stopping threads took: 0.0000312 seconds
2017-03-14T11:21:15.185+0000: 88.736: Total time for which application threads were stopped: 0.0002707 seconds, Stopping threads took: 0.0000451 seconds
2017-03-14T11:21:15.185+0000: 88.736: Total time for which application threads were stopped: 0.0001243 seconds, Stopping threads took: 0.0000140 seconds
2017-03-14T11:21:15.185+0000: 88.736: Total time for which application threads were stopped: 0.0001188 seconds, Stopping threads took: 0.0000136 seconds
2017-03-14T11:21:15.186+0000: 88.736: Total time for which application threads were stopped: 0.0001174 seconds, Stopping threads took: 0.0000134 seconds
2017-03-14T11:21:15.186+0000: 88.736: Total time for which application threads were stopped: 0.0001634 seconds, Stopping threads took: 0.0000262 seconds
2017-03-14T11:21:15.187+0000: 88.737: Total time for which application threads were stopped: 0.0007469 seconds, Stopping threads took: 0.0000279 seconds
2017-03-14T11:21:15.187+0000: 88.738: Total time for which application threads were stopped: 0.0002298 seconds, Stopping threads took: 0.0000419 seconds
2017-03-14T11:21:15.188+0000: 88.738: Total time for which application threads were stopped: 0.0001356 seconds, Stopping threads took: 0.0000291 seconds
2017-03-14T11:21:15.188+0000: 88.739: Total time for which application threads were stopped: 0.0002166 seconds, Stopping threads took: 0.0000434 seconds
2017-03-14T11:21:15.189+0000: 88.739: Total time for which application threads were stopped: 0.0001388 seconds, Stopping threads took: 0.0000256 seconds
2017-03-14T11:21:15.189+0000: 88.740: Total time for which application threads were stopped: 0.0001407 seconds, Stopping threads took: 0.0000250 seconds
2017-03-14T11:21:15.189+0000: 88.740: Total time for which application threads were stopped: 0.0001614 seconds, Stopping threads took: 0.0000318 seconds
2017-03-14T11:21:15.190+0000: 88.741: Total time for which application threads were stopped: 0.0002563 seconds, Stopping threads took: 0.0000291 seconds
2017-03-14T11:21:15.190+0000: 88.741: Total time for which application threads were stopped: 0.0001629 seconds, Stopping threads took: 0.0000478 seconds
2017-03-14T11:21:15.191+0000: 88.742: Total time for which application threads were stopped: 0.0001836 seconds, Stopping threads took: 0.0000334 seconds
2017-03-14T11:21:15.191+0000: 88.742: Total time for which application threads were stopped: 0.0002190 seconds, Stopping threads took: 0.0001015 seconds
2017-03-14T11:21:15.191+0000: 88.742: Total time for which application threads were stopped: 0.0001172 seconds, Stopping threads took: 0.0000131 seconds
2017-03-14T11:21:15.192+0000: 88.742: Total time for which application threads were stopped: 0.0001476 seconds, Stopping threads took: 0.0000369 seconds
2017-03-14T11:21:15.192+0000: 88.742: Total time for which application threads were stopped: 0.0001301 seconds, Stopping threads took: 0.0000225 seconds
2017-03-14T11:21:15.193+0000: 88.743: Total time for which application threads were stopped: 0.0006827 seconds, Stopping threads took: 0.0000287 seconds
2017-03-14T11:21:15.198+0000: 88.749: Total time for which application threads were stopped: 0.0003375 seconds, Stopping threads took: 0.0000642 seconds
2017-03-14T11:21:15.198+0000: 88.749: Total time for which application threads were stopped: 0.0002013 seconds, Stopping threads took: 0.0000469 seconds
2017-03-14T11:21:15.199+0000: 88.749: Total time for which application threads were stopped: 0.0002121 seconds, Stopping threads took: 0.0000299 seconds
2017-03-14T11:21:15.199+0000: 88.749: Total time for which application threads were stopped: 0.0001534 seconds, Stopping threads took: 0.0000300 seconds
2017-03-14T11:21:15.202+0000: 88.753: Total time for which application threads were stopped: 0.0002770 seconds, Stopping threads took: 0.0000558 seconds
2017-03-14T11:21:15.203+0000: 88.753: Total time for which application threads were stopped: 0.0001561 seconds, Stopping threads took: 0.0000230 seconds
2017-03-14T11:21:15.203+0000: 88.753: Total time for which application threads were stopped: 0.0001241 seconds, Stopping threads took: 0.0000164 seconds
2017-03-14T11:21:15.203+0000: 88.754: Total time for which application threads were stopped: 0.0001627 seconds, Stopping threads took: 0.0000308 seconds
2017-03-14T11:21:15.203+0000: 88.754: Total time for which application threads were stopped: 0.0001303 seconds, Stopping threads took: 0.0000243 seconds
2017-03-14T11:21:15.203+0000: 88.754: Total time for which application threads were stopped: 0.0001166 seconds, Stopping threads took: 0.0000153 seconds
2017-03-14T11:21:15.204+0000: 88.754: Total time for which application threads were stopped: 0.0001472 seconds, Stopping threads took: 0.0000271 seconds
2017-03-14T11:21:15.204+0000: 88.754: Total time for which application threads were stopped: 0.0001320 seconds, Stopping threads took: 0.0000231 seconds
2017-03-14T11:21:15.204+0000: 88.755: Total time for which application threads were stopped: 0.0001162 seconds, Stopping threads took: 0.0000151 seconds
2017-03-14T11:21:15.210+0000: 88.761: Total time for which application threads were stopped: 0.0039492 seconds, Stopping threads took: 0.0037171 seconds
2017-03-14T11:21:15.223+0000: 88.773: Total time for which application threads were stopped: 0.0003659 seconds, Stopping threads took: 0.0001220 seconds
2017-03-14T11:21:15.223+0000: 88.774: Total time for which application threads were stopped: 0.0001702 seconds, Stopping threads took: 0.0000501 seconds
2017-03-14T11:21:15.224+0000: 88.774: Total time for which application threads were stopped: 0.0002540 seconds, Stopping threads took: 0.0000565 seconds
2017-03-14T11:21:15.224+0000: 88.774: Total time for which application threads were stopped: 0.0002066 seconds, Stopping threads took: 0.0000380 seconds
2017-03-14T11:21:15.225+0000: 88.775: Total time for which application threads were stopped: 0.0002862 seconds, Stopping threads took: 0.0000407 seconds
2017-03-14T11:21:15.226+0000: 88.777: Total time for which application threads were stopped: 0.0010495 seconds, Stopping threads took: 0.0008033 seconds
2017-03-14T11:21:15.236+0000: 88.787: Total time for which application threads were stopped: 0.0003483 seconds, Stopping threads took: 0.0000820 seconds
Heap
 par new generation   total 109248K, used 82236K [0x00000000e0000000, 0x00000000e8000000, 0x00000000e8000000)
  eden space 87424K,  69% used [0x00000000e0000000, 0x00000000e3aff138, 0x00000000e5560000)
  from space 21824K, 100% used [0x00000000e6ab0000, 0x00000000e8000000, 0x00000000e8000000)
  to   space 21824K,   0% used [0x00000000e5560000, 0x00000000e5560000, 0x00000000e6ab0000)
 concurrent mark-sweep generation total 393216K, used 19404K [0x00000000e8000000, 0x0000000100000000, 0x0000000100000000)
 Metaspace       used 38627K, capacity 39432K, committed 39640K, reserved 1083392K
  class space    used 4504K, capacity 4744K, committed 4856K, reserved 1048576K
