Java HotSpot(TM) 64-Bit Server VM (25.121-b13) for linux-amd64 JRE (1.8.0_121-b13), built on Dec 12 2016 16:36:53 by "java_re" with gcc 4.3.0 20080428 (Red Hat 4.3.0-8)
Memory: 4k page, physical 3991748k(163068k free), swap 1999868k(1999776k free)
CommandLine flags: -XX:CMSInitiatingOccupancyFraction=50 -XX:CMSMaxAbortablePrecleanTime=6000 -XX:+CMSParallelRemarkEnabled -XX:+CMSScavengeBeforeRemark -XX:ConcGCThreads=4 -XX:GCLogFileSize=20971520 -XX:InitialHeapSize=536870912 -XX:MaxHeapSize=536870912 -XX:MaxTenuringThreshold=8 -XX:NewRatio=3 -XX:NumberOfGCLogFiles=9 -XX:OldPLABSize=16 -XX:-OmitStackTraceInFastThrow -XX:OnOutOfMemoryError=/home/harbouj/Downloads/solr-6.4.2/bin/oom_solr.sh 7574 /home/harbouj/Downloads/solr-6.4.2/example/cloud/node2/solr/../logs -XX:ParallelGCThreads=4 -XX:+ParallelRefProcEnabled -XX:PretenureSizeThreshold=67108864 -XX:+PrintGC -XX:+PrintGCApplicationStoppedTime -XX:+PrintGCDateStamps -XX:+PrintGCDetails -XX:+PrintGCTimeStamps -XX:+PrintHeapAtGC -XX:+PrintTenuringDistribution -XX:SurvivorRatio=4 -XX:TargetSurvivorRatio=90 -XX:ThreadStackSize=256 -XX:+UseCMSInitiatingOccupancyOnly -XX:+UseCompressedClassPointers -XX:+UseCompressedOops -XX:+UseConcMarkSweepGC -XX:+UseGCLogFileRotation -XX:+UseParNewGC 
2017-03-14T09:29:32.511+0000: 0.157: Total time for which application threads were stopped: 0.0000780 seconds, Stopping threads took: 0.0000124 seconds
2017-03-14T09:29:32.591+0000: 0.237: Total time for which application threads were stopped: 0.0001206 seconds, Stopping threads took: 0.0000218 seconds
2017-03-14T09:29:32.948+0000: 0.593: Total time for which application threads were stopped: 0.0001766 seconds, Stopping threads took: 0.0000274 seconds
2017-03-14T09:29:33.079+0000: 0.725: Total time for which application threads were stopped: 0.0001646 seconds, Stopping threads took: 0.0000152 seconds
2017-03-14T09:29:33.099+0000: 0.745: Total time for which application threads were stopped: 0.0001773 seconds, Stopping threads took: 0.0000227 seconds
2017-03-14T09:29:33.321+0000: 0.967: Total time for which application threads were stopped: 0.0002044 seconds, Stopping threads took: 0.0000257 seconds
2017-03-14T09:29:33.363+0000: 1.009: Total time for which application threads were stopped: 0.0002109 seconds, Stopping threads took: 0.0000334 seconds
2017-03-14T09:29:33.644+0000: 1.289: Total time for which application threads were stopped: 0.0002358 seconds, Stopping threads took: 0.0000144 seconds
2017-03-14T09:29:33.645+0000: 1.291: Total time for which application threads were stopped: 0.0001127 seconds, Stopping threads took: 0.0000147 seconds
2017-03-14T09:29:33.648+0000: 1.294: Total time for which application threads were stopped: 0.0001766 seconds, Stopping threads took: 0.0000198 seconds
2017-03-14T09:29:33.657+0000: 1.303: Total time for which application threads were stopped: 0.0002689 seconds, Stopping threads took: 0.0000299 seconds
2017-03-14T09:29:33.749+0000: 1.394: Total time for which application threads were stopped: 0.0002927 seconds, Stopping threads took: 0.0000279 seconds
{Heap before GC invocations=0 (full 0):
 par new generation   total 109248K, used 87424K [0x00000000e0000000, 0x00000000e8000000, 0x00000000e8000000)
  eden space 87424K, 100% used [0x00000000e0000000, 0x00000000e5560000, 0x00000000e5560000)
  from space 21824K,   0% used [0x00000000e5560000, 0x00000000e5560000, 0x00000000e6ab0000)
  to   space 21824K,   0% used [0x00000000e6ab0000, 0x00000000e6ab0000, 0x00000000e8000000)
 concurrent mark-sweep generation total 393216K, used 0K [0x00000000e8000000, 0x0000000100000000, 0x0000000100000000)
 Metaspace       used 19177K, capacity 19520K, committed 19840K, reserved 1067008K
  class space    used 2245K, capacity 2368K, committed 2432K, reserved 1048576K
2017-03-14T09:29:34.063+0000: 1.708: [GC (Allocation Failure) 2017-03-14T09:29:34.063+0000: 1.708: [ParNew
Desired survivor size 20112992 bytes, new threshold 8 (max 8)
- age   1:   11122592 bytes,   11122592 total
: 87424K->10966K(109248K), 0.0182874 secs] 87424K->10966K(502464K), 0.0183894 secs] [Times: user=0.04 sys=0.02, real=0.01 secs] 
Heap after GC invocations=1 (full 0):
 par new generation   total 109248K, used 10966K [0x00000000e0000000, 0x00000000e8000000, 0x00000000e8000000)
  eden space 87424K,   0% used [0x00000000e0000000, 0x00000000e0000000, 0x00000000e5560000)
  from space 21824K,  50% used [0x00000000e6ab0000, 0x00000000e7565b40, 0x00000000e8000000)
  to   space 21824K,   0% used [0x00000000e5560000, 0x00000000e5560000, 0x00000000e6ab0000)
 concurrent mark-sweep generation total 393216K, used 0K [0x00000000e8000000, 0x0000000100000000, 0x0000000100000000)
 Metaspace       used 19177K, capacity 19520K, committed 19840K, reserved 1067008K
  class space    used 2245K, capacity 2368K, committed 2432K, reserved 1048576K
}
2017-03-14T09:29:34.081+0000: 1.727: Total time for which application threads were stopped: 0.0185946 seconds, Stopping threads took: 0.0000295 seconds
2017-03-14T09:29:34.390+0000: 2.035: Total time for which application threads were stopped: 0.0001097 seconds, Stopping threads took: 0.0000214 seconds
2017-03-14T09:29:34.402+0000: 2.047: Total time for which application threads were stopped: 0.0000909 seconds, Stopping threads took: 0.0000204 seconds
2017-03-14T09:29:34.444+0000: 2.089: Total time for which application threads were stopped: 0.0001316 seconds, Stopping threads took: 0.0000234 seconds
2017-03-14T09:29:35.444+0000: 3.090: Total time for which application threads were stopped: 0.0001228 seconds, Stopping threads took: 0.0000318 seconds
2017-03-14T09:29:36.081+0000: 3.726: [GC (CMS Initial Mark) [1 CMS-initial-mark: 0K(393216K)] 33001K(502464K), 0.0178072 secs] [Times: user=0.04 sys=0.00, real=0.02 secs] 
2017-03-14T09:29:36.098+0000: 3.744: Total time for which application threads were stopped: 0.0180129 seconds, Stopping threads took: 0.0000341 seconds
2017-03-14T09:29:36.098+0000: 3.744: [CMS-concurrent-mark-start]
2017-03-14T09:29:36.099+0000: 3.745: [CMS-concurrent-mark: 0.001/0.001 secs] [Times: user=0.00 sys=0.00, real=0.00 secs] 
2017-03-14T09:29:36.099+0000: 3.745: [CMS-concurrent-preclean-start]
2017-03-14T09:29:36.102+0000: 3.748: [CMS-concurrent-preclean: 0.003/0.003 secs] [Times: user=0.00 sys=0.00, real=0.01 secs] 
2017-03-14T09:29:36.102+0000: 3.748: [CMS-concurrent-abortable-preclean-start]
2017-03-14T09:29:36.433+0000: 4.079: Total time for which application threads were stopped: 0.0003228 seconds, Stopping threads took: 0.0000280 seconds
2017-03-14T09:29:36.627+0000: 4.272: Total time for which application threads were stopped: 0.0000838 seconds, Stopping threads took: 0.0000317 seconds
2017-03-14T09:29:36.632+0000: 4.277: Total time for which application threads were stopped: 0.0000730 seconds, Stopping threads took: 0.0000212 seconds
2017-03-14T09:29:36.638+0000: 4.284: Total time for which application threads were stopped: 0.0001728 seconds, Stopping threads took: 0.0000219 seconds
2017-03-14T09:29:36.651+0000: 4.297: Total time for which application threads were stopped: 0.0002693 seconds, Stopping threads took: 0.0000306 seconds
2017-03-14T09:29:36.677+0000: 4.322: Total time for which application threads were stopped: 0.0001344 seconds, Stopping threads took: 0.0000316 seconds
2017-03-14T09:29:36.711+0000: 4.357: Total time for which application threads were stopped: 0.0001914 seconds, Stopping threads took: 0.0000475 seconds
2017-03-14T09:29:36.742+0000: 4.387: Total time for which application threads were stopped: 0.0001321 seconds, Stopping threads took: 0.0000490 seconds
2017-03-14T09:29:36.749+0000: 4.394: Total time for which application threads were stopped: 0.0002560 seconds, Stopping threads took: 0.0000230 seconds
2017-03-14T09:29:36.775+0000: 4.421: Total time for which application threads were stopped: 0.0001157 seconds, Stopping threads took: 0.0000290 seconds
2017-03-14T09:29:36.778+0000: 4.423: Total time for which application threads were stopped: 0.0001217 seconds, Stopping threads took: 0.0000464 seconds
2017-03-14T09:29:36.778+0000: 4.423: Total time for which application threads were stopped: 0.0000553 seconds, Stopping threads took: 0.0000248 seconds
2017-03-14T09:29:36.778+0000: 4.424: Total time for which application threads were stopped: 0.0001398 seconds, Stopping threads took: 0.0000392 seconds
2017-03-14T09:29:36.779+0000: 4.424: Total time for which application threads were stopped: 0.0002173 seconds, Stopping threads took: 0.0000490 seconds
2017-03-14T09:29:36.779+0000: 4.424: Total time for which application threads were stopped: 0.0001690 seconds, Stopping threads took: 0.0000532 seconds
2017-03-14T09:29:36.813+0000: 4.459: Total time for which application threads were stopped: 0.0001496 seconds, Stopping threads took: 0.0000646 seconds
2017-03-14T09:29:36.834+0000: 4.480: Total time for which application threads were stopped: 0.0001744 seconds, Stopping threads took: 0.0000915 seconds
2017-03-14T09:29:36.853+0000: 4.498: Total time for which application threads were stopped: 0.0000811 seconds, Stopping threads took: 0.0000285 seconds
2017-03-14T09:29:36.854+0000: 4.499: Total time for which application threads were stopped: 0.0000836 seconds, Stopping threads took: 0.0000328 seconds
2017-03-14T09:29:36.864+0000: 4.509: Total time for which application threads were stopped: 0.0000898 seconds, Stopping threads took: 0.0000330 seconds
2017-03-14T09:29:37.864+0000: 5.509: Total time for which application threads were stopped: 0.0000840 seconds, Stopping threads took: 0.0000264 seconds
2017-03-14T09:29:38.864+0000: 6.510: Total time for which application threads were stopped: 0.0000912 seconds, Stopping threads took: 0.0000241 seconds
2017-03-14T09:29:38.884+0000: 6.530: Total time for which application threads were stopped: 0.0000783 seconds, Stopping threads took: 0.0000192 seconds
2017-03-14T09:29:38.885+0000: 6.530: Total time for which application threads were stopped: 0.0000479 seconds, Stopping threads took: 0.0000118 seconds
2017-03-14T09:29:38.886+0000: 6.531: Total time for which application threads were stopped: 0.0000796 seconds, Stopping threads took: 0.0000191 seconds
2017-03-14T09:29:38.886+0000: 6.531: Total time for which application threads were stopped: 0.0000475 seconds, Stopping threads took: 0.0000133 seconds
2017-03-14T09:29:39.008+0000: 6.653: Total time for which application threads were stopped: 0.0004576 seconds, Stopping threads took: 0.0003184 seconds
2017-03-14T09:29:39.015+0000: 6.660: Total time for which application threads were stopped: 0.0001680 seconds, Stopping threads took: 0.0000580 seconds
2017-03-14T09:29:39.015+0000: 6.661: Total time for which application threads were stopped: 0.0001388 seconds, Stopping threads took: 0.0000432 seconds
2017-03-14T09:29:39.074+0000: 6.719: Total time for which application threads were stopped: 0.0002838 seconds, Stopping threads took: 0.0001795 seconds
2017-03-14T09:29:39.074+0000: 6.720: Total time for which application threads were stopped: 0.0001744 seconds, Stopping threads took: 0.0000703 seconds
2017-03-14T09:29:39.075+0000: 6.720: Total time for which application threads were stopped: 0.0001927 seconds, Stopping threads took: 0.0000372 seconds
2017-03-14T09:29:39.078+0000: 6.723: Total time for which application threads were stopped: 0.0001308 seconds, Stopping threads took: 0.0000385 seconds
2017-03-14T09:29:39.087+0000: 6.732: Total time for which application threads were stopped: 0.0001148 seconds, Stopping threads took: 0.0000238 seconds
2017-03-14T09:29:39.088+0000: 6.733: Total time for which application threads were stopped: 0.0000807 seconds, Stopping threads took: 0.0000250 seconds
2017-03-14T09:29:40.090+0000: 7.735: Total time for which application threads were stopped: 0.0001226 seconds, Stopping threads took: 0.0000299 seconds
2017-03-14T09:29:40.100+0000: 7.745: Total time for which application threads were stopped: 0.0002870 seconds, Stopping threads took: 0.0000267 seconds
2017-03-14T09:29:40.104+0000: 7.749: Total time for which application threads were stopped: 0.0001349 seconds, Stopping threads took: 0.0000233 seconds
2017-03-14T09:29:40.108+0000: 7.753: Total time for which application threads were stopped: 0.0004716 seconds, Stopping threads took: 0.0000362 seconds
2017-03-14T09:29:40.229+0000: 7.874: Total time for which application threads were stopped: 0.0002149 seconds, Stopping threads took: 0.0000709 seconds
2017-03-14T09:29:40.254+0000: 7.900: Total time for which application threads were stopped: 0.0013626 seconds, Stopping threads took: 0.0012375 seconds
2017-03-14T09:29:40.275+0000: 7.920: Total time for which application threads were stopped: 0.0023097 seconds, Stopping threads took: 0.0018508 seconds
2017-03-14T09:29:40.276+0000: 7.922: Total time for which application threads were stopped: 0.0003764 seconds, Stopping threads took: 0.0000969 seconds
2017-03-14T09:29:40.277+0000: 7.922: Total time for which application threads were stopped: 0.0001247 seconds, Stopping threads took: 0.0000291 seconds
2017-03-14T09:29:40.277+0000: 7.922: Total time for which application threads were stopped: 0.0000950 seconds, Stopping threads took: 0.0000140 seconds
2017-03-14T09:29:40.277+0000: 7.922: Total time for which application threads were stopped: 0.0000986 seconds, Stopping threads took: 0.0000145 seconds
2017-03-14T09:29:40.277+0000: 7.923: Total time for which application threads were stopped: 0.0000899 seconds, Stopping threads took: 0.0000126 seconds
2017-03-14T09:29:40.277+0000: 7.923: Total time for which application threads were stopped: 0.0000920 seconds, Stopping threads took: 0.0000141 seconds
2017-03-14T09:29:40.278+0000: 7.923: Total time for which application threads were stopped: 0.0001015 seconds, Stopping threads took: 0.0000134 seconds
2017-03-14T09:29:40.278+0000: 7.924: Total time for which application threads were stopped: 0.0001347 seconds, Stopping threads took: 0.0000173 seconds
2017-03-14T09:29:40.278+0000: 7.924: Total time for which application threads were stopped: 0.0000974 seconds, Stopping threads took: 0.0000125 seconds
2017-03-14T09:29:40.279+0000: 7.924: Total time for which application threads were stopped: 0.0001557 seconds, Stopping threads took: 0.0000554 seconds
2017-03-14T09:29:40.281+0000: 7.927: Total time for which application threads were stopped: 0.0021616 seconds, Stopping threads took: 0.0020112 seconds
2017-03-14T09:29:40.282+0000: 7.927: Total time for which application threads were stopped: 0.0001693 seconds, Stopping threads took: 0.0000221 seconds
2017-03-14T09:29:40.286+0000: 7.932: Total time for which application threads were stopped: 0.0001944 seconds, Stopping threads took: 0.0000243 seconds
2017-03-14T09:29:40.297+0000: 7.942: Total time for which application threads were stopped: 0.0027487 seconds, Stopping threads took: 0.0025875 seconds
2017-03-14T09:29:40.312+0000: 7.957: Total time for which application threads were stopped: 0.0011123 seconds, Stopping threads took: 0.0009374 seconds
2017-03-14T09:29:40.312+0000: 7.957: Total time for which application threads were stopped: 0.0001321 seconds, Stopping threads took: 0.0000291 seconds
2017-03-14T09:29:40.312+0000: 7.958: Total time for which application threads were stopped: 0.0001306 seconds, Stopping threads took: 0.0000354 seconds
2017-03-14T09:29:40.312+0000: 7.958: Total time for which application threads were stopped: 0.0001142 seconds, Stopping threads took: 0.0000252 seconds
2017-03-14T09:29:40.313+0000: 7.958: Total time for which application threads were stopped: 0.0001081 seconds, Stopping threads took: 0.0000144 seconds
2017-03-14T09:29:40.313+0000: 7.958: Total time for which application threads were stopped: 0.0001015 seconds, Stopping threads took: 0.0000195 seconds
2017-03-14T09:29:40.313+0000: 7.958: Total time for which application threads were stopped: 0.0000942 seconds, Stopping threads took: 0.0000124 seconds
2017-03-14T09:29:40.313+0000: 7.959: Total time for which application threads were stopped: 0.0001417 seconds, Stopping threads took: 0.0000271 seconds
2017-03-14T09:29:40.313+0000: 7.959: Total time for which application threads were stopped: 0.0000976 seconds, Stopping threads took: 0.0000188 seconds
2017-03-14T09:29:40.314+0000: 7.959: Total time for which application threads were stopped: 0.0001490 seconds, Stopping threads took: 0.0000378 seconds
2017-03-14T09:29:40.314+0000: 7.960: Total time for which application threads were stopped: 0.0000896 seconds, Stopping threads took: 0.0000114 seconds
2017-03-14T09:29:40.315+0000: 7.960: Total time for which application threads were stopped: 0.0001151 seconds, Stopping threads took: 0.0000211 seconds
2017-03-14T09:29:40.315+0000: 7.960: Total time for which application threads were stopped: 0.0001058 seconds, Stopping threads took: 0.0000201 seconds
2017-03-14T09:29:40.336+0000: 7.982: Total time for which application threads were stopped: 0.0001898 seconds, Stopping threads took: 0.0000772 seconds
2017-03-14T09:29:40.356+0000: 8.001: Total time for which application threads were stopped: 0.0001569 seconds, Stopping threads took: 0.0000431 seconds
2017-03-14T09:29:40.358+0000: 8.003: Total time for which application threads were stopped: 0.0001283 seconds, Stopping threads took: 0.0000198 seconds
2017-03-14T09:29:40.359+0000: 8.004: Total time for which application threads were stopped: 0.0001594 seconds, Stopping threads took: 0.0000515 seconds
2017-03-14T09:29:40.359+0000: 8.005: Total time for which application threads were stopped: 0.0002517 seconds, Stopping threads took: 0.0000129 seconds
2017-03-14T09:29:40.360+0000: 8.005: Total time for which application threads were stopped: 0.0001244 seconds, Stopping threads took: 0.0000180 seconds
2017-03-14T09:29:40.360+0000: 8.006: Total time for which application threads were stopped: 0.0001265 seconds, Stopping threads took: 0.0000479 seconds
2017-03-14T09:29:40.406+0000: 8.052: Total time for which application threads were stopped: 0.0048567 seconds, Stopping threads took: 0.0046806 seconds
2017-03-14T09:29:40.414+0000: 8.060: Total time for which application threads were stopped: 0.0001534 seconds, Stopping threads took: 0.0000238 seconds
2017-03-14T09:29:40.423+0000: 8.069: Total time for which application threads were stopped: 0.0001407 seconds, Stopping threads took: 0.0000245 seconds
2017-03-14T09:29:40.462+0000: 8.108: Total time for which application threads were stopped: 0.0001726 seconds, Stopping threads took: 0.0000410 seconds
2017-03-14T09:29:40.476+0000: 8.122: Total time for which application threads were stopped: 0.0002270 seconds, Stopping threads took: 0.0000297 seconds
2017-03-14T09:29:40.477+0000: 8.122: Total time for which application threads were stopped: 0.0001287 seconds, Stopping threads took: 0.0000172 seconds
2017-03-14T09:29:40.488+0000: 8.134: Total time for which application threads were stopped: 0.0003065 seconds, Stopping threads took: 0.0000282 seconds
2017-03-14T09:29:40.489+0000: 8.134: Total time for which application threads were stopped: 0.0001363 seconds, Stopping threads took: 0.0000342 seconds
2017-03-14T09:29:40.490+0000: 8.135: Total time for which application threads were stopped: 0.0001236 seconds, Stopping threads took: 0.0000186 seconds
2017-03-14T09:29:40.501+0000: 8.146: Total time for which application threads were stopped: 0.0001534 seconds, Stopping threads took: 0.0000234 seconds
2017-03-14T09:29:40.501+0000: 8.147: Total time for which application threads were stopped: 0.0001292 seconds, Stopping threads took: 0.0000185 seconds
2017-03-14T09:29:40.502+0000: 8.147: Total time for which application threads were stopped: 0.0001225 seconds, Stopping threads took: 0.0000280 seconds
2017-03-14T09:29:40.503+0000: 8.148: Total time for which application threads were stopped: 0.0001591 seconds, Stopping threads took: 0.0000313 seconds
2017-03-14T09:29:40.503+0000: 8.149: Total time for which application threads were stopped: 0.0000848 seconds, Stopping threads took: 0.0000089 seconds
2017-03-14T09:29:40.503+0000: 8.149: Total time for which application threads were stopped: 0.0000758 seconds, Stopping threads took: 0.0000075 seconds
2017-03-14T09:29:40.503+0000: 8.149: Total time for which application threads were stopped: 0.0000732 seconds, Stopping threads took: 0.0000077 seconds
2017-03-14T09:29:40.504+0000: 8.149: Total time for which application threads were stopped: 0.0000808 seconds, Stopping threads took: 0.0000080 seconds
2017-03-14T09:29:40.522+0000: 8.167: Total time for which application threads were stopped: 0.0001408 seconds, Stopping threads took: 0.0000249 seconds
2017-03-14T09:29:40.565+0000: 8.211: Total time for which application threads were stopped: 0.0061513 seconds, Stopping threads took: 0.0060239 seconds
2017-03-14T09:29:40.583+0000: 8.228: Total time for which application threads were stopped: 0.0002308 seconds, Stopping threads took: 0.0000285 seconds
2017-03-14T09:29:40.583+0000: 8.228: Total time for which application threads were stopped: 0.0000859 seconds, Stopping threads took: 0.0000157 seconds
2017-03-14T09:29:40.588+0000: 8.233: Total time for which application threads were stopped: 0.0001702 seconds, Stopping threads took: 0.0000412 seconds
2017-03-14T09:29:40.588+0000: 8.233: Total time for which application threads were stopped: 0.0001485 seconds, Stopping threads took: 0.0000461 seconds
2017-03-14T09:29:40.588+0000: 8.234: Total time for which application threads were stopped: 0.0001194 seconds, Stopping threads took: 0.0000258 seconds
2017-03-14T09:29:40.589+0000: 8.234: Total time for which application threads were stopped: 0.0003114 seconds, Stopping threads took: 0.0002164 seconds
2017-03-14T09:29:40.589+0000: 8.234: Total time for which application threads were stopped: 0.0001194 seconds, Stopping threads took: 0.0000334 seconds
2017-03-14T09:29:40.615+0000: 8.260: Total time for which application threads were stopped: 0.0002488 seconds, Stopping threads took: 0.0001006 seconds
2017-03-14T09:29:40.615+0000: 8.260: Total time for which application threads were stopped: 0.0001221 seconds, Stopping threads took: 0.0000310 seconds
2017-03-14T09:29:40.615+0000: 8.261: Total time for which application threads were stopped: 0.0001047 seconds, Stopping threads took: 0.0000259 seconds
2017-03-14T09:29:40.634+0000: 8.280: Total time for which application threads were stopped: 0.0119688 seconds, Stopping threads took: 0.0117974 seconds
2017-03-14T09:29:40.638+0000: 8.284: Total time for which application threads were stopped: 0.0001650 seconds, Stopping threads took: 0.0000260 seconds
2017-03-14T09:29:40.639+0000: 8.284: Total time for which application threads were stopped: 0.0001373 seconds, Stopping threads took: 0.0000162 seconds
2017-03-14T09:29:40.639+0000: 8.285: Total time for which application threads were stopped: 0.0002401 seconds, Stopping threads took: 0.0000083 seconds
2017-03-14T09:29:40.643+0000: 8.288: Total time for which application threads were stopped: 0.0001716 seconds, Stopping threads took: 0.0000500 seconds
2017-03-14T09:29:40.703+0000: 8.349: Total time for which application threads were stopped: 0.0062139 seconds, Stopping threads took: 0.0060572 seconds
2017-03-14T09:29:40.943+0000: 8.589: Total time for which application threads were stopped: 0.0003629 seconds, Stopping threads took: 0.0000270 seconds
{Heap before GC invocations=1 (full 1):
 par new generation   total 109248K, used 98390K [0x00000000e0000000, 0x00000000e8000000, 0x00000000e8000000)
  eden space 87424K, 100% used [0x00000000e0000000, 0x00000000e5560000, 0x00000000e5560000)
  from space 21824K,  50% used [0x00000000e6ab0000, 0x00000000e7565b40, 0x00000000e8000000)
  to   space 21824K,   0% used [0x00000000e5560000, 0x00000000e5560000, 0x00000000e6ab0000)
 concurrent mark-sweep generation total 393216K, used 0K [0x00000000e8000000, 0x0000000100000000, 0x0000000100000000)
 Metaspace       used 25284K, capacity 25811K, committed 26200K, reserved 1073152K
  class space    used 3029K, capacity 3226K, committed 3268K, reserved 1048576K
2017-03-14T09:29:40.945+0000: 8.591: [GC (Allocation Failure) 2017-03-14T09:29:40.945+0000: 8.591: [ParNew
Desired survivor size 20112992 bytes, new threshold 8 (max 8)
- age   1:    7106864 bytes,    7106864 total
- age   2:    5283056 bytes,   12389920 total
: 98390K->15748K(109248K), 0.0505986 secs] 98390K->15748K(502464K), 0.0506990 secs] [Times: user=0.08 sys=0.01, real=0.05 secs] 
Heap after GC invocations=2 (full 1):
 par new generation   total 109248K, used 15748K [0x00000000e0000000, 0x00000000e8000000, 0x00000000e8000000)
  eden space 87424K,   0% used [0x00000000e0000000, 0x00000000e0000000, 0x00000000e5560000)
  from space 21824K,  72% used [0x00000000e5560000, 0x00000000e64c1068, 0x00000000e6ab0000)
  to   space 21824K,   0% used [0x00000000e6ab0000, 0x00000000e6ab0000, 0x00000000e8000000)
 concurrent mark-sweep generation total 393216K, used 0K [0x00000000e8000000, 0x0000000100000000, 0x0000000100000000)
 Metaspace       used 25284K, capacity 25811K, committed 26200K, reserved 1073152K
  class space    used 3029K, capacity 3226K, committed 3268K, reserved 1048576K
}
2017-03-14T09:29:40.996+0000: 8.641: Total time for which application threads were stopped: 0.0509048 seconds, Stopping threads took: 0.0000216 seconds
2017-03-14T09:29:41.001+0000: 8.646: Total time for which application threads were stopped: 0.0007338 seconds, Stopping threads took: 0.0006198 seconds
2017-03-14T09:29:41.002+0000: 8.647: Total time for which application threads were stopped: 0.0001295 seconds, Stopping threads took: 0.0000398 seconds
2017-03-14T09:29:41.008+0000: 8.653: Total time for which application threads were stopped: 0.0005299 seconds, Stopping threads took: 0.0000451 seconds
2017-03-14T09:29:41.009+0000: 8.654: Total time for which application threads were stopped: 0.0001983 seconds, Stopping threads took: 0.0000922 seconds
2017-03-14T09:29:41.112+0000: 8.757: Total time for which application threads were stopped: 0.0004282 seconds, Stopping threads took: 0.0000264 seconds
2017-03-14T09:29:41.217+0000: 8.863: Total time for which application threads were stopped: 0.0001867 seconds, Stopping threads took: 0.0000269 seconds
2017-03-14T09:29:41.300+0000: 8.945: Total time for which application threads were stopped: 0.0001761 seconds, Stopping threads took: 0.0000323 seconds
2017-03-14T09:29:41.406+0000: 9.052: Total time for which application threads were stopped: 0.0139129 seconds, Stopping threads took: 0.0137147 seconds
2017-03-14T09:29:41.504+0000: 9.149: Total time for which application threads were stopped: 0.0002164 seconds, Stopping threads took: 0.0000291 seconds
2017-03-14T09:29:41.550+0000: 9.196: Total time for which application threads were stopped: 0.0002945 seconds, Stopping threads took: 0.0001260 seconds
2017-03-14T09:29:41.550+0000: 9.196: [CMS-concurrent-abortable-preclean: 2.867/5.448 secs] [Times: user=5.07 sys=0.05, real=5.45 secs] 
2017-03-14T09:29:41.550+0000: 9.196: [GC (CMS Final Remark) [YG occupancy: 79063 K (109248 K)]{Heap before GC invocations=2 (full 1):
 par new generation   total 109248K, used 79063K [0x00000000e0000000, 0x00000000e8000000, 0x00000000e8000000)
  eden space 87424K,  72% used [0x00000000e0000000, 0x00000000e3dd4cd8, 0x00000000e5560000)
  from space 21824K,  72% used [0x00000000e5560000, 0x00000000e64c1068, 0x00000000e6ab0000)
  to   space 21824K,   0% used [0x00000000e6ab0000, 0x00000000e6ab0000, 0x00000000e8000000)
 concurrent mark-sweep generation total 393216K, used 0K [0x00000000e8000000, 0x0000000100000000, 0x0000000100000000)
 Metaspace       used 26060K, capacity 26563K, committed 26864K, reserved 1073152K
  class space    used 3116K, capacity 3312K, committed 3344K, reserved 1048576K
2017-03-14T09:29:41.551+0000: 9.196: [GC (CMS Final Remark) 2017-03-14T09:29:41.551+0000: 9.196: [ParNew
Desired survivor size 20112992 bytes, new threshold 8 (max 8)
- age   1:    2387776 bytes,    2387776 total
- age   2:    2715760 bytes,    5103536 total
- age   3:    5276544 bytes,   10380080 total
: 79063K->14146K(109248K), 0.0344465 secs] 79063K->14146K(502464K), 0.0345182 secs] [Times: user=0.05 sys=0.00, real=0.03 secs] 
Heap after GC invocations=3 (full 1):
 par new generation   total 109248K, used 14146K [0x00000000e0000000, 0x00000000e8000000, 0x00000000e8000000)
  eden space 87424K,   0% used [0x00000000e0000000, 0x00000000e0000000, 0x00000000e5560000)
  from space 21824K,  64% used [0x00000000e6ab0000, 0x00000000e7880820, 0x00000000e8000000)
  to   space 21824K,   0% used [0x00000000e5560000, 0x00000000e5560000, 0x00000000e6ab0000)
 concurrent mark-sweep generation total 393216K, used 0K [0x00000000e8000000, 0x0000000100000000, 0x0000000100000000)
 Metaspace       used 26060K, capacity 26563K, committed 26864K, reserved 1073152K
  class space    used 3116K, capacity 3312K, committed 3344K, reserved 1048576K
}
2017-03-14T09:29:41.585+0000: 9.231: [Rescan (parallel) , 0.0152059 secs]2017-03-14T09:29:41.600+0000: 9.246: [weak refs processing, 0.0181909 secs]2017-03-14T09:29:41.619+0000: 9.264: [class unloading, 0.0060772 secs]2017-03-14T09:29:41.625+0000: 9.270: [scrub symbol table, 0.0065588 secs]2017-03-14T09:29:41.631+0000: 9.277: [scrub string table, 0.0007391 secs][1 CMS-remark: 0K(393216K)] 14146K(502464K), 0.0826020 secs] [Times: user=0.09 sys=0.00, real=0.08 secs] 
2017-03-14T09:29:41.633+0000: 9.279: Total time for which application threads were stopped: 0.0828262 seconds, Stopping threads took: 0.0000115 seconds
2017-03-14T09:29:41.647+0000: 9.293: [CMS-concurrent-sweep-start]
2017-03-14T09:29:41.647+0000: 9.293: [CMS-concurrent-sweep: 0.000/0.000 secs] [Times: user=0.00 sys=0.00, real=0.00 secs] 
2017-03-14T09:29:41.647+0000: 9.293: [CMS-concurrent-reset-start]
2017-03-14T09:29:41.650+0000: 9.296: [CMS-concurrent-reset: 0.003/0.003 secs] [Times: user=0.01 sys=0.00, real=0.01 secs] 
2017-03-14T09:29:41.686+0000: 9.331: Total time for which application threads were stopped: 0.0024405 seconds, Stopping threads took: 0.0022983 seconds
2017-03-14T09:29:41.695+0000: 9.341: Total time for which application threads were stopped: 0.0005393 seconds, Stopping threads took: 0.0004286 seconds
2017-03-14T09:29:41.695+0000: 9.341: Total time for which application threads were stopped: 0.0000860 seconds, Stopping threads took: 0.0000313 seconds
{Heap before GC invocations=3 (full 1):
 par new generation   total 109248K, used 101570K [0x00000000e0000000, 0x00000000e8000000, 0x00000000e8000000)
  eden space 87424K, 100% used [0x00000000e0000000, 0x00000000e5560000, 0x00000000e5560000)
  from space 21824K,  64% used [0x00000000e6ab0000, 0x00000000e7880820, 0x00000000e8000000)
  to   space 21824K,   0% used [0x00000000e5560000, 0x00000000e5560000, 0x00000000e6ab0000)
 concurrent mark-sweep generation total 393216K, used 0K [0x00000000e8000000, 0x0000000100000000, 0x0000000100000000)
 Metaspace       used 26298K, capacity 26811K, committed 27248K, reserved 1073152K
  class space    used 3147K, capacity 3348K, committed 3472K, reserved 1048576K
2017-03-14T09:29:41.871+0000: 9.517: [GC (Allocation Failure) 2017-03-14T09:29:41.871+0000: 9.517: [ParNew
Desired survivor size 20112992 bytes, new threshold 8 (max 8)
- age   1:     624968 bytes,     624968 total
- age   2:    1806592 bytes,    2431560 total
- age   3:    2696216 bytes,    5127776 total
- age   4:    5276416 bytes,   10404192 total
: 101570K->12089K(109248K), 0.0537257 secs] 101570K->12089K(502464K), 0.0538737 secs] [Times: user=0.10 sys=0.00, real=0.05 secs] 
Heap after GC invocations=4 (full 1):
 par new generation   total 109248K, used 12089K [0x00000000e0000000, 0x00000000e8000000, 0x00000000e8000000)
  eden space 87424K,   0% used [0x00000000e0000000, 0x00000000e0000000, 0x00000000e5560000)
  from space 21824K,  55% used [0x00000000e5560000, 0x00000000e612e590, 0x00000000e6ab0000)
  to   space 21824K,   0% used [0x00000000e6ab0000, 0x00000000e6ab0000, 0x00000000e8000000)
 concurrent mark-sweep generation total 393216K, used 0K [0x00000000e8000000, 0x0000000100000000, 0x0000000100000000)
 Metaspace       used 26298K, capacity 26811K, committed 27248K, reserved 1073152K
  class space    used 3147K, capacity 3348K, committed 3472K, reserved 1048576K
}
2017-03-14T09:29:41.925+0000: 9.571: Total time for which application threads were stopped: 0.0541864 seconds, Stopping threads took: 0.0000742 seconds
2017-03-14T09:29:42.100+0000: 9.746: Total time for which application threads were stopped: 0.0004989 seconds, Stopping threads took: 0.0003042 seconds
{Heap before GC invocations=4 (full 1):
 par new generation   total 109248K, used 99513K [0x00000000e0000000, 0x00000000e8000000, 0x00000000e8000000)
  eden space 87424K, 100% used [0x00000000e0000000, 0x00000000e5560000, 0x00000000e5560000)
  from space 21824K,  55% used [0x00000000e5560000, 0x00000000e612e590, 0x00000000e6ab0000)
  to   space 21824K,   0% used [0x00000000e6ab0000, 0x00000000e6ab0000, 0x00000000e8000000)
 concurrent mark-sweep generation total 393216K, used 0K [0x00000000e8000000, 0x0000000100000000, 0x0000000100000000)
 Metaspace       used 26825K, capacity 27335K, committed 27504K, reserved 1073152K
  class space    used 3224K, capacity 3414K, committed 3472K, reserved 1048576K
2017-03-14T09:29:42.276+0000: 9.922: [GC (Allocation Failure) 2017-03-14T09:29:42.276+0000: 9.922: [ParNew
Desired survivor size 20112992 bytes, new threshold 8 (max 8)
- age   1:    1433680 bytes,    1433680 total
- age   2:     110704 bytes,    1544384 total
- age   3:    1806056 bytes,    3350440 total
- age   4:    2683768 bytes,    6034208 total
- age   5:    5276264 bytes,   11310472 total
: 99513K->15686K(109248K), 0.0300456 secs] 99513K->15686K(502464K), 0.0301670 secs] [Times: user=0.05 sys=0.00, real=0.03 secs] 
Heap after GC invocations=5 (full 1):
 par new generation   total 109248K, used 15686K [0x00000000e0000000, 0x00000000e8000000, 0x00000000e8000000)
  eden space 87424K,   0% used [0x00000000e0000000, 0x00000000e0000000, 0x00000000e5560000)
  from space 21824K,  71% used [0x00000000e6ab0000, 0x00000000e7a01848, 0x00000000e8000000)
  to   space 21824K,   0% used [0x00000000e5560000, 0x00000000e5560000, 0x00000000e6ab0000)
 concurrent mark-sweep generation total 393216K, used 0K [0x00000000e8000000, 0x0000000100000000, 0x0000000100000000)
 Metaspace       used 26825K, capacity 27335K, committed 27504K, reserved 1073152K
  class space    used 3224K, capacity 3414K, committed 3472K, reserved 1048576K
}
2017-03-14T09:29:42.306+0000: 9.952: Total time for which application threads were stopped: 0.0317853 seconds, Stopping threads took: 0.0013881 seconds
2017-03-14T09:29:42.509+0000: 10.155: Total time for which application threads were stopped: 0.0002377 seconds, Stopping threads took: 0.0000503 seconds
2017-03-14T09:29:42.528+0000: 10.173: Total time for which application threads were stopped: 0.0076471 seconds, Stopping threads took: 0.0074735 seconds
{Heap before GC invocations=5 (full 1):
 par new generation   total 109248K, used 103110K [0x00000000e0000000, 0x00000000e8000000, 0x00000000e8000000)
  eden space 87424K, 100% used [0x00000000e0000000, 0x00000000e5560000, 0x00000000e5560000)
  from space 21824K,  71% used [0x00000000e6ab0000, 0x00000000e7a01848, 0x00000000e8000000)
  to   space 21824K,   0% used [0x00000000e5560000, 0x00000000e5560000, 0x00000000e6ab0000)
 concurrent mark-sweep generation total 393216K, used 0K [0x00000000e8000000, 0x0000000100000000, 0x0000000100000000)
 Metaspace       used 27061K, capacity 27565K, committed 27760K, reserved 1073152K
  class space    used 3254K, capacity 3447K, committed 3472K, reserved 1048576K
2017-03-14T09:29:42.560+0000: 10.206: [GC (Allocation Failure) 2017-03-14T09:29:42.561+0000: 10.206: [ParNew
Desired survivor size 20112992 bytes, new threshold 8 (max 8)
- age   1:     350072 bytes,     350072 total
- age   2:     298024 bytes,     648096 total
- age   3:     110704 bytes,     758800 total
- age   4:    1805496 bytes,    2564296 total
- age   5:    2683304 bytes,    5247600 total
- age   6:    5276264 bytes,   10523864 total
: 103110K->14361K(109248K), 0.0652753 secs] 103110K->14361K(502464K), 0.0655054 secs] [Times: user=0.06 sys=0.00, real=0.07 secs] 
Heap after GC invocations=6 (full 1):
 par new generation   total 109248K, used 14361K [0x00000000e0000000, 0x00000000e8000000, 0x00000000e8000000)
  eden space 87424K,   0% used [0x00000000e0000000, 0x00000000e0000000, 0x00000000e5560000)
  from space 21824K,  65% used [0x00000000e5560000, 0x00000000e6366628, 0x00000000e6ab0000)
  to   space 21824K,   0% used [0x00000000e6ab0000, 0x00000000e6ab0000, 0x00000000e8000000)
 concurrent mark-sweep generation total 393216K, used 0K [0x00000000e8000000, 0x0000000100000000, 0x0000000100000000)
 Metaspace       used 27061K, capacity 27565K, committed 27760K, reserved 1073152K
  class space    used 3254K, capacity 3447K, committed 3472K, reserved 1048576K
}
2017-03-14T09:29:42.626+0000: 10.272: Total time for which application threads were stopped: 0.0715424 seconds, Stopping threads took: 0.0055700 seconds
2017-03-14T09:29:42.796+0000: 10.442: Total time for which application threads were stopped: 0.0001881 seconds, Stopping threads took: 0.0000471 seconds
2017-03-14T09:29:42.807+0000: 10.453: Total time for which application threads were stopped: 0.0003976 seconds, Stopping threads took: 0.0000573 seconds
2017-03-14T09:29:43.098+0000: 10.744: Total time for which application threads were stopped: 0.0024381 seconds, Stopping threads took: 0.0000821 seconds
2017-03-14T09:29:43.655+0000: 11.300: Total time for which application threads were stopped: 0.0002474 seconds, Stopping threads took: 0.0000593 seconds
2017-03-14T09:29:43.658+0000: 11.303: Total time for which application threads were stopped: 0.0004067 seconds, Stopping threads took: 0.0000282 seconds
2017-03-14T09:29:43.659+0000: 11.304: Total time for which application threads were stopped: 0.0001456 seconds, Stopping threads took: 0.0000475 seconds
2017-03-14T09:29:43.676+0000: 11.321: Total time for which application threads were stopped: 0.0001546 seconds, Stopping threads took: 0.0000467 seconds
2017-03-14T09:29:43.678+0000: 11.324: Total time for which application threads were stopped: 0.0002607 seconds, Stopping threads took: 0.0001160 seconds
2017-03-14T09:29:43.679+0000: 11.324: Total time for which application threads were stopped: 0.0001075 seconds, Stopping threads took: 0.0000239 seconds
2017-03-14T09:29:43.679+0000: 11.324: Total time for which application threads were stopped: 0.0000985 seconds, Stopping threads took: 0.0000214 seconds
2017-03-14T09:29:43.679+0000: 11.324: Total time for which application threads were stopped: 0.0001182 seconds, Stopping threads took: 0.0000207 seconds
2017-03-14T09:29:43.680+0000: 11.325: Total time for which application threads were stopped: 0.0000930 seconds, Stopping threads took: 0.0000167 seconds
2017-03-14T09:29:43.692+0000: 11.337: Total time for which application threads were stopped: 0.0004959 seconds, Stopping threads took: 0.0000520 seconds
2017-03-14T09:29:43.756+0000: 11.402: Total time for which application threads were stopped: 0.0029785 seconds, Stopping threads took: 0.0028385 seconds
2017-03-14T09:29:43.764+0000: 11.409: Total time for which application threads were stopped: 0.0001638 seconds, Stopping threads took: 0.0000412 seconds
2017-03-14T09:29:43.919+0000: 11.565: Total time for which application threads were stopped: 0.0080155 seconds, Stopping threads took: 0.0078373 seconds
2017-03-14T09:29:43.934+0000: 11.580: Total time for which application threads were stopped: 0.0001894 seconds, Stopping threads took: 0.0000748 seconds
2017-03-14T09:29:43.942+0000: 11.588: Total time for which application threads were stopped: 0.0003536 seconds, Stopping threads took: 0.0001839 seconds
2017-03-14T09:29:44.250+0000: 11.896: Total time for which application threads were stopped: 0.0117248 seconds, Stopping threads took: 0.0115156 seconds
2017-03-14T09:29:44.342+0000: 11.988: Total time for which application threads were stopped: 0.0025438 seconds, Stopping threads took: 0.0023901 seconds
{Heap before GC invocations=6 (full 1):
 par new generation   total 109248K, used 101785K [0x00000000e0000000, 0x00000000e8000000, 0x00000000e8000000)
  eden space 87424K, 100% used [0x00000000e0000000, 0x00000000e5560000, 0x00000000e5560000)
  from space 21824K,  65% used [0x00000000e5560000, 0x00000000e6366628, 0x00000000e6ab0000)
  to   space 21824K,   0% used [0x00000000e6ab0000, 0x00000000e6ab0000, 0x00000000e8000000)
 concurrent mark-sweep generation total 393216K, used 0K [0x00000000e8000000, 0x0000000100000000, 0x0000000100000000)
 Metaspace       used 31304K, capacity 31853K, committed 32112K, reserved 1077248K
  class space    used 3782K, capacity 3981K, committed 3984K, reserved 1048576K
2017-03-14T09:29:44.371+0000: 12.017: [GC (Allocation Failure) 2017-03-14T09:29:44.371+0000: 12.017: [ParNew
Desired survivor size 20112992 bytes, new threshold 8 (max 8)
- age   1:    5597544 bytes,    5597544 total
- age   2:     132896 bytes,    5730440 total
- age   3:     285856 bytes,    6016296 total
- age   4:     108616 bytes,    6124912 total
- age   5:     310016 bytes,    6434928 total
- age   6:    2675096 bytes,    9110024 total
- age   7:    5273584 bytes,   14383608 total
: 101785K->16349K(109248K), 0.0381247 secs] 101785K->16349K(502464K), 0.0382091 secs] [Times: user=0.07 sys=0.00, real=0.03 secs] 
Heap after GC invocations=7 (full 1):
 par new generation   total 109248K, used 16349K [0x00000000e0000000, 0x00000000e8000000, 0x00000000e8000000)
  eden space 87424K,   0% used [0x00000000e0000000, 0x00000000e0000000, 0x00000000e5560000)
  from space 21824K,  74% used [0x00000000e6ab0000, 0x00000000e7aa7440, 0x00000000e8000000)
  to   space 21824K,   0% used [0x00000000e5560000, 0x00000000e5560000, 0x00000000e6ab0000)
 concurrent mark-sweep generation total 393216K, used 0K [0x00000000e8000000, 0x0000000100000000, 0x0000000100000000)
 Metaspace       used 31304K, capacity 31853K, committed 32112K, reserved 1077248K
  class space    used 3782K, capacity 3981K, committed 3984K, reserved 1048576K
}
2017-03-14T09:29:44.409+0000: 12.055: Total time for which application threads were stopped: 0.0384957 seconds, Stopping threads took: 0.0000304 seconds
2017-03-14T09:29:44.460+0000: 12.106: Total time for which application threads were stopped: 0.0027537 seconds, Stopping threads took: 0.0025981 seconds
2017-03-14T09:29:44.461+0000: 12.106: Total time for which application threads were stopped: 0.0001369 seconds, Stopping threads took: 0.0000282 seconds
2017-03-14T09:29:44.851+0000: 12.496: Total time for which application threads were stopped: 0.0002028 seconds, Stopping threads took: 0.0000263 seconds
2017-03-14T09:29:44.875+0000: 12.520: Total time for which application threads were stopped: 0.0002324 seconds, Stopping threads took: 0.0000663 seconds
2017-03-14T09:29:44.876+0000: 12.521: Total time for which application threads were stopped: 0.0001909 seconds, Stopping threads took: 0.0000639 seconds
2017-03-14T09:29:44.876+0000: 12.521: Total time for which application threads were stopped: 0.0001630 seconds, Stopping threads took: 0.0000268 seconds
2017-03-14T09:29:44.898+0000: 12.544: Total time for which application threads were stopped: 0.0036263 seconds, Stopping threads took: 0.0034392 seconds
2017-03-14T09:29:44.917+0000: 12.563: Total time for which application threads were stopped: 0.0060133 seconds, Stopping threads took: 0.0058335 seconds
2017-03-14T09:29:44.919+0000: 12.565: Total time for which application threads were stopped: 0.0005733 seconds, Stopping threads took: 0.0000242 seconds
2017-03-14T09:29:44.943+0000: 12.588: Total time for which application threads were stopped: 0.0002174 seconds, Stopping threads took: 0.0000443 seconds
2017-03-14T09:29:44.968+0000: 12.613: Total time for which application threads were stopped: 0.0006468 seconds, Stopping threads took: 0.0000375 seconds
2017-03-14T09:29:44.997+0000: 12.643: Total time for which application threads were stopped: 0.0069906 seconds, Stopping threads took: 0.0067736 seconds
2017-03-14T09:29:45.016+0000: 12.661: Total time for which application threads were stopped: 0.0002036 seconds, Stopping threads took: 0.0000499 seconds
2017-03-14T09:29:45.028+0000: 12.674: Total time for which application threads were stopped: 0.0001976 seconds, Stopping threads took: 0.0000242 seconds
2017-03-14T09:29:45.046+0000: 12.692: Total time for which application threads were stopped: 0.0002215 seconds, Stopping threads took: 0.0000492 seconds
2017-03-14T09:29:45.067+0000: 12.712: Total time for which application threads were stopped: 0.0005792 seconds, Stopping threads took: 0.0003316 seconds
2017-03-14T09:29:45.174+0000: 12.820: Total time for which application threads were stopped: 0.0042683 seconds, Stopping threads took: 0.0040332 seconds
2017-03-14T09:29:45.223+0000: 12.869: Total time for which application threads were stopped: 0.0010728 seconds, Stopping threads took: 0.0009261 seconds
2017-03-14T09:29:45.298+0000: 12.943: Total time for which application threads were stopped: 0.0002136 seconds, Stopping threads took: 0.0000542 seconds
2017-03-14T09:29:45.772+0000: 13.417: Total time for which application threads were stopped: 0.0001991 seconds, Stopping threads took: 0.0000287 seconds
2017-03-14T09:29:45.773+0000: 13.418: Total time for which application threads were stopped: 0.0001743 seconds, Stopping threads took: 0.0000294 seconds
2017-03-14T09:29:45.777+0000: 13.422: Total time for which application threads were stopped: 0.0002679 seconds, Stopping threads took: 0.0000545 seconds
2017-03-14T09:29:45.782+0000: 13.428: Total time for which application threads were stopped: 0.0007365 seconds, Stopping threads took: 0.0000396 seconds
2017-03-14T09:29:46.783+0000: 14.428: Total time for which application threads were stopped: 0.0001401 seconds, Stopping threads took: 0.0000331 seconds
2017-03-14T09:29:47.714+0000: 15.359: Total time for which application threads were stopped: 0.0001747 seconds, Stopping threads took: 0.0000319 seconds
2017-03-14T09:29:47.732+0000: 15.378: Total time for which application threads were stopped: 0.0001814 seconds, Stopping threads took: 0.0000285 seconds
2017-03-14T09:29:47.755+0000: 15.400: Total time for which application threads were stopped: 0.0001718 seconds, Stopping threads took: 0.0000529 seconds
{Heap before GC invocations=7 (full 1):
 par new generation   total 109248K, used 103773K [0x00000000e0000000, 0x00000000e8000000, 0x00000000e8000000)
  eden space 87424K, 100% used [0x00000000e0000000, 0x00000000e5560000, 0x00000000e5560000)
  from space 21824K,  74% used [0x00000000e6ab0000, 0x00000000e7aa7440, 0x00000000e8000000)
  to   space 21824K,   0% used [0x00000000e5560000, 0x00000000e5560000, 0x00000000e6ab0000)
 concurrent mark-sweep generation total 393216K, used 0K [0x00000000e8000000, 0x0000000100000000, 0x0000000100000000)
 Metaspace       used 33402K, capacity 34143K, committed 34416K, reserved 1079296K
  class space    used 4000K, capacity 4238K, committed 4240K, reserved 1048576K
2017-03-14T09:29:47.809+0000: 15.455: [GC (Allocation Failure) 2017-03-14T09:29:47.809+0000: 15.455: [ParNew
Desired survivor size 20112992 bytes, new threshold 8 (max 8)
- age   1:    7468312 bytes,    7468312 total
- age   2:    2116976 bytes,    9585288 total
- age   3:     127944 bytes,    9713232 total
- age   4:     284088 bytes,    9997320 total
- age   5:     107912 bytes,   10105232 total
- age   6:     288832 bytes,   10394064 total
- age   7:    2630432 bytes,   13024496 total
- age   8:    5222960 bytes,   18247456 total
: 103773K->20820K(109248K), 0.0723098 secs] 103773K->20820K(502464K), 0.0724277 secs] [Times: user=0.08 sys=0.01, real=0.07 secs] 
Heap after GC invocations=8 (full 1):
 par new generation   total 109248K, used 20820K [0x00000000e0000000, 0x00000000e8000000, 0x00000000e8000000)
  eden space 87424K,   0% used [0x00000000e0000000, 0x00000000e0000000, 0x00000000e5560000)
  from space 21824K,  95% used [0x00000000e5560000, 0x00000000e69b5130, 0x00000000e6ab0000)
  to   space 21824K,   0% used [0x00000000e6ab0000, 0x00000000e6ab0000, 0x00000000e8000000)
 concurrent mark-sweep generation total 393216K, used 0K [0x00000000e8000000, 0x0000000100000000, 0x0000000100000000)
 Metaspace       used 33402K, capacity 34143K, committed 34416K, reserved 1079296K
  class space    used 4000K, capacity 4238K, committed 4240K, reserved 1048576K
}
2017-03-14T09:29:47.882+0000: 15.527: Total time for which application threads were stopped: 0.0728176 seconds, Stopping threads took: 0.0001316 seconds
2017-03-14T09:29:47.895+0000: 15.540: Total time for which application threads were stopped: 0.0044808 seconds, Stopping threads took: 0.0043036 seconds
2017-03-14T09:29:47.901+0000: 15.547: Total time for which application threads were stopped: 0.0002398 seconds, Stopping threads took: 0.0001007 seconds
2017-03-14T09:29:47.980+0000: 15.625: Total time for which application threads were stopped: 0.0011294 seconds, Stopping threads took: 0.0009027 seconds
{Heap before GC invocations=8 (full 1):
 par new generation   total 109248K, used 108241K [0x00000000e0000000, 0x00000000e8000000, 0x00000000e8000000)
  eden space 87424K,  99% used [0x00000000e0000000, 0x00000000e555f678, 0x00000000e5560000)
  from space 21824K,  95% used [0x00000000e5560000, 0x00000000e69b5130, 0x00000000e6ab0000)
  to   space 21824K,   0% used [0x00000000e6ab0000, 0x00000000e6ab0000, 0x00000000e8000000)
 concurrent mark-sweep generation total 393216K, used 0K [0x00000000e8000000, 0x0000000100000000, 0x0000000100000000)
 Metaspace       used 33472K, capacity 34149K, committed 34416K, reserved 1079296K
  class space    used 4001K, capacity 4239K, committed 4240K, reserved 1048576K
2017-03-14T09:29:48.162+0000: 15.807: [GC (Allocation Failure) 2017-03-14T09:29:48.162+0000: 15.807: [ParNew
Desired survivor size 20112992 bytes, new threshold 8 (max 8)
- age   1:    1850176 bytes,    1850176 total
- age   2:    5437096 bytes,    7287272 total
- age   3:    2116912 bytes,    9404184 total
- age   4:     127944 bytes,    9532128 total
- age   5:     284088 bytes,    9816216 total
- age   6:     107912 bytes,    9924128 total
- age   7:     288832 bytes,   10212960 total
- age   8:    2630368 bytes,   12843328 total
: 108241K->20423K(109248K), 0.1420017 secs] 108241K->26056K(502464K), 0.1421328 secs] [Times: user=0.18 sys=0.01, real=0.15 secs] 
Heap after GC invocations=9 (full 1):
 par new generation   total 109248K, used 20423K [0x00000000e0000000, 0x00000000e8000000, 0x00000000e8000000)
  eden space 87424K,   0% used [0x00000000e0000000, 0x00000000e0000000, 0x00000000e5560000)
  from space 21824K,  93% used [0x00000000e6ab0000, 0x00000000e7ea1de8, 0x00000000e8000000)
  to   space 21824K,   0% used [0x00000000e5560000, 0x00000000e5560000, 0x00000000e6ab0000)
 concurrent mark-sweep generation total 393216K, used 5633K [0x00000000e8000000, 0x0000000100000000, 0x0000000100000000)
 Metaspace       used 33472K, capacity 34149K, committed 34416K, reserved 1079296K
  class space    used 4001K, capacity 4239K, committed 4240K, reserved 1048576K
}
2017-03-14T09:29:48.304+0000: 15.949: Total time for which application threads were stopped: 0.1424325 seconds, Stopping threads took: 0.0000391 seconds
2017-03-14T09:29:48.308+0000: 15.954: Total time for which application threads were stopped: 0.0002737 seconds, Stopping threads took: 0.0000944 seconds
2017-03-14T09:29:48.322+0000: 15.967: Total time for which application threads were stopped: 0.0052810 seconds, Stopping threads took: 0.0050399 seconds
2017-03-14T09:29:48.391+0000: 16.036: Total time for which application threads were stopped: 0.0039317 seconds, Stopping threads took: 0.0037737 seconds
2017-03-14T09:29:48.393+0000: 16.038: Total time for which application threads were stopped: 0.0003024 seconds, Stopping threads took: 0.0000808 seconds
{Heap before GC invocations=9 (full 1):
 par new generation   total 109248K, used 107847K [0x00000000e0000000, 0x00000000e8000000, 0x00000000e8000000)
  eden space 87424K, 100% used [0x00000000e0000000, 0x00000000e5560000, 0x00000000e5560000)
  from space 21824K,  93% used [0x00000000e6ab0000, 0x00000000e7ea1de8, 0x00000000e8000000)
  to   space 21824K,   0% used [0x00000000e5560000, 0x00000000e5560000, 0x00000000e6ab0000)
 concurrent mark-sweep generation total 393216K, used 5633K [0x00000000e8000000, 0x0000000100000000, 0x0000000100000000)
 Metaspace       used 33522K, capacity 34203K, committed 34544K, reserved 1079296K
  class space    used 4006K, capacity 4248K, committed 4368K, reserved 1048576K
2017-03-14T09:29:48.561+0000: 16.207: [GC (Allocation Failure) 2017-03-14T09:29:48.561+0000: 16.207: [ParNew
Desired survivor size 20112992 bytes, new threshold 8 (max 8)
- age   1:    1652720 bytes,    1652720 total
- age   2:    1548488 bytes,    3201208 total
- age   3:    5427288 bytes,    8628496 total
- age   4:    2116912 bytes,   10745408 total
- age   5:     127944 bytes,   10873352 total
- age   6:     284088 bytes,   11157440 total
- age   7:     107392 bytes,   11264832 total
- age   8:     288416 bytes,   11553248 total
: 107847K->14440K(109248K), 0.0461087 secs] 113480K->22673K(502464K), 0.0462586 secs] [Times: user=0.07 sys=0.00, real=0.05 secs] 
Heap after GC invocations=10 (full 1):
 par new generation   total 109248K, used 14440K [0x00000000e0000000, 0x00000000e8000000, 0x00000000e8000000)
  eden space 87424K,   0% used [0x00000000e0000000, 0x00000000e0000000, 0x00000000e5560000)
  from space 21824K,  66% used [0x00000000e5560000, 0x00000000e637a240, 0x00000000e6ab0000)
  to   space 21824K,   0% used [0x00000000e6ab0000, 0x00000000e6ab0000, 0x00000000e8000000)
 concurrent mark-sweep generation total 393216K, used 8232K [0x00000000e8000000, 0x0000000100000000, 0x0000000100000000)
 Metaspace       used 33522K, capacity 34203K, committed 34544K, reserved 1079296K
  class space    used 4006K, capacity 4248K, committed 4368K, reserved 1048576K
}
2017-03-14T09:29:48.607+0000: 16.253: Total time for which application threads were stopped: 0.0466594 seconds, Stopping threads took: 0.0001284 seconds
2017-03-14T09:29:48.627+0000: 16.272: Total time for which application threads were stopped: 0.0002424 seconds, Stopping threads took: 0.0000958 seconds
2017-03-14T09:29:48.628+0000: 16.274: Total time for which application threads were stopped: 0.0002193 seconds, Stopping threads took: 0.0000350 seconds
2017-03-14T09:29:48.719+0000: 16.365: Total time for which application threads were stopped: 0.0083179 seconds, Stopping threads took: 0.0081436 seconds
{Heap before GC invocations=10 (full 1):
 par new generation   total 109248K, used 101864K [0x00000000e0000000, 0x00000000e8000000, 0x00000000e8000000)
  eden space 87424K, 100% used [0x00000000e0000000, 0x00000000e5560000, 0x00000000e5560000)
  from space 21824K,  66% used [0x00000000e5560000, 0x00000000e637a240, 0x00000000e6ab0000)
  to   space 21824K,   0% used [0x00000000e6ab0000, 0x00000000e6ab0000, 0x00000000e8000000)
 concurrent mark-sweep generation total 393216K, used 8232K [0x00000000e8000000, 0x0000000100000000, 0x0000000100000000)
 Metaspace       used 33540K, capacity 34267K, committed 34544K, reserved 1079296K
  class space    used 4006K, capacity 4248K, committed 4368K, reserved 1048576K
2017-03-14T09:29:48.779+0000: 16.425: [GC (Allocation Failure) 2017-03-14T09:29:48.779+0000: 16.425: [ParNew
Desired survivor size 20112992 bytes, new threshold 8 (max 8)
- age   1:     579352 bytes,     579352 total
- age   2:     882880 bytes,    1462232 total
- age   3:    1538472 bytes,    3000704 total
- age   4:    5426576 bytes,    8427280 total
- age   5:    2116912 bytes,   10544192 total
- age   6:     127944 bytes,   10672136 total
- age   7:     284088 bytes,   10956224 total
- age   8:     107392 bytes,   11063616 total
: 101864K->12833K(109248K), 0.0483779 secs] 110097K->21353K(502464K), 0.0484920 secs] [Times: user=0.06 sys=0.00, real=0.05 secs] 
Heap after GC invocations=11 (full 1):
 par new generation   total 109248K, used 12833K [0x00000000e0000000, 0x00000000e8000000, 0x00000000e8000000)
  eden space 87424K,   0% used [0x00000000e0000000, 0x00000000e0000000, 0x00000000e5560000)
  from space 21824K,  58% used [0x00000000e6ab0000, 0x00000000e77386d8, 0x00000000e8000000)
  to   space 21824K,   0% used [0x00000000e5560000, 0x00000000e5560000, 0x00000000e6ab0000)
 concurrent mark-sweep generation total 393216K, used 8519K [0x00000000e8000000, 0x0000000100000000, 0x0000000100000000)
 Metaspace       used 33540K, capacity 34267K, committed 34544K, reserved 1079296K
  class space    used 4006K, capacity 4248K, committed 4368K, reserved 1048576K
}
2017-03-14T09:29:48.828+0000: 16.473: Total time for which application threads were stopped: 0.0508906 seconds, Stopping threads took: 0.0021439 seconds
2017-03-14T09:29:48.850+0000: 16.496: Total time for which application threads were stopped: 0.0044666 seconds, Stopping threads took: 0.0042924 seconds
2017-03-14T09:29:48.933+0000: 16.578: Total time for which application threads were stopped: 0.0129478 seconds, Stopping threads took: 0.0127627 seconds
2017-03-14T09:29:49.024+0000: 16.669: Total time for which application threads were stopped: 0.0068567 seconds, Stopping threads took: 0.0067031 seconds
2017-03-14T09:29:49.032+0000: 16.678: Total time for which application threads were stopped: 0.0008890 seconds, Stopping threads took: 0.0007416 seconds
2017-03-14T09:29:49.059+0000: 16.704: Total time for which application threads were stopped: 0.0002266 seconds, Stopping threads took: 0.0000631 seconds
2017-03-14T09:29:49.140+0000: 16.786: Total time for which application threads were stopped: 0.0002316 seconds, Stopping threads took: 0.0000618 seconds
2017-03-14T09:29:49.154+0000: 16.799: Total time for which application threads were stopped: 0.0001544 seconds, Stopping threads took: 0.0000435 seconds
2017-03-14T09:29:49.173+0000: 16.818: Total time for which application threads were stopped: 0.0002271 seconds, Stopping threads took: 0.0000597 seconds
{Heap before GC invocations=11 (full 1):
 par new generation   total 109248K, used 100257K [0x00000000e0000000, 0x00000000e8000000, 0x00000000e8000000)
  eden space 87424K, 100% used [0x00000000e0000000, 0x00000000e5560000, 0x00000000e5560000)
  from space 21824K,  58% used [0x00000000e6ab0000, 0x00000000e77386d8, 0x00000000e8000000)
  to   space 21824K,   0% used [0x00000000e5560000, 0x00000000e5560000, 0x00000000e6ab0000)
 concurrent mark-sweep generation total 393216K, used 8519K [0x00000000e8000000, 0x0000000100000000, 0x0000000100000000)
 Metaspace       used 33619K, capacity 34337K, committed 34544K, reserved 1079296K
  class space    used 4006K, capacity 4249K, committed 4368K, reserved 1048576K
2017-03-14T09:29:49.287+0000: 16.933: [GC (Allocation Failure) 2017-03-14T09:29:49.287+0000: 16.933: [ParNew
Desired survivor size 20112992 bytes, new threshold 8 (max 8)
- age   1:     989360 bytes,     989360 total
- age   2:      84136 bytes,    1073496 total
- age   3:     190408 bytes,    1263904 total
- age   4:     847456 bytes,    2111360 total
- age   5:    5425864 bytes,    7537224 total
- age   6:    2116936 bytes,    9654160 total
- age   7:     127944 bytes,    9782104 total
- age   8:     283984 bytes,   10066088 total
: 100257K->13337K(109248K), 0.0426638 secs] 108777K->21965K(502464K), 0.0427923 secs] [Times: user=0.07 sys=0.00, real=0.05 secs] 
Heap after GC invocations=12 (full 1):
 par new generation   total 109248K, used 13337K [0x00000000e0000000, 0x00000000e8000000, 0x00000000e8000000)
  eden space 87424K,   0% used [0x00000000e0000000, 0x00000000e0000000, 0x00000000e5560000)
  from space 21824K,  61% used [0x00000000e5560000, 0x00000000e6266600, 0x00000000e6ab0000)
  to   space 21824K,   0% used [0x00000000e6ab0000, 0x00000000e6ab0000, 0x00000000e8000000)
 concurrent mark-sweep generation total 393216K, used 8627K [0x00000000e8000000, 0x0000000100000000, 0x0000000100000000)
 Metaspace       used 33619K, capacity 34337K, committed 34544K, reserved 1079296K
  class space    used 4006K, capacity 4249K, committed 4368K, reserved 1048576K
}
2017-03-14T09:29:49.330+0000: 16.976: Total time for which application threads were stopped: 0.0431023 seconds, Stopping threads took: 0.0000406 seconds
2017-03-14T09:29:49.354+0000: 17.000: Total time for which application threads were stopped: 0.0104201 seconds, Stopping threads took: 0.0102739 seconds
2017-03-14T09:29:49.372+0000: 17.017: Total time for which application threads were stopped: 0.0030024 seconds, Stopping threads took: 0.0028498 seconds
2017-03-14T09:29:49.418+0000: 17.063: Total time for which application threads were stopped: 0.0013611 seconds, Stopping threads took: 0.0007116 seconds
2017-03-14T09:29:49.443+0000: 17.088: Total time for which application threads were stopped: 0.0001775 seconds, Stopping threads took: 0.0000463 seconds
2017-03-14T09:29:49.443+0000: 17.088: Total time for which application threads were stopped: 0.0000932 seconds, Stopping threads took: 0.0000258 seconds
2017-03-14T09:29:49.455+0000: 17.100: Total time for which application threads were stopped: 0.0035465 seconds, Stopping threads took: 0.0033828 seconds
2017-03-14T09:29:49.471+0000: 17.117: Total time for which application threads were stopped: 0.0057153 seconds, Stopping threads took: 0.0055622 seconds
2017-03-14T09:29:49.496+0000: 17.141: Total time for which application threads were stopped: 0.0006461 seconds, Stopping threads took: 0.0004798 seconds
2017-03-14T09:29:49.530+0000: 17.176: Total time for which application threads were stopped: 0.0002185 seconds, Stopping threads took: 0.0000596 seconds
2017-03-14T09:29:49.540+0000: 17.186: Total time for which application threads were stopped: 0.0098163 seconds, Stopping threads took: 0.0095016 seconds
2017-03-14T09:29:49.562+0000: 17.207: Total time for which application threads were stopped: 0.0009554 seconds, Stopping threads took: 0.0007834 seconds
2017-03-14T09:29:49.583+0000: 17.228: Total time for which application threads were stopped: 0.0062089 seconds, Stopping threads took: 0.0060250 seconds
2017-03-14T09:29:49.635+0000: 17.281: Total time for which application threads were stopped: 0.0105157 seconds, Stopping threads took: 0.0103518 seconds
2017-03-14T09:29:49.636+0000: 17.281: Total time for which application threads were stopped: 0.0001232 seconds, Stopping threads took: 0.0000364 seconds
2017-03-14T09:29:49.636+0000: 17.281: Total time for which application threads were stopped: 0.0000705 seconds, Stopping threads took: 0.0000109 seconds
2017-03-14T09:29:49.636+0000: 17.281: Total time for which application threads were stopped: 0.0000725 seconds, Stopping threads took: 0.0000105 seconds
2017-03-14T09:29:49.636+0000: 17.282: Total time for which application threads were stopped: 0.0000698 seconds, Stopping threads took: 0.0000102 seconds
2017-03-14T09:29:49.636+0000: 17.282: Total time for which application threads were stopped: 0.0000689 seconds, Stopping threads took: 0.0000103 seconds
2017-03-14T09:29:49.636+0000: 17.282: Total time for which application threads were stopped: 0.0000700 seconds, Stopping threads took: 0.0000106 seconds
2017-03-14T09:29:49.638+0000: 17.284: Total time for which application threads were stopped: 0.0006103 seconds, Stopping threads took: 0.0004988 seconds
2017-03-14T09:29:49.698+0000: 17.344: Total time for which application threads were stopped: 0.0002341 seconds, Stopping threads took: 0.0000867 seconds
2017-03-14T09:29:49.706+0000: 17.351: Total time for which application threads were stopped: 0.0002332 seconds, Stopping threads took: 0.0000580 seconds
2017-03-14T09:29:49.709+0000: 17.354: Total time for which application threads were stopped: 0.0001890 seconds, Stopping threads took: 0.0000531 seconds
2017-03-14T09:29:49.709+0000: 17.354: Total time for which application threads were stopped: 0.0001226 seconds, Stopping threads took: 0.0000478 seconds
2017-03-14T09:29:49.709+0000: 17.355: Total time for which application threads were stopped: 0.0000902 seconds, Stopping threads took: 0.0000142 seconds
2017-03-14T09:29:49.709+0000: 17.355: Total time for which application threads were stopped: 0.0000778 seconds, Stopping threads took: 0.0000120 seconds
2017-03-14T09:29:49.709+0000: 17.355: Total time for which application threads were stopped: 0.0000682 seconds, Stopping threads took: 0.0000109 seconds
2017-03-14T09:29:49.709+0000: 17.355: Total time for which application threads were stopped: 0.0000710 seconds, Stopping threads took: 0.0000101 seconds
2017-03-14T09:29:49.710+0000: 17.355: Total time for which application threads were stopped: 0.0000635 seconds, Stopping threads took: 0.0000098 seconds
2017-03-14T09:29:49.710+0000: 17.355: Total time for which application threads were stopped: 0.0000720 seconds, Stopping threads took: 0.0000109 seconds
2017-03-14T09:29:49.710+0000: 17.355: Total time for which application threads were stopped: 0.0000640 seconds, Stopping threads took: 0.0000099 seconds
2017-03-14T09:29:49.711+0000: 17.356: Total time for which application threads were stopped: 0.0001435 seconds, Stopping threads took: 0.0000284 seconds
2017-03-14T09:29:49.711+0000: 17.357: Total time for which application threads were stopped: 0.0000888 seconds, Stopping threads took: 0.0000313 seconds
2017-03-14T09:29:49.711+0000: 17.357: Total time for which application threads were stopped: 0.0000670 seconds, Stopping threads took: 0.0000096 seconds
2017-03-14T09:29:49.711+0000: 17.357: Total time for which application threads were stopped: 0.0000680 seconds, Stopping threads took: 0.0000105 seconds
2017-03-14T09:29:49.711+0000: 17.357: Total time for which application threads were stopped: 0.0000872 seconds, Stopping threads took: 0.0000097 seconds
2017-03-14T09:29:49.712+0000: 17.357: Total time for which application threads were stopped: 0.0000647 seconds, Stopping threads took: 0.0000080 seconds
2017-03-14T09:29:49.712+0000: 17.357: Total time for which application threads were stopped: 0.0000718 seconds, Stopping threads took: 0.0000143 seconds
2017-03-14T09:29:49.712+0000: 17.357: Total time for which application threads were stopped: 0.0000708 seconds, Stopping threads took: 0.0000115 seconds
2017-03-14T09:29:49.712+0000: 17.357: Total time for which application threads were stopped: 0.0000700 seconds, Stopping threads took: 0.0000113 seconds
2017-03-14T09:29:49.712+0000: 17.357: Total time for which application threads were stopped: 0.0000858 seconds, Stopping threads took: 0.0000229 seconds
2017-03-14T09:29:49.712+0000: 17.357: Total time for which application threads were stopped: 0.0000801 seconds, Stopping threads took: 0.0000176 seconds
2017-03-14T09:29:49.712+0000: 17.358: Total time for which application threads were stopped: 0.0000692 seconds, Stopping threads took: 0.0000110 seconds
2017-03-14T09:29:49.712+0000: 17.358: Total time for which application threads were stopped: 0.0000677 seconds, Stopping threads took: 0.0000099 seconds
2017-03-14T09:29:49.712+0000: 17.358: Total time for which application threads were stopped: 0.0002537 seconds, Stopping threads took: 0.0000102 seconds
2017-03-14T09:29:49.717+0000: 17.363: Total time for which application threads were stopped: 0.0001649 seconds, Stopping threads took: 0.0000490 seconds
2017-03-14T09:29:49.717+0000: 17.363: Total time for which application threads were stopped: 0.0000944 seconds, Stopping threads took: 0.0000328 seconds
2017-03-14T09:29:49.726+0000: 17.371: Total time for which application threads were stopped: 0.0001792 seconds, Stopping threads took: 0.0000556 seconds
2017-03-14T09:29:49.753+0000: 17.398: Total time for which application threads were stopped: 0.0001751 seconds, Stopping threads took: 0.0000275 seconds
2017-03-14T09:29:49.757+0000: 17.403: Total time for which application threads were stopped: 0.0002264 seconds, Stopping threads took: 0.0000529 seconds
2017-03-14T09:29:49.761+0000: 17.406: Total time for which application threads were stopped: 0.0012300 seconds, Stopping threads took: 0.0010996 seconds
2017-03-14T09:29:49.761+0000: 17.406: Total time for which application threads were stopped: 0.0000925 seconds, Stopping threads took: 0.0000244 seconds
2017-03-14T09:29:49.761+0000: 17.407: Total time for which application threads were stopped: 0.0000959 seconds, Stopping threads took: 0.0000230 seconds
2017-03-14T09:29:49.785+0000: 17.431: Total time for which application threads were stopped: 0.0001874 seconds, Stopping threads took: 0.0000563 seconds
2017-03-14T09:29:49.787+0000: 17.432: Total time for which application threads were stopped: 0.0001601 seconds, Stopping threads took: 0.0000404 seconds
2017-03-14T09:29:49.790+0000: 17.436: Total time for which application threads were stopped: 0.0001849 seconds, Stopping threads took: 0.0000550 seconds
2017-03-14T09:29:49.800+0000: 17.445: Total time for which application threads were stopped: 0.0001797 seconds, Stopping threads took: 0.0000469 seconds
2017-03-14T09:29:49.820+0000: 17.465: Total time for which application threads were stopped: 0.0001763 seconds, Stopping threads took: 0.0000608 seconds
2017-03-14T09:29:49.820+0000: 17.466: Total time for which application threads were stopped: 0.0001078 seconds, Stopping threads took: 0.0000325 seconds
2017-03-14T09:29:49.821+0000: 17.467: Total time for which application threads were stopped: 0.0001465 seconds, Stopping threads took: 0.0000401 seconds
2017-03-14T09:29:49.844+0000: 17.490: Total time for which application threads were stopped: 0.0079663 seconds, Stopping threads took: 0.0077628 seconds
2017-03-14T09:29:49.867+0000: 17.512: Total time for which application threads were stopped: 0.0038455 seconds, Stopping threads took: 0.0037137 seconds
2017-03-14T09:29:49.911+0000: 17.557: Total time for which application threads were stopped: 0.0002337 seconds, Stopping threads took: 0.0000666 seconds
{Heap before GC invocations=12 (full 1):
 par new generation   total 109248K, used 100761K [0x00000000e0000000, 0x00000000e8000000, 0x00000000e8000000)
  eden space 87424K, 100% used [0x00000000e0000000, 0x00000000e5560000, 0x00000000e5560000)
  from space 21824K,  61% used [0x00000000e5560000, 0x00000000e6266600, 0x00000000e6ab0000)
  to   space 21824K,   0% used [0x00000000e6ab0000, 0x00000000e6ab0000, 0x00000000e8000000)
 concurrent mark-sweep generation total 393216K, used 8627K [0x00000000e8000000, 0x0000000100000000, 0x0000000100000000)
 Metaspace       used 33829K, capacity 34571K, committed 34800K, reserved 1079296K
  class space    used 4022K, capacity 4256K, committed 4368K, reserved 1048576K
2017-03-14T09:29:50.349+0000: 17.994: [GC (Allocation Failure) 2017-03-14T09:29:50.349+0000: 17.994: [ParNew
Desired survivor size 20112992 bytes, new threshold 8 (max 8)
- age   1:    6259184 bytes,    6259184 total
- age   2:     340888 bytes,    6600072 total
- age   3:      82776 bytes,    6682848 total
- age   4:     134840 bytes,    6817688 total
- age   5:     751888 bytes,    7569576 total
- age   6:    2097344 bytes,    9666920 total
- age   7:    1983664 bytes,   11650584 total
- age   8:     127944 bytes,   11778528 total
: 100761K->15884K(109248K), 0.0671023 secs] 109389K->24796K(502464K), 0.0672538 secs] [Times: user=0.10 sys=0.00, real=0.07 secs] 
Heap after GC invocations=13 (full 1):
 par new generation   total 109248K, used 15884K [0x00000000e0000000, 0x00000000e8000000, 0x00000000e8000000)
  eden space 87424K,   0% used [0x00000000e0000000, 0x00000000e0000000, 0x00000000e5560000)
  from space 21824K,  72% used [0x00000000e6ab0000, 0x00000000e7a33220, 0x00000000e8000000)
  to   space 21824K,   0% used [0x00000000e5560000, 0x00000000e5560000, 0x00000000e6ab0000)
 concurrent mark-sweep generation total 393216K, used 8911K [0x00000000e8000000, 0x0000000100000000, 0x0000000100000000)
 Metaspace       used 33829K, capacity 34571K, committed 34800K, reserved 1079296K
  class space    used 4022K, capacity 4256K, committed 4368K, reserved 1048576K
}
2017-03-14T09:29:50.416+0000: 18.061: Total time for which application threads were stopped: 0.0676147 seconds, Stopping threads took: 0.0000913 seconds
2017-03-14T09:29:50.429+0000: 18.074: Total time for which application threads were stopped: 0.0048198 seconds, Stopping threads took: 0.0046704 seconds
{Heap before GC invocations=13 (full 1):
 par new generation   total 109248K, used 103308K [0x00000000e0000000, 0x00000000e8000000, 0x00000000e8000000)
  eden space 87424K, 100% used [0x00000000e0000000, 0x00000000e5560000, 0x00000000e5560000)
  from space 21824K,  72% used [0x00000000e6ab0000, 0x00000000e7a33220, 0x00000000e8000000)
  to   space 21824K,   0% used [0x00000000e5560000, 0x00000000e5560000, 0x00000000e6ab0000)
 concurrent mark-sweep generation total 393216K, used 8911K [0x00000000e8000000, 0x0000000100000000, 0x0000000100000000)
 Metaspace       used 33829K, capacity 34571K, committed 34800K, reserved 1079296K
  class space    used 4022K, capacity 4256K, committed 4368K, reserved 1048576K
2017-03-14T09:29:50.851+0000: 18.497: [GC (Allocation Failure) 2017-03-14T09:29:50.851+0000: 18.497: [ParNew
Desired survivor size 20112992 bytes, new threshold 8 (max 8)
- age   1:     593352 bytes,     593352 total
- age   2:    5864416 bytes,    6457768 total
- age   3:     340888 bytes,    6798656 total
- age   4:      82776 bytes,    6881432 total
- age   5:     134840 bytes,    7016272 total
- age   6:     751824 bytes,    7768096 total
- age   7:    2084992 bytes,    9853088 total
- age   8:    1983664 bytes,   11836752 total
: 103308K->14754K(109248K), 0.0376376 secs] 112220K->23794K(502464K), 0.0377657 secs] [Times: user=0.08 sys=0.00, real=0.03 secs] 
Heap after GC invocations=14 (full 1):
 par new generation   total 109248K, used 14754K [0x00000000e0000000, 0x00000000e8000000, 0x00000000e8000000)
  eden space 87424K,   0% used [0x00000000e0000000, 0x00000000e0000000, 0x00000000e5560000)
  from space 21824K,  67% used [0x00000000e5560000, 0x00000000e63c8ac0, 0x00000000e6ab0000)
  to   space 21824K,   0% used [0x00000000e6ab0000, 0x00000000e6ab0000, 0x00000000e8000000)
 concurrent mark-sweep generation total 393216K, used 9039K [0x00000000e8000000, 0x0000000100000000, 0x0000000100000000)
 Metaspace       used 33829K, capacity 34571K, committed 34800K, reserved 1079296K
  class space    used 4022K, capacity 4256K, committed 4368K, reserved 1048576K
}
2017-03-14T09:29:50.889+0000: 18.535: Total time for which application threads were stopped: 0.0380265 seconds, Stopping threads took: 0.0000278 seconds
2017-03-14T09:29:50.899+0000: 18.545: Total time for which application threads were stopped: 0.0002526 seconds, Stopping threads took: 0.0000573 seconds
2017-03-14T09:29:51.360+0000: 19.005: Total time for which application threads were stopped: 0.0090530 seconds, Stopping threads took: 0.0088362 seconds
2017-03-14T09:29:51.450+0000: 19.096: Total time for which application threads were stopped: 0.0037140 seconds, Stopping threads took: 0.0001575 seconds
2017-03-14T09:29:51.458+0000: 19.103: Total time for which application threads were stopped: 0.0001459 seconds, Stopping threads took: 0.0000350 seconds
2017-03-14T09:29:51.460+0000: 19.105: Total time for which application threads were stopped: 0.0001389 seconds, Stopping threads took: 0.0000300 seconds
2017-03-14T09:29:51.460+0000: 19.105: Total time for which application threads were stopped: 0.0000732 seconds, Stopping threads took: 0.0000147 seconds
2017-03-14T09:29:51.460+0000: 19.105: Total time for which application threads were stopped: 0.0000604 seconds, Stopping threads took: 0.0000106 seconds
2017-03-14T09:29:51.460+0000: 19.105: Total time for which application threads were stopped: 0.0000562 seconds, Stopping threads took: 0.0000103 seconds
2017-03-14T09:29:51.460+0000: 19.106: Total time for which application threads were stopped: 0.0000567 seconds, Stopping threads took: 0.0000098 seconds
2017-03-14T09:29:51.460+0000: 19.106: Total time for which application threads were stopped: 0.0000562 seconds, Stopping threads took: 0.0000110 seconds
2017-03-14T09:29:51.514+0000: 19.159: Total time for which application threads were stopped: 0.0007316 seconds, Stopping threads took: 0.0000507 seconds
2017-03-14T09:29:51.515+0000: 19.160: Total time for which application threads were stopped: 0.0006097 seconds, Stopping threads took: 0.0005052 seconds
2017-03-14T09:29:51.515+0000: 19.160: Total time for which application threads were stopped: 0.0000714 seconds, Stopping threads took: 0.0000243 seconds
2017-03-14T09:29:51.515+0000: 19.160: Total time for which application threads were stopped: 0.0000689 seconds, Stopping threads took: 0.0000206 seconds
2017-03-14T09:29:51.515+0000: 19.160: Total time for which application threads were stopped: 0.0000734 seconds, Stopping threads took: 0.0000208 seconds
2017-03-14T09:29:51.515+0000: 19.160: Total time for which application threads were stopped: 0.0000659 seconds, Stopping threads took: 0.0000186 seconds
2017-03-14T09:29:51.515+0000: 19.161: Total time for which application threads were stopped: 0.0000960 seconds, Stopping threads took: 0.0000187 seconds
2017-03-14T09:29:51.515+0000: 19.161: Total time for which application threads were stopped: 0.0000808 seconds, Stopping threads took: 0.0000260 seconds
2017-03-14T09:29:51.515+0000: 19.161: Total time for which application threads were stopped: 0.0000789 seconds, Stopping threads took: 0.0000304 seconds
2017-03-14T09:29:51.517+0000: 19.162: Total time for which application threads were stopped: 0.0004224 seconds, Stopping threads took: 0.0001264 seconds
2017-03-14T09:29:51.517+0000: 19.163: Total time for which application threads were stopped: 0.0001870 seconds, Stopping threads took: 0.0000450 seconds
2017-03-14T09:29:51.517+0000: 19.163: Total time for which application threads were stopped: 0.0001989 seconds, Stopping threads took: 0.0000401 seconds
2017-03-14T09:29:51.518+0000: 19.163: Total time for which application threads were stopped: 0.0001225 seconds, Stopping threads took: 0.0000310 seconds
2017-03-14T09:29:51.518+0000: 19.163: Total time for which application threads were stopped: 0.0000869 seconds, Stopping threads took: 0.0000370 seconds
2017-03-14T09:29:51.518+0000: 19.163: Total time for which application threads were stopped: 0.0000668 seconds, Stopping threads took: 0.0000189 seconds
2017-03-14T09:29:51.518+0000: 19.163: Total time for which application threads were stopped: 0.0000677 seconds, Stopping threads took: 0.0000190 seconds
2017-03-14T09:29:51.518+0000: 19.164: Total time for which application threads were stopped: 0.0000696 seconds, Stopping threads took: 0.0000201 seconds
2017-03-14T09:29:51.518+0000: 19.164: Total time for which application threads were stopped: 0.0000653 seconds, Stopping threads took: 0.0000189 seconds
2017-03-14T09:29:51.518+0000: 19.164: Total time for which application threads were stopped: 0.0000663 seconds, Stopping threads took: 0.0000187 seconds
2017-03-14T09:29:51.524+0000: 19.169: Total time for which application threads were stopped: 0.0039867 seconds, Stopping threads took: 0.0031875 seconds
2017-03-14T09:29:51.534+0000: 19.180: Total time for which application threads were stopped: 0.0005344 seconds, Stopping threads took: 0.0002064 seconds
2017-03-14T09:29:51.534+0000: 19.180: Total time for which application threads were stopped: 0.0000848 seconds, Stopping threads took: 0.0000255 seconds
2017-03-14T09:29:51.588+0000: 19.233: Total time for which application threads were stopped: 0.0001894 seconds, Stopping threads took: 0.0000471 seconds
2017-03-14T09:29:51.605+0000: 19.250: Total time for which application threads were stopped: 0.0001707 seconds, Stopping threads took: 0.0000466 seconds
2017-03-14T09:29:51.610+0000: 19.256: Total time for which application threads were stopped: 0.0001593 seconds, Stopping threads took: 0.0000448 seconds
2017-03-14T09:29:52.611+0000: 20.256: Total time for which application threads were stopped: 0.0001710 seconds, Stopping threads took: 0.0000382 seconds
2017-03-14T09:30:32.364+0000: 60.009: Total time for which application threads were stopped: 0.0002105 seconds, Stopping threads took: 0.0000315 seconds
2017-03-14T09:30:32.364+0000: 60.009: Total time for which application threads were stopped: 0.0000814 seconds, Stopping threads took: 0.0000087 seconds
2017-03-14T09:30:32.367+0000: 60.013: Total time for which application threads were stopped: 0.0002384 seconds, Stopping threads took: 0.0000992 seconds
2017-03-14T09:30:32.368+0000: 60.013: Total time for which application threads were stopped: 0.0001014 seconds, Stopping threads took: 0.0000339 seconds
2017-03-14T09:30:32.372+0000: 60.017: Total time for which application threads were stopped: 0.0001648 seconds, Stopping threads took: 0.0000487 seconds
2017-03-14T09:30:32.375+0000: 60.020: Total time for which application threads were stopped: 0.0001404 seconds, Stopping threads took: 0.0000441 seconds
2017-03-14T09:30:32.378+0000: 60.023: Total time for which application threads were stopped: 0.0001490 seconds, Stopping threads took: 0.0000574 seconds
2017-03-14T09:30:32.392+0000: 60.038: Total time for which application threads were stopped: 0.0001990 seconds, Stopping threads took: 0.0000595 seconds
2017-03-14T09:30:32.393+0000: 60.038: Total time for which application threads were stopped: 0.0000695 seconds, Stopping threads took: 0.0000126 seconds
2017-03-14T09:30:32.393+0000: 60.039: Total time for which application threads were stopped: 0.0001422 seconds, Stopping threads took: 0.0000235 seconds
2017-03-14T09:30:32.394+0000: 60.039: Total time for which application threads were stopped: 0.0000734 seconds, Stopping threads took: 0.0000120 seconds
2017-03-14T09:30:32.394+0000: 60.039: Total time for which application threads were stopped: 0.0000589 seconds, Stopping threads took: 0.0000085 seconds
2017-03-14T09:30:32.394+0000: 60.039: Total time for which application threads were stopped: 0.0000609 seconds, Stopping threads took: 0.0000088 seconds
2017-03-14T09:30:32.394+0000: 60.039: Total time for which application threads were stopped: 0.0000582 seconds, Stopping threads took: 0.0000084 seconds
2017-03-14T09:30:32.394+0000: 60.040: Total time for which application threads were stopped: 0.0000895 seconds, Stopping threads took: 0.0000080 seconds
2017-03-14T09:30:32.396+0000: 60.041: Total time for which application threads were stopped: 0.0006179 seconds, Stopping threads took: 0.0004760 seconds
2017-03-14T09:30:32.396+0000: 60.041: Total time for which application threads were stopped: 0.0000802 seconds, Stopping threads took: 0.0000102 seconds
2017-03-14T09:30:32.398+0000: 60.044: Total time for which application threads were stopped: 0.0017254 seconds, Stopping threads took: 0.0015355 seconds
2017-03-14T09:30:32.399+0000: 60.044: Total time for which application threads were stopped: 0.0001312 seconds, Stopping threads took: 0.0000130 seconds
2017-03-14T09:30:32.401+0000: 60.047: Total time for which application threads were stopped: 0.0001860 seconds, Stopping threads took: 0.0000307 seconds
2017-03-14T09:30:32.410+0000: 60.056: Total time for which application threads were stopped: 0.0035128 seconds, Stopping threads took: 0.0033079 seconds
2017-03-14T09:30:32.420+0000: 60.065: Total time for which application threads were stopped: 0.0004802 seconds, Stopping threads took: 0.0003284 seconds
2017-03-14T09:30:32.420+0000: 60.065: Total time for which application threads were stopped: 0.0000918 seconds, Stopping threads took: 0.0000157 seconds
2017-03-14T09:30:57.423+0000: 85.068: Total time for which application threads were stopped: 0.0001493 seconds, Stopping threads took: 0.0000335 seconds
2017-03-14T09:31:17.425+0000: 105.071: Total time for which application threads were stopped: 0.0001905 seconds, Stopping threads took: 0.0000534 seconds
2017-03-14T09:31:22.426+0000: 110.072: Total time for which application threads were stopped: 0.0001527 seconds, Stopping threads took: 0.0000367 seconds
2017-03-14T09:31:39.429+0000: 127.075: Total time for which application threads were stopped: 0.0002884 seconds, Stopping threads took: 0.0000961 seconds
2017-03-14T09:31:52.432+0000: 140.077: Total time for which application threads were stopped: 0.0004157 seconds, Stopping threads took: 0.0000798 seconds
2017-03-14T09:32:04.433+0000: 152.079: Total time for which application threads were stopped: 0.0002435 seconds, Stopping threads took: 0.0000483 seconds
2017-03-14T09:33:48.448+0000: 256.094: Total time for which application threads were stopped: 0.0002952 seconds, Stopping threads took: 0.0001017 seconds
2017-03-14T09:33:53.449+0000: 261.095: Total time for which application threads were stopped: 0.0002424 seconds, Stopping threads took: 0.0000493 seconds
2017-03-14T09:34:56.459+0000: 324.104: Total time for which application threads were stopped: 0.0002497 seconds, Stopping threads took: 0.0000842 seconds
2017-03-14T09:35:47.869+0000: 375.514: Total time for which application threads were stopped: 0.0002223 seconds, Stopping threads took: 0.0001073 seconds
2017-03-14T09:35:47.869+0000: 375.515: Total time for which application threads were stopped: 0.0001141 seconds, Stopping threads took: 0.0000416 seconds
2017-03-14T09:35:47.872+0000: 375.517: Total time for which application threads were stopped: 0.0001603 seconds, Stopping threads took: 0.0000376 seconds
2017-03-14T09:35:47.937+0000: 375.583: Total time for which application threads were stopped: 0.0002828 seconds, Stopping threads took: 0.0001045 seconds
2017-03-14T09:35:47.943+0000: 375.588: Total time for which application threads were stopped: 0.0002358 seconds, Stopping threads took: 0.0000564 seconds
2017-03-14T09:35:47.962+0000: 375.608: Total time for which application threads were stopped: 0.0137335 seconds, Stopping threads took: 0.0134862 seconds
2017-03-14T09:35:47.965+0000: 375.610: Total time for which application threads were stopped: 0.0002078 seconds, Stopping threads took: 0.0000372 seconds
2017-03-14T09:35:47.974+0000: 375.620: Total time for which application threads were stopped: 0.0002093 seconds, Stopping threads took: 0.0000635 seconds
2017-03-14T09:35:47.975+0000: 375.620: Total time for which application threads were stopped: 0.0001268 seconds, Stopping threads took: 0.0000316 seconds
{Heap before GC invocations=14 (full 1):
 par new generation   total 109248K, used 102178K [0x00000000e0000000, 0x00000000e8000000, 0x00000000e8000000)
  eden space 87424K, 100% used [0x00000000e0000000, 0x00000000e5560000, 0x00000000e5560000)
  from space 21824K,  67% used [0x00000000e5560000, 0x00000000e63c8ac0, 0x00000000e6ab0000)
  to   space 21824K,   0% used [0x00000000e6ab0000, 0x00000000e6ab0000, 0x00000000e8000000)
 concurrent mark-sweep generation total 393216K, used 9039K [0x00000000e8000000, 0x0000000100000000, 0x0000000100000000)
 Metaspace       used 34284K, capacity 35003K, committed 35312K, reserved 1081344K
  class space    used 4042K, capacity 4264K, committed 4368K, reserved 1048576K
2017-03-14T09:35:48.010+0000: 375.656: [GC (Allocation Failure) 2017-03-14T09:35:48.010+0000: 375.656: [ParNew
Desired survivor size 20112992 bytes, new threshold 8 (max 8)
- age   1:    4646344 bytes,    4646344 total
- age   2:      80136 bytes,    4726480 total
- age   3:    3359944 bytes,    8086424 total
- age   4:     339528 bytes,    8425952 total
- age   5:      82696 bytes,    8508648 total
- age   6:     134760 bytes,    8643408 total
- age   7:     721808 bytes,    9365216 total
- age   8:    2056632 bytes,   11421848 total
: 102178K->15217K(109248K), 0.0408242 secs] 111218K->26224K(502464K), 0.0410596 secs] [Times: user=0.08 sys=0.00, real=0.04 secs] 
Heap after GC invocations=15 (full 1):
 par new generation   total 109248K, used 15217K [0x00000000e0000000, 0x00000000e8000000, 0x00000000e8000000)
  eden space 87424K,   0% used [0x00000000e0000000, 0x00000000e0000000, 0x00000000e5560000)
  from space 21824K,  69% used [0x00000000e6ab0000, 0x00000000e798c600, 0x00000000e8000000)
  to   space 21824K,   0% used [0x00000000e5560000, 0x00000000e5560000, 0x00000000e6ab0000)
 concurrent mark-sweep generation total 393216K, used 11006K [0x00000000e8000000, 0x0000000100000000, 0x0000000100000000)
 Metaspace       used 34284K, capacity 35003K, committed 35312K, reserved 1081344K
  class space    used 4042K, capacity 4264K, committed 4368K, reserved 1048576K
}
2017-03-14T09:35:48.051+0000: 375.697: Total time for which application threads were stopped: 0.0475706 seconds, Stopping threads took: 0.0061084 seconds
2017-03-14T09:35:48.244+0000: 375.890: Total time for which application threads were stopped: 0.0021794 seconds, Stopping threads took: 0.0018135 seconds
{Heap before GC invocations=15 (full 1):
 par new generation   total 109248K, used 102641K [0x00000000e0000000, 0x00000000e8000000, 0x00000000e8000000)
  eden space 87424K, 100% used [0x00000000e0000000, 0x00000000e5560000, 0x00000000e5560000)
  from space 21824K,  69% used [0x00000000e6ab0000, 0x00000000e798c600, 0x00000000e8000000)
  to   space 21824K,   0% used [0x00000000e5560000, 0x00000000e5560000, 0x00000000e6ab0000)
 concurrent mark-sweep generation total 393216K, used 11006K [0x00000000e8000000, 0x0000000100000000, 0x0000000100000000)
 Metaspace       used 34297K, capacity 35015K, committed 35312K, reserved 1081344K
  class space    used 4043K, capacity 4266K, committed 4368K, reserved 1048576K
2017-03-14T09:35:48.289+0000: 375.934: [GC (Allocation Failure) 2017-03-14T09:35:48.289+0000: 375.934: [ParNew
Desired survivor size 20112992 bytes, new threshold 8 (max 8)
- age   1:     268720 bytes,     268720 total
- age   2:    4011976 bytes,    4280696 total
- age   3:      80136 bytes,    4360832 total
- age   4:    3047328 bytes,    7408160 total
- age   5:      96960 bytes,    7505120 total
- age   6:      47552 bytes,    7552672 total
- age   7:     109088 bytes,    7661760 total
- age   8:     631120 bytes,    8292880 total
: 102641K->11758K(109248K), 0.0822589 secs] 113648K->24360K(502464K), 0.0823687 secs] [Times: user=0.10 sys=0.00, real=0.09 secs] 
Heap after GC invocations=16 (full 1):
 par new generation   total 109248K, used 11758K [0x00000000e0000000, 0x00000000e8000000, 0x00000000e8000000)
  eden space 87424K,   0% used [0x00000000e0000000, 0x00000000e0000000, 0x00000000e5560000)
  from space 21824K,  53% used [0x00000000e5560000, 0x00000000e60db970, 0x00000000e6ab0000)
  to   space 21824K,   0% used [0x00000000e6ab0000, 0x00000000e6ab0000, 0x00000000e8000000)
 concurrent mark-sweep generation total 393216K, used 12602K [0x00000000e8000000, 0x0000000100000000, 0x0000000100000000)
 Metaspace       used 34297K, capacity 35015K, committed 35312K, reserved 1081344K
  class space    used 4043K, capacity 4266K, committed 4368K, reserved 1048576K
}
2017-03-14T09:35:48.371+0000: 376.016: Total time for which application threads were stopped: 0.0956845 seconds, Stopping threads took: 0.0130783 seconds
{Heap before GC invocations=16 (full 1):
 par new generation   total 109248K, used 99182K [0x00000000e0000000, 0x00000000e8000000, 0x00000000e8000000)
  eden space 87424K, 100% used [0x00000000e0000000, 0x00000000e5560000, 0x00000000e5560000)
  from space 21824K,  53% used [0x00000000e5560000, 0x00000000e60db970, 0x00000000e6ab0000)
  to   space 21824K,   0% used [0x00000000e6ab0000, 0x00000000e6ab0000, 0x00000000e8000000)
 concurrent mark-sweep generation total 393216K, used 12602K [0x00000000e8000000, 0x0000000100000000, 0x0000000100000000)
 Metaspace       used 34511K, capacity 35303K, committed 35568K, reserved 1081344K
  class space    used 4066K, capacity 4298K, committed 4368K, reserved 1048576K
2017-03-14T09:35:48.854+0000: 376.500: [GC (Allocation Failure) 2017-03-14T09:35:48.854+0000: 376.500: [ParNew
Desired survivor size 20112992 bytes, new threshold 8 (max 8)
- age   1:     594104 bytes,     594104 total
- age   2:      67440 bytes,     661544 total
- age   3:    3981952 bytes,    4643496 total
- age   4:      80136 bytes,    4723632 total
- age   5:    3047328 bytes,    7770960 total
- age   6:      96960 bytes,    7867920 total
- age   7:      47552 bytes,    7915472 total
- age   8:     109088 bytes,    8024560 total
: 99182K->9433K(109248K), 0.0605491 secs] 111784K->22654K(502464K), 0.0606658 secs] [Times: user=0.08 sys=0.00, real=0.06 secs] 
Heap after GC invocations=17 (full 1):
 par new generation   total 109248K, used 9433K [0x00000000e0000000, 0x00000000e8000000, 0x00000000e8000000)
  eden space 87424K,   0% used [0x00000000e0000000, 0x00000000e0000000, 0x00000000e5560000)
  from space 21824K,  43% used [0x00000000e6ab0000, 0x00000000e73e6580, 0x00000000e8000000)
  to   space 21824K,   0% used [0x00000000e5560000, 0x00000000e5560000, 0x00000000e6ab0000)
 concurrent mark-sweep generation total 393216K, used 13220K [0x00000000e8000000, 0x0000000100000000, 0x0000000100000000)
 Metaspace       used 34511K, capacity 35303K, committed 35568K, reserved 1081344K
  class space    used 4066K, capacity 4298K, committed 4368K, reserved 1048576K
}
2017-03-14T09:35:48.915+0000: 376.561: Total time for which application threads were stopped: 0.0610095 seconds, Stopping threads took: 0.0000750 seconds
2017-03-14T09:35:49.040+0000: 376.685: Total time for which application threads were stopped: 0.0001818 seconds, Stopping threads took: 0.0000680 seconds
2017-03-14T09:35:49.202+0000: 376.848: Total time for which application threads were stopped: 0.0001818 seconds, Stopping threads took: 0.0000462 seconds
{Heap before GC invocations=17 (full 1):
 par new generation   total 109248K, used 96857K [0x00000000e0000000, 0x00000000e8000000, 0x00000000e8000000)
  eden space 87424K, 100% used [0x00000000e0000000, 0x00000000e5560000, 0x00000000e5560000)
  from space 21824K,  43% used [0x00000000e6ab0000, 0x00000000e73e6580, 0x00000000e8000000)
  to   space 21824K,   0% used [0x00000000e5560000, 0x00000000e5560000, 0x00000000e6ab0000)
 concurrent mark-sweep generation total 393216K, used 13220K [0x00000000e8000000, 0x0000000100000000, 0x0000000100000000)
 Metaspace       used 34558K, capacity 35317K, committed 35568K, reserved 1081344K
  class space    used 4070K, capacity 4301K, committed 4368K, reserved 1048576K
2017-03-14T09:35:49.280+0000: 376.925: [GC (Allocation Failure) 2017-03-14T09:35:49.280+0000: 376.926: [ParNew
Desired survivor size 20112992 bytes, new threshold 8 (max 8)
- age   1:    1493200 bytes,    1493200 total
- age   2:     147016 bytes,    1640216 total
- age   3:      66072 bytes,    1706288 total
- age   4:    2862928 bytes,    4569216 total
- age   5:      80136 bytes,    4649352 total
- age   6:    2665992 bytes,    7315344 total
- age   7:      96400 bytes,    7411744 total
- age   8:      47552 bytes,    7459296 total
: 96857K->12348K(109248K), 0.0352218 secs] 110078K->25677K(502464K), 0.0353433 secs] [Times: user=0.07 sys=0.00, real=0.04 secs] 
Heap after GC invocations=18 (full 1):
 par new generation   total 109248K, used 12348K [0x00000000e0000000, 0x00000000e8000000, 0x00000000e8000000)
  eden space 87424K,   0% used [0x00000000e0000000, 0x00000000e0000000, 0x00000000e5560000)
  from space 21824K,  56% used [0x00000000e5560000, 0x00000000e616f3f0, 0x00000000e6ab0000)
  to   space 21824K,   0% used [0x00000000e6ab0000, 0x00000000e6ab0000, 0x00000000e8000000)
 concurrent mark-sweep generation total 393216K, used 13328K [0x00000000e8000000, 0x0000000100000000, 0x0000000100000000)
 Metaspace       used 34558K, capacity 35317K, committed 35568K, reserved 1081344K
  class space    used 4070K, capacity 4301K, committed 4368K, reserved 1048576K
}
2017-03-14T09:35:49.315+0000: 376.961: Total time for which application threads were stopped: 0.0356384 seconds, Stopping threads took: 0.0000287 seconds
2017-03-14T09:35:49.344+0000: 376.989: Total time for which application threads were stopped: 0.0001922 seconds, Stopping threads took: 0.0000469 seconds
2017-03-14T09:35:49.415+0000: 377.060: Total time for which application threads were stopped: 0.0004484 seconds, Stopping threads took: 0.0001371 seconds
2017-03-14T09:35:49.415+0000: 377.060: Total time for which application threads were stopped: 0.0001865 seconds, Stopping threads took: 0.0000709 seconds
2017-03-14T09:35:49.448+0000: 377.093: Total time for which application threads were stopped: 0.0001796 seconds, Stopping threads took: 0.0000433 seconds
2017-03-14T09:35:49.487+0000: 377.132: Total time for which application threads were stopped: 0.0007437 seconds, Stopping threads took: 0.0000442 seconds
2017-03-14T09:35:49.489+0000: 377.134: Total time for which application threads were stopped: 0.0006839 seconds, Stopping threads took: 0.0000397 seconds
2017-03-14T09:35:49.533+0000: 377.178: Total time for which application threads were stopped: 0.0001871 seconds, Stopping threads took: 0.0000439 seconds
2017-03-14T09:35:49.536+0000: 377.182: Total time for which application threads were stopped: 0.0005682 seconds, Stopping threads took: 0.0000435 seconds
2017-03-14T09:35:50.536+0000: 378.182: Total time for which application threads were stopped: 0.0001522 seconds, Stopping threads took: 0.0000313 seconds
2017-03-14T09:35:50.636+0000: 378.281: Total time for which application threads were stopped: 0.0001577 seconds, Stopping threads took: 0.0000459 seconds
2017-03-14T09:35:50.646+0000: 378.291: Total time for which application threads were stopped: 0.0001245 seconds, Stopping threads took: 0.0000198 seconds
2017-03-14T09:35:50.647+0000: 378.292: Total time for which application threads were stopped: 0.0001038 seconds, Stopping threads took: 0.0000160 seconds
2017-03-14T09:35:50.647+0000: 378.292: Total time for which application threads were stopped: 0.0000634 seconds, Stopping threads took: 0.0000087 seconds
2017-03-14T09:35:50.670+0000: 378.316: Total time for which application threads were stopped: 0.0001678 seconds, Stopping threads took: 0.0000450 seconds
2017-03-14T09:35:50.688+0000: 378.333: Total time for which application threads were stopped: 0.0012995 seconds, Stopping threads took: 0.0009173 seconds
2017-03-14T09:35:50.758+0000: 378.404: Total time for which application threads were stopped: 0.0001362 seconds, Stopping threads took: 0.0000294 seconds
2017-03-14T09:35:50.761+0000: 378.406: Total time for which application threads were stopped: 0.0001790 seconds, Stopping threads took: 0.0000433 seconds
2017-03-14T09:35:50.761+0000: 378.406: Total time for which application threads were stopped: 0.0001244 seconds, Stopping threads took: 0.0000293 seconds
2017-03-14T09:35:50.761+0000: 378.407: Total time for which application threads were stopped: 0.0000751 seconds, Stopping threads took: 0.0000215 seconds
2017-03-14T09:35:50.761+0000: 378.407: Total time for which application threads were stopped: 0.0000630 seconds, Stopping threads took: 0.0000115 seconds
2017-03-14T09:35:50.762+0000: 378.407: Total time for which application threads were stopped: 0.0000616 seconds, Stopping threads took: 0.0000120 seconds
2017-03-14T09:35:50.762+0000: 378.407: Total time for which application threads were stopped: 0.0000521 seconds, Stopping threads took: 0.0000095 seconds
2017-03-14T09:35:50.762+0000: 378.407: Total time for which application threads were stopped: 0.0000519 seconds, Stopping threads took: 0.0000095 seconds
2017-03-14T09:35:50.762+0000: 378.408: Total time for which application threads were stopped: 0.0000742 seconds, Stopping threads took: 0.0000199 seconds
2017-03-14T09:35:50.914+0000: 378.560: Total time for which application threads were stopped: 0.0002073 seconds, Stopping threads took: 0.0000521 seconds
{Heap before GC invocations=18 (full 1):
 par new generation   total 109248K, used 99772K [0x00000000e0000000, 0x00000000e8000000, 0x00000000e8000000)
  eden space 87424K, 100% used [0x00000000e0000000, 0x00000000e5560000, 0x00000000e5560000)
  from space 21824K,  56% used [0x00000000e5560000, 0x00000000e616f3f0, 0x00000000e6ab0000)
  to   space 21824K,   0% used [0x00000000e6ab0000, 0x00000000e6ab0000, 0x00000000e8000000)
 concurrent mark-sweep generation total 393216K, used 13328K [0x00000000e8000000, 0x0000000100000000, 0x0000000100000000)
 Metaspace       used 35224K, capacity 36049K, committed 36208K, reserved 1081344K
  class space    used 4147K, capacity 4385K, committed 4496K, reserved 1048576K
2017-03-14T09:35:51.031+0000: 378.677: [GC (Allocation Failure) 2017-03-14T09:35:51.031+0000: 378.677: [ParNew
Desired survivor size 20112992 bytes, new threshold 8 (max 8)
- age   1:    5667408 bytes,    5667408 total
- age   2:    1340712 bytes,    7008120 total
- age   3:     129080 bytes,    7137200 total
- age   4:      66072 bytes,    7203272 total
- age   5:    2861184 bytes,   10064456 total
- age   6:      80136 bytes,   10144592 total
- age   7:    2643496 bytes,   12788088 total
- age   8:      96400 bytes,   12884488 total
: 99772K->13828K(109248K), 0.0677448 secs] 113101K->27204K(502464K), 0.0678407 secs] [Times: user=0.07 sys=0.00, real=0.06 secs] 
Heap after GC invocations=19 (full 1):
 par new generation   total 109248K, used 13828K [0x00000000e0000000, 0x00000000e8000000, 0x00000000e8000000)
  eden space 87424K,   0% used [0x00000000e0000000, 0x00000000e0000000, 0x00000000e5560000)
  from space 21824K,  63% used [0x00000000e6ab0000, 0x00000000e7831050, 0x00000000e8000000)
  to   space 21824K,   0% used [0x00000000e5560000, 0x00000000e5560000, 0x00000000e6ab0000)
 concurrent mark-sweep generation total 393216K, used 13376K [0x00000000e8000000, 0x0000000100000000, 0x0000000100000000)
 Metaspace       used 35224K, capacity 36049K, committed 36208K, reserved 1081344K
  class space    used 4147K, capacity 4385K, committed 4496K, reserved 1048576K
}
2017-03-14T09:35:51.099+0000: 378.745: Total time for which application threads were stopped: 0.0693368 seconds, Stopping threads took: 0.0012361 seconds
{Heap before GC invocations=19 (full 1):
 par new generation   total 109248K, used 101252K [0x00000000e0000000, 0x00000000e8000000, 0x00000000e8000000)
  eden space 87424K, 100% used [0x00000000e0000000, 0x00000000e5560000, 0x00000000e5560000)
  from space 21824K,  63% used [0x00000000e6ab0000, 0x00000000e7831050, 0x00000000e8000000)
  to   space 21824K,   0% used [0x00000000e5560000, 0x00000000e5560000, 0x00000000e6ab0000)
 concurrent mark-sweep generation total 393216K, used 13376K [0x00000000e8000000, 0x0000000100000000, 0x0000000100000000)
 Metaspace       used 35232K, capacity 36055K, committed 36208K, reserved 1081344K
  class space    used 4148K, capacity 4386K, committed 4496K, reserved 1048576K
2017-03-14T09:35:51.160+0000: 378.806: [GC (Allocation Failure) 2017-03-14T09:35:51.160+0000: 378.806: [ParNew
Desired survivor size 20112992 bytes, new threshold 8 (max 8)
- age   1:     770344 bytes,     770344 total
- age   2:    5110792 bytes,    5881136 total
- age   3:    1340712 bytes,    7221848 total
- age   4:     129080 bytes,    7350928 total
- age   5:      66072 bytes,    7417000 total
- age   6:    2861184 bytes,   10278184 total
- age   7:      80136 bytes,   10358320 total
- age   8:    2643496 bytes,   13001816 total
: 101252K->17403K(109248K), 0.0199361 secs] 114628K->30875K(502464K), 0.0200596 secs] [Times: user=0.05 sys=0.00, real=0.02 secs] 
Heap after GC invocations=20 (full 1):
 par new generation   total 109248K, used 17403K [0x00000000e0000000, 0x00000000e8000000, 0x00000000e8000000)
  eden space 87424K,   0% used [0x00000000e0000000, 0x00000000e0000000, 0x00000000e5560000)
  from space 21824K,  79% used [0x00000000e5560000, 0x00000000e665ec60, 0x00000000e6ab0000)
  to   space 21824K,   0% used [0x00000000e6ab0000, 0x00000000e6ab0000, 0x00000000e8000000)
 concurrent mark-sweep generation total 393216K, used 13472K [0x00000000e8000000, 0x0000000100000000, 0x0000000100000000)
 Metaspace       used 35232K, capacity 36055K, committed 36208K, reserved 1081344K
  class space    used 4148K, capacity 4386K, committed 4496K, reserved 1048576K
}
2017-03-14T09:35:51.180+0000: 378.826: Total time for which application threads were stopped: 0.0206243 seconds, Stopping threads took: 0.0003100 seconds
{Heap before GC invocations=20 (full 1):
 par new generation   total 109248K, used 104827K [0x00000000e0000000, 0x00000000e8000000, 0x00000000e8000000)
  eden space 87424K, 100% used [0x00000000e0000000, 0x00000000e5560000, 0x00000000e5560000)
  from space 21824K,  79% used [0x00000000e5560000, 0x00000000e665ec60, 0x00000000e6ab0000)
  to   space 21824K,   0% used [0x00000000e6ab0000, 0x00000000e6ab0000, 0x00000000e8000000)
 concurrent mark-sweep generation total 393216K, used 13472K [0x00000000e8000000, 0x0000000100000000, 0x0000000100000000)
 Metaspace       used 35236K, capacity 36055K, committed 36208K, reserved 1081344K
  class space    used 4148K, capacity 4386K, committed 4496K, reserved 1048576K
2017-03-14T09:35:51.304+0000: 378.950: [GC (Allocation Failure) 2017-03-14T09:35:51.304+0000: 378.950: [ParNew
Desired survivor size 20112992 bytes, new threshold 8 (max 8)
- age   1:     649192 bytes,     649192 total
- age   2:     308672 bytes,     957864 total
- age   3:    5109488 bytes,    6067352 total
- age   4:    1340712 bytes,    7408064 total
- age   5:     129080 bytes,    7537144 total
- age   6:      66072 bytes,    7603216 total
- age   7:    2861184 bytes,   10464400 total
- age   8:      80136 bytes,   10544536 total
: 104827K->11357K(109248K), 0.0669824 secs] 118299K->27715K(502464K), 0.0671036 secs] [Times: user=0.12 sys=0.00, real=0.07 secs] 
Heap after GC invocations=21 (full 1):
 par new generation   total 109248K, used 11357K [0x00000000e0000000, 0x00000000e8000000, 0x00000000e8000000)
  eden space 87424K,   0% used [0x00000000e0000000, 0x00000000e0000000, 0x00000000e5560000)
  from space 21824K,  52% used [0x00000000e6ab0000, 0x00000000e75c7460, 0x00000000e8000000)
  to   space 21824K,   0% used [0x00000000e5560000, 0x00000000e5560000, 0x00000000e6ab0000)
 concurrent mark-sweep generation total 393216K, used 16358K [0x00000000e8000000, 0x0000000100000000, 0x0000000100000000)
 Metaspace       used 35236K, capacity 36055K, committed 36208K, reserved 1081344K
  class space    used 4148K, capacity 4386K, committed 4496K, reserved 1048576K
}
2017-03-14T09:35:51.372+0000: 379.017: Total time for which application threads were stopped: 0.0674051 seconds, Stopping threads took: 0.0000385 seconds
2017-03-14T09:35:51.970+0000: 379.615: Total time for which application threads were stopped: 0.0002448 seconds, Stopping threads took: 0.0000540 seconds
2017-03-14T09:35:51.978+0000: 379.624: Total time for which application threads were stopped: 0.0001670 seconds, Stopping threads took: 0.0000283 seconds
2017-03-14T09:35:51.979+0000: 379.624: Total time for which application threads were stopped: 0.0001174 seconds, Stopping threads took: 0.0000182 seconds
2017-03-14T09:35:51.979+0000: 379.624: Total time for which application threads were stopped: 0.0001035 seconds, Stopping threads took: 0.0000113 seconds
2017-03-14T09:35:51.979+0000: 379.624: Total time for which application threads were stopped: 0.0000982 seconds, Stopping threads took: 0.0000104 seconds
2017-03-14T09:35:51.979+0000: 379.625: Total time for which application threads were stopped: 0.0001541 seconds, Stopping threads took: 0.0000160 seconds
2017-03-14T09:35:51.980+0000: 379.626: Total time for which application threads were stopped: 0.0001601 seconds, Stopping threads took: 0.0000314 seconds
2017-03-14T09:35:52.086+0000: 379.732: Total time for which application threads were stopped: 0.0001354 seconds, Stopping threads took: 0.0000213 seconds
2017-03-14T09:35:52.137+0000: 379.782: Total time for which application threads were stopped: 0.0001916 seconds, Stopping threads took: 0.0000509 seconds
2017-03-14T09:35:52.139+0000: 379.784: Total time for which application threads were stopped: 0.0001817 seconds, Stopping threads took: 0.0000466 seconds
2017-03-14T09:35:52.220+0000: 379.866: Total time for which application threads were stopped: 0.0003158 seconds, Stopping threads took: 0.0000895 seconds
2017-03-14T09:35:52.256+0000: 379.901: Total time for which application threads were stopped: 0.0002058 seconds, Stopping threads took: 0.0000525 seconds
2017-03-14T09:35:52.294+0000: 379.940: Total time for which application threads were stopped: 0.0001899 seconds, Stopping threads took: 0.0000442 seconds
2017-03-14T09:35:52.302+0000: 379.947: Total time for which application threads were stopped: 0.0001932 seconds, Stopping threads took: 0.0000467 seconds
2017-03-14T09:35:52.340+0000: 379.985: Total time for which application threads were stopped: 0.0001450 seconds, Stopping threads took: 0.0000240 seconds
2017-03-14T09:35:52.378+0000: 380.023: Total time for which application threads were stopped: 0.0001683 seconds, Stopping threads took: 0.0000288 seconds
2017-03-14T09:35:52.429+0000: 380.074: Total time for which application threads were stopped: 0.0001880 seconds, Stopping threads took: 0.0000403 seconds
2017-03-14T09:35:52.466+0000: 380.112: Total time for which application threads were stopped: 0.0002038 seconds, Stopping threads took: 0.0000327 seconds
2017-03-14T09:35:52.547+0000: 380.193: Total time for which application threads were stopped: 0.0001218 seconds, Stopping threads took: 0.0000221 seconds
2017-03-14T09:35:52.548+0000: 380.193: Total time for which application threads were stopped: 0.0001284 seconds, Stopping threads took: 0.0000192 seconds
2017-03-14T09:35:52.548+0000: 380.194: Total time for which application threads were stopped: 0.0000641 seconds, Stopping threads took: 0.0000087 seconds
2017-03-14T09:35:52.549+0000: 380.194: Total time for which application threads were stopped: 0.0001174 seconds, Stopping threads took: 0.0000223 seconds
2017-03-14T09:35:52.559+0000: 380.205: Total time for which application threads were stopped: 0.0004787 seconds, Stopping threads took: 0.0000262 seconds
2017-03-14T09:35:52.576+0000: 380.222: Total time for which application threads were stopped: 0.0009132 seconds, Stopping threads took: 0.0004871 seconds
2017-03-14T09:35:52.600+0000: 380.246: Total time for which application threads were stopped: 0.0001652 seconds, Stopping threads took: 0.0000355 seconds
2017-03-14T09:35:52.600+0000: 380.246: Total time for which application threads were stopped: 0.0000831 seconds, Stopping threads took: 0.0000340 seconds
2017-03-14T09:35:52.679+0000: 380.325: Total time for which application threads were stopped: 0.0026112 seconds, Stopping threads took: 0.0009936 seconds
2017-03-14T09:35:52.682+0000: 380.328: Total time for which application threads were stopped: 0.0015445 seconds, Stopping threads took: 0.0014230 seconds
2017-03-14T09:35:52.732+0000: 380.378: Total time for which application threads were stopped: 0.0030039 seconds, Stopping threads took: 0.0028605 seconds
2017-03-14T09:35:52.760+0000: 380.405: Total time for which application threads were stopped: 0.0001706 seconds, Stopping threads took: 0.0000440 seconds
2017-03-14T09:35:52.768+0000: 380.413: Total time for which application threads were stopped: 0.0036412 seconds, Stopping threads took: 0.0018627 seconds
2017-03-14T09:35:52.787+0000: 380.432: Total time for which application threads were stopped: 0.0008586 seconds, Stopping threads took: 0.0000411 seconds
2017-03-14T09:35:52.814+0000: 380.459: Total time for which application threads were stopped: 0.0002894 seconds, Stopping threads took: 0.0001300 seconds
2017-03-14T09:35:52.823+0000: 380.469: Total time for which application threads were stopped: 0.0001534 seconds, Stopping threads took: 0.0000234 seconds
2017-03-14T09:35:52.825+0000: 380.470: Total time for which application threads were stopped: 0.0001916 seconds, Stopping threads took: 0.0000424 seconds
2017-03-14T09:35:52.939+0000: 380.585: Total time for which application threads were stopped: 0.0008616 seconds, Stopping threads took: 0.0006726 seconds
2017-03-14T09:35:52.976+0000: 380.621: Total time for which application threads were stopped: 0.0001985 seconds, Stopping threads took: 0.0000531 seconds
2017-03-14T09:35:53.020+0000: 380.665: Total time for which application threads were stopped: 0.0013951 seconds, Stopping threads took: 0.0009214 seconds
2017-03-14T09:35:53.041+0000: 380.687: Total time for which application threads were stopped: 0.0001454 seconds, Stopping threads took: 0.0000295 seconds
2017-03-14T09:35:53.073+0000: 380.718: Total time for which application threads were stopped: 0.0001942 seconds, Stopping threads took: 0.0000469 seconds
2017-03-14T09:35:53.123+0000: 380.769: Total time for which application threads were stopped: 0.0001764 seconds, Stopping threads took: 0.0000471 seconds
2017-03-14T09:35:53.164+0000: 380.809: Total time for which application threads were stopped: 0.0002053 seconds, Stopping threads took: 0.0000546 seconds
2017-03-14T09:35:53.194+0000: 380.840: Total time for which application threads were stopped: 0.0001393 seconds, Stopping threads took: 0.0000262 seconds
2017-03-14T09:35:53.226+0000: 380.872: Total time for which application threads were stopped: 0.0002977 seconds, Stopping threads took: 0.0000878 seconds
2017-03-14T09:35:53.273+0000: 380.918: Total time for which application threads were stopped: 0.0002219 seconds, Stopping threads took: 0.0000630 seconds
2017-03-14T09:35:53.309+0000: 380.954: Total time for which application threads were stopped: 0.0002615 seconds, Stopping threads took: 0.0000739 seconds
2017-03-14T09:35:53.337+0000: 380.982: Total time for which application threads were stopped: 0.0001706 seconds, Stopping threads took: 0.0000291 seconds
2017-03-14T09:35:53.382+0000: 381.028: Total time for which application threads were stopped: 0.0002047 seconds, Stopping threads took: 0.0000459 seconds
2017-03-14T09:35:53.416+0000: 381.062: Total time for which application threads were stopped: 0.0001616 seconds, Stopping threads took: 0.0000285 seconds
2017-03-14T09:35:53.467+0000: 381.113: Total time for which application threads were stopped: 0.0001959 seconds, Stopping threads took: 0.0000248 seconds
2017-03-14T09:35:53.494+0000: 381.140: Total time for which application threads were stopped: 0.0001817 seconds, Stopping threads took: 0.0000308 seconds
2017-03-14T09:35:53.529+0000: 381.175: Total time for which application threads were stopped: 0.0001691 seconds, Stopping threads took: 0.0000284 seconds
2017-03-14T09:35:53.585+0000: 381.230: Total time for which application threads were stopped: 0.0001744 seconds, Stopping threads took: 0.0000324 seconds
2017-03-14T09:35:53.626+0000: 381.271: Total time for which application threads were stopped: 0.0002020 seconds, Stopping threads took: 0.0000582 seconds
2017-03-14T09:35:53.678+0000: 381.324: Total time for which application threads were stopped: 0.0001618 seconds, Stopping threads took: 0.0000275 seconds
2017-03-14T09:35:53.679+0000: 381.324: Total time for which application threads were stopped: 0.0000732 seconds, Stopping threads took: 0.0000087 seconds
2017-03-14T09:35:53.680+0000: 381.325: Total time for which application threads were stopped: 0.0001211 seconds, Stopping threads took: 0.0000223 seconds
2017-03-14T09:35:53.680+0000: 381.325: Total time for which application threads were stopped: 0.0000574 seconds, Stopping threads took: 0.0000075 seconds
2017-03-14T09:35:53.680+0000: 381.325: Total time for which application threads were stopped: 0.0000613 seconds, Stopping threads took: 0.0000083 seconds
2017-03-14T09:35:53.681+0000: 381.326: Total time for which application threads were stopped: 0.0001302 seconds, Stopping threads took: 0.0000220 seconds
2017-03-14T09:35:53.691+0000: 381.336: Total time for which application threads were stopped: 0.0002245 seconds, Stopping threads took: 0.0000603 seconds
2017-03-14T09:35:53.702+0000: 381.347: Total time for which application threads were stopped: 0.0065667 seconds, Stopping threads took: 0.0064008 seconds
2017-03-14T09:35:53.707+0000: 381.353: Total time for which application threads were stopped: 0.0002037 seconds, Stopping threads took: 0.0000364 seconds
2017-03-14T09:35:53.773+0000: 381.418: Total time for which application threads were stopped: 0.0002153 seconds, Stopping threads took: 0.0000379 seconds
2017-03-14T09:35:53.792+0000: 381.437: Total time for which application threads were stopped: 0.0031729 seconds, Stopping threads took: 0.0029891 seconds
2017-03-14T09:35:53.798+0000: 381.443: Total time for which application threads were stopped: 0.0004045 seconds, Stopping threads took: 0.0000635 seconds
2017-03-14T09:35:53.934+0000: 381.580: Total time for which application threads were stopped: 0.0008240 seconds, Stopping threads took: 0.0000640 seconds
2017-03-14T09:35:54.935+0000: 382.580: Total time for which application threads were stopped: 0.0001745 seconds, Stopping threads took: 0.0000304 seconds
2017-03-14T09:35:55.293+0000: 382.939: Total time for which application threads were stopped: 0.0001620 seconds, Stopping threads took: 0.0000346 seconds
2017-03-14T09:35:55.577+0000: 383.222: Total time for which application threads were stopped: 0.0001934 seconds, Stopping threads took: 0.0000498 seconds
2017-03-14T09:35:55.589+0000: 383.234: Total time for which application threads were stopped: 0.0001810 seconds, Stopping threads took: 0.0000422 seconds
2017-03-14T09:35:55.654+0000: 383.300: Total time for which application threads were stopped: 0.0081867 seconds, Stopping threads took: 0.0079654 seconds
2017-03-14T09:35:55.884+0000: 383.529: Total time for which application threads were stopped: 0.0002147 seconds, Stopping threads took: 0.0000461 seconds
2017-03-14T09:35:56.884+0000: 384.529: Total time for which application threads were stopped: 0.0001781 seconds, Stopping threads took: 0.0000301 seconds
2017-03-14T09:35:56.891+0000: 384.536: Total time for which application threads were stopped: 0.0003104 seconds, Stopping threads took: 0.0000224 seconds
{Heap before GC invocations=21 (full 1):
 par new generation   total 109248K, used 98776K [0x00000000e0000000, 0x00000000e8000000, 0x00000000e8000000)
  eden space 87424K,  99% used [0x00000000e0000000, 0x00000000e555ee08, 0x00000000e5560000)
  from space 21824K,  52% used [0x00000000e6ab0000, 0x00000000e75c7460, 0x00000000e8000000)
  to   space 21824K,   0% used [0x00000000e5560000, 0x00000000e5560000, 0x00000000e6ab0000)
 concurrent mark-sweep generation total 393216K, used 16358K [0x00000000e8000000, 0x0000000100000000, 0x0000000100000000)
 Metaspace       used 36414K, capacity 37145K, committed 37232K, reserved 1081344K
  class space    used 4231K, capacity 4451K, committed 4496K, reserved 1048576K
2017-03-14T09:35:56.911+0000: 384.556: [GC (Allocation Failure) 2017-03-14T09:35:56.911+0000: 384.556: [ParNew
Desired survivor size 20112992 bytes, new threshold 8 (max 8)
- age   1:    4356456 bytes,    4356456 total
- age   2:     131008 bytes,    4487464 total
- age   3:      65744 bytes,    4553208 total
- age   4:    2704592 bytes,    7257800 total
- age   5:     391912 bytes,    7649712 total
- age   6:      30472 bytes,    7680184 total
- age   7:       2064 bytes,    7682248 total
- age   8:    2717328 bytes,   10399576 total
: 98776K->13607K(109248K), 0.0422584 secs] 115135K->30047K(502464K), 0.0423924 secs] [Times: user=0.06 sys=0.00, real=0.04 secs] 
Heap after GC invocations=22 (full 1):
 par new generation   total 109248K, used 13607K [0x00000000e0000000, 0x00000000e8000000, 0x00000000e8000000)
  eden space 87424K,   0% used [0x00000000e0000000, 0x00000000e0000000, 0x00000000e5560000)
  from space 21824K,  62% used [0x00000000e5560000, 0x00000000e62a9f90, 0x00000000e6ab0000)
  to   space 21824K,   0% used [0x00000000e6ab0000, 0x00000000e6ab0000, 0x00000000e8000000)
 concurrent mark-sweep generation total 393216K, used 16439K [0x00000000e8000000, 0x0000000100000000, 0x0000000100000000)
 Metaspace       used 36414K, capacity 37145K, committed 37232K, reserved 1081344K
  class space    used 4231K, capacity 4451K, committed 4496K, reserved 1048576K
}
2017-03-14T09:35:56.953+0000: 384.598: Total time for which application threads were stopped: 0.0426878 seconds, Stopping threads took: 0.0000420 seconds
2017-03-14T09:35:56.957+0000: 384.603: Total time for which application threads were stopped: 0.0029321 seconds, Stopping threads took: 0.0027475 seconds
2017-03-14T09:35:57.236+0000: 384.882: Total time for which application threads were stopped: 0.0002538 seconds, Stopping threads took: 0.0000306 seconds
2017-03-14T09:35:57.417+0000: 385.063: Total time for which application threads were stopped: 0.0002036 seconds, Stopping threads took: 0.0000467 seconds
2017-03-14T09:35:58.419+0000: 386.064: Total time for which application threads were stopped: 0.0002004 seconds, Stopping threads took: 0.0000333 seconds
2017-03-14T09:35:58.612+0000: 386.258: Total time for which application threads were stopped: 0.0001537 seconds, Stopping threads took: 0.0000230 seconds
2017-03-14T09:35:58.631+0000: 386.277: Total time for which application threads were stopped: 0.0002162 seconds, Stopping threads took: 0.0000562 seconds
2017-03-14T09:35:58.638+0000: 386.283: Total time for which application threads were stopped: 0.0001980 seconds, Stopping threads took: 0.0000536 seconds
2017-03-14T09:35:58.728+0000: 386.373: Total time for which application threads were stopped: 0.0002427 seconds, Stopping threads took: 0.0000694 seconds
2017-03-14T09:35:59.728+0000: 387.374: Total time for which application threads were stopped: 0.0001903 seconds, Stopping threads took: 0.0000307 seconds
2017-03-14T09:35:59.919+0000: 387.564: Total time for which application threads were stopped: 0.0002128 seconds, Stopping threads took: 0.0000461 seconds
2017-03-14T09:36:00.242+0000: 387.888: Total time for which application threads were stopped: 0.0001657 seconds, Stopping threads took: 0.0000311 seconds
2017-03-14T09:36:00.254+0000: 387.899: Total time for which application threads were stopped: 0.0002180 seconds, Stopping threads took: 0.0000535 seconds
2017-03-14T09:36:00.371+0000: 388.016: Total time for which application threads were stopped: 0.0001980 seconds, Stopping threads took: 0.0000583 seconds
2017-03-14T09:36:01.371+0000: 389.017: Total time for which application threads were stopped: 0.0001859 seconds, Stopping threads took: 0.0000302 seconds
2017-03-14T09:36:01.688+0000: 389.333: Total time for which application threads were stopped: 0.0004404 seconds, Stopping threads took: 0.0001178 seconds
2017-03-14T09:36:01.692+0000: 389.338: Total time for which application threads were stopped: 0.0002021 seconds, Stopping threads took: 0.0000478 seconds
2017-03-14T09:36:01.693+0000: 389.338: Total time for which application threads were stopped: 0.0000858 seconds, Stopping threads took: 0.0000217 seconds
2017-03-14T09:36:01.733+0000: 389.378: Total time for which application threads were stopped: 0.0063539 seconds, Stopping threads took: 0.0061379 seconds
2017-03-14T09:36:02.068+0000: 389.713: Total time for which application threads were stopped: 0.0002711 seconds, Stopping threads took: 0.0000558 seconds
2017-03-14T09:36:02.710+0000: 390.355: Total time for which application threads were stopped: 0.0001703 seconds, Stopping threads took: 0.0000227 seconds
2017-03-14T09:36:03.263+0000: 390.908: Total time for which application threads were stopped: 0.0002191 seconds, Stopping threads took: 0.0000344 seconds
{Heap before GC invocations=22 (full 1):
 par new generation   total 109248K, used 101027K [0x00000000e0000000, 0x00000000e8000000, 0x00000000e8000000)
  eden space 87424K,  99% used [0x00000000e0000000, 0x00000000e555efa0, 0x00000000e5560000)
  from space 21824K,  62% used [0x00000000e5560000, 0x00000000e62a9f90, 0x00000000e6ab0000)
  to   space 21824K,   0% used [0x00000000e6ab0000, 0x00000000e6ab0000, 0x00000000e8000000)
 concurrent mark-sweep generation total 393216K, used 16439K [0x00000000e8000000, 0x0000000100000000, 0x0000000100000000)
 Metaspace       used 36968K, capacity 37669K, committed 37744K, reserved 1083392K
  class space    used 4232K, capacity 4451K, committed 4496K, reserved 1048576K
2017-03-14T09:36:03.272+0000: 390.917: [GC (Allocation Failure) 2017-03-14T09:36:03.272+0000: 390.917: [ParNew
Desired survivor size 20112992 bytes, new threshold 8 (max 8)
- age   1:    3703880 bytes,    3703880 total
- age   2:    1463472 bytes,    5167352 total
- age   3:     131008 bytes,    5298360 total
- age   4:      65744 bytes,    5364104 total
- age   5:    2704264 bytes,    8068368 total
- age   6:     391912 bytes,    8460280 total
- age   7:      30472 bytes,    8490752 total
- age   8:       2064 bytes,    8492816 total
: 101027K->11971K(109248K), 0.0519960 secs] 117467K->31071K(502464K), 0.0521034 secs] [Times: user=0.06 sys=0.01, real=0.05 secs] 
Heap after GC invocations=23 (full 1):
 par new generation   total 109248K, used 11971K [0x00000000e0000000, 0x00000000e8000000, 0x00000000e8000000)
  eden space 87424K,   0% used [0x00000000e0000000, 0x00000000e0000000, 0x00000000e5560000)
  from space 21824K,  54% used [0x00000000e6ab0000, 0x00000000e7660e10, 0x00000000e8000000)
  to   space 21824K,   0% used [0x00000000e5560000, 0x00000000e5560000, 0x00000000e6ab0000)
 concurrent mark-sweep generation total 393216K, used 19100K [0x00000000e8000000, 0x0000000100000000, 0x0000000100000000)
 Metaspace       used 36968K, capacity 37669K, committed 37744K, reserved 1083392K
  class space    used 4232K, capacity 4451K, committed 4496K, reserved 1048576K
}
2017-03-14T09:36:03.324+0000: 390.969: Total time for which application threads were stopped: 0.0524216 seconds, Stopping threads took: 0.0000445 seconds
2017-03-14T09:36:03.327+0000: 390.972: Total time for which application threads were stopped: 0.0001853 seconds, Stopping threads took: 0.0000330 seconds
2017-03-14T09:36:03.378+0000: 391.023: Total time for which application threads were stopped: 0.0002078 seconds, Stopping threads took: 0.0000321 seconds
2017-03-14T09:36:04.378+0000: 392.024: Total time for which application threads were stopped: 0.0002321 seconds, Stopping threads took: 0.0000494 seconds
2017-03-14T09:36:04.548+0000: 392.194: Total time for which application threads were stopped: 0.0001384 seconds, Stopping threads took: 0.0000214 seconds
2017-03-14T09:36:04.555+0000: 392.200: Total time for which application threads were stopped: 0.0002553 seconds, Stopping threads took: 0.0000797 seconds
2017-03-14T09:36:04.570+0000: 392.215: Total time for which application threads were stopped: 0.0002490 seconds, Stopping threads took: 0.0000393 seconds
2017-03-14T09:36:04.570+0000: 392.216: Total time for which application threads were stopped: 0.0001905 seconds, Stopping threads took: 0.0000798 seconds
2017-03-14T09:36:04.570+0000: 392.216: Total time for which application threads were stopped: 0.0001020 seconds, Stopping threads took: 0.0000317 seconds
2017-03-14T09:36:04.571+0000: 392.216: Total time for which application threads were stopped: 0.0001143 seconds, Stopping threads took: 0.0000327 seconds
2017-03-14T09:36:04.571+0000: 392.216: Total time for which application threads were stopped: 0.0002287 seconds, Stopping threads took: 0.0000523 seconds
2017-03-14T09:36:04.574+0000: 392.219: Total time for which application threads were stopped: 0.0012773 seconds, Stopping threads took: 0.0010605 seconds
2017-03-14T09:36:04.576+0000: 392.222: Total time for which application threads were stopped: 0.0003167 seconds, Stopping threads took: 0.0000630 seconds
2017-03-14T09:36:04.672+0000: 392.317: Total time for which application threads were stopped: 0.0002489 seconds, Stopping threads took: 0.0000710 seconds
2017-03-14T09:36:04.672+0000: 392.318: Total time for which application threads were stopped: 0.0000769 seconds, Stopping threads took: 0.0000134 seconds
2017-03-14T09:36:04.673+0000: 392.318: Total time for which application threads were stopped: 0.0001062 seconds, Stopping threads took: 0.0000387 seconds
2017-03-14T09:36:04.673+0000: 392.318: Total time for which application threads were stopped: 0.0000732 seconds, Stopping threads took: 0.0000221 seconds
2017-03-14T09:36:04.702+0000: 392.347: Total time for which application threads were stopped: 0.0001592 seconds, Stopping threads took: 0.0000311 seconds
2017-03-14T09:36:04.709+0000: 392.354: Total time for which application threads were stopped: 0.0005869 seconds, Stopping threads took: 0.0001180 seconds
2017-03-14T09:36:04.712+0000: 392.357: Total time for which application threads were stopped: 0.0001779 seconds, Stopping threads took: 0.0000486 seconds
2017-03-14T09:36:04.712+0000: 392.358: Total time for which application threads were stopped: 0.0001333 seconds, Stopping threads took: 0.0000430 seconds
2017-03-14T09:36:04.712+0000: 392.358: Total time for which application threads were stopped: 0.0000920 seconds, Stopping threads took: 0.0000264 seconds
2017-03-14T09:36:04.713+0000: 392.358: Total time for which application threads were stopped: 0.0000771 seconds, Stopping threads took: 0.0000240 seconds
2017-03-14T09:36:04.747+0000: 392.392: Total time for which application threads were stopped: 0.0002203 seconds, Stopping threads took: 0.0000741 seconds
2017-03-14T09:36:05.672+0000: 393.317: Total time for which application threads were stopped: 0.0001906 seconds, Stopping threads took: 0.0000301 seconds
2017-03-14T09:36:05.673+0000: 393.319: Total time for which application threads were stopped: 0.0001720 seconds, Stopping threads took: 0.0000289 seconds
2017-03-14T09:36:05.677+0000: 393.322: Total time for which application threads were stopped: 0.0002410 seconds, Stopping threads took: 0.0000631 seconds
2017-03-14T09:36:05.737+0000: 393.382: Total time for which application threads were stopped: 0.0002377 seconds, Stopping threads took: 0.0000739 seconds
2017-03-14T09:36:05.742+0000: 393.387: Total time for which application threads were stopped: 0.0002154 seconds, Stopping threads took: 0.0000663 seconds
2017-03-14T09:36:05.742+0000: 393.387: Total time for which application threads were stopped: 0.0000872 seconds, Stopping threads took: 0.0000220 seconds
2017-03-14T09:36:05.742+0000: 393.387: Total time for which application threads were stopped: 0.0000819 seconds, Stopping threads took: 0.0000199 seconds
2017-03-14T09:36:05.742+0000: 393.388: Total time for which application threads were stopped: 0.0000917 seconds, Stopping threads took: 0.0000206 seconds
2017-03-14T09:36:05.927+0000: 393.572: Total time for which application threads were stopped: 0.0006795 seconds, Stopping threads took: 0.0001278 seconds
2017-03-14T09:36:05.927+0000: 393.573: Total time for which application threads were stopped: 0.0001126 seconds, Stopping threads took: 0.0000138 seconds
2017-03-14T09:36:05.927+0000: 393.573: Total time for which application threads were stopped: 0.0000957 seconds, Stopping threads took: 0.0000117 seconds
2017-03-14T09:36:05.927+0000: 393.573: Total time for which application threads were stopped: 0.0000798 seconds, Stopping threads took: 0.0000095 seconds
2017-03-14T09:36:06.329+0000: 393.974: Total time for which application threads were stopped: 0.0001824 seconds, Stopping threads took: 0.0000361 seconds
2017-03-14T09:36:06.337+0000: 393.982: Total time for which application threads were stopped: 0.0002426 seconds, Stopping threads took: 0.0000625 seconds
2017-03-14T09:36:06.337+0000: 393.982: Total time for which application threads were stopped: 0.0000727 seconds, Stopping threads took: 0.0000098 seconds
2017-03-14T09:36:06.341+0000: 393.987: Total time for which application threads were stopped: 0.0001625 seconds, Stopping threads took: 0.0000233 seconds
2017-03-14T09:36:06.343+0000: 393.988: Total time for which application threads were stopped: 0.0001758 seconds, Stopping threads took: 0.0000391 seconds
2017-03-14T09:36:06.343+0000: 393.989: Total time for which application threads were stopped: 0.0000916 seconds, Stopping threads took: 0.0000229 seconds
2017-03-14T09:36:06.343+0000: 393.989: Total time for which application threads were stopped: 0.0000887 seconds, Stopping threads took: 0.0000226 seconds
2017-03-14T09:36:06.344+0000: 393.989: Total time for which application threads were stopped: 0.0000911 seconds, Stopping threads took: 0.0000262 seconds
2017-03-14T09:36:06.344+0000: 393.989: Total time for which application threads were stopped: 0.0000963 seconds, Stopping threads took: 0.0000289 seconds
2017-03-14T09:36:06.498+0000: 394.143: Total time for which application threads were stopped: 0.0002452 seconds, Stopping threads took: 0.0000334 seconds
2017-03-14T09:36:07.498+0000: 395.143: Total time for which application threads were stopped: 0.0001875 seconds, Stopping threads took: 0.0000545 seconds
2017-03-14T09:36:07.719+0000: 395.364: Total time for which application threads were stopped: 0.0002120 seconds, Stopping threads took: 0.0000444 seconds
2017-03-14T09:36:07.724+0000: 395.369: Total time for which application threads were stopped: 0.0002771 seconds, Stopping threads took: 0.0001116 seconds
2017-03-14T09:36:07.725+0000: 395.370: Total time for which application threads were stopped: 0.0001103 seconds, Stopping threads took: 0.0000181 seconds
2017-03-14T09:36:07.888+0000: 395.533: Total time for which application threads were stopped: 0.0003527 seconds, Stopping threads took: 0.0000490 seconds
2017-03-14T09:36:09.365+0000: 397.010: Total time for which application threads were stopped: 0.0001691 seconds, Stopping threads took: 0.0000241 seconds
2017-03-14T09:36:09.368+0000: 397.013: Total time for which application threads were stopped: 0.0002093 seconds, Stopping threads took: 0.0000416 seconds
2017-03-14T09:36:09.368+0000: 397.014: Total time for which application threads were stopped: 0.0001046 seconds, Stopping threads took: 0.0000228 seconds
2017-03-14T09:36:09.884+0000: 397.530: Total time for which application threads were stopped: 0.0001738 seconds, Stopping threads took: 0.0000348 seconds
2017-03-14T09:36:10.774+0000: 398.420: Total time for which application threads were stopped: 0.0001641 seconds, Stopping threads took: 0.0000253 seconds
2017-03-14T09:36:10.778+0000: 398.424: Total time for which application threads were stopped: 0.0002660 seconds, Stopping threads took: 0.0000537 seconds
2017-03-14T09:36:10.779+0000: 398.424: Total time for which application threads were stopped: 0.0001485 seconds, Stopping threads took: 0.0000309 seconds
2017-03-14T09:36:10.971+0000: 398.616: Total time for which application threads were stopped: 0.0001829 seconds, Stopping threads took: 0.0000316 seconds
2017-03-14T09:36:10.971+0000: 398.617: Total time for which application threads were stopped: 0.0001072 seconds, Stopping threads took: 0.0000193 seconds
2017-03-14T09:36:10.971+0000: 398.617: Total time for which application threads were stopped: 0.0001179 seconds, Stopping threads took: 0.0000125 seconds
2017-03-14T09:36:10.972+0000: 398.617: Total time for which application threads were stopped: 0.0001958 seconds, Stopping threads took: 0.0000188 seconds
2017-03-14T09:36:10.972+0000: 398.618: Total time for which application threads were stopped: 0.0002951 seconds, Stopping threads took: 0.0000451 seconds
2017-03-14T09:36:10.973+0000: 398.618: Total time for which application threads were stopped: 0.0002183 seconds, Stopping threads took: 0.0000302 seconds
{Heap before GC invocations=23 (full 1):
 par new generation   total 109248K, used 99395K [0x00000000e0000000, 0x00000000e8000000, 0x00000000e8000000)
  eden space 87424K, 100% used [0x00000000e0000000, 0x00000000e5560000, 0x00000000e5560000)
  from space 21824K,  54% used [0x00000000e6ab0000, 0x00000000e7660e10, 0x00000000e8000000)
  to   space 21824K,   0% used [0x00000000e5560000, 0x00000000e5560000, 0x00000000e6ab0000)
 concurrent mark-sweep generation total 393216K, used 19100K [0x00000000e8000000, 0x0000000100000000, 0x0000000100000000)
 Metaspace       used 37179K, capacity 37933K, committed 38000K, reserved 1083392K
  class space    used 4232K, capacity 4451K, committed 4496K, reserved 1048576K
2017-03-14T09:36:11.078+0000: 398.723: [GC (Allocation Failure) 2017-03-14T09:36:11.078+0000: 398.723: [ParNew
Desired survivor size 20112992 bytes, new threshold 8 (max 8)
- age   1:    3705880 bytes,    3705880 total
- age   2:    1693392 bytes,    5399272 total
- age   3:    1422912 bytes,    6822184 total
- age   4:     131008 bytes,    6953192 total
- age   5:      65744 bytes,    7018936 total
- age   6:    2701144 bytes,    9720080 total
- age   7:     391912 bytes,   10111992 total
- age   8:      30472 bytes,   10142464 total
: 99395K->11126K(109248K), 0.0149439 secs] 118495K->30228K(502464K), 0.0150671 secs] [Times: user=0.04 sys=0.00, real=0.02 secs] 
Heap after GC invocations=24 (full 1):
 par new generation   total 109248K, used 11126K [0x00000000e0000000, 0x00000000e8000000, 0x00000000e8000000)
  eden space 87424K,   0% used [0x00000000e0000000, 0x00000000e0000000, 0x00000000e5560000)
  from space 21824K,  50% used [0x00000000e5560000, 0x00000000e603d870, 0x00000000e6ab0000)
  to   space 21824K,   0% used [0x00000000e6ab0000, 0x00000000e6ab0000, 0x00000000e8000000)
 concurrent mark-sweep generation total 393216K, used 19102K [0x00000000e8000000, 0x0000000100000000, 0x0000000100000000)
 Metaspace       used 37179K, capacity 37933K, committed 38000K, reserved 1083392K
  class space    used 4232K, capacity 4451K, committed 4496K, reserved 1048576K
}
2017-03-14T09:36:11.093+0000: 398.738: Total time for which application threads were stopped: 0.0153569 seconds, Stopping threads took: 0.0000340 seconds
2017-03-14T09:36:11.537+0000: 399.182: Total time for which application threads were stopped: 0.0002373 seconds, Stopping threads took: 0.0000275 seconds
2017-03-14T09:36:11.829+0000: 399.474: Total time for which application threads were stopped: 0.0002366 seconds, Stopping threads took: 0.0000625 seconds
2017-03-14T09:36:11.829+0000: 399.475: Total time for which application threads were stopped: 0.0001492 seconds, Stopping threads took: 0.0000216 seconds
2017-03-14T09:36:11.830+0000: 399.475: Total time for which application threads were stopped: 0.0001057 seconds, Stopping threads took: 0.0000118 seconds
2017-03-14T09:36:11.830+0000: 399.475: Total time for which application threads were stopped: 0.0001055 seconds, Stopping threads took: 0.0000134 seconds
2017-03-14T09:36:11.830+0000: 399.475: Total time for which application threads were stopped: 0.0000875 seconds, Stopping threads took: 0.0000105 seconds
2017-03-14T09:36:11.831+0000: 399.477: Total time for which application threads were stopped: 0.0003143 seconds, Stopping threads took: 0.0000334 seconds
2017-03-14T09:36:11.841+0000: 399.486: Total time for which application threads were stopped: 0.0030327 seconds, Stopping threads took: 0.0027175 seconds
2017-03-14T09:36:11.843+0000: 399.488: Total time for which application threads were stopped: 0.0005624 seconds, Stopping threads took: 0.0000335 seconds
2017-03-14T09:36:11.877+0000: 399.523: Total time for which application threads were stopped: 0.0003389 seconds, Stopping threads took: 0.0001598 seconds
2017-03-14T09:36:11.877+0000: 399.523: Total time for which application threads were stopped: 0.0001218 seconds, Stopping threads took: 0.0000272 seconds
2017-03-14T09:36:11.877+0000: 399.523: Total time for which application threads were stopped: 0.0001321 seconds, Stopping threads took: 0.0000193 seconds
2017-03-14T09:36:11.878+0000: 399.523: Total time for which application threads were stopped: 0.0001869 seconds, Stopping threads took: 0.0000233 seconds
2017-03-14T09:36:11.878+0000: 399.524: Total time for which application threads were stopped: 0.0003495 seconds, Stopping threads took: 0.0000248 seconds
2017-03-14T09:36:11.886+0000: 399.531: Total time for which application threads were stopped: 0.0002310 seconds, Stopping threads took: 0.0000547 seconds
2017-03-14T09:36:12.407+0000: 400.052: Total time for which application threads were stopped: 0.0001809 seconds, Stopping threads took: 0.0000370 seconds
2017-03-14T09:36:12.409+0000: 400.055: Total time for which application threads were stopped: 0.0001774 seconds, Stopping threads took: 0.0000334 seconds
2017-03-14T09:36:12.409+0000: 400.055: Total time for which application threads were stopped: 0.0000759 seconds, Stopping threads took: 0.0000166 seconds
2017-03-14T09:36:12.410+0000: 400.055: Total time for which application threads were stopped: 0.0000730 seconds, Stopping threads took: 0.0000153 seconds
2017-03-14T09:36:12.410+0000: 400.055: Total time for which application threads were stopped: 0.0000727 seconds, Stopping threads took: 0.0000158 seconds
2017-03-14T09:36:12.410+0000: 400.055: Total time for which application threads were stopped: 0.0000729 seconds, Stopping threads took: 0.0000165 seconds
2017-03-14T09:36:12.410+0000: 400.055: Total time for which application threads were stopped: 0.0000776 seconds, Stopping threads took: 0.0000170 seconds
2017-03-14T09:36:12.515+0000: 400.161: Total time for which application threads were stopped: 0.0002522 seconds, Stopping threads took: 0.0000370 seconds
2017-03-14T09:36:13.516+0000: 401.161: Total time for which application threads were stopped: 0.0002327 seconds, Stopping threads took: 0.0000475 seconds
2017-03-14T09:36:14.230+0000: 401.875: Total time for which application threads were stopped: 0.0003196 seconds, Stopping threads took: 0.0000229 seconds
2017-03-14T09:36:14.246+0000: 401.891: Total time for which application threads were stopped: 0.0001836 seconds, Stopping threads took: 0.0000250 seconds
2017-03-14T09:36:15.246+0000: 402.892: Total time for which application threads were stopped: 0.0001752 seconds, Stopping threads took: 0.0000327 seconds
2017-03-14T09:36:15.439+0000: 403.085: Total time for which application threads were stopped: 0.0001653 seconds, Stopping threads took: 0.0000232 seconds
2017-03-14T09:36:15.480+0000: 403.125: Total time for which application threads were stopped: 0.0074429 seconds, Stopping threads took: 0.0072554 seconds
2017-03-14T09:36:15.548+0000: 403.194: Total time for which application threads were stopped: 0.0002793 seconds, Stopping threads took: 0.0000576 seconds
2017-03-14T09:36:15.559+0000: 403.204: Total time for which application threads were stopped: 0.0002006 seconds, Stopping threads took: 0.0000555 seconds
2017-03-14T09:36:15.559+0000: 403.204: Total time for which application threads were stopped: 0.0000972 seconds, Stopping threads took: 0.0000256 seconds
2017-03-14T09:36:15.624+0000: 403.270: Total time for which application threads were stopped: 0.0039805 seconds, Stopping threads took: 0.0000697 seconds
{Heap before GC invocations=24 (full 1):
 par new generation   total 109248K, used 98550K [0x00000000e0000000, 0x00000000e8000000, 0x00000000e8000000)
  eden space 87424K, 100% used [0x00000000e0000000, 0x00000000e5560000, 0x00000000e5560000)
  from space 21824K,  50% used [0x00000000e5560000, 0x00000000e603d870, 0x00000000e6ab0000)
  to   space 21824K,   0% used [0x00000000e6ab0000, 0x00000000e6ab0000, 0x00000000e8000000)
 concurrent mark-sweep generation total 393216K, used 19102K [0x00000000e8000000, 0x0000000100000000, 0x0000000100000000)
 Metaspace       used 37599K, capacity 38349K, committed 38512K, reserved 1083392K
  class space    used 4265K, capacity 4483K, committed 4496K, reserved 1048576K
2017-03-14T09:36:16.215+0000: 403.860: [GC (Allocation Failure) 2017-03-14T09:36:16.215+0000: 403.860: [ParNew
Desired survivor size 20112992 bytes, new threshold 8 (max 8)
- age   1:    5702288 bytes,    5702288 total
- age   2:    1734480 bytes,    7436768 total
- age   3:    1690928 bytes,    9127696 total
- age   4:    1422864 bytes,   10550560 total
- age   5:     131008 bytes,   10681568 total
- age   6:      65744 bytes,   10747312 total
- age   7:    2701016 bytes,   13448328 total
- age   8:     391912 bytes,   13840240 total
: 98550K->15146K(109248K), 0.0370591 secs] 117652K->34279K(502464K), 0.0371919 secs] [Times: user=0.08 sys=0.00, real=0.04 secs] 
Heap after GC invocations=25 (full 1):
 par new generation   total 109248K, used 15146K [0x00000000e0000000, 0x00000000e8000000, 0x00000000e8000000)
  eden space 87424K,   0% used [0x00000000e0000000, 0x00000000e0000000, 0x00000000e5560000)
  from space 21824K,  69% used [0x00000000e6ab0000, 0x00000000e797a850, 0x00000000e8000000)
  to   space 21824K,   0% used [0x00000000e5560000, 0x00000000e5560000, 0x00000000e6ab0000)
 concurrent mark-sweep generation total 393216K, used 19132K [0x00000000e8000000, 0x0000000100000000, 0x0000000100000000)
 Metaspace       used 37599K, capacity 38349K, committed 38512K, reserved 1083392K
  class space    used 4265K, capacity 4483K, committed 4496K, reserved 1048576K
}
2017-03-14T09:36:16.252+0000: 403.898: Total time for which application threads were stopped: 0.0376085 seconds, Stopping threads took: 0.0000344 seconds
2017-03-14T09:36:16.269+0000: 403.914: Total time for which application threads were stopped: 0.0072648 seconds, Stopping threads took: 0.0065327 seconds
2017-03-14T09:36:16.322+0000: 403.968: Total time for which application threads were stopped: 0.0010325 seconds, Stopping threads took: 0.0000544 seconds
2017-03-14T09:36:17.220+0000: 404.866: Total time for which application threads were stopped: 0.0002594 seconds, Stopping threads took: 0.0000707 seconds
2017-03-14T09:36:17.256+0000: 404.901: Total time for which application threads were stopped: 0.0002429 seconds, Stopping threads took: 0.0000601 seconds
2017-03-14T09:36:17.256+0000: 404.901: Total time for which application threads were stopped: 0.0001078 seconds, Stopping threads took: 0.0000261 seconds
2017-03-14T09:36:17.256+0000: 404.902: Total time for which application threads were stopped: 0.0002689 seconds, Stopping threads took: 0.0000237 seconds
2017-03-14T09:36:17.257+0000: 404.903: Total time for which application threads were stopped: 0.0003453 seconds, Stopping threads took: 0.0000370 seconds
2017-03-14T09:36:17.309+0000: 404.954: Total time for which application threads were stopped: 0.0002516 seconds, Stopping threads took: 0.0001044 seconds
2017-03-14T09:36:18.310+0000: 405.956: Total time for which application threads were stopped: 0.0002022 seconds, Stopping threads took: 0.0000315 seconds
2017-03-14T09:36:18.452+0000: 406.097: Total time for which application threads were stopped: 0.0002356 seconds, Stopping threads took: 0.0000543 seconds
2017-03-14T09:36:18.507+0000: 406.152: Total time for which application threads were stopped: 0.0002015 seconds, Stopping threads took: 0.0000481 seconds
2017-03-14T09:36:18.507+0000: 406.152: Total time for which application threads were stopped: 0.0001093 seconds, Stopping threads took: 0.0000149 seconds
2017-03-14T09:36:18.507+0000: 406.152: Total time for which application threads were stopped: 0.0000833 seconds, Stopping threads took: 0.0000103 seconds
2017-03-14T09:36:18.507+0000: 406.152: Total time for which application threads were stopped: 0.0000755 seconds, Stopping threads took: 0.0000100 seconds
2017-03-14T09:36:18.507+0000: 406.153: Total time for which application threads were stopped: 0.0000893 seconds, Stopping threads took: 0.0000116 seconds
2017-03-14T09:36:18.507+0000: 406.153: Total time for which application threads were stopped: 0.0000855 seconds, Stopping threads took: 0.0000114 seconds
2017-03-14T09:36:18.507+0000: 406.153: Total time for which application threads were stopped: 0.0000780 seconds, Stopping threads took: 0.0000109 seconds
2017-03-14T09:36:18.508+0000: 406.153: Total time for which application threads were stopped: 0.0000796 seconds, Stopping threads took: 0.0000107 seconds
2017-03-14T09:36:18.508+0000: 406.153: Total time for which application threads were stopped: 0.0000757 seconds, Stopping threads took: 0.0000104 seconds
2017-03-14T09:36:18.508+0000: 406.153: Total time for which application threads were stopped: 0.0000731 seconds, Stopping threads took: 0.0000106 seconds
2017-03-14T09:36:18.508+0000: 406.153: Total time for which application threads were stopped: 0.0000749 seconds, Stopping threads took: 0.0000098 seconds
2017-03-14T09:36:18.508+0000: 406.154: Total time for which application threads were stopped: 0.0000969 seconds, Stopping threads took: 0.0000129 seconds
2017-03-14T09:36:18.508+0000: 406.154: Total time for which application threads were stopped: 0.0002488 seconds, Stopping threads took: 0.0001877 seconds
2017-03-14T09:36:18.509+0000: 406.154: Total time for which application threads were stopped: 0.0000716 seconds, Stopping threads took: 0.0000250 seconds
2017-03-14T09:36:18.509+0000: 406.154: Total time for which application threads were stopped: 0.0000716 seconds, Stopping threads took: 0.0000301 seconds
2017-03-14T09:36:18.510+0000: 406.156: Total time for which application threads were stopped: 0.0015637 seconds, Stopping threads took: 0.0014199 seconds
2017-03-14T09:36:18.511+0000: 406.156: Total time for which application threads were stopped: 0.0000915 seconds, Stopping threads took: 0.0000212 seconds
2017-03-14T09:36:18.511+0000: 406.156: Total time for which application threads were stopped: 0.0001194 seconds, Stopping threads took: 0.0000411 seconds
2017-03-14T09:36:18.511+0000: 406.156: Total time for which application threads were stopped: 0.0002200 seconds, Stopping threads took: 0.0000212 seconds
2017-03-14T09:36:18.511+0000: 406.157: Total time for which application threads were stopped: 0.0000861 seconds, Stopping threads took: 0.0000227 seconds
2017-03-14T09:36:18.511+0000: 406.157: Total time for which application threads were stopped: 0.0000709 seconds, Stopping threads took: 0.0000212 seconds
2017-03-14T09:36:18.512+0000: 406.158: Total time for which application threads were stopped: 0.0003166 seconds, Stopping threads took: 0.0000452 seconds
2017-03-14T09:36:18.513+0000: 406.158: Total time for which application threads were stopped: 0.0001231 seconds, Stopping threads took: 0.0000147 seconds
2017-03-14T09:36:18.513+0000: 406.158: Total time for which application threads were stopped: 0.0001279 seconds, Stopping threads took: 0.0000277 seconds
2017-03-14T09:36:18.513+0000: 406.159: Total time for which application threads were stopped: 0.0002118 seconds, Stopping threads took: 0.0000562 seconds
2017-03-14T09:36:18.526+0000: 406.172: Total time for which application threads were stopped: 0.0001515 seconds, Stopping threads took: 0.0000214 seconds
2017-03-14T09:36:19.527+0000: 407.172: Total time for which application threads were stopped: 0.0001502 seconds, Stopping threads took: 0.0000312 seconds
2017-03-14T09:36:19.810+0000: 407.456: Total time for which application threads were stopped: 0.0002610 seconds, Stopping threads took: 0.0000646 seconds
2017-03-14T09:36:19.811+0000: 407.456: Total time for which application threads were stopped: 0.0000929 seconds, Stopping threads took: 0.0000122 seconds
2017-03-14T09:36:19.811+0000: 407.456: Total time for which application threads were stopped: 0.0000928 seconds, Stopping threads took: 0.0000121 seconds
2017-03-14T09:36:19.811+0000: 407.457: Total time for which application threads were stopped: 0.0000911 seconds, Stopping threads took: 0.0000118 seconds
{Heap before GC invocations=25 (full 1):
 par new generation   total 109248K, used 102123K [0x00000000e0000000, 0x00000000e8000000, 0x00000000e8000000)
  eden space 87424K,  99% used [0x00000000e0000000, 0x00000000e54f04e0, 0x00000000e5560000)
  from space 21824K,  69% used [0x00000000e6ab0000, 0x00000000e797a850, 0x00000000e8000000)
  to   space 21824K,   0% used [0x00000000e5560000, 0x00000000e5560000, 0x00000000e6ab0000)
 concurrent mark-sweep generation total 393216K, used 19132K [0x00000000e8000000, 0x0000000100000000, 0x0000000100000000)
 Metaspace       used 37915K, capacity 38701K, committed 38896K, reserved 1083392K
  class space    used 4300K, capacity 4515K, committed 4624K, reserved 1048576K
2017-03-14T09:36:20.222+0000: 407.867: [GC (Allocation Failure) 2017-03-14T09:36:20.222+0000: 407.867: [ParNew
Desired survivor size 20112992 bytes, new threshold 8 (max 8)
- age   1:    5025920 bytes,    5025920 total
- age   2:    2235232 bytes,    7261152 total
- age   3:    1022120 bytes,    8283272 total
- age   4:     859312 bytes,    9142584 total
- age   5:    1304576 bytes,   10447160 total
- age   6:     131008 bytes,   10578168 total
- age   7:      65744 bytes,   10643912 total
- age   8:    2699808 bytes,   13343720 total
: 102123K->20252K(109248K), 0.0226220 secs] 121256K->39768K(502464K), 0.0227430 secs] [Times: user=0.04 sys=0.00, real=0.03 secs] 
Heap after GC invocations=26 (full 1):
 par new generation   total 109248K, used 20252K [0x00000000e0000000, 0x00000000e8000000, 0x00000000e8000000)
  eden space 87424K,   0% used [0x00000000e0000000, 0x00000000e0000000, 0x00000000e5560000)
  from space 21824K,  92% used [0x00000000e5560000, 0x00000000e6927180, 0x00000000e6ab0000)
  to   space 21824K,   0% used [0x00000000e6ab0000, 0x00000000e6ab0000, 0x00000000e8000000)
 concurrent mark-sweep generation total 393216K, used 19516K [0x00000000e8000000, 0x0000000100000000, 0x0000000100000000)
 Metaspace       used 37915K, capacity 38701K, committed 38896K, reserved 1083392K
  class space    used 4300K, capacity 4515K, committed 4624K, reserved 1048576K
}
2017-03-14T09:36:20.245+0000: 407.890: Total time for which application threads were stopped: 0.0230417 seconds, Stopping threads took: 0.0000299 seconds
2017-03-14T09:36:20.250+0000: 407.895: Total time for which application threads were stopped: 0.0002004 seconds, Stopping threads took: 0.0000415 seconds
2017-03-14T09:36:20.250+0000: 407.895: Total time for which application threads were stopped: 0.0000741 seconds, Stopping threads took: 0.0000107 seconds
2017-03-14T09:36:20.254+0000: 407.899: Total time for which application threads were stopped: 0.0001323 seconds, Stopping threads took: 0.0000255 seconds
2017-03-14T09:36:20.254+0000: 407.899: Total time for which application threads were stopped: 0.0000592 seconds, Stopping threads took: 0.0000102 seconds
2017-03-14T09:36:20.254+0000: 407.899: Total time for which application threads were stopped: 0.0000791 seconds, Stopping threads took: 0.0000257 seconds
2017-03-14T09:36:20.254+0000: 407.899: Total time for which application threads were stopped: 0.0000809 seconds, Stopping threads took: 0.0000271 seconds
2017-03-14T09:36:20.254+0000: 407.900: Total time for which application threads were stopped: 0.0000655 seconds, Stopping threads took: 0.0000128 seconds
2017-03-14T09:36:20.254+0000: 407.900: Total time for which application threads were stopped: 0.0000587 seconds, Stopping threads took: 0.0000116 seconds
2017-03-14T09:36:20.254+0000: 407.900: Total time for which application threads were stopped: 0.0000600 seconds, Stopping threads took: 0.0000132 seconds
2017-03-14T09:36:20.254+0000: 407.900: Total time for which application threads were stopped: 0.0000733 seconds, Stopping threads took: 0.0000216 seconds
2017-03-14T09:36:20.255+0000: 407.900: Total time for which application threads were stopped: 0.0000830 seconds, Stopping threads took: 0.0000281 seconds
2017-03-14T09:36:20.255+0000: 407.900: Total time for which application threads were stopped: 0.0000658 seconds, Stopping threads took: 0.0000130 seconds
2017-03-14T09:36:20.255+0000: 407.900: Total time for which application threads were stopped: 0.0000803 seconds, Stopping threads took: 0.0000122 seconds
2017-03-14T09:36:20.255+0000: 407.900: Total time for which application threads were stopped: 0.0000805 seconds, Stopping threads took: 0.0000118 seconds
2017-03-14T09:36:20.255+0000: 407.900: Total time for which application threads were stopped: 0.0000949 seconds, Stopping threads took: 0.0000427 seconds
2017-03-14T09:36:20.255+0000: 407.901: Total time for which application threads were stopped: 0.0000700 seconds, Stopping threads took: 0.0000182 seconds
2017-03-14T09:36:20.255+0000: 407.901: Total time for which application threads were stopped: 0.0000676 seconds, Stopping threads took: 0.0000179 seconds
2017-03-14T09:36:20.255+0000: 407.901: Total time for which application threads were stopped: 0.0000676 seconds, Stopping threads took: 0.0000173 seconds
2017-03-14T09:36:20.255+0000: 407.901: Total time for which application threads were stopped: 0.0000707 seconds, Stopping threads took: 0.0000203 seconds
2017-03-14T09:36:20.256+0000: 407.901: Total time for which application threads were stopped: 0.0001969 seconds, Stopping threads took: 0.0000211 seconds
2017-03-14T09:36:20.378+0000: 408.023: Total time for which application threads were stopped: 0.0003053 seconds, Stopping threads took: 0.0000415 seconds
2017-03-14T09:36:20.874+0000: 408.520: Total time for which application threads were stopped: 0.0002103 seconds, Stopping threads took: 0.0000618 seconds
2017-03-14T09:36:20.876+0000: 408.522: Total time for which application threads were stopped: 0.0011188 seconds, Stopping threads took: 0.0000626 seconds
2017-03-14T09:36:21.159+0000: 408.804: Total time for which application threads were stopped: 0.0002100 seconds, Stopping threads took: 0.0000271 seconds
2017-03-14T09:36:21.159+0000: 408.804: Total time for which application threads were stopped: 0.0000875 seconds, Stopping threads took: 0.0000111 seconds
2017-03-14T09:36:21.159+0000: 408.804: Total time for which application threads were stopped: 0.0000920 seconds, Stopping threads took: 0.0000109 seconds
2017-03-14T09:36:21.159+0000: 408.805: Total time for which application threads were stopped: 0.0000832 seconds, Stopping threads took: 0.0000094 seconds
2017-03-14T09:36:21.469+0000: 409.115: Total time for which application threads were stopped: 0.0002007 seconds, Stopping threads took: 0.0000569 seconds
2017-03-14T09:36:21.595+0000: 409.240: Total time for which application threads were stopped: 0.0001839 seconds, Stopping threads took: 0.0000323 seconds
2017-03-14T09:36:22.240+0000: 409.885: Total time for which application threads were stopped: 0.0002136 seconds, Stopping threads took: 0.0000506 seconds
2017-03-14T09:36:22.256+0000: 409.902: Total time for which application threads were stopped: 0.0010323 seconds, Stopping threads took: 0.0008739 seconds
2017-03-14T09:36:22.295+0000: 409.940: Total time for which application threads were stopped: 0.0001751 seconds, Stopping threads took: 0.0000247 seconds
2017-03-14T09:36:23.295+0000: 410.941: Total time for which application threads were stopped: 0.0002455 seconds, Stopping threads took: 0.0000849 seconds
2017-03-14T09:36:23.325+0000: 410.971: Total time for which application threads were stopped: 0.0001708 seconds, Stopping threads took: 0.0000346 seconds
2017-03-14T09:36:23.561+0000: 411.207: Total time for which application threads were stopped: 0.0001673 seconds, Stopping threads took: 0.0000334 seconds
2017-03-14T09:36:24.530+0000: 412.175: Total time for which application threads were stopped: 0.0002111 seconds, Stopping threads took: 0.0000627 seconds
2017-03-14T09:36:24.551+0000: 412.197: Total time for which application threads were stopped: 0.0001808 seconds, Stopping threads took: 0.0000638 seconds
2017-03-14T09:36:24.557+0000: 412.202: Total time for which application threads were stopped: 0.0001615 seconds, Stopping threads took: 0.0000368 seconds
2017-03-14T09:36:24.606+0000: 412.252: Total time for which application threads were stopped: 0.0005351 seconds, Stopping threads took: 0.0001559 seconds
2017-03-14T09:36:25.607+0000: 413.252: Total time for which application threads were stopped: 0.0001659 seconds, Stopping threads took: 0.0000349 seconds
{Heap before GC invocations=26 (full 1):
 par new generation   total 109248K, used 107676K [0x00000000e0000000, 0x00000000e8000000, 0x00000000e8000000)
  eden space 87424K, 100% used [0x00000000e0000000, 0x00000000e5560000, 0x00000000e5560000)
  from space 21824K,  92% used [0x00000000e5560000, 0x00000000e6927180, 0x00000000e6ab0000)
  to   space 21824K,   0% used [0x00000000e6ab0000, 0x00000000e6ab0000, 0x00000000e8000000)
 concurrent mark-sweep generation total 393216K, used 19516K [0x00000000e8000000, 0x0000000100000000, 0x0000000100000000)
 Metaspace       used 37981K, capacity 38765K, committed 38896K, reserved 1083392K
  class space    used 4300K, capacity 4515K, committed 4624K, reserved 1048576K
2017-03-14T09:36:26.478+0000: 414.124: [GC (Allocation Failure) 2017-03-14T09:36:26.478+0000: 414.124: [ParNew
Desired survivor size 20112992 bytes, new threshold 8 (max 8)
- age   1:    3499224 bytes,    3499224 total
- age   2:    2973720 bytes,    6472944 total
- age   3:    1858352 bytes,    8331296 total
- age   4:     237288 bytes,    8568584 total
- age   5:     125808 bytes,    8694392 total
- age   6:    1061616 bytes,    9756008 total
- age   7:     131008 bytes,    9887016 total
- age   8:      65744 bytes,    9952760 total
: 107676K->14473K(109248K), 0.0161905 secs] 127192K->36501K(502464K), 0.0162929 secs] [Times: user=0.04 sys=0.00, real=0.02 secs] 
Heap after GC invocations=27 (full 1):
 par new generation   total 109248K, used 14473K [0x00000000e0000000, 0x00000000e8000000, 0x00000000e8000000)
  eden space 87424K,   0% used [0x00000000e0000000, 0x00000000e0000000, 0x00000000e5560000)
  from space 21824K,  66% used [0x00000000e6ab0000, 0x00000000e78d24d0, 0x00000000e8000000)
  to   space 21824K,   0% used [0x00000000e5560000, 0x00000000e5560000, 0x00000000e6ab0000)
 concurrent mark-sweep generation total 393216K, used 22028K [0x00000000e8000000, 0x0000000100000000, 0x0000000100000000)
 Metaspace       used 37981K, capacity 38765K, committed 38896K, reserved 1083392K
  class space    used 4300K, capacity 4515K, committed 4624K, reserved 1048576K
}
2017-03-14T09:36:26.495+0000: 414.140: Total time for which application threads were stopped: 0.0165677 seconds, Stopping threads took: 0.0000456 seconds
2017-03-14T09:36:26.498+0000: 414.144: Total time for which application threads were stopped: 0.0035753 seconds, Stopping threads took: 0.0033216 seconds
2017-03-14T09:36:26.541+0000: 414.186: Total time for which application threads were stopped: 0.0001756 seconds, Stopping threads took: 0.0000252 seconds
2017-03-14T09:36:27.541+0000: 415.186: Total time for which application threads were stopped: 0.0001603 seconds, Stopping threads took: 0.0000282 seconds
2017-03-14T09:36:27.612+0000: 415.257: Total time for which application threads were stopped: 0.0001689 seconds, Stopping threads took: 0.0000272 seconds
2017-03-14T09:36:28.612+0000: 416.257: Total time for which application threads were stopped: 0.0001597 seconds, Stopping threads took: 0.0000312 seconds
2017-03-14T09:36:29.612+0000: 417.257: Total time for which application threads were stopped: 0.0002522 seconds, Stopping threads took: 0.0000341 seconds
2017-03-14T09:36:30.620+0000: 418.266: Total time for which application threads were stopped: 0.0084807 seconds, Stopping threads took: 0.0083339 seconds
2017-03-14T09:36:30.682+0000: 418.327: Total time for which application threads were stopped: 0.0314057 seconds, Stopping threads took: 0.0311353 seconds
2017-03-14T09:36:31.696+0000: 419.342: Total time for which application threads were stopped: 0.0001936 seconds, Stopping threads took: 0.0000295 seconds
{Heap before GC invocations=27 (full 1):
 par new generation   total 109248K, used 101897K [0x00000000e0000000, 0x00000000e8000000, 0x00000000e8000000)
  eden space 87424K, 100% used [0x00000000e0000000, 0x00000000e5560000, 0x00000000e5560000)
  from space 21824K,  66% used [0x00000000e6ab0000, 0x00000000e78d24d0, 0x00000000e8000000)
  to   space 21824K,   0% used [0x00000000e5560000, 0x00000000e5560000, 0x00000000e6ab0000)
 concurrent mark-sweep generation total 393216K, used 22028K [0x00000000e8000000, 0x0000000100000000, 0x0000000100000000)
 Metaspace       used 38035K, capacity 38773K, committed 38896K, reserved 1083392K
  class space    used 4300K, capacity 4515K, committed 4624K, reserved 1048576K
2017-03-14T09:36:31.806+0000: 419.452: [GC (Allocation Failure) 2017-03-14T09:36:31.806+0000: 419.452: [ParNew
Desired survivor size 20112992 bytes, new threshold 8 (max 8)
- age   1:    4158168 bytes,    4158168 total
- age   2:    1358088 bytes,    5516256 total
- age   3:    2968552 bytes,    8484808 total
- age   4:    1852696 bytes,   10337504 total
- age   5:     231336 bytes,   10568840 total
- age   6:     119016 bytes,   10687856 total
- age   7:    1057552 bytes,   11745408 total
- age   8:     131008 bytes,   11876416 total
: 101897K->15276K(109248K), 0.0198153 secs] 123925K->37371K(502464K), 0.0199304 secs] [Times: user=0.05 sys=0.00, real=0.02 secs] 
Heap after GC invocations=28 (full 1):
 par new generation   total 109248K, used 15276K [0x00000000e0000000, 0x00000000e8000000, 0x00000000e8000000)
  eden space 87424K,   0% used [0x00000000e0000000, 0x00000000e0000000, 0x00000000e5560000)
  from space 21824K,  69% used [0x00000000e5560000, 0x00000000e644b180, 0x00000000e6ab0000)
  to   space 21824K,   0% used [0x00000000e6ab0000, 0x00000000e6ab0000, 0x00000000e8000000)
 concurrent mark-sweep generation total 393216K, used 22094K [0x00000000e8000000, 0x0000000100000000, 0x0000000100000000)
 Metaspace       used 38035K, capacity 38773K, committed 38896K, reserved 1083392K
  class space    used 4300K, capacity 4515K, committed 4624K, reserved 1048576K
}
2017-03-14T09:36:31.826+0000: 419.472: Total time for which application threads were stopped: 0.0202353 seconds, Stopping threads took: 0.0000484 seconds
2017-03-14T09:36:32.678+0000: 420.323: Total time for which application threads were stopped: 0.0001797 seconds, Stopping threads took: 0.0000290 seconds
2017-03-14T09:36:33.681+0000: 421.326: Total time for which application threads were stopped: 0.0001681 seconds, Stopping threads took: 0.0000310 seconds
2017-03-14T09:36:33.689+0000: 421.334: Total time for which application threads were stopped: 0.0002022 seconds, Stopping threads took: 0.0000267 seconds
2017-03-14T09:36:34.595+0000: 422.241: Total time for which application threads were stopped: 0.0001719 seconds, Stopping threads took: 0.0000490 seconds
2017-03-14T09:36:34.595+0000: 422.241: Total time for which application threads were stopped: 0.0000692 seconds, Stopping threads took: 0.0000133 seconds
2017-03-14T09:36:34.595+0000: 422.241: Total time for which application threads were stopped: 0.0000621 seconds, Stopping threads took: 0.0000088 seconds
2017-03-14T09:36:34.596+0000: 422.241: Total time for which application threads were stopped: 0.0000665 seconds, Stopping threads took: 0.0000135 seconds
2017-03-14T09:36:34.681+0000: 422.327: Total time for which application threads were stopped: 0.0001634 seconds, Stopping threads took: 0.0000333 seconds
2017-03-14T09:36:34.681+0000: 422.327: Total time for which application threads were stopped: 0.0000762 seconds, Stopping threads took: 0.0000090 seconds
2017-03-14T09:36:34.682+0000: 422.327: Total time for which application threads were stopped: 0.0000673 seconds, Stopping threads took: 0.0000077 seconds
2017-03-14T09:36:34.682+0000: 422.327: Total time for which application threads were stopped: 0.0000642 seconds, Stopping threads took: 0.0000097 seconds
2017-03-14T09:36:35.654+0000: 423.299: Total time for which application threads were stopped: 0.0001459 seconds, Stopping threads took: 0.0000283 seconds
2017-03-14T09:36:35.658+0000: 423.303: Total time for which application threads were stopped: 0.0005964 seconds, Stopping threads took: 0.0000696 seconds
2017-03-14T09:36:35.658+0000: 423.304: Total time for which application threads were stopped: 0.0004996 seconds, Stopping threads took: 0.0000399 seconds
2017-03-14T09:36:35.659+0000: 423.304: Total time for which application threads were stopped: 0.0001890 seconds, Stopping threads took: 0.0000464 seconds
2017-03-14T09:36:35.705+0000: 423.350: Total time for which application threads were stopped: 0.0002920 seconds, Stopping threads took: 0.0000632 seconds
{Heap before GC invocations=28 (full 1):
 par new generation   total 109248K, used 102700K [0x00000000e0000000, 0x00000000e8000000, 0x00000000e8000000)
  eden space 87424K, 100% used [0x00000000e0000000, 0x00000000e5560000, 0x00000000e5560000)
  from space 21824K,  69% used [0x00000000e5560000, 0x00000000e644b180, 0x00000000e6ab0000)
  to   space 21824K,   0% used [0x00000000e6ab0000, 0x00000000e6ab0000, 0x00000000e8000000)
 concurrent mark-sweep generation total 393216K, used 22094K [0x00000000e8000000, 0x0000000100000000, 0x0000000100000000)
 Metaspace       used 38060K, capacity 38837K, committed 39152K, reserved 1083392K
  class space    used 4300K, capacity 4515K, committed 4624K, reserved 1048576K
2017-03-14T09:36:35.875+0000: 423.520: [GC (Allocation Failure) 2017-03-14T09:36:35.875+0000: 423.520: [ParNew
Desired survivor size 20112992 bytes, new threshold 8 (max 8)
- age   1:    7108920 bytes,    7108920 total
- age   2:    1594280 bytes,    8703200 total
- age   3:    1315536 bytes,   10018736 total
- age   4:    2959632 bytes,   12978368 total
- age   5:    1848368 bytes,   14826736 total
- age   6:     219864 bytes,   15046600 total
- age   7:     111624 bytes,   15158224 total
- age   8:    1053624 bytes,   16211848 total
: 102700K->19678K(109248K), 0.0236575 secs] 124795K->41903K(502464K), 0.0237635 secs] [Times: user=0.06 sys=0.00, real=0.02 secs] 
Heap after GC invocations=29 (full 1):
 par new generation   total 109248K, used 19678K [0x00000000e0000000, 0x00000000e8000000, 0x00000000e8000000)
  eden space 87424K,   0% used [0x00000000e0000000, 0x00000000e0000000, 0x00000000e5560000)
  from space 21824K,  90% used [0x00000000e6ab0000, 0x00000000e7de7860, 0x00000000e8000000)
  to   space 21824K,   0% used [0x00000000e5560000, 0x00000000e5560000, 0x00000000e6ab0000)
 concurrent mark-sweep generation total 393216K, used 22225K [0x00000000e8000000, 0x0000000100000000, 0x0000000100000000)
 Metaspace       used 38060K, capacity 38837K, committed 39152K, reserved 1083392K
  class space    used 4300K, capacity 4515K, committed 4624K, reserved 1048576K
}
2017-03-14T09:36:35.899+0000: 423.544: Total time for which application threads were stopped: 0.0240462 seconds, Stopping threads took: 0.0000590 seconds
2017-03-14T09:36:35.978+0000: 423.624: Total time for which application threads were stopped: 0.0002413 seconds, Stopping threads took: 0.0000535 seconds
2017-03-14T09:36:35.978+0000: 423.624: Total time for which application threads were stopped: 0.0001074 seconds, Stopping threads took: 0.0000223 seconds
2017-03-14T09:36:35.979+0000: 423.624: Total time for which application threads were stopped: 0.0001076 seconds, Stopping threads took: 0.0000285 seconds
2017-03-14T09:36:35.979+0000: 423.624: Total time for which application threads were stopped: 0.0001077 seconds, Stopping threads took: 0.0000269 seconds
2017-03-14T09:36:36.105+0000: 423.750: Total time for which application threads were stopped: 0.0004714 seconds, Stopping threads took: 0.0000326 seconds
2017-03-14T09:36:36.105+0000: 423.750: Total time for which application threads were stopped: 0.0001264 seconds, Stopping threads took: 0.0000151 seconds
2017-03-14T09:36:36.105+0000: 423.751: Total time for which application threads were stopped: 0.0001436 seconds, Stopping threads took: 0.0000130 seconds
2017-03-14T09:36:36.105+0000: 423.751: Total time for which application threads were stopped: 0.0001578 seconds, Stopping threads took: 0.0000158 seconds
2017-03-14T09:36:36.683+0000: 424.329: Total time for which application threads were stopped: 0.0004991 seconds, Stopping threads took: 0.0000363 seconds
2017-03-14T09:36:36.699+0000: 424.345: Total time for which application threads were stopped: 0.0001939 seconds, Stopping threads took: 0.0000398 seconds
2017-03-14T09:36:36.700+0000: 424.345: Total time for which application threads were stopped: 0.0001377 seconds, Stopping threads took: 0.0000300 seconds
2017-03-14T09:36:36.701+0000: 424.347: Total time for which application threads were stopped: 0.0005108 seconds, Stopping threads took: 0.0001155 seconds
2017-03-14T09:36:37.702+0000: 425.347: Total time for which application threads were stopped: 0.0002619 seconds, Stopping threads took: 0.0000372 seconds
2017-03-14T09:36:38.688+0000: 426.334: Total time for which application threads were stopped: 0.0001718 seconds, Stopping threads took: 0.0000320 seconds
2017-03-14T09:36:38.689+0000: 426.334: Total time for which application threads were stopped: 0.0000870 seconds, Stopping threads took: 0.0000139 seconds
2017-03-14T09:36:38.689+0000: 426.334: Total time for which application threads were stopped: 0.0000698 seconds, Stopping threads took: 0.0000131 seconds
2017-03-14T09:36:38.689+0000: 426.334: Total time for which application threads were stopped: 0.0000739 seconds, Stopping threads took: 0.0000131 seconds
2017-03-14T09:36:38.689+0000: 426.334: Total time for which application threads were stopped: 0.0000769 seconds, Stopping threads took: 0.0000226 seconds
2017-03-14T09:36:38.689+0000: 426.335: Total time for which application threads were stopped: 0.0000694 seconds, Stopping threads took: 0.0000125 seconds
2017-03-14T09:36:38.689+0000: 426.335: Total time for which application threads were stopped: 0.0000764 seconds, Stopping threads took: 0.0000143 seconds
2017-03-14T09:36:38.689+0000: 426.335: Total time for which application threads were stopped: 0.0000771 seconds, Stopping threads took: 0.0000214 seconds
2017-03-14T09:36:38.690+0000: 426.335: Total time for which application threads were stopped: 0.0002306 seconds, Stopping threads took: 0.0000250 seconds
2017-03-14T09:36:38.690+0000: 426.335: Total time for which application threads were stopped: 0.0000919 seconds, Stopping threads took: 0.0000214 seconds
2017-03-14T09:36:38.690+0000: 426.335: Total time for which application threads were stopped: 0.0000657 seconds, Stopping threads took: 0.0000157 seconds
2017-03-14T09:36:38.690+0000: 426.336: Total time for which application threads were stopped: 0.0000974 seconds, Stopping threads took: 0.0000133 seconds
2017-03-14T09:36:38.690+0000: 426.336: Total time for which application threads were stopped: 0.0000868 seconds, Stopping threads took: 0.0000126 seconds
2017-03-14T09:36:39.692+0000: 427.338: Total time for which application threads were stopped: 0.0001954 seconds, Stopping threads took: 0.0000378 seconds
2017-03-14T09:36:39.713+0000: 427.358: Total time for which application threads were stopped: 0.0002382 seconds, Stopping threads took: 0.0000694 seconds
2017-03-14T09:36:39.713+0000: 427.358: Total time for which application threads were stopped: 0.0000849 seconds, Stopping threads took: 0.0000127 seconds
2017-03-14T09:36:39.713+0000: 427.359: Total time for which application threads were stopped: 0.0001141 seconds, Stopping threads took: 0.0000298 seconds
2017-03-14T09:36:39.714+0000: 427.359: Total time for which application threads were stopped: 0.0002075 seconds, Stopping threads took: 0.0001039 seconds
2017-03-14T09:36:39.714+0000: 427.359: Total time for which application threads were stopped: 0.0001301 seconds, Stopping threads took: 0.0000444 seconds
2017-03-14T09:36:39.714+0000: 427.359: Total time for which application threads were stopped: 0.0000784 seconds, Stopping threads took: 0.0000089 seconds
2017-03-14T09:36:39.714+0000: 427.360: Total time for which application threads were stopped: 0.0001053 seconds, Stopping threads took: 0.0000082 seconds
2017-03-14T09:36:39.714+0000: 427.360: Total time for which application threads were stopped: 0.0001264 seconds, Stopping threads took: 0.0000392 seconds
2017-03-14T09:36:39.714+0000: 427.360: Total time for which application threads were stopped: 0.0000880 seconds, Stopping threads took: 0.0000163 seconds
2017-03-14T09:36:40.715+0000: 428.360: Total time for which application threads were stopped: 0.0001996 seconds, Stopping threads took: 0.0000517 seconds
2017-03-14T09:36:42.715+0000: 430.360: Total time for which application threads were stopped: 0.0001805 seconds, Stopping threads took: 0.0000372 seconds
{Heap before GC invocations=29 (full 1):
 par new generation   total 109248K, used 106686K [0x00000000e0000000, 0x00000000e8000000, 0x00000000e8000000)
  eden space 87424K,  99% used [0x00000000e0000000, 0x00000000e54f8068, 0x00000000e5560000)
  from space 21824K,  90% used [0x00000000e6ab0000, 0x00000000e7de7860, 0x00000000e8000000)
  to   space 21824K,   0% used [0x00000000e5560000, 0x00000000e5560000, 0x00000000e6ab0000)
 concurrent mark-sweep generation total 393216K, used 22225K [0x00000000e8000000, 0x0000000100000000, 0x0000000100000000)
 Metaspace       used 38105K, capacity 38837K, committed 39152K, reserved 1083392K
  class space    used 4300K, capacity 4515K, committed 4624K, reserved 1048576K
2017-03-14T09:36:42.727+0000: 430.372: [GC (Allocation Failure) 2017-03-14T09:36:42.727+0000: 430.372: [ParNew
Desired survivor size 20112992 bytes, new threshold 8 (max 8)
- age   1:    4987360 bytes,    4987360 total
- age   2:    3425952 bytes,    8413312 total
- age   3:     146800 bytes,    8560112 total
- age   4:     195096 bytes,    8755208 total
- age   5:     370936 bytes,    9126144 total
- age   6:    1838312 bytes,   10964456 total
- age   7:     208448 bytes,   11172904 total
- age   8:     105256 bytes,   11278160 total
: 106686K->19919K(109248K), 0.0136410 secs] 128911K->43176K(502464K), 0.0137563 secs] [Times: user=0.05 sys=0.00, real=0.01 secs] 
Heap after GC invocations=30 (full 1):
 par new generation   total 109248K, used 19919K [0x00000000e0000000, 0x00000000e8000000, 0x00000000e8000000)
  eden space 87424K,   0% used [0x00000000e0000000, 0x00000000e0000000, 0x00000000e5560000)
  from space 21824K,  91% used [0x00000000e5560000, 0x00000000e68d3d30, 0x00000000e6ab0000)
  to   space 21824K,   0% used [0x00000000e6ab0000, 0x00000000e6ab0000, 0x00000000e8000000)
 concurrent mark-sweep generation total 393216K, used 23257K [0x00000000e8000000, 0x0000000100000000, 0x0000000100000000)
 Metaspace       used 38105K, capacity 38837K, committed 39152K, reserved 1083392K
  class space    used 4300K, capacity 4515K, committed 4624K, reserved 1048576K
}
2017-03-14T09:36:42.741+0000: 430.386: Total time for which application threads were stopped: 0.0140263 seconds, Stopping threads took: 0.0000260 seconds
2017-03-14T09:36:43.741+0000: 431.386: Total time for which application threads were stopped: 0.0002186 seconds, Stopping threads took: 0.0000508 seconds
2017-03-14T09:36:44.359+0000: 432.005: Total time for which application threads were stopped: 0.0001798 seconds, Stopping threads took: 0.0000414 seconds
2017-03-14T09:36:45.360+0000: 433.005: Total time for which application threads were stopped: 0.0002344 seconds, Stopping threads took: 0.0000380 seconds
2017-03-14T09:36:45.463+0000: 433.109: Total time for which application threads were stopped: 0.0003281 seconds, Stopping threads took: 0.0001493 seconds
2017-03-14T09:36:46.464+0000: 434.109: Total time for which application threads were stopped: 0.0001923 seconds, Stopping threads took: 0.0000492 seconds
2017-03-14T09:36:47.464+0000: 435.109: Total time for which application threads were stopped: 0.0001432 seconds, Stopping threads took: 0.0000264 seconds
{Heap before GC invocations=30 (full 1):
 par new generation   total 109248K, used 107300K [0x00000000e0000000, 0x00000000e8000000, 0x00000000e8000000)
  eden space 87424K,  99% used [0x00000000e0000000, 0x00000000e5555450, 0x00000000e5560000)
  from space 21824K,  91% used [0x00000000e5560000, 0x00000000e68d3d30, 0x00000000e6ab0000)
  to   space 21824K,   0% used [0x00000000e6ab0000, 0x00000000e6ab0000, 0x00000000e8000000)
 concurrent mark-sweep generation total 393216K, used 23257K [0x00000000e8000000, 0x0000000100000000, 0x0000000100000000)
 Metaspace       used 38115K, capacity 38837K, committed 39152K, reserved 1083392K
  class space    used 4300K, capacity 4515K, committed 4624K, reserved 1048576K
2017-03-14T09:36:48.299+0000: 435.944: [GC (Allocation Failure) 2017-03-14T09:36:48.299+0000: 435.944: [ParNew
Desired survivor size 20112992 bytes, new threshold 8 (max 8)
- age   1:    3855304 bytes,    3855304 total
- age   2:    3146256 bytes,    7001560 total
- age   3:    3408712 bytes,   10410272 total
- age   4:     142552 bytes,   10552824 total
- age   5:     187056 bytes,   10739880 total
- age   6:     368784 bytes,   11108664 total
- age   7:    1836592 bytes,   12945256 total
- age   8:      71448 bytes,   13016704 total
: 107300K->16154K(109248K), 0.0144455 secs] 130557K->39512K(502464K), 0.0145426 secs] [Times: user=0.04 sys=0.00, real=0.02 secs] 
Heap after GC invocations=31 (full 1):
 par new generation   total 109248K, used 16154K [0x00000000e0000000, 0x00000000e8000000, 0x00000000e8000000)
  eden space 87424K,   0% used [0x00000000e0000000, 0x00000000e0000000, 0x00000000e5560000)
  from space 21824K,  74% used [0x00000000e6ab0000, 0x00000000e7a76ba0, 0x00000000e8000000)
  to   space 21824K,   0% used [0x00000000e5560000, 0x00000000e5560000, 0x00000000e6ab0000)
 concurrent mark-sweep generation total 393216K, used 23358K [0x00000000e8000000, 0x0000000100000000, 0x0000000100000000)
 Metaspace       used 38115K, capacity 38837K, committed 39152K, reserved 1083392K
  class space    used 4300K, capacity 4515K, committed 4624K, reserved 1048576K
}
2017-03-14T09:36:48.314+0000: 435.959: Total time for which application threads were stopped: 0.0148430 seconds, Stopping threads took: 0.0000395 seconds
2017-03-14T09:36:49.314+0000: 436.959: Total time for which application threads were stopped: 0.0002250 seconds, Stopping threads took: 0.0000464 seconds
2017-03-14T09:36:49.768+0000: 437.413: Total time for which application threads were stopped: 0.0001689 seconds, Stopping threads took: 0.0000250 seconds
2017-03-14T09:36:49.768+0000: 437.413: Total time for which application threads were stopped: 0.0000894 seconds, Stopping threads took: 0.0000224 seconds
2017-03-14T09:36:49.768+0000: 437.413: Total time for which application threads were stopped: 0.0000648 seconds, Stopping threads took: 0.0000092 seconds
2017-03-14T09:36:51.020+0000: 438.665: Total time for which application threads were stopped: 0.0003233 seconds, Stopping threads took: 0.0001742 seconds
2017-03-14T09:36:51.020+0000: 438.665: Total time for which application threads were stopped: 0.0000969 seconds, Stopping threads took: 0.0000317 seconds
2017-03-14T09:36:51.153+0000: 438.799: Total time for which application threads were stopped: 0.0001852 seconds, Stopping threads took: 0.0000291 seconds
2017-03-14T09:36:51.154+0000: 438.799: Total time for which application threads were stopped: 0.0000759 seconds, Stopping threads took: 0.0000113 seconds
2017-03-14T09:36:51.154+0000: 438.799: Total time for which application threads were stopped: 0.0000679 seconds, Stopping threads took: 0.0000104 seconds
2017-03-14T09:36:52.166+0000: 439.811: Total time for which application threads were stopped: 0.0120083 seconds, Stopping threads took: 0.0118275 seconds
2017-03-14T09:36:55.171+0000: 442.816: Total time for which application threads were stopped: 0.0001727 seconds, Stopping threads took: 0.0000306 seconds
2017-03-14T09:36:55.911+0000: 443.556: Total time for which application threads were stopped: 0.0002441 seconds, Stopping threads took: 0.0000729 seconds
{Heap before GC invocations=31 (full 1):
 par new generation   total 109248K, used 103578K [0x00000000e0000000, 0x00000000e8000000, 0x00000000e8000000)
  eden space 87424K, 100% used [0x00000000e0000000, 0x00000000e5560000, 0x00000000e5560000)
  from space 21824K,  74% used [0x00000000e6ab0000, 0x00000000e7a76ba0, 0x00000000e8000000)
  to   space 21824K,   0% used [0x00000000e5560000, 0x00000000e5560000, 0x00000000e6ab0000)
 concurrent mark-sweep generation total 393216K, used 23358K [0x00000000e8000000, 0x0000000100000000, 0x0000000100000000)
 Metaspace       used 38131K, capacity 38901K, committed 39152K, reserved 1083392K
  class space    used 4300K, capacity 4515K, committed 4624K, reserved 1048576K
2017-03-14T09:36:55.911+0000: 443.556: [GC (Allocation Failure) 2017-03-14T09:36:55.911+0000: 443.556: [ParNew
Desired survivor size 20112992 bytes, new threshold 8 (max 8)
- age   1:    2852208 bytes,    2852208 total
- age   2:    1553976 bytes,    4406184 total
- age   3:    3078024 bytes,    7484208 total
- age   4:    3399984 bytes,   10884192 total
- age   5:     140824 bytes,   11025016 total
- age   6:     184976 bytes,   11209992 total
- age   7:     368144 bytes,   11578136 total
- age   8:    1834560 bytes,   13412696 total
: 103578K->19040K(109248K), 0.0508197 secs] 126936K->42466K(502464K), 0.0509293 secs] [Times: user=0.04 sys=0.00, real=0.04 secs] 
Heap after GC invocations=32 (full 1):
 par new generation   total 109248K, used 19040K [0x00000000e0000000, 0x00000000e8000000, 0x00000000e8000000)
  eden space 87424K,   0% used [0x00000000e0000000, 0x00000000e0000000, 0x00000000e5560000)
  from space 21824K,  87% used [0x00000000e5560000, 0x00000000e67f8000, 0x00000000e6ab0000)
  to   space 21824K,   0% used [0x00000000e6ab0000, 0x00000000e6ab0000, 0x00000000e8000000)
 concurrent mark-sweep generation total 393216K, used 23426K [0x00000000e8000000, 0x0000000100000000, 0x0000000100000000)
 Metaspace       used 38131K, capacity 38901K, committed 39152K, reserved 1083392K
  class space    used 4300K, capacity 4515K, committed 4624K, reserved 1048576K
}
2017-03-14T09:36:55.962+0000: 443.607: Total time for which application threads were stopped: 0.0511331 seconds, Stopping threads took: 0.0000124 seconds
2017-03-14T09:36:56.977+0000: 444.622: Total time for which application threads were stopped: 0.0002970 seconds, Stopping threads took: 0.0000403 seconds
2017-03-14T09:36:57.306+0000: 444.951: Total time for which application threads were stopped: 0.0002536 seconds, Stopping threads took: 0.0000362 seconds
2017-03-14T09:36:58.306+0000: 445.952: Total time for which application threads were stopped: 0.0002587 seconds, Stopping threads took: 0.0000495 seconds
2017-03-14T09:36:59.118+0000: 446.763: Total time for which application threads were stopped: 0.0002847 seconds, Stopping threads took: 0.0000565 seconds
2017-03-14T09:36:59.118+0000: 446.764: Total time for which application threads were stopped: 0.0001212 seconds, Stopping threads took: 0.0000122 seconds
2017-03-14T09:36:59.118+0000: 446.764: Total time for which application threads were stopped: 0.0001102 seconds, Stopping threads took: 0.0000111 seconds
2017-03-14T09:36:59.118+0000: 446.764: Total time for which application threads were stopped: 0.0001004 seconds, Stopping threads took: 0.0000110 seconds
2017-03-14T09:36:59.119+0000: 446.764: Total time for which application threads were stopped: 0.0001097 seconds, Stopping threads took: 0.0000109 seconds
2017-03-14T09:36:59.119+0000: 446.764: Total time for which application threads were stopped: 0.0001130 seconds, Stopping threads took: 0.0000185 seconds
2017-03-14T09:36:59.119+0000: 446.764: Total time for which application threads were stopped: 0.0001028 seconds, Stopping threads took: 0.0000135 seconds
2017-03-14T09:36:59.119+0000: 446.765: Total time for which application threads were stopped: 0.0001127 seconds, Stopping threads took: 0.0000153 seconds
2017-03-14T09:36:59.119+0000: 446.765: Total time for which application threads were stopped: 0.0001140 seconds, Stopping threads took: 0.0000155 seconds
2017-03-14T09:36:59.120+0000: 446.765: Total time for which application threads were stopped: 0.0001096 seconds, Stopping threads took: 0.0000151 seconds
2017-03-14T09:36:59.120+0000: 446.765: Total time for which application threads were stopped: 0.0001114 seconds, Stopping threads took: 0.0000158 seconds
2017-03-14T09:36:59.120+0000: 446.765: Total time for which application threads were stopped: 0.0001095 seconds, Stopping threads took: 0.0000141 seconds
2017-03-14T09:36:59.120+0000: 446.765: Total time for which application threads were stopped: 0.0001061 seconds, Stopping threads took: 0.0000140 seconds
2017-03-14T09:36:59.120+0000: 446.766: Total time for which application threads were stopped: 0.0000992 seconds, Stopping threads took: 0.0000139 seconds
{Heap before GC invocations=32 (full 1):
 par new generation   total 109248K, used 106464K [0x00000000e0000000, 0x00000000e8000000, 0x00000000e8000000)
  eden space 87424K, 100% used [0x00000000e0000000, 0x00000000e5560000, 0x00000000e5560000)
  from space 21824K,  87% used [0x00000000e5560000, 0x00000000e67f8000, 0x00000000e6ab0000)
  to   space 21824K,   0% used [0x00000000e6ab0000, 0x00000000e6ab0000, 0x00000000e8000000)
 concurrent mark-sweep generation total 393216K, used 23426K [0x00000000e8000000, 0x0000000100000000, 0x0000000100000000)
 Metaspace       used 38152K, capacity 38901K, committed 39152K, reserved 1083392K
  class space    used 4301K, capacity 4515K, committed 4624K, reserved 1048576K
2017-03-14T09:36:59.149+0000: 446.795: [GC (Allocation Failure) 2017-03-14T09:36:59.149+0000: 446.795: [ParNew
Desired survivor size 20112992 bytes, new threshold 8 (max 8)
- age   1:    2308776 bytes,    2308776 total
- age   2:     748440 bytes,    3057216 total
- age   3:    1034352 bytes,    4091568 total
- age   4:     843632 bytes,    4935200 total
- age   5:    3390048 bytes,    8325248 total
- age   6:     133416 bytes,    8458664 total
- age   7:     173848 bytes,    8632512 total
- age   8:     155200 bytes,    8787712 total
: 106464K->13355K(109248K), 0.0219986 secs] 129890K->36869K(502464K), 0.0220744 secs] [Times: user=0.03 sys=0.01, real=0.03 secs] 
Heap after GC invocations=33 (full 1):
 par new generation   total 109248K, used 13355K [0x00000000e0000000, 0x00000000e8000000, 0x00000000e8000000)
  eden space 87424K,   0% used [0x00000000e0000000, 0x00000000e0000000, 0x00000000e5560000)
  from space 21824K,  61% used [0x00000000e6ab0000, 0x00000000e77baf20, 0x00000000e8000000)
  to   space 21824K,   0% used [0x00000000e5560000, 0x00000000e5560000, 0x00000000e6ab0000)
 concurrent mark-sweep generation total 393216K, used 23513K [0x00000000e8000000, 0x0000000100000000, 0x0000000100000000)
 Metaspace       used 38152K, capacity 38901K, committed 39152K, reserved 1083392K
  class space    used 4301K, capacity 4515K, committed 4624K, reserved 1048576K
}
2017-03-14T09:36:59.171+0000: 446.817: Total time for which application threads were stopped: 0.0224104 seconds, Stopping threads took: 0.0000487 seconds
2017-03-14T09:36:59.198+0000: 446.844: Total time for which application threads were stopped: 0.0002169 seconds, Stopping threads took: 0.0000562 seconds
2017-03-14T09:37:00.176+0000: 447.821: Total time for which application threads were stopped: 0.0002278 seconds, Stopping threads took: 0.0000715 seconds
2017-03-14T09:37:00.410+0000: 448.055: Total time for which application threads were stopped: 0.0002173 seconds, Stopping threads took: 0.0000602 seconds
2017-03-14T09:37:00.410+0000: 448.055: Total time for which application threads were stopped: 0.0000915 seconds, Stopping threads took: 0.0000334 seconds
2017-03-14T09:37:00.410+0000: 448.055: Total time for which application threads were stopped: 0.0000766 seconds, Stopping threads took: 0.0000215 seconds
2017-03-14T09:37:00.410+0000: 448.055: Total time for which application threads were stopped: 0.0000813 seconds, Stopping threads took: 0.0000251 seconds
2017-03-14T09:37:00.410+0000: 448.056: Total time for which application threads were stopped: 0.0000977 seconds, Stopping threads took: 0.0000208 seconds
2017-03-14T09:37:00.410+0000: 448.056: Total time for which application threads were stopped: 0.0000824 seconds, Stopping threads took: 0.0000276 seconds
2017-03-14T09:37:00.410+0000: 448.056: Total time for which application threads were stopped: 0.0000775 seconds, Stopping threads took: 0.0000230 seconds
2017-03-14T09:37:00.410+0000: 448.056: Total time for which application threads were stopped: 0.0000786 seconds, Stopping threads took: 0.0000255 seconds
2017-03-14T09:37:00.411+0000: 448.056: Total time for which application threads were stopped: 0.0000811 seconds, Stopping threads took: 0.0000242 seconds
2017-03-14T09:37:00.411+0000: 448.056: Total time for which application threads were stopped: 0.0000789 seconds, Stopping threads took: 0.0000253 seconds
2017-03-14T09:37:00.411+0000: 448.056: Total time for which application threads were stopped: 0.0000960 seconds, Stopping threads took: 0.0000425 seconds
2017-03-14T09:37:00.411+0000: 448.056: Total time for which application threads were stopped: 0.0001074 seconds, Stopping threads took: 0.0000256 seconds
2017-03-14T09:37:00.411+0000: 448.056: Total time for which application threads were stopped: 0.0000671 seconds, Stopping threads took: 0.0000113 seconds
2017-03-14T09:37:00.411+0000: 448.057: Total time for which application threads were stopped: 0.0001033 seconds, Stopping threads took: 0.0000219 seconds
2017-03-14T09:37:00.412+0000: 448.057: Total time for which application threads were stopped: 0.0001815 seconds, Stopping threads took: 0.0000772 seconds
2017-03-14T09:37:00.412+0000: 448.057: Total time for which application threads were stopped: 0.0000897 seconds, Stopping threads took: 0.0000172 seconds
2017-03-14T09:37:01.412+0000: 449.058: Total time for which application threads were stopped: 0.0001513 seconds, Stopping threads took: 0.0000332 seconds
2017-03-14T09:37:02.412+0000: 450.058: Total time for which application threads were stopped: 0.0002584 seconds, Stopping threads took: 0.0000340 seconds
2017-03-14T09:37:04.413+0000: 452.058: Total time for which application threads were stopped: 0.0001789 seconds, Stopping threads took: 0.0000413 seconds
{Heap before GC invocations=33 (full 1):
 par new generation   total 109248K, used 100779K [0x00000000e0000000, 0x00000000e8000000, 0x00000000e8000000)
  eden space 87424K, 100% used [0x00000000e0000000, 0x00000000e5560000, 0x00000000e5560000)
  from space 21824K,  61% used [0x00000000e6ab0000, 0x00000000e77baf20, 0x00000000e8000000)
  to   space 21824K,   0% used [0x00000000e5560000, 0x00000000e5560000, 0x00000000e6ab0000)
 concurrent mark-sweep generation total 393216K, used 23513K [0x00000000e8000000, 0x0000000100000000, 0x0000000100000000)
 Metaspace       used 38171K, capacity 38973K, committed 39152K, reserved 1083392K
  class space    used 4303K, capacity 4519K, committed 4624K, reserved 1048576K
2017-03-14T09:37:04.657+0000: 452.303: [GC (Allocation Failure) 2017-03-14T09:37:04.657+0000: 452.303: [ParNew
Desired survivor size 20112992 bytes, new threshold 8 (max 8)
- age   1:    3092672 bytes,    3092672 total
- age   2:     326928 bytes,    3419600 total
- age   3:     213768 bytes,    3633368 total
- age   4:     125888 bytes,    3759256 total
- age   5:     130152 bytes,    3889408 total
- age   6:     137632 bytes,    4027040 total
- age   7:     124056 bytes,    4151096 total
- age   8:      92112 bytes,    4243208 total
: 100779K->7079K(109248K), 0.0117482 secs] 124293K->30675K(502464K), 0.0118551 secs] [Times: user=0.04 sys=0.00, real=0.01 secs] 
Heap after GC invocations=34 (full 1):
 par new generation   total 109248K, used 7079K [0x00000000e0000000, 0x00000000e8000000, 0x00000000e8000000)
  eden space 87424K,   0% used [0x00000000e0000000, 0x00000000e0000000, 0x00000000e5560000)
  from space 21824K,  32% used [0x00000000e5560000, 0x00000000e5c49da0, 0x00000000e6ab0000)
  to   space 21824K,   0% used [0x00000000e6ab0000, 0x00000000e6ab0000, 0x00000000e8000000)
 concurrent mark-sweep generation total 393216K, used 23596K [0x00000000e8000000, 0x0000000100000000, 0x0000000100000000)
 Metaspace       used 38171K, capacity 38973K, committed 39152K, reserved 1083392K
  class space    used 4303K, capacity 4519K, committed 4624K, reserved 1048576K
}
2017-03-14T09:37:04.669+0000: 452.315: Total time for which application threads were stopped: 0.0121452 seconds, Stopping threads took: 0.0000258 seconds
2017-03-14T09:37:04.832+0000: 452.477: Total time for which application threads were stopped: 0.0001690 seconds, Stopping threads took: 0.0000270 seconds
2017-03-14T09:37:04.832+0000: 452.477: Total time for which application threads were stopped: 0.0000810 seconds, Stopping threads took: 0.0000092 seconds
2017-03-14T09:37:04.832+0000: 452.477: Total time for which application threads were stopped: 0.0000674 seconds, Stopping threads took: 0.0000161 seconds
2017-03-14T09:37:05.832+0000: 453.478: Total time for which application threads were stopped: 0.0001855 seconds, Stopping threads took: 0.0000342 seconds
2017-03-14T09:37:06.137+0000: 453.782: Total time for which application threads were stopped: 0.0001727 seconds, Stopping threads took: 0.0000252 seconds
2017-03-14T09:37:06.137+0000: 453.782: Total time for which application threads were stopped: 0.0000779 seconds, Stopping threads took: 0.0000221 seconds
2017-03-14T09:37:06.137+0000: 453.782: Total time for which application threads were stopped: 0.0000534 seconds, Stopping threads took: 0.0000062 seconds
2017-03-14T09:37:07.137+0000: 454.783: Total time for which application threads were stopped: 0.0001779 seconds, Stopping threads took: 0.0000460 seconds
2017-03-14T09:37:09.138+0000: 456.783: Total time for which application threads were stopped: 0.0002462 seconds, Stopping threads took: 0.0000434 seconds
2017-03-14T09:37:11.138+0000: 458.784: Total time for which application threads were stopped: 0.0003093 seconds, Stopping threads took: 0.0001500 seconds
2017-03-14T09:37:11.621+0000: 459.266: Total time for which application threads were stopped: 0.0003068 seconds, Stopping threads took: 0.0001314 seconds
2017-03-14T09:37:12.621+0000: 460.267: Total time for which application threads were stopped: 0.0002704 seconds, Stopping threads took: 0.0000641 seconds
{Heap before GC invocations=34 (full 1):
 par new generation   total 109248K, used 94503K [0x00000000e0000000, 0x00000000e8000000, 0x00000000e8000000)
  eden space 87424K, 100% used [0x00000000e0000000, 0x00000000e5560000, 0x00000000e5560000)
  from space 21824K,  32% used [0x00000000e5560000, 0x00000000e5c49da0, 0x00000000e6ab0000)
  to   space 21824K,   0% used [0x00000000e6ab0000, 0x00000000e6ab0000, 0x00000000e8000000)
 concurrent mark-sweep generation total 393216K, used 23596K [0x00000000e8000000, 0x0000000100000000, 0x0000000100000000)
 Metaspace       used 38181K, capacity 38973K, committed 39152K, reserved 1083392K
  class space    used 4303K, capacity 4519K, committed 4624K, reserved 1048576K
2017-03-14T09:37:12.629+0000: 460.274: [GC (Allocation Failure) 2017-03-14T09:37:12.629+0000: 460.274: [ParNew
Desired survivor size 20112992 bytes, new threshold 8 (max 8)
- age   1:    2649640 bytes,    2649640 total
- age   2:    1326312 bytes,    3975952 total
- age   3:     300136 bytes,    4276088 total
- age   4:     211544 bytes,    4487632 total
- age   5:     122448 bytes,    4610080 total
- age   6:     127560 bytes,    4737640 total
- age   7:      68488 bytes,    4806128 total
- age   8:     121912 bytes,    4928040 total
: 94503K->6141K(109248K), 0.0191256 secs] 118099K->29826K(502464K), 0.0192160 secs] [Times: user=0.03 sys=0.00, real=0.02 secs] 
Heap after GC invocations=35 (full 1):
 par new generation   total 109248K, used 6141K [0x00000000e0000000, 0x00000000e8000000, 0x00000000e8000000)
  eden space 87424K,   0% used [0x00000000e0000000, 0x00000000e0000000, 0x00000000e5560000)
  from space 21824K,  28% used [0x00000000e6ab0000, 0x00000000e70af760, 0x00000000e8000000)
  to   space 21824K,   0% used [0x00000000e5560000, 0x00000000e5560000, 0x00000000e6ab0000)
 concurrent mark-sweep generation total 393216K, used 23684K [0x00000000e8000000, 0x0000000100000000, 0x0000000100000000)
 Metaspace       used 38181K, capacity 38973K, committed 39152K, reserved 1083392K
  class space    used 4303K, capacity 4519K, committed 4624K, reserved 1048576K
}
2017-03-14T09:37:12.648+0000: 460.294: Total time for which application threads were stopped: 0.0195559 seconds, Stopping threads took: 0.0000715 seconds
2017-03-14T09:37:13.266+0000: 460.912: Total time for which application threads were stopped: 0.0001927 seconds, Stopping threads took: 0.0000374 seconds
2017-03-14T09:37:13.267+0000: 460.912: Total time for which application threads were stopped: 0.0001225 seconds, Stopping threads took: 0.0000417 seconds
2017-03-14T09:37:13.267+0000: 460.912: Total time for which application threads were stopped: 0.0001359 seconds, Stopping threads took: 0.0000564 seconds
2017-03-14T09:37:13.268+0000: 460.914: Total time for which application threads were stopped: 0.0001551 seconds, Stopping threads took: 0.0000218 seconds
2017-03-14T09:37:14.217+0000: 461.862: Total time for which application threads were stopped: 0.0002163 seconds, Stopping threads took: 0.0000803 seconds
2017-03-14T09:37:14.217+0000: 461.862: Total time for which application threads were stopped: 0.0000676 seconds, Stopping threads took: 0.0000199 seconds
2017-03-14T09:37:15.218+0000: 462.863: Total time for which application threads were stopped: 0.0002155 seconds, Stopping threads took: 0.0000248 seconds
2017-03-14T09:37:15.678+0000: 463.324: Total time for which application threads were stopped: 0.0002169 seconds, Stopping threads took: 0.0000635 seconds
{Heap before GC invocations=35 (full 1):
 par new generation   total 109248K, used 93565K [0x00000000e0000000, 0x00000000e8000000, 0x00000000e8000000)
  eden space 87424K, 100% used [0x00000000e0000000, 0x00000000e5560000, 0x00000000e5560000)
  from space 21824K,  28% used [0x00000000e6ab0000, 0x00000000e70af760, 0x00000000e8000000)
  to   space 21824K,   0% used [0x00000000e5560000, 0x00000000e5560000, 0x00000000e6ab0000)
 concurrent mark-sweep generation total 393216K, used 23684K [0x00000000e8000000, 0x0000000100000000, 0x0000000100000000)
 Metaspace       used 38231K, capacity 39037K, committed 39408K, reserved 1083392K
  class space    used 4305K, capacity 4519K, committed 4624K, reserved 1048576K
2017-03-14T09:37:15.707+0000: 463.352: [GC (Allocation Failure) 2017-03-14T09:37:15.707+0000: 463.352: [ParNew
Desired survivor size 20112992 bytes, new threshold 8 (max 8)
- age   1:    2564808 bytes,    2564808 total
- age   2:    1576248 bytes,    4141056 total
- age   3:    1314960 bytes,    5456016 total
- age   4:     296896 bytes,    5752912 total
- age   5:     191104 bytes,    5944016 total
- age   6:     103680 bytes,    6047696 total
- age   7:      45880 bytes,    6093576 total
- age   8:      65520 bytes,    6159096 total
: 93565K->8242K(109248K), 0.0098802 secs] 117250K->32043K(502464K), 0.0099816 secs] [Times: user=0.04 sys=0.00, real=0.01 secs] 
Heap after GC invocations=36 (full 1):
 par new generation   total 109248K, used 8242K [0x00000000e0000000, 0x00000000e8000000, 0x00000000e8000000)
  eden space 87424K,   0% used [0x00000000e0000000, 0x00000000e0000000, 0x00000000e5560000)
  from space 21824K,  37% used [0x00000000e5560000, 0x00000000e5d6ca00, 0x00000000e6ab0000)
  to   space 21824K,   0% used [0x00000000e6ab0000, 0x00000000e6ab0000, 0x00000000e8000000)
 concurrent mark-sweep generation total 393216K, used 23801K [0x00000000e8000000, 0x0000000100000000, 0x0000000100000000)
 Metaspace       used 38231K, capacity 39037K, committed 39408K, reserved 1083392K
  class space    used 4305K, capacity 4519K, committed 4624K, reserved 1048576K
}
2017-03-14T09:37:15.717+0000: 463.362: Total time for which application threads were stopped: 0.0103204 seconds, Stopping threads took: 0.0000332 seconds
2017-03-14T09:37:16.718+0000: 464.364: Total time for which application threads were stopped: 0.0001806 seconds, Stopping threads took: 0.0000318 seconds
2017-03-14T09:37:17.278+0000: 464.924: Total time for which application threads were stopped: 0.0003667 seconds, Stopping threads took: 0.0000477 seconds
2017-03-14T09:37:17.279+0000: 464.925: Total time for which application threads were stopped: 0.0001689 seconds, Stopping threads took: 0.0000272 seconds
2017-03-14T09:37:17.279+0000: 464.925: Total time for which application threads were stopped: 0.0001302 seconds, Stopping threads took: 0.0000487 seconds
2017-03-14T09:37:17.280+0000: 464.925: Total time for which application threads were stopped: 0.0000972 seconds, Stopping threads took: 0.0000212 seconds
2017-03-14T09:37:17.280+0000: 464.925: Total time for which application threads were stopped: 0.0000887 seconds, Stopping threads took: 0.0000119 seconds
2017-03-14T09:37:18.280+0000: 465.925: Total time for which application threads were stopped: 0.0001677 seconds, Stopping threads took: 0.0000296 seconds
{Heap before GC invocations=36 (full 1):
 par new generation   total 109248K, used 95666K [0x00000000e0000000, 0x00000000e8000000, 0x00000000e8000000)
  eden space 87424K, 100% used [0x00000000e0000000, 0x00000000e5560000, 0x00000000e5560000)
  from space 21824K,  37% used [0x00000000e5560000, 0x00000000e5d6ca00, 0x00000000e6ab0000)
  to   space 21824K,   0% used [0x00000000e6ab0000, 0x00000000e6ab0000, 0x00000000e8000000)
 concurrent mark-sweep generation total 393216K, used 23801K [0x00000000e8000000, 0x0000000100000000, 0x0000000100000000)
 Metaspace       used 38251K, capacity 39039K, committed 39408K, reserved 1083392K
  class space    used 4306K, capacity 4520K, committed 4624K, reserved 1048576K
2017-03-14T09:37:18.749+0000: 466.395: [GC (Allocation Failure) 2017-03-14T09:37:18.749+0000: 466.395: [ParNew
Desired survivor size 20112992 bytes, new threshold 8 (max 8)
- age   1:    4048440 bytes,    4048440 total
- age   2:     661376 bytes,    4709816 total
- age   3:     862520 bytes,    5572336 total
- age   4:     861472 bytes,    6433808 total
- age   5:      33320 bytes,    6467128 total
- age   6:     190208 bytes,    6657336 total
- age   7:     102208 bytes,    6759544 total
- age   8:      45152 bytes,    6804696 total
: 95666K->9036K(109248K), 0.0103264 secs] 119467K->32900K(502464K), 0.0104186 secs] [Times: user=0.03 sys=0.00, real=0.01 secs] 
Heap after GC invocations=37 (full 1):
 par new generation   total 109248K, used 9036K [0x00000000e0000000, 0x00000000e8000000, 0x00000000e8000000)
  eden space 87424K,   0% used [0x00000000e0000000, 0x00000000e0000000, 0x00000000e5560000)
  from space 21824K,  41% used [0x00000000e6ab0000, 0x00000000e7383048, 0x00000000e8000000)
  to   space 21824K,   0% used [0x00000000e5560000, 0x00000000e5560000, 0x00000000e6ab0000)
 concurrent mark-sweep generation total 393216K, used 23864K [0x00000000e8000000, 0x0000000100000000, 0x0000000100000000)
 Metaspace       used 38251K, capacity 39039K, committed 39408K, reserved 1083392K
  class space    used 4306K, capacity 4520K, committed 4624K, reserved 1048576K
}
2017-03-14T09:37:18.760+0000: 466.405: Total time for which application threads were stopped: 0.0106432 seconds, Stopping threads took: 0.0000330 seconds
2017-03-14T09:37:18.787+0000: 466.433: Total time for which application threads were stopped: 0.0001859 seconds, Stopping threads took: 0.0000280 seconds
2017-03-14T09:37:18.787+0000: 466.433: Total time for which application threads were stopped: 0.0001072 seconds, Stopping threads took: 0.0000255 seconds
2017-03-14T09:37:18.787+0000: 466.433: Total time for which application threads were stopped: 0.0000749 seconds, Stopping threads took: 0.0000080 seconds
2017-03-14T09:37:18.788+0000: 466.433: Total time for which application threads were stopped: 0.0000787 seconds, Stopping threads took: 0.0000090 seconds
2017-03-14T09:37:18.788+0000: 466.433: Total time for which application threads were stopped: 0.0000783 seconds, Stopping threads took: 0.0000084 seconds
2017-03-14T09:37:18.788+0000: 466.433: Total time for which application threads were stopped: 0.0000816 seconds, Stopping threads took: 0.0000080 seconds
2017-03-14T09:37:18.788+0000: 466.433: Total time for which application threads were stopped: 0.0000751 seconds, Stopping threads took: 0.0000082 seconds
2017-03-14T09:37:18.788+0000: 466.434: Total time for which application threads were stopped: 0.0000767 seconds, Stopping threads took: 0.0000082 seconds
2017-03-14T09:37:19.789+0000: 467.434: Total time for which application threads were stopped: 0.0003050 seconds, Stopping threads took: 0.0000508 seconds
2017-03-14T09:37:19.964+0000: 467.610: Total time for which application threads were stopped: 0.0002009 seconds, Stopping threads took: 0.0000266 seconds
2017-03-14T09:37:19.965+0000: 467.610: Total time for which application threads were stopped: 0.0000989 seconds, Stopping threads took: 0.0000118 seconds
2017-03-14T09:37:19.965+0000: 467.610: Total time for which application threads were stopped: 0.0000803 seconds, Stopping threads took: 0.0000132 seconds
2017-03-14T09:37:20.965+0000: 468.610: Total time for which application threads were stopped: 0.0002649 seconds, Stopping threads took: 0.0000485 seconds
2017-03-14T09:37:21.328+0000: 468.973: Total time for which application threads were stopped: 0.0002969 seconds, Stopping threads took: 0.0000359 seconds
2017-03-14T09:37:21.328+0000: 468.973: Total time for which application threads were stopped: 0.0001529 seconds, Stopping threads took: 0.0000182 seconds
2017-03-14T09:37:21.328+0000: 468.974: Total time for which application threads were stopped: 0.0001581 seconds, Stopping threads took: 0.0000316 seconds
2017-03-14T09:37:22.328+0000: 469.974: Total time for which application threads were stopped: 0.0001965 seconds, Stopping threads took: 0.0000507 seconds
2017-03-14T09:37:23.329+0000: 470.974: Total time for which application threads were stopped: 0.0001804 seconds, Stopping threads took: 0.0000272 seconds
2017-03-14T09:37:24.087+0000: 471.732: Total time for which application threads were stopped: 0.0002355 seconds, Stopping threads took: 0.0000348 seconds
2017-03-14T09:37:25.910+0000: 473.555: Total time for which application threads were stopped: 0.0001982 seconds, Stopping threads took: 0.0000651 seconds
{Heap before GC invocations=37 (full 1):
 par new generation   total 109248K, used 96460K [0x00000000e0000000, 0x00000000e8000000, 0x00000000e8000000)
  eden space 87424K, 100% used [0x00000000e0000000, 0x00000000e5560000, 0x00000000e5560000)
  from space 21824K,  41% used [0x00000000e6ab0000, 0x00000000e7383048, 0x00000000e8000000)
  to   space 21824K,   0% used [0x00000000e5560000, 0x00000000e5560000, 0x00000000e6ab0000)
 concurrent mark-sweep generation total 393216K, used 23864K [0x00000000e8000000, 0x0000000100000000, 0x0000000100000000)
 Metaspace       used 38269K, capacity 39043K, committed 39408K, reserved 1083392K
  class space    used 4306K, capacity 4520K, committed 4624K, reserved 1048576K
2017-03-14T09:37:25.971+0000: 473.617: [GC (Allocation Failure) 2017-03-14T09:37:25.971+0000: 473.617: [ParNew
Desired survivor size 20112992 bytes, new threshold 8 (max 8)
- age   1:    3664144 bytes,    3664144 total
- age   2:     984128 bytes,    4648272 total
- age   3:      78784 bytes,    4727056 total
- age   4:     227184 bytes,    4954240 total
- age   5:     115632 bytes,    5069872 total
- age   6:      27624 bytes,    5097496 total
- age   7:      52688 bytes,    5150184 total
- age   8:     100800 bytes,    5250984 total
: 96460K->7455K(109248K), 0.0096937 secs] 120324K->31362K(502464K), 0.0097753 secs] [Times: user=0.03 sys=0.00, real=0.00 secs] 
Heap after GC invocations=38 (full 1):
 par new generation   total 109248K, used 7455K [0x00000000e0000000, 0x00000000e8000000, 0x00000000e8000000)
  eden space 87424K,   0% used [0x00000000e0000000, 0x00000000e0000000, 0x00000000e5560000)
  from space 21824K,  34% used [0x00000000e5560000, 0x00000000e5ca7ca8, 0x00000000e6ab0000)
  to   space 21824K,   0% used [0x00000000e6ab0000, 0x00000000e6ab0000, 0x00000000e8000000)
 concurrent mark-sweep generation total 393216K, used 23907K [0x00000000e8000000, 0x0000000100000000, 0x0000000100000000)
 Metaspace       used 38269K, capacity 39043K, committed 39408K, reserved 1083392K
  class space    used 4306K, capacity 4520K, committed 4624K, reserved 1048576K
}
2017-03-14T09:37:25.981+0000: 473.626: Total time for which application threads were stopped: 0.0101012 seconds, Stopping threads took: 0.0000319 seconds
2017-03-14T09:37:26.981+0000: 474.627: Total time for which application threads were stopped: 0.0001177 seconds, Stopping threads took: 0.0000227 seconds
2017-03-14T09:37:27.981+0000: 475.627: Total time for which application threads were stopped: 0.0001749 seconds, Stopping threads took: 0.0000457 seconds
{Heap before GC invocations=38 (full 1):
 par new generation   total 109248K, used 94879K [0x00000000e0000000, 0x00000000e8000000, 0x00000000e8000000)
  eden space 87424K, 100% used [0x00000000e0000000, 0x00000000e5560000, 0x00000000e5560000)
  from space 21824K,  34% used [0x00000000e5560000, 0x00000000e5ca7ca8, 0x00000000e6ab0000)
  to   space 21824K,   0% used [0x00000000e6ab0000, 0x00000000e6ab0000, 0x00000000e8000000)
 concurrent mark-sweep generation total 393216K, used 23907K [0x00000000e8000000, 0x0000000100000000, 0x0000000100000000)
 Metaspace       used 38274K, capacity 39043K, committed 39408K, reserved 1083392K
  class space    used 4306K, capacity 4520K, committed 4624K, reserved 1048576K
2017-03-14T09:37:30.897+0000: 478.543: [GC (Allocation Failure) 2017-03-14T09:37:30.897+0000: 478.543: [ParNew
Desired survivor size 20112992 bytes, new threshold 8 (max 8)
- age   1:    4307912 bytes,    4307912 total
- age   2:    1696072 bytes,    6003984 total
- age   3:     981664 bytes,    6985648 total
- age   4:      75744 bytes,    7061392 total
- age   5:     224752 bytes,    7286144 total
- age   6:     112400 bytes,    7398544 total
- age   7:      27176 bytes,    7425720 total
- age   8:      50928 bytes,    7476648 total
: 94879K->8253K(109248K), 0.0125210 secs] 118786K->32257K(502464K), 0.0126126 secs] [Times: user=0.03 sys=0.00, real=0.01 secs] 
Heap after GC invocations=39 (full 1):
 par new generation   total 109248K, used 8253K [0x00000000e0000000, 0x00000000e8000000, 0x00000000e8000000)
  eden space 87424K,   0% used [0x00000000e0000000, 0x00000000e0000000, 0x00000000e5560000)
  from space 21824K,  37% used [0x00000000e6ab0000, 0x00000000e72bf7c0, 0x00000000e8000000)
  to   space 21824K,   0% used [0x00000000e5560000, 0x00000000e5560000, 0x00000000e6ab0000)
 concurrent mark-sweep generation total 393216K, used 24003K [0x00000000e8000000, 0x0000000100000000, 0x0000000100000000)
 Metaspace       used 38274K, capacity 39043K, committed 39408K, reserved 1083392K
  class space    used 4306K, capacity 4520K, committed 4624K, reserved 1048576K
}
2017-03-14T09:37:30.910+0000: 478.555: Total time for which application threads were stopped: 0.0128740 seconds, Stopping threads took: 0.0000311 seconds
2017-03-14T09:37:31.910+0000: 479.556: Total time for which application threads were stopped: 0.0001304 seconds, Stopping threads took: 0.0000261 seconds
2017-03-14T09:37:34.911+0000: 482.556: Total time for which application threads were stopped: 0.0001616 seconds, Stopping threads took: 0.0000437 seconds
2017-03-14T09:37:35.101+0000: 482.747: Total time for which application threads were stopped: 0.0001726 seconds, Stopping threads took: 0.0000275 seconds
2017-03-14T09:37:35.101+0000: 482.747: Total time for which application threads were stopped: 0.0000602 seconds, Stopping threads took: 0.0000081 seconds
2017-03-14T09:37:35.102+0000: 482.747: Total time for which application threads were stopped: 0.0001834 seconds, Stopping threads took: 0.0000066 seconds
2017-03-14T09:37:35.191+0000: 482.836: Total time for which application threads were stopped: 0.0001629 seconds, Stopping threads took: 0.0000266 seconds
2017-03-14T09:37:35.567+0000: 483.212: Total time for which application threads were stopped: 0.0001542 seconds, Stopping threads took: 0.0000433 seconds
{Heap before GC invocations=39 (full 1):
 par new generation   total 109248K, used 95672K [0x00000000e0000000, 0x00000000e8000000, 0x00000000e8000000)
  eden space 87424K,  99% used [0x00000000e0000000, 0x00000000e555eac0, 0x00000000e5560000)
  from space 21824K,  37% used [0x00000000e6ab0000, 0x00000000e72bf7c0, 0x00000000e8000000)
  to   space 21824K,   0% used [0x00000000e5560000, 0x00000000e5560000, 0x00000000e6ab0000)
 concurrent mark-sweep generation total 393216K, used 24003K [0x00000000e8000000, 0x0000000100000000, 0x0000000100000000)
 Metaspace       used 38300K, capacity 39047K, committed 39408K, reserved 1083392K
  class space    used 4306K, capacity 4520K, committed 4624K, reserved 1048576K
2017-03-14T09:37:35.588+0000: 483.234: [GC (Allocation Failure) 2017-03-14T09:37:35.588+0000: 483.234: [ParNew
Desired survivor size 20112992 bytes, new threshold 8 (max 8)
- age   1:    4087032 bytes,    4087032 total
- age   2:    1408200 bytes,    5495232 total
- age   3:    1655840 bytes,    7151072 total
- age   4:     980640 bytes,    8131712 total
- age   5:      68720 bytes,    8200432 total
- age   6:     213184 bytes,    8413616 total
- age   7:     105328 bytes,    8518944 total
- age   8:      21568 bytes,    8540512 total
: 95672K->10786K(109248K), 0.0119187 secs] 119675K->34838K(502464K), 0.0120366 secs] [Times: user=0.04 sys=0.00, real=0.01 secs] 
Heap after GC invocations=40 (full 1):
 par new generation   total 109248K, used 10786K [0x00000000e0000000, 0x00000000e8000000, 0x00000000e8000000)
  eden space 87424K,   0% used [0x00000000e0000000, 0x00000000e0000000, 0x00000000e5560000)
  from space 21824K,  49% used [0x00000000e5560000, 0x00000000e5fe8b58, 0x00000000e6ab0000)
  to   space 21824K,   0% used [0x00000000e6ab0000, 0x00000000e6ab0000, 0x00000000e8000000)
 concurrent mark-sweep generation total 393216K, used 24052K [0x00000000e8000000, 0x0000000100000000, 0x0000000100000000)
 Metaspace       used 38300K, capacity 39047K, committed 39408K, reserved 1083392K
  class space    used 4306K, capacity 4520K, committed 4624K, reserved 1048576K
}
2017-03-14T09:37:35.600+0000: 483.246: Total time for which application threads were stopped: 0.0123796 seconds, Stopping threads took: 0.0000504 seconds
2017-03-14T09:37:36.535+0000: 484.181: Total time for which application threads were stopped: 0.0003282 seconds, Stopping threads took: 0.0000372 seconds
2017-03-14T09:37:36.536+0000: 484.181: Total time for which application threads were stopped: 0.0001448 seconds, Stopping threads took: 0.0000190 seconds
2017-03-14T09:37:36.536+0000: 484.181: Total time for which application threads were stopped: 0.0001389 seconds, Stopping threads took: 0.0000187 seconds
2017-03-14T09:37:37.170+0000: 484.815: Total time for which application threads were stopped: 0.0001907 seconds, Stopping threads took: 0.0000332 seconds
{Heap before GC invocations=40 (full 1):
 par new generation   total 109248K, used 98210K [0x00000000e0000000, 0x00000000e8000000, 0x00000000e8000000)
  eden space 87424K, 100% used [0x00000000e0000000, 0x00000000e5560000, 0x00000000e5560000)
  from space 21824K,  49% used [0x00000000e5560000, 0x00000000e5fe8b58, 0x00000000e6ab0000)
  to   space 21824K,   0% used [0x00000000e6ab0000, 0x00000000e6ab0000, 0x00000000e8000000)
 concurrent mark-sweep generation total 393216K, used 24052K [0x00000000e8000000, 0x0000000100000000, 0x0000000100000000)
 Metaspace       used 38326K, capacity 39111K, committed 39408K, reserved 1083392K
  class space    used 4307K, capacity 4520K, committed 4624K, reserved 1048576K
2017-03-14T09:37:37.275+0000: 484.920: [GC (Allocation Failure) 2017-03-14T09:37:37.275+0000: 484.920: [ParNew
Desired survivor size 20112992 bytes, new threshold 8 (max 8)
- age   1:    4912424 bytes,    4912424 total
- age   2:    2045816 bytes,    6958240 total
- age   3:    1404936 bytes,    8363176 total
- age   4:    1654056 bytes,   10017232 total
- age   5:     980160 bytes,   10997392 total
- age   6:      65720 bytes,   11063112 total
- age   7:     200688 bytes,   11263800 total
- age   8:      97432 bytes,   11361232 total
: 98210K->14005K(109248K), 0.0094824 secs] 122262K->38075K(502464K), 0.0107424 secs] [Times: user=0.03 sys=0.00, real=0.01 secs] 
Heap after GC invocations=41 (full 1):
 par new generation   total 109248K, used 14005K [0x00000000e0000000, 0x00000000e8000000, 0x00000000e8000000)
  eden space 87424K,   0% used [0x00000000e0000000, 0x00000000e0000000, 0x00000000e5560000)
  from space 21824K,  64% used [0x00000000e6ab0000, 0x00000000e785d720, 0x00000000e8000000)
  to   space 21824K,   0% used [0x00000000e5560000, 0x00000000e5560000, 0x00000000e6ab0000)
 concurrent mark-sweep generation total 393216K, used 24070K [0x00000000e8000000, 0x0000000100000000, 0x0000000100000000)
 Metaspace       used 38326K, capacity 39111K, committed 39408K, reserved 1083392K
  class space    used 4307K, capacity 4520K, committed 4624K, reserved 1048576K
}
2017-03-14T09:37:37.285+0000: 484.931: Total time for which application threads were stopped: 0.0109822 seconds, Stopping threads took: 0.0000354 seconds
2017-03-14T09:37:38.286+0000: 485.931: Total time for which application threads were stopped: 0.0001453 seconds, Stopping threads took: 0.0000305 seconds
2017-03-14T09:37:38.625+0000: 486.270: Total time for which application threads were stopped: 0.0003096 seconds, Stopping threads took: 0.0000775 seconds
2017-03-14T09:37:38.635+0000: 486.280: Total time for which application threads were stopped: 0.0002612 seconds, Stopping threads took: 0.0000585 seconds
2017-03-14T09:37:38.635+0000: 486.280: Total time for which application threads were stopped: 0.0001474 seconds, Stopping threads took: 0.0000171 seconds
2017-03-14T09:37:38.635+0000: 486.280: Total time for which application threads were stopped: 0.0001320 seconds, Stopping threads took: 0.0000166 seconds
2017-03-14T09:37:38.635+0000: 486.281: Total time for which application threads were stopped: 0.0001285 seconds, Stopping threads took: 0.0000155 seconds
2017-03-14T09:37:38.636+0000: 486.281: Total time for which application threads were stopped: 0.0003560 seconds, Stopping threads took: 0.0000145 seconds
2017-03-14T09:37:38.636+0000: 486.281: Total time for which application threads were stopped: 0.0001310 seconds, Stopping threads took: 0.0000169 seconds
2017-03-14T09:37:38.636+0000: 486.281: Total time for which application threads were stopped: 0.0001181 seconds, Stopping threads took: 0.0000153 seconds
2017-03-14T09:37:38.636+0000: 486.282: Total time for which application threads were stopped: 0.0001167 seconds, Stopping threads took: 0.0000153 seconds
2017-03-14T09:37:38.636+0000: 486.282: Total time for which application threads were stopped: 0.0001123 seconds, Stopping threads took: 0.0000151 seconds
2017-03-14T09:37:38.637+0000: 486.282: Total time for which application threads were stopped: 0.0001205 seconds, Stopping threads took: 0.0000158 seconds
2017-03-14T09:37:38.637+0000: 486.282: Total time for which application threads were stopped: 0.0001158 seconds, Stopping threads took: 0.0000154 seconds
2017-03-14T09:37:39.455+0000: 487.101: Total time for which application threads were stopped: 0.0036626 seconds, Stopping threads took: 0.0034373 seconds
2017-03-14T09:37:40.229+0000: 487.874: Total time for which application threads were stopped: 0.0001934 seconds, Stopping threads took: 0.0000609 seconds
2017-03-14T09:37:40.229+0000: 487.874: Total time for which application threads were stopped: 0.0001126 seconds, Stopping threads took: 0.0000299 seconds
2017-03-14T09:37:40.229+0000: 487.875: Total time for which application threads were stopped: 0.0000984 seconds, Stopping threads took: 0.0000254 seconds
2017-03-14T09:37:40.229+0000: 487.875: Total time for which application threads were stopped: 0.0001006 seconds, Stopping threads took: 0.0000244 seconds
2017-03-14T09:37:40.229+0000: 487.875: Total time for which application threads were stopped: 0.0000971 seconds, Stopping threads took: 0.0000251 seconds
2017-03-14T09:37:40.230+0000: 487.875: Total time for which application threads were stopped: 0.0000975 seconds, Stopping threads took: 0.0000268 seconds
2017-03-14T09:37:40.230+0000: 487.875: Total time for which application threads were stopped: 0.0000957 seconds, Stopping threads took: 0.0000251 seconds
2017-03-14T09:37:40.230+0000: 487.875: Total time for which application threads were stopped: 0.0001021 seconds, Stopping threads took: 0.0000305 seconds
2017-03-14T09:37:40.230+0000: 487.876: Total time for which application threads were stopped: 0.0001298 seconds, Stopping threads took: 0.0000275 seconds
2017-03-14T09:37:40.230+0000: 487.876: Total time for which application threads were stopped: 0.0000982 seconds, Stopping threads took: 0.0000272 seconds
2017-03-14T09:37:42.855+0000: 490.500: Total time for which application threads were stopped: 0.0001731 seconds, Stopping threads took: 0.0000382 seconds
2017-03-14T09:37:43.855+0000: 491.501: Total time for which application threads were stopped: 0.0001790 seconds, Stopping threads took: 0.0000295 seconds
{Heap before GC invocations=41 (full 1):
 par new generation   total 109248K, used 101082K [0x00000000e0000000, 0x00000000e8000000, 0x00000000e8000000)
  eden space 87424K,  99% used [0x00000000e0000000, 0x00000000e55093a8, 0x00000000e5560000)
  from space 21824K,  64% used [0x00000000e6ab0000, 0x00000000e785d720, 0x00000000e8000000)
  to   space 21824K,   0% used [0x00000000e5560000, 0x00000000e5560000, 0x00000000e6ab0000)
 concurrent mark-sweep generation total 393216K, used 24070K [0x00000000e8000000, 0x0000000100000000, 0x0000000100000000)
 Metaspace       used 38340K, capacity 39111K, committed 39408K, reserved 1083392K
  class space    used 4307K, capacity 4520K, committed 4624K, reserved 1048576K
2017-03-14T09:37:44.715+0000: 492.360: [GC (Allocation Failure) 2017-03-14T09:37:44.715+0000: 492.360: [ParNew
Desired survivor size 20112992 bytes, new threshold 8 (max 8)
- age   1:    3356064 bytes,    3356064 total
- age   2:    2693576 bytes,    6049640 total
- age   3:     156392 bytes,    6206032 total
- age   4:     114552 bytes,    6320584 total
- age   5:     248448 bytes,    6569032 total
- age   6:      59064 bytes,    6628096 total
- age   7:      61072 bytes,    6689168 total
- age   8:      64192 bytes,    6753360 total
: 101082K->11860K(109248K), 0.0192012 secs] 125152K->36024K(502464K), 0.0194723 secs] [Times: user=0.03 sys=0.00, real=0.02 secs] 
Heap after GC invocations=42 (full 1):
 par new generation   total 109248K, used 11860K [0x00000000e0000000, 0x00000000e8000000, 0x00000000e8000000)
  eden space 87424K,   0% used [0x00000000e0000000, 0x00000000e0000000, 0x00000000e5560000)
  from space 21824K,  54% used [0x00000000e5560000, 0x00000000e60f5208, 0x00000000e6ab0000)
  to   space 21824K,   0% used [0x00000000e6ab0000, 0x00000000e6ab0000, 0x00000000e8000000)
 concurrent mark-sweep generation total 393216K, used 24163K [0x00000000e8000000, 0x0000000100000000, 0x0000000100000000)
 Metaspace       used 38340K, capacity 39111K, committed 39408K, reserved 1083392K
  class space    used 4307K, capacity 4520K, committed 4624K, reserved 1048576K
}
2017-03-14T09:37:44.734+0000: 492.380: Total time for which application threads were stopped: 0.0199131 seconds, Stopping threads took: 0.0000495 seconds
2017-03-14T09:37:45.735+0000: 493.380: Total time for which application threads were stopped: 0.0001515 seconds, Stopping threads took: 0.0000280 seconds
2017-03-14T09:37:46.735+0000: 494.380: Total time for which application threads were stopped: 0.0001848 seconds, Stopping threads took: 0.0000461 seconds
2017-03-14T09:37:48.735+0000: 496.381: Total time for which application threads were stopped: 0.0001372 seconds, Stopping threads took: 0.0000336 seconds
{Heap before GC invocations=42 (full 1):
 par new generation   total 109248K, used 98832K [0x00000000e0000000, 0x00000000e8000000, 0x00000000e8000000)
  eden space 87424K,  99% used [0x00000000e0000000, 0x00000000e54ef008, 0x00000000e5560000)
  from space 21824K,  54% used [0x00000000e5560000, 0x00000000e60f5208, 0x00000000e6ab0000)
  to   space 21824K,   0% used [0x00000000e6ab0000, 0x00000000e6ab0000, 0x00000000e8000000)
 concurrent mark-sweep generation total 393216K, used 24163K [0x00000000e8000000, 0x0000000100000000, 0x0000000100000000)
 Metaspace       used 38348K, capacity 39111K, committed 39408K, reserved 1083392K
  class space    used 4307K, capacity 4520K, committed 4624K, reserved 1048576K
2017-03-14T09:37:49.838+0000: 497.484: [GC (Allocation Failure) 2017-03-14T09:37:49.838+0000: 497.484: [ParNew
Desired survivor size 20112992 bytes, new threshold 8 (max 8)
- age   1:    3699720 bytes,    3699720 total
- age   2:    1311120 bytes,    5010840 total
- age   3:    2692152 bytes,    7702992 total
- age   4:     153304 bytes,    7856296 total
- age   5:     111448 bytes,    7967744 total
- age   6:     246648 bytes,    8214392 total
- age   7:      57592 bytes,    8271984 total
- age   8:      59664 bytes,    8331648 total
: 98832K->9890K(109248K), 0.0090134 secs] 122996K->34115K(502464K), 0.0090960 secs] [Times: user=0.03 sys=0.00, real=0.01 secs] 
Heap after GC invocations=43 (full 1):
 par new generation   total 109248K, used 9890K [0x00000000e0000000, 0x00000000e8000000, 0x00000000e8000000)
  eden space 87424K,   0% used [0x00000000e0000000, 0x00000000e0000000, 0x00000000e5560000)
  from space 21824K,  45% used [0x00000000e6ab0000, 0x00000000e7458b38, 0x00000000e8000000)
  to   space 21824K,   0% used [0x00000000e5560000, 0x00000000e5560000, 0x00000000e6ab0000)
 concurrent mark-sweep generation total 393216K, used 24225K [0x00000000e8000000, 0x0000000100000000, 0x0000000100000000)
 Metaspace       used 38348K, capacity 39111K, committed 39408K, reserved 1083392K
  class space    used 4307K, capacity 4520K, committed 4624K, reserved 1048576K
}
2017-03-14T09:37:49.847+0000: 497.493: Total time for which application threads were stopped: 0.0093847 seconds, Stopping threads took: 0.0000367 seconds
2017-03-14T09:37:50.177+0000: 497.822: Total time for which application threads were stopped: 0.0003430 seconds, Stopping threads took: 0.0000456 seconds
2017-03-14T09:37:50.177+0000: 497.823: Total time for which application threads were stopped: 0.0002121 seconds, Stopping threads took: 0.0000282 seconds
2017-03-14T09:37:50.178+0000: 497.823: Total time for which application threads were stopped: 0.0002068 seconds, Stopping threads took: 0.0000279 seconds
2017-03-14T09:37:51.178+0000: 498.823: Total time for which application threads were stopped: 0.0001592 seconds, Stopping threads took: 0.0000324 seconds
2017-03-14T09:37:51.870+0000: 499.515: Total time for which application threads were stopped: 0.0001701 seconds, Stopping threads took: 0.0000274 seconds
2017-03-14T09:37:51.870+0000: 499.516: Total time for which application threads were stopped: 0.0000724 seconds, Stopping threads took: 0.0000089 seconds
2017-03-14T09:37:51.870+0000: 499.516: Total time for which application threads were stopped: 0.0000676 seconds, Stopping threads took: 0.0000107 seconds
2017-03-14T09:37:52.871+0000: 500.516: Total time for which application threads were stopped: 0.0004541 seconds, Stopping threads took: 0.0000893 seconds
2017-03-14T09:37:53.767+0000: 501.412: Total time for which application threads were stopped: 0.0002173 seconds, Stopping threads took: 0.0000663 seconds
{Heap before GC invocations=43 (full 1):
 par new generation   total 109248K, used 97314K [0x00000000e0000000, 0x00000000e8000000, 0x00000000e8000000)
  eden space 87424K, 100% used [0x00000000e0000000, 0x00000000e5560000, 0x00000000e5560000)
  from space 21824K,  45% used [0x00000000e6ab0000, 0x00000000e7458b38, 0x00000000e8000000)
  to   space 21824K,   0% used [0x00000000e5560000, 0x00000000e5560000, 0x00000000e6ab0000)
 concurrent mark-sweep generation total 393216K, used 24225K [0x00000000e8000000, 0x0000000100000000, 0x0000000100000000)
 Metaspace       used 38360K, capacity 39119K, committed 39408K, reserved 1083392K
  class space    used 4307K, capacity 4520K, committed 4624K, reserved 1048576K
2017-03-14T09:37:54.163+0000: 501.808: [GC (Allocation Failure) 2017-03-14T09:37:54.163+0000: 501.809: [ParNew
Desired survivor size 20112992 bytes, new threshold 8 (max 8)
- age   1:    3596992 bytes,    3596992 total
- age   2:    1821392 bytes,    5418384 total
- age   3:    1226080 bytes,    6644464 total
- age   4:    2680920 bytes,    9325384 total
- age   5:     147616 bytes,    9473000 total
- age   6:     105408 bytes,    9578408 total
- age   7:     236496 bytes,    9814904 total
- age   8:      54832 bytes,    9869736 total
: 97314K->14002K(109248K), 0.0093813 secs] 121539K->38283K(502464K), 0.0094795 secs] [Times: user=0.03 sys=0.00, real=0.01 secs] 
Heap after GC invocations=44 (full 1):
 par new generation   total 109248K, used 14002K [0x00000000e0000000, 0x00000000e8000000, 0x00000000e8000000)
  eden space 87424K,   0% used [0x00000000e0000000, 0x00000000e0000000, 0x00000000e5560000)
  from space 21824K,  64% used [0x00000000e5560000, 0x00000000e630cbc0, 0x00000000e6ab0000)
  to   space 21824K,   0% used [0x00000000e6ab0000, 0x00000000e6ab0000, 0x00000000e8000000)
 concurrent mark-sweep generation total 393216K, used 24280K [0x00000000e8000000, 0x0000000100000000, 0x0000000100000000)
 Metaspace       used 38360K, capacity 39119K, committed 39408K, reserved 1083392K
  class space    used 4307K, capacity 4520K, committed 4624K, reserved 1048576K
}
2017-03-14T09:37:54.173+0000: 501.818: Total time for which application threads were stopped: 0.0104639 seconds, Stopping threads took: 0.0006823 seconds
2017-03-14T09:37:55.173+0000: 502.818: Total time for which application threads were stopped: 0.0001986 seconds, Stopping threads took: 0.0000519 seconds
2017-03-14T09:37:55.515+0000: 503.161: Total time for which application threads were stopped: 0.0001701 seconds, Stopping threads took: 0.0000339 seconds
2017-03-14T09:37:56.516+0000: 504.161: Total time for which application threads were stopped: 0.0003189 seconds, Stopping threads took: 0.0000480 seconds
2017-03-14T09:37:56.884+0000: 504.529: Total time for which application threads were stopped: 0.0001946 seconds, Stopping threads took: 0.0000239 seconds
2017-03-14T09:37:56.884+0000: 504.530: Total time for which application threads were stopped: 0.0001062 seconds, Stopping threads took: 0.0000118 seconds
2017-03-14T09:37:56.884+0000: 504.530: Total time for which application threads were stopped: 0.0000922 seconds, Stopping threads took: 0.0000095 seconds
2017-03-14T09:37:56.884+0000: 504.530: Total time for which application threads were stopped: 0.0000791 seconds, Stopping threads took: 0.0000082 seconds
2017-03-14T09:37:56.885+0000: 504.530: Total time for which application threads were stopped: 0.0000807 seconds, Stopping threads took: 0.0000093 seconds
2017-03-14T09:37:56.885+0000: 504.530: Total time for which application threads were stopped: 0.0000808 seconds, Stopping threads took: 0.0000086 seconds
2017-03-14T09:37:56.885+0000: 504.530: Total time for which application threads were stopped: 0.0000856 seconds, Stopping threads took: 0.0000088 seconds
2017-03-14T09:37:56.885+0000: 504.530: Total time for which application threads were stopped: 0.0000794 seconds, Stopping threads took: 0.0000081 seconds
2017-03-14T09:37:56.885+0000: 504.531: Total time for which application threads were stopped: 0.0000775 seconds, Stopping threads took: 0.0000091 seconds
2017-03-14T09:37:56.885+0000: 504.531: Total time for which application threads were stopped: 0.0000772 seconds, Stopping threads took: 0.0000082 seconds
2017-03-14T09:37:56.885+0000: 504.531: Total time for which application threads were stopped: 0.0000746 seconds, Stopping threads took: 0.0000085 seconds
2017-03-14T09:37:56.885+0000: 504.531: Total time for which application threads were stopped: 0.0000742 seconds, Stopping threads took: 0.0000083 seconds
2017-03-14T09:37:56.886+0000: 504.531: Total time for which application threads were stopped: 0.0000770 seconds, Stopping threads took: 0.0000084 seconds
2017-03-14T09:37:56.886+0000: 504.531: Total time for which application threads were stopped: 0.0000786 seconds, Stopping threads took: 0.0000096 seconds
2017-03-14T09:37:56.886+0000: 504.531: Total time for which application threads were stopped: 0.0000852 seconds, Stopping threads took: 0.0000090 seconds
2017-03-14T09:37:56.886+0000: 504.531: Total time for which application threads were stopped: 0.0000808 seconds, Stopping threads took: 0.0000092 seconds
{Heap before GC invocations=44 (full 1):
 par new generation   total 109248K, used 101426K [0x00000000e0000000, 0x00000000e8000000, 0x00000000e8000000)
  eden space 87424K, 100% used [0x00000000e0000000, 0x00000000e5560000, 0x00000000e5560000)
  from space 21824K,  64% used [0x00000000e5560000, 0x00000000e630cbc0, 0x00000000e6ab0000)
  to   space 21824K,   0% used [0x00000000e6ab0000, 0x00000000e6ab0000, 0x00000000e8000000)
 concurrent mark-sweep generation total 393216K, used 24280K [0x00000000e8000000, 0x0000000100000000, 0x0000000100000000)
 Metaspace       used 38373K, capacity 39119K, committed 39408K, reserved 1083392K
  class space    used 4307K, capacity 4520K, committed 4624K, reserved 1048576K
2017-03-14T09:37:57.330+0000: 504.975: [GC (Allocation Failure) 2017-03-14T09:37:57.330+0000: 504.975: [ParNew
Desired survivor size 20112992 bytes, new threshold 8 (max 8)
- age   1:    2475584 bytes,    2475584 total
- age   2:     468856 bytes,    2944440 total
- age   3:     996888 bytes,    3941328 total
- age   4:     811040 bytes,    4752368 total
- age   5:    2463048 bytes,    7215416 total
- age   6:     145936 bytes,    7361352 total
- age   7:     105024 bytes,    7466376 total
- age   8:     235008 bytes,    7701384 total
: 101426K->9388K(109248K), 0.0267923 secs] 125707K->33721K(502464K), 0.0268776 secs] [Times: user=0.05 sys=0.00, real=0.03 secs] 
Heap after GC invocations=45 (full 1):
 par new generation   total 109248K, used 9388K [0x00000000e0000000, 0x00000000e8000000, 0x00000000e8000000)
  eden space 87424K,   0% used [0x00000000e0000000, 0x00000000e0000000, 0x00000000e5560000)
  from space 21824K,  43% used [0x00000000e6ab0000, 0x00000000e73db178, 0x00000000e8000000)
  to   space 21824K,   0% used [0x00000000e5560000, 0x00000000e5560000, 0x00000000e6ab0000)
 concurrent mark-sweep generation total 393216K, used 24333K [0x00000000e8000000, 0x0000000100000000, 0x0000000100000000)
 Metaspace       used 38373K, capacity 39119K, committed 39408K, reserved 1083392K
  class space    used 4307K, capacity 4520K, committed 4624K, reserved 1048576K
}
2017-03-14T09:37:57.356+0000: 505.002: Total time for which application threads were stopped: 0.0272200 seconds, Stopping threads took: 0.0000268 seconds
2017-03-14T09:37:58.581+0000: 506.226: Total time for which application threads were stopped: 0.0002088 seconds, Stopping threads took: 0.0000816 seconds
2017-03-14T09:37:58.581+0000: 506.226: Total time for which application threads were stopped: 0.0001029 seconds, Stopping threads took: 0.0000337 seconds
2017-03-14T09:37:58.581+0000: 506.226: Total time for which application threads were stopped: 0.0001285 seconds, Stopping threads took: 0.0000528 seconds
2017-03-14T09:37:58.581+0000: 506.227: Total time for which application threads were stopped: 0.0001640 seconds, Stopping threads took: 0.0000656 seconds
2017-03-14T09:37:58.581+0000: 506.227: Total time for which application threads were stopped: 0.0001003 seconds, Stopping threads took: 0.0000332 seconds
2017-03-14T09:37:58.581+0000: 506.227: Total time for which application threads were stopped: 0.0000873 seconds, Stopping threads took: 0.0000324 seconds
2017-03-14T09:37:58.582+0000: 506.227: Total time for which application threads were stopped: 0.0000753 seconds, Stopping threads took: 0.0000198 seconds
2017-03-14T09:37:58.582+0000: 506.227: Total time for which application threads were stopped: 0.0000812 seconds, Stopping threads took: 0.0000286 seconds
2017-03-14T09:37:58.582+0000: 506.227: Total time for which application threads were stopped: 0.0000725 seconds, Stopping threads took: 0.0000226 seconds
2017-03-14T09:37:58.582+0000: 506.227: Total time for which application threads were stopped: 0.0000763 seconds, Stopping threads took: 0.0000251 seconds
2017-03-14T09:37:58.582+0000: 506.227: Total time for which application threads were stopped: 0.0000796 seconds, Stopping threads took: 0.0000113 seconds
2017-03-14T09:37:58.582+0000: 506.228: Total time for which application threads were stopped: 0.0000617 seconds, Stopping threads took: 0.0000110 seconds
2017-03-14T09:37:58.582+0000: 506.228: Total time for which application threads were stopped: 0.0000677 seconds, Stopping threads took: 0.0000184 seconds
2017-03-14T09:37:58.582+0000: 506.228: Total time for which application threads were stopped: 0.0000633 seconds, Stopping threads took: 0.0000107 seconds
2017-03-14T09:37:58.582+0000: 506.228: Total time for which application threads were stopped: 0.0000645 seconds, Stopping threads took: 0.0000095 seconds
2017-03-14T09:37:58.583+0000: 506.228: Total time for which application threads were stopped: 0.0000584 seconds, Stopping threads took: 0.0000100 seconds
2017-03-14T09:37:58.583+0000: 506.228: Total time for which application threads were stopped: 0.0001862 seconds, Stopping threads took: 0.0000098 seconds
2017-03-14T09:37:58.808+0000: 506.454: Total time for which application threads were stopped: 0.0010599 seconds, Stopping threads took: 0.0008078 seconds
2017-03-14T09:38:00.250+0000: 507.895: Total time for which application threads were stopped: 0.0001836 seconds, Stopping threads took: 0.0000251 seconds
{Heap before GC invocations=45 (full 1):
 par new generation   total 109248K, used 96812K [0x00000000e0000000, 0x00000000e8000000, 0x00000000e8000000)
  eden space 87424K, 100% used [0x00000000e0000000, 0x00000000e5560000, 0x00000000e5560000)
  from space 21824K,  43% used [0x00000000e6ab0000, 0x00000000e73db178, 0x00000000e8000000)
  to   space 21824K,   0% used [0x00000000e5560000, 0x00000000e5560000, 0x00000000e6ab0000)
 concurrent mark-sweep generation total 393216K, used 24333K [0x00000000e8000000, 0x0000000100000000, 0x0000000100000000)
 Metaspace       used 38392K, capacity 39119K, committed 39408K, reserved 1083392K
  class space    used 4308K, capacity 4520K, committed 4624K, reserved 1048576K
2017-03-14T09:38:02.932+0000: 510.577: [GC (Allocation Failure) 2017-03-14T09:38:02.932+0000: 510.577: [ParNew
Desired survivor size 20112992 bytes, new threshold 8 (max 8)
- age   1:    3618800 bytes,    3618800 total
- age   2:     273488 bytes,    3892288 total
- age   3:     178504 bytes,    4070792 total
- age   4:     100624 bytes,    4171416 total
- age   5:      80320 bytes,    4251736 total
- age   6:      88448 bytes,    4340184 total
- age   7:     141320 bytes,    4481504 total
- age   8:     101824 bytes,    4583328 total
: 96812K->8697K(109248K), 0.0083214 secs] 121145K->33093K(502464K), 0.0083848 secs] [Times: user=0.03 sys=0.00, real=0.00 secs] 
Heap after GC invocations=46 (full 1):
 par new generation   total 109248K, used 8697K [0x00000000e0000000, 0x00000000e8000000, 0x00000000e8000000)
  eden space 87424K,   0% used [0x00000000e0000000, 0x00000000e0000000, 0x00000000e5560000)
  from space 21824K,  39% used [0x00000000e5560000, 0x00000000e5dde560, 0x00000000e6ab0000)
  to   space 21824K,   0% used [0x00000000e6ab0000, 0x00000000e6ab0000, 0x00000000e8000000)
 concurrent mark-sweep generation total 393216K, used 24395K [0x00000000e8000000, 0x0000000100000000, 0x0000000100000000)
 Metaspace       used 38392K, capacity 39119K, committed 39408K, reserved 1083392K
  class space    used 4308K, capacity 4520K, committed 4624K, reserved 1048576K
}
2017-03-14T09:38:02.940+0000: 510.586: Total time for which application threads were stopped: 0.0086564 seconds, Stopping threads took: 0.0000246 seconds
2017-03-14T09:38:03.940+0000: 511.586: Total time for which application threads were stopped: 0.0001211 seconds, Stopping threads took: 0.0000240 seconds
2017-03-14T09:38:05.134+0000: 512.780: Total time for which application threads were stopped: 0.0002740 seconds, Stopping threads took: 0.0000514 seconds
2017-03-14T09:38:05.134+0000: 512.780: Total time for which application threads were stopped: 0.0001136 seconds, Stopping threads took: 0.0000224 seconds
2017-03-14T09:38:05.135+0000: 512.780: Total time for which application threads were stopped: 0.0000939 seconds, Stopping threads took: 0.0000143 seconds
2017-03-14T09:38:06.135+0000: 513.780: Total time for which application threads were stopped: 0.0001782 seconds, Stopping threads took: 0.0000466 seconds
2017-03-14T09:38:06.607+0000: 514.253: Total time for which application threads were stopped: 0.0003171 seconds, Stopping threads took: 0.0000216 seconds
2017-03-14T09:38:06.607+0000: 514.253: Total time for which application threads were stopped: 0.0001620 seconds, Stopping threads took: 0.0000067 seconds
2017-03-14T09:38:06.608+0000: 514.253: Total time for which application threads were stopped: 0.0000544 seconds, Stopping threads took: 0.0000058 seconds
2017-03-14T09:38:06.671+0000: 514.316: Total time for which application threads were stopped: 0.0001648 seconds, Stopping threads took: 0.0000264 seconds
2017-03-14T09:38:06.671+0000: 514.317: Total time for which application threads were stopped: 0.0000779 seconds, Stopping threads took: 0.0000175 seconds
2017-03-14T09:38:08.672+0000: 516.317: Total time for which application threads were stopped: 0.0001565 seconds, Stopping threads took: 0.0000295 seconds
{Heap before GC invocations=46 (full 1):
 par new generation   total 109248K, used 96121K [0x00000000e0000000, 0x00000000e8000000, 0x00000000e8000000)
  eden space 87424K, 100% used [0x00000000e0000000, 0x00000000e5560000, 0x00000000e5560000)
  from space 21824K,  39% used [0x00000000e5560000, 0x00000000e5dde560, 0x00000000e6ab0000)
  to   space 21824K,   0% used [0x00000000e6ab0000, 0x00000000e6ab0000, 0x00000000e8000000)
 concurrent mark-sweep generation total 393216K, used 24395K [0x00000000e8000000, 0x0000000100000000, 0x0000000100000000)
 Metaspace       used 38396K, capacity 39119K, committed 39408K, reserved 1083392K
  class space    used 4308K, capacity 4520K, committed 4624K, reserved 1048576K
2017-03-14T09:38:09.994+0000: 517.639: [GC (Allocation Failure) 2017-03-14T09:38:09.994+0000: 517.639: [ParNew
Desired survivor size 20112992 bytes, new threshold 8 (max 8)
- age   1:    3685296 bytes,    3685296 total
- age   2:    1475496 bytes,    5160792 total
- age   3:     258112 bytes,    5418904 total
- age   4:     175960 bytes,    5594864 total
- age   5:      98336 bytes,    5693200 total
- age   6:      78840 bytes,    5772040 total
- age   7:      88160 bytes,    5860200 total
- age   8:     140152 bytes,    6000352 total
: 96121K->7736K(109248K), 0.0129875 secs] 120517K->32229K(502464K), 0.0131534 secs] [Times: user=0.04 sys=0.00, real=0.01 secs] 
Heap after GC invocations=47 (full 1):
 par new generation   total 109248K, used 7736K [0x00000000e0000000, 0x00000000e8000000, 0x00000000e8000000)
  eden space 87424K,   0% used [0x00000000e0000000, 0x00000000e0000000, 0x00000000e5560000)
  from space 21824K,  35% used [0x00000000e6ab0000, 0x00000000e723e040, 0x00000000e8000000)
  to   space 21824K,   0% used [0x00000000e5560000, 0x00000000e5560000, 0x00000000e6ab0000)
 concurrent mark-sweep generation total 393216K, used 24493K [0x00000000e8000000, 0x0000000100000000, 0x0000000100000000)
 Metaspace       used 38396K, capacity 39119K, committed 39408K, reserved 1083392K
  class space    used 4308K, capacity 4520K, committed 4624K, reserved 1048576K
}
2017-03-14T09:38:10.007+0000: 517.652: Total time for which application threads were stopped: 0.0135127 seconds, Stopping threads took: 0.0000329 seconds
2017-03-14T09:38:11.007+0000: 518.653: Total time for which application threads were stopped: 0.0002678 seconds, Stopping threads took: 0.0001257 seconds
2017-03-14T09:38:13.008+0000: 520.653: Total time for which application threads were stopped: 0.0002275 seconds, Stopping threads took: 0.0000414 seconds
2017-03-14T09:38:13.105+0000: 520.751: Total time for which application threads were stopped: 0.0002111 seconds, Stopping threads took: 0.0000670 seconds
2017-03-14T09:38:14.223+0000: 521.868: Total time for which application threads were stopped: 0.0002012 seconds, Stopping threads took: 0.0000341 seconds
2017-03-14T09:38:14.228+0000: 521.873: Total time for which application threads were stopped: 0.0001781 seconds, Stopping threads took: 0.0000507 seconds
{Heap before GC invocations=47 (full 1):
 par new generation   total 109248K, used 95160K [0x00000000e0000000, 0x00000000e8000000, 0x00000000e8000000)
  eden space 87424K, 100% used [0x00000000e0000000, 0x00000000e5560000, 0x00000000e5560000)
  from space 21824K,  35% used [0x00000000e6ab0000, 0x00000000e723e040, 0x00000000e8000000)
  to   space 21824K,   0% used [0x00000000e5560000, 0x00000000e5560000, 0x00000000e6ab0000)
 concurrent mark-sweep generation total 393216K, used 24493K [0x00000000e8000000, 0x0000000100000000, 0x0000000100000000)
 Metaspace       used 38399K, capacity 39119K, committed 39408K, reserved 1083392K
  class space    used 4308K, capacity 4520K, committed 4624K, reserved 1048576K
2017-03-14T09:38:14.700+0000: 522.346: [GC (Allocation Failure) 2017-03-14T09:38:14.701+0000: 522.346: [ParNew
Desired survivor size 20112992 bytes, new threshold 8 (max 8)
- age   1:    3077080 bytes,    3077080 total
- age   2:    1663808 bytes,    4740888 total
- age   3:    1463960 bytes,    6204848 total
- age   4:     255280 bytes,    6460128 total
- age   5:     170040 bytes,    6630168 total
- age   6:      91128 bytes,    6721296 total
- age   7:      67128 bytes,    6788424 total
- age   8:      86528 bytes,    6874952 total
: 95160K->9236K(109248K), 0.0321851 secs] 119653K->33800K(502464K), 0.0324211 secs] [Times: user=0.05 sys=0.00, real=0.04 secs] 
Heap after GC invocations=48 (full 1):
 par new generation   total 109248K, used 9236K [0x00000000e0000000, 0x00000000e8000000, 0x00000000e8000000)
  eden space 87424K,   0% used [0x00000000e0000000, 0x00000000e0000000, 0x00000000e5560000)
  from space 21824K,  42% used [0x00000000e5560000, 0x00000000e5e652d0, 0x00000000e6ab0000)
  to   space 21824K,   0% used [0x00000000e6ab0000, 0x00000000e6ab0000, 0x00000000e8000000)
 concurrent mark-sweep generation total 393216K, used 24564K [0x00000000e8000000, 0x0000000100000000, 0x0000000100000000)
 Metaspace       used 38399K, capacity 39119K, committed 39408K, reserved 1083392K
  class space    used 4308K, capacity 4520K, committed 4624K, reserved 1048576K
}
2017-03-14T09:38:14.733+0000: 522.378: Total time for which application threads were stopped: 0.0330597 seconds, Stopping threads took: 0.0000554 seconds
2017-03-14T09:38:14.975+0000: 522.620: Total time for which application threads were stopped: 0.0001959 seconds, Stopping threads took: 0.0000338 seconds
2017-03-14T09:38:14.982+0000: 522.628: Total time for which application threads were stopped: 0.0001881 seconds, Stopping threads took: 0.0000445 seconds
2017-03-14T09:38:14.982+0000: 522.628: Total time for which application threads were stopped: 0.0000845 seconds, Stopping threads took: 0.0000201 seconds
2017-03-14T09:38:14.983+0000: 522.628: Total time for which application threads were stopped: 0.0000799 seconds, Stopping threads took: 0.0000197 seconds
2017-03-14T09:38:14.983+0000: 522.628: Total time for which application threads were stopped: 0.0000805 seconds, Stopping threads took: 0.0000195 seconds
2017-03-14T09:38:14.983+0000: 522.628: Total time for which application threads were stopped: 0.0000801 seconds, Stopping threads took: 0.0000192 seconds
2017-03-14T09:38:14.999+0000: 522.644: Total time for which application threads were stopped: 0.0063818 seconds, Stopping threads took: 0.0062319 seconds
2017-03-14T09:38:15.000+0000: 522.646: Total time for which application threads were stopped: 0.0001616 seconds, Stopping threads took: 0.0000298 seconds
2017-03-14T09:38:16.001+0000: 523.646: Total time for which application threads were stopped: 0.0001906 seconds, Stopping threads took: 0.0000382 seconds
{Heap before GC invocations=48 (full 1):
 par new generation   total 109248K, used 96657K [0x00000000e0000000, 0x00000000e8000000, 0x00000000e8000000)
  eden space 87424K,  99% used [0x00000000e0000000, 0x00000000e555f510, 0x00000000e5560000)
  from space 21824K,  42% used [0x00000000e5560000, 0x00000000e5e652d0, 0x00000000e6ab0000)
  to   space 21824K,   0% used [0x00000000e6ab0000, 0x00000000e6ab0000, 0x00000000e8000000)
 concurrent mark-sweep generation total 393216K, used 24564K [0x00000000e8000000, 0x0000000100000000, 0x0000000100000000)
 Metaspace       used 38417K, capacity 39183K, committed 39408K, reserved 1083392K
  class space    used 4309K, capacity 4520K, committed 4624K, reserved 1048576K
2017-03-14T09:38:16.357+0000: 524.003: [GC (Allocation Failure) 2017-03-14T09:38:16.357+0000: 524.003: [ParNew
Desired survivor size 20112992 bytes, new threshold 8 (max 8)
- age   1:    1571880 bytes,    1571880 total
- age   2:    1034656 bytes,    2606536 total
- age   3:    1649472 bytes,    4256008 total
- age   4:    1455232 bytes,    5711240 total
- age   5:     254864 bytes,    5966104 total
- age   6:     160728 bytes,    6126832 total
- age   7:      84296 bytes,    6211128 total
- age   8:      57264 bytes,    6268392 total
: 96657K->7263K(109248K), 0.0199985 secs] 121222K->31844K(502464K), 0.0200926 secs] [Times: user=0.04 sys=0.00, real=0.02 secs] 
Heap after GC invocations=49 (full 1):
 par new generation   total 109248K, used 7263K [0x00000000e0000000, 0x00000000e8000000, 0x00000000e8000000)
  eden space 87424K,   0% used [0x00000000e0000000, 0x00000000e0000000, 0x00000000e5560000)
  from space 21824K,  33% used [0x00000000e6ab0000, 0x00000000e71c7df8, 0x00000000e8000000)
  to   space 21824K,   0% used [0x00000000e5560000, 0x00000000e5560000, 0x00000000e6ab0000)
 concurrent mark-sweep generation total 393216K, used 24580K [0x00000000e8000000, 0x0000000100000000, 0x0000000100000000)
 Metaspace       used 38417K, capacity 39183K, committed 39408K, reserved 1083392K
  class space    used 4309K, capacity 4520K, committed 4624K, reserved 1048576K
}
2017-03-14T09:38:16.377+0000: 524.023: Total time for which application threads were stopped: 0.0203712 seconds, Stopping threads took: 0.0000385 seconds
2017-03-14T09:38:17.378+0000: 525.023: Total time for which application threads were stopped: 0.0002424 seconds, Stopping threads took: 0.0000564 seconds
2017-03-14T09:38:19.462+0000: 527.107: Total time for which application threads were stopped: 0.0003522 seconds, Stopping threads took: 0.0000617 seconds
2017-03-14T09:38:19.462+0000: 527.108: Total time for which application threads were stopped: 0.0002513 seconds, Stopping threads took: 0.0000809 seconds
2017-03-14T09:38:19.463+0000: 527.108: Total time for which application threads were stopped: 0.0001928 seconds, Stopping threads took: 0.0000420 seconds
2017-03-14T09:38:19.463+0000: 527.108: Total time for which application threads were stopped: 0.0001875 seconds, Stopping threads took: 0.0000393 seconds
2017-03-14T09:38:19.463+0000: 527.109: Total time for which application threads were stopped: 0.0001853 seconds, Stopping threads took: 0.0000404 seconds
2017-03-14T09:38:19.463+0000: 527.109: Total time for which application threads were stopped: 0.0001885 seconds, Stopping threads took: 0.0000379 seconds
2017-03-14T09:38:19.464+0000: 527.109: Total time for which application threads were stopped: 0.0001916 seconds, Stopping threads took: 0.0000356 seconds
2017-03-14T09:38:19.464+0000: 527.109: Total time for which application threads were stopped: 0.0001806 seconds, Stopping threads took: 0.0000321 seconds
2017-03-14T09:38:19.464+0000: 527.110: Total time for which application threads were stopped: 0.0001656 seconds, Stopping threads took: 0.0000157 seconds
2017-03-14T09:38:19.464+0000: 527.110: Total time for which application threads were stopped: 0.0001666 seconds, Stopping threads took: 0.0000150 seconds
2017-03-14T09:38:19.465+0000: 527.110: Total time for which application threads were stopped: 0.0001811 seconds, Stopping threads took: 0.0000167 seconds
2017-03-14T09:38:19.467+0000: 527.112: Total time for which application threads were stopped: 0.0004672 seconds, Stopping threads took: 0.0002199 seconds
2017-03-14T09:38:19.467+0000: 527.112: Total time for which application threads were stopped: 0.0001594 seconds, Stopping threads took: 0.0000149 seconds
2017-03-14T09:38:19.909+0000: 527.555: Total time for which application threads were stopped: 0.0003519 seconds, Stopping threads took: 0.0000640 seconds
2017-03-14T09:38:19.914+0000: 527.559: Total time for which application threads were stopped: 0.0002471 seconds, Stopping threads took: 0.0000355 seconds
2017-03-14T09:38:19.914+0000: 527.560: Total time for which application threads were stopped: 0.0002209 seconds, Stopping threads took: 0.0000273 seconds
2017-03-14T09:38:19.915+0000: 527.560: Total time for which application threads were stopped: 0.0001779 seconds, Stopping threads took: 0.0000242 seconds
2017-03-14T09:38:19.915+0000: 527.560: Total time for which application threads were stopped: 0.0001782 seconds, Stopping threads took: 0.0000244 seconds
2017-03-14T09:38:19.915+0000: 527.561: Total time for which application threads were stopped: 0.0001790 seconds, Stopping threads took: 0.0000244 seconds
2017-03-14T09:38:19.916+0000: 527.561: Total time for which application threads were stopped: 0.0001862 seconds, Stopping threads took: 0.0000245 seconds
2017-03-14T09:38:19.916+0000: 527.562: Total time for which application threads were stopped: 0.0001799 seconds, Stopping threads took: 0.0000245 seconds
2017-03-14T09:38:19.917+0000: 527.562: Total time for which application threads were stopped: 0.0001706 seconds, Stopping threads took: 0.0000290 seconds
2017-03-14T09:38:19.917+0000: 527.562: Total time for which application threads were stopped: 0.0001571 seconds, Stopping threads took: 0.0000243 seconds
2017-03-14T09:38:19.917+0000: 527.563: Total time for which application threads were stopped: 0.0001461 seconds, Stopping threads took: 0.0000152 seconds
2017-03-14T09:38:20.918+0000: 528.563: Total time for which application threads were stopped: 0.0002791 seconds, Stopping threads took: 0.0000505 seconds
2017-03-14T09:39:02.923+0000: 570.569: Total time for which application threads were stopped: 0.0001748 seconds, Stopping threads took: 0.0000581 seconds
2017-03-14T09:39:50.345+0000: 617.991: Total time for which application threads were stopped: 0.0001734 seconds, Stopping threads took: 0.0000229 seconds
2017-03-14T09:39:50.347+0000: 617.993: Total time for which application threads were stopped: 0.0008824 seconds, Stopping threads took: 0.0000193 seconds
2017-03-14T09:39:50.370+0000: 618.016: Total time for which application threads were stopped: 0.0004440 seconds, Stopping threads took: 0.0000299 seconds
2017-03-14T09:39:50.400+0000: 618.045: Total time for which application threads were stopped: 0.0001698 seconds, Stopping threads took: 0.0000247 seconds
2017-03-14T09:39:50.405+0000: 618.050: Total time for which application threads were stopped: 0.0001897 seconds, Stopping threads took: 0.0000463 seconds
2017-03-14T09:39:50.407+0000: 618.053: Total time for which application threads were stopped: 0.0001727 seconds, Stopping threads took: 0.0000489 seconds
2017-03-14T09:39:50.407+0000: 618.053: Total time for which application threads were stopped: 0.0000830 seconds, Stopping threads took: 0.0000243 seconds
2017-03-14T09:39:50.408+0000: 618.054: Total time for which application threads were stopped: 0.0001554 seconds, Stopping threads took: 0.0000372 seconds
2017-03-14T09:39:50.409+0000: 618.054: Total time for which application threads were stopped: 0.0001402 seconds, Stopping threads took: 0.0000423 seconds
2017-03-14T09:39:50.409+0000: 618.055: Total time for which application threads were stopped: 0.0001374 seconds, Stopping threads took: 0.0000320 seconds
2017-03-14T09:39:50.410+0000: 618.055: Total time for which application threads were stopped: 0.0001113 seconds, Stopping threads took: 0.0000296 seconds
2017-03-14T09:39:50.413+0000: 618.058: Total time for which application threads were stopped: 0.0001417 seconds, Stopping threads took: 0.0000249 seconds
2017-03-14T09:39:50.413+0000: 618.059: Total time for which application threads were stopped: 0.0000796 seconds, Stopping threads took: 0.0000210 seconds
2017-03-14T09:39:50.414+0000: 618.059: Total time for which application threads were stopped: 0.0000629 seconds, Stopping threads took: 0.0000096 seconds
2017-03-14T09:39:50.414+0000: 618.059: Total time for which application threads were stopped: 0.0000753 seconds, Stopping threads took: 0.0000138 seconds
2017-03-14T09:39:50.414+0000: 618.060: Total time for which application threads were stopped: 0.0000910 seconds, Stopping threads took: 0.0000252 seconds
2017-03-14T09:40:46.422+0000: 674.067: Total time for which application threads were stopped: 0.0002741 seconds, Stopping threads took: 0.0000464 seconds
2017-03-14T09:41:04.518+0000: 692.163: Total time for which application threads were stopped: 0.0002459 seconds, Stopping threads took: 0.0000582 seconds
2017-03-14T09:41:04.519+0000: 692.164: Total time for which application threads were stopped: 0.0001786 seconds, Stopping threads took: 0.0000239 seconds
2017-03-14T09:41:04.519+0000: 692.165: Total time for which application threads were stopped: 0.0001166 seconds, Stopping threads took: 0.0000159 seconds
2017-03-14T09:41:04.520+0000: 692.165: Total time for which application threads were stopped: 0.0001700 seconds, Stopping threads took: 0.0000220 seconds
2017-03-14T09:41:09.521+0000: 697.166: Total time for which application threads were stopped: 0.0002713 seconds, Stopping threads took: 0.0000486 seconds
2017-03-14T09:41:23.997+0000: 711.642: Total time for which application threads were stopped: 0.0002694 seconds, Stopping threads took: 0.0000543 seconds
2017-03-14T09:41:23.998+0000: 711.643: Total time for which application threads were stopped: 0.0009653 seconds, Stopping threads took: 0.0000219 seconds
2017-03-14T09:44:53.984+0000: 921.630: Total time for which application threads were stopped: 0.0002162 seconds, Stopping threads took: 0.0000454 seconds
2017-03-14T09:44:54.985+0000: 922.631: Total time for which application threads were stopped: 0.0004979 seconds, Stopping threads took: 0.0001562 seconds
2017-03-14T09:46:18.938+0000: 1006.584: Total time for which application threads were stopped: 0.0010690 seconds, Stopping threads took: 0.0000859 seconds
2017-03-14T09:46:19.939+0000: 1007.584: Total time for which application threads were stopped: 0.0001973 seconds, Stopping threads took: 0.0000379 seconds
2017-03-14T09:52:53.007+0000: 1400.653: Total time for which application threads were stopped: 0.0005749 seconds, Stopping threads took: 0.0004367 seconds
2017-03-14T09:52:53.008+0000: 1400.653: Total time for which application threads were stopped: 0.0001272 seconds, Stopping threads took: 0.0000429 seconds
{Heap before GC invocations=49 (full 1):
 par new generation   total 109248K, used 94687K [0x00000000e0000000, 0x00000000e8000000, 0x00000000e8000000)
  eden space 87424K, 100% used [0x00000000e0000000, 0x00000000e5560000, 0x00000000e5560000)
  from space 21824K,  33% used [0x00000000e6ab0000, 0x00000000e71c7df8, 0x00000000e8000000)
  to   space 21824K,   0% used [0x00000000e5560000, 0x00000000e5560000, 0x00000000e6ab0000)
 concurrent mark-sweep generation total 393216K, used 24580K [0x00000000e8000000, 0x0000000100000000, 0x0000000100000000)
 Metaspace       used 38983K, capacity 39765K, committed 39920K, reserved 1085440K
  class space    used 4377K, capacity 4585K, committed 4624K, reserved 1048576K
2017-03-14T09:52:53.162+0000: 1400.808: [GC (Allocation Failure) 2017-03-14T09:52:53.162+0000: 1400.808: [ParNew
Desired survivor size 20112992 bytes, new threshold 8 (max 8)
- age   1:    2554584 bytes,    2554584 total
- age   2:     122264 bytes,    2676848 total
- age   3:      47296 bytes,    2724144 total
- age   4:     211376 bytes,    2935520 total
- age   5:      95192 bytes,    3030712 total
- age   6:      26072 bytes,    3056784 total
- age   7:      23776 bytes,    3080560 total
- age   8:      84104 bytes,    3164664 total
: 94687K->6747K(109248K), 0.0229320 secs] 119268K->31384K(502464K), 0.0230732 secs] [Times: user=0.04 sys=0.00, real=0.02 secs] 
Heap after GC invocations=50 (full 1):
 par new generation   total 109248K, used 6747K [0x00000000e0000000, 0x00000000e8000000, 0x00000000e8000000)
  eden space 87424K,   0% used [0x00000000e0000000, 0x00000000e0000000, 0x00000000e5560000)
  from space 21824K,  30% used [0x00000000e5560000, 0x00000000e5bf6ec8, 0x00000000e6ab0000)
  to   space 21824K,   0% used [0x00000000e6ab0000, 0x00000000e6ab0000, 0x00000000e8000000)
 concurrent mark-sweep generation total 393216K, used 24636K [0x00000000e8000000, 0x0000000100000000, 0x0000000100000000)
 Metaspace       used 38983K, capacity 39765K, committed 39920K, reserved 1085440K
  class space    used 4377K, capacity 4585K, committed 4624K, reserved 1048576K
}
2017-03-14T09:52:53.186+0000: 1400.831: Total time for which application threads were stopped: 0.0358438 seconds, Stopping threads took: 0.0124091 seconds
{Heap before GC invocations=50 (full 1):
 par new generation   total 109248K, used 94171K [0x00000000e0000000, 0x00000000e8000000, 0x00000000e8000000)
  eden space 87424K, 100% used [0x00000000e0000000, 0x00000000e5560000, 0x00000000e5560000)
  from space 21824K,  30% used [0x00000000e5560000, 0x00000000e5bf6ec8, 0x00000000e6ab0000)
  to   space 21824K,   0% used [0x00000000e6ab0000, 0x00000000e6ab0000, 0x00000000e8000000)
 concurrent mark-sweep generation total 393216K, used 24636K [0x00000000e8000000, 0x0000000100000000, 0x0000000100000000)
 Metaspace       used 38987K, capacity 39765K, committed 39920K, reserved 1085440K
  class space    used 4377K, capacity 4585K, committed 4624K, reserved 1048576K
2017-03-14T09:52:53.274+0000: 1400.919: [GC (Allocation Failure) 2017-03-14T09:52:53.274+0000: 1400.919: [ParNew
Desired survivor size 20112992 bytes, new threshold 8 (max 8)
- age   1:     238744 bytes,     238744 total
- age   2:    1915608 bytes,    2154352 total
- age   3:     121336 bytes,    2275688 total
- age   4:      46368 bytes,    2322056 total
- age   5:     211376 bytes,    2533432 total
- age   6:      95192 bytes,    2628624 total
- age   7:      26072 bytes,    2654696 total
- age   8:      23776 bytes,    2678472 total
: 94171K->3375K(109248K), 0.0225551 secs] 118808K->28094K(502464K), 0.0226668 secs] [Times: user=0.04 sys=0.00, real=0.02 secs] 
Heap after GC invocations=51 (full 1):
 par new generation   total 109248K, used 3375K [0x00000000e0000000, 0x00000000e8000000, 0x00000000e8000000)
  eden space 87424K,   0% used [0x00000000e0000000, 0x00000000e0000000, 0x00000000e5560000)
  from space 21824K,  15% used [0x00000000e6ab0000, 0x00000000e6dfbf00, 0x00000000e8000000)
  to   space 21824K,   0% used [0x00000000e5560000, 0x00000000e5560000, 0x00000000e6ab0000)
 concurrent mark-sweep generation total 393216K, used 24718K [0x00000000e8000000, 0x0000000100000000, 0x0000000100000000)
 Metaspace       used 38987K, capacity 39765K, committed 39920K, reserved 1085440K
  class space    used 4377K, capacity 4585K, committed 4624K, reserved 1048576K
}
2017-03-14T09:52:53.297+0000: 1400.942: Total time for which application threads were stopped: 0.0229221 seconds, Stopping threads took: 0.0000302 seconds
{Heap before GC invocations=51 (full 1):
 par new generation   total 109248K, used 90799K [0x00000000e0000000, 0x00000000e8000000, 0x00000000e8000000)
  eden space 87424K, 100% used [0x00000000e0000000, 0x00000000e5560000, 0x00000000e5560000)
  from space 21824K,  15% used [0x00000000e6ab0000, 0x00000000e6dfbf00, 0x00000000e8000000)
  to   space 21824K,   0% used [0x00000000e5560000, 0x00000000e5560000, 0x00000000e6ab0000)
 concurrent mark-sweep generation total 393216K, used 24718K [0x00000000e8000000, 0x0000000100000000, 0x0000000100000000)
 Metaspace       used 38989K, capacity 39765K, committed 39920K, reserved 1085440K
  class space    used 4377K, capacity 4585K, committed 4624K, reserved 1048576K
2017-03-14T09:52:53.423+0000: 1401.068: [GC (Allocation Failure) 2017-03-14T09:52:53.423+0000: 1401.068: [ParNew
Desired survivor size 20112992 bytes, new threshold 8 (max 8)
- age   1:     487168 bytes,     487168 total
- age   2:      97792 bytes,     584960 total
- age   3:    1915056 bytes,    2500016 total
- age   4:     121336 bytes,    2621352 total
- age   5:      46368 bytes,    2667720 total
- age   6:     211376 bytes,    2879096 total
- age   7:      95192 bytes,    2974288 total
- age   8:      26072 bytes,    3000360 total
: 90799K->4341K(109248K), 0.0325138 secs] 115518K->29082K(502464K), 0.0326183 secs] [Times: user=0.05 sys=0.00, real=0.03 secs] 
Heap after GC invocations=52 (full 1):
 par new generation   total 109248K, used 4341K [0x00000000e0000000, 0x00000000e8000000, 0x00000000e8000000)
  eden space 87424K,   0% used [0x00000000e0000000, 0x00000000e0000000, 0x00000000e5560000)
  from space 21824K,  19% used [0x00000000e5560000, 0x00000000e599d448, 0x00000000e6ab0000)
  to   space 21824K,   0% used [0x00000000e6ab0000, 0x00000000e6ab0000, 0x00000000e8000000)
 concurrent mark-sweep generation total 393216K, used 24741K [0x00000000e8000000, 0x0000000100000000, 0x0000000100000000)
 Metaspace       used 38989K, capacity 39765K, committed 39920K, reserved 1085440K
  class space    used 4377K, capacity 4585K, committed 4624K, reserved 1048576K
}
2017-03-14T09:52:53.455+0000: 1401.101: Total time for which application threads were stopped: 0.0329727 seconds, Stopping threads took: 0.0000771 seconds
{Heap before GC invocations=52 (full 1):
 par new generation   total 109248K, used 91765K [0x00000000e0000000, 0x00000000e8000000, 0x00000000e8000000)
  eden space 87424K, 100% used [0x00000000e0000000, 0x00000000e5560000, 0x00000000e5560000)
  from space 21824K,  19% used [0x00000000e5560000, 0x00000000e599d448, 0x00000000e6ab0000)
  to   space 21824K,   0% used [0x00000000e6ab0000, 0x00000000e6ab0000, 0x00000000e8000000)
 concurrent mark-sweep generation total 393216K, used 24741K [0x00000000e8000000, 0x0000000100000000, 0x0000000100000000)
 Metaspace       used 39051K, capacity 39843K, committed 39920K, reserved 1085440K
  class space    used 4385K, capacity 4598K, committed 4624K, reserved 1048576K
2017-03-14T09:52:53.810+0000: 1401.456: [GC (Allocation Failure) 2017-03-14T09:52:53.810+0000: 1401.456: [ParNew
Desired survivor size 20112992 bytes, new threshold 8 (max 8)
- age   1:    3205624 bytes,    3205624 total
- age   2:     120280 bytes,    3325904 total
- age   3:      97384 bytes,    3423288 total
- age   4:     786288 bytes,    4209576 total
- age   5:     121336 bytes,    4330912 total
- age   6:      45880 bytes,    4376792 total
- age   7:     211344 bytes,    4588136 total
- age   8:      95192 bytes,    4683328 total
: 91765K->5057K(109248K), 0.0466131 secs] 116506K->29824K(502464K), 0.0467401 secs] [Times: user=0.12 sys=0.01, real=0.04 secs] 
Heap after GC invocations=53 (full 1):
 par new generation   total 109248K, used 5057K [0x00000000e0000000, 0x00000000e8000000, 0x00000000e8000000)
  eden space 87424K,   0% used [0x00000000e0000000, 0x00000000e0000000, 0x00000000e5560000)
  from space 21824K,  23% used [0x00000000e6ab0000, 0x00000000e6fa0560, 0x00000000e8000000)
  to   space 21824K,   0% used [0x00000000e5560000, 0x00000000e5560000, 0x00000000e6ab0000)
 concurrent mark-sweep generation total 393216K, used 24767K [0x00000000e8000000, 0x0000000100000000, 0x0000000100000000)
 Metaspace       used 39051K, capacity 39843K, committed 39920K, reserved 1085440K
  class space    used 4385K, capacity 4598K, committed 4624K, reserved 1048576K
}
2017-03-14T09:52:53.857+0000: 1401.503: Total time for which application threads were stopped: 0.0555377 seconds, Stopping threads took: 0.0084590 seconds
{Heap before GC invocations=53 (full 1):
 par new generation   total 109248K, used 92481K [0x00000000e0000000, 0x00000000e8000000, 0x00000000e8000000)
  eden space 87424K, 100% used [0x00000000e0000000, 0x00000000e5560000, 0x00000000e5560000)
  from space 21824K,  23% used [0x00000000e6ab0000, 0x00000000e6fa0560, 0x00000000e8000000)
  to   space 21824K,   0% used [0x00000000e5560000, 0x00000000e5560000, 0x00000000e6ab0000)
 concurrent mark-sweep generation total 393216K, used 24767K [0x00000000e8000000, 0x0000000100000000, 0x0000000100000000)
 Metaspace       used 39052K, capacity 39843K, committed 39920K, reserved 1085440K
  class space    used 4385K, capacity 4598K, committed 4624K, reserved 1048576K
2017-03-14T09:52:53.896+0000: 1401.542: [GC (Allocation Failure) 2017-03-14T09:52:53.896+0000: 1401.542: [ParNew
Desired survivor size 20112992 bytes, new threshold 8 (max 8)
- age   1:     300328 bytes,     300328 total
- age   2:    3079472 bytes,    3379800 total
- age   3:     120280 bytes,    3500080 total
- age   4:      97384 bytes,    3597464 total
- age   5:     786288 bytes,    4383752 total
- age   6:     121336 bytes,    4505088 total
- age   7:      45880 bytes,    4550968 total
- age   8:     211344 bytes,    4762312 total
: 92481K->6740K(109248K), 0.0693229 secs] 117248K->31601K(502464K), 0.0694659 secs] [Times: user=0.08 sys=0.00, real=0.07 secs] 
Heap after GC invocations=54 (full 1):
 par new generation   total 109248K, used 6740K [0x00000000e0000000, 0x00000000e8000000, 0x00000000e8000000)
  eden space 87424K,   0% used [0x00000000e0000000, 0x00000000e0000000, 0x00000000e5560000)
  from space 21824K,  30% used [0x00000000e5560000, 0x00000000e5bf5160, 0x00000000e6ab0000)
  to   space 21824K,   0% used [0x00000000e6ab0000, 0x00000000e6ab0000, 0x00000000e8000000)
 concurrent mark-sweep generation total 393216K, used 24860K [0x00000000e8000000, 0x0000000100000000, 0x0000000100000000)
 Metaspace       used 39052K, capacity 39843K, committed 39920K, reserved 1085440K
  class space    used 4385K, capacity 4598K, committed 4624K, reserved 1048576K
}
2017-03-14T09:52:53.966+0000: 1401.611: Total time for which application threads were stopped: 0.0700078 seconds, Stopping threads took: 0.0001150 seconds
{Heap before GC invocations=54 (full 1):
 par new generation   total 109248K, used 94164K [0x00000000e0000000, 0x00000000e8000000, 0x00000000e8000000)
  eden space 87424K, 100% used [0x00000000e0000000, 0x00000000e5560000, 0x00000000e5560000)
  from space 21824K,  30% used [0x00000000e5560000, 0x00000000e5bf5160, 0x00000000e6ab0000)
  to   space 21824K,   0% used [0x00000000e6ab0000, 0x00000000e6ab0000, 0x00000000e8000000)
 concurrent mark-sweep generation total 393216K, used 24860K [0x00000000e8000000, 0x0000000100000000, 0x0000000100000000)
 Metaspace       used 39052K, capacity 39843K, committed 39920K, reserved 1085440K
  class space    used 4385K, capacity 4598K, committed 4624K, reserved 1048576K
2017-03-14T09:52:54.032+0000: 1401.677: [GC (Allocation Failure) 2017-03-14T09:52:54.032+0000: 1401.677: [ParNew
Desired survivor size 20112992 bytes, new threshold 8 (max 8)
- age   1:     537496 bytes,     537496 total
- age   2:      73672 bytes,     611168 total
- age   3:    3079200 bytes,    3690368 total
- age   4:     120280 bytes,    3810648 total
- age   5:      97384 bytes,    3908032 total
- age   6:     786288 bytes,    4694320 total
- age   7:     121336 bytes,    4815656 total
- age   8:      45880 bytes,    4861536 total
: 94164K->6767K(109248K), 0.0422198 secs] 119025K->31835K(502464K), 0.0423603 secs] [Times: user=0.04 sys=0.00, real=0.04 secs] 
Heap after GC invocations=55 (full 1):
 par new generation   total 109248K, used 6767K [0x00000000e0000000, 0x00000000e8000000, 0x00000000e8000000)
  eden space 87424K,   0% used [0x00000000e0000000, 0x00000000e0000000, 0x00000000e5560000)
  from space 21824K,  31% used [0x00000000e6ab0000, 0x00000000e714bd60, 0x00000000e8000000)
  to   space 21824K,   0% used [0x00000000e5560000, 0x00000000e5560000, 0x00000000e6ab0000)
 concurrent mark-sweep generation total 393216K, used 25067K [0x00000000e8000000, 0x0000000100000000, 0x0000000100000000)
 Metaspace       used 39052K, capacity 39843K, committed 39920K, reserved 1085440K
  class space    used 4385K, capacity 4598K, committed 4624K, reserved 1048576K
}
2017-03-14T09:52:54.074+0000: 1401.720: Total time for which application threads were stopped: 0.0428156 seconds, Stopping threads took: 0.0000934 seconds
2017-03-14T09:52:54.339+0000: 1401.984: Total time for which application threads were stopped: 0.0001755 seconds, Stopping threads took: 0.0000269 seconds
2017-03-14T09:52:54.345+0000: 1401.991: Total time for which application threads were stopped: 0.0001874 seconds, Stopping threads took: 0.0000489 seconds
2017-03-14T09:52:54.346+0000: 1401.991: Total time for which application threads were stopped: 0.0001099 seconds, Stopping threads took: 0.0000187 seconds
2017-03-14T09:52:54.346+0000: 1401.991: Total time for which application threads were stopped: 0.0000773 seconds, Stopping threads took: 0.0000168 seconds
2017-03-14T09:52:54.346+0000: 1401.991: Total time for which application threads were stopped: 0.0000590 seconds, Stopping threads took: 0.0000088 seconds
{Heap before GC invocations=55 (full 1):
 par new generation   total 109248K, used 94191K [0x00000000e0000000, 0x00000000e8000000, 0x00000000e8000000)
  eden space 87424K, 100% used [0x00000000e0000000, 0x00000000e5560000, 0x00000000e5560000)
  from space 21824K,  31% used [0x00000000e6ab0000, 0x00000000e714bd60, 0x00000000e8000000)
  to   space 21824K,   0% used [0x00000000e5560000, 0x00000000e5560000, 0x00000000e6ab0000)
 concurrent mark-sweep generation total 393216K, used 25067K [0x00000000e8000000, 0x0000000100000000, 0x0000000100000000)
 Metaspace       used 39075K, capacity 39911K, committed 40176K, reserved 1085440K
  class space    used 4385K, capacity 4598K, committed 4624K, reserved 1048576K
2017-03-14T09:52:54.468+0000: 1402.113: [GC (Allocation Failure) 2017-03-14T09:52:54.468+0000: 1402.113: [ParNew
Desired survivor size 20112992 bytes, new threshold 8 (max 8)
- age   1:    3070992 bytes,    3070992 total
- age   2:      97216 bytes,    3168208 total
- age   3:      69680 bytes,    3237888 total
- age   4:    1071008 bytes,    4308896 total
- age   5:        200 bytes,    4309096 total
- age   6:        984 bytes,    4310080 total
- age   7:     638760 bytes,    4948840 total
- age   8:     121272 bytes,    5070112 total
: 94191K->6142K(109248K), 0.0357864 secs] 119259K->31255K(502464K), 0.0359407 secs] [Times: user=0.06 sys=0.00, real=0.04 secs] 
Heap after GC invocations=56 (full 1):
 par new generation   total 109248K, used 6142K [0x00000000e0000000, 0x00000000e8000000, 0x00000000e8000000)
  eden space 87424K,   0% used [0x00000000e0000000, 0x00000000e0000000, 0x00000000e5560000)
  from space 21824K,  28% used [0x00000000e5560000, 0x00000000e5b5faf0, 0x00000000e6ab0000)
  to   space 21824K,   0% used [0x00000000e6ab0000, 0x00000000e6ab0000, 0x00000000e8000000)
 concurrent mark-sweep generation total 393216K, used 25112K [0x00000000e8000000, 0x0000000100000000, 0x0000000100000000)
 Metaspace       used 39075K, capacity 39911K, committed 40176K, reserved 1085440K
  class space    used 4385K, capacity 4598K, committed 4624K, reserved 1048576K
}
2017-03-14T09:52:54.504+0000: 1402.149: Total time for which application threads were stopped: 0.0362639 seconds, Stopping threads took: 0.0000419 seconds
{Heap before GC invocations=56 (full 1):
 par new generation   total 109248K, used 93566K [0x00000000e0000000, 0x00000000e8000000, 0x00000000e8000000)
  eden space 87424K, 100% used [0x00000000e0000000, 0x00000000e5560000, 0x00000000e5560000)
  from space 21824K,  28% used [0x00000000e5560000, 0x00000000e5b5faf0, 0x00000000e6ab0000)
  to   space 21824K,   0% used [0x00000000e6ab0000, 0x00000000e6ab0000, 0x00000000e8000000)
 concurrent mark-sweep generation total 393216K, used 25112K [0x00000000e8000000, 0x0000000100000000, 0x0000000100000000)
 Metaspace       used 39075K, capacity 39911K, committed 40176K, reserved 1085440K
  class space    used 4385K, capacity 4598K, committed 4624K, reserved 1048576K
2017-03-14T09:52:54.560+0000: 1402.205: [GC (Allocation Failure) 2017-03-14T09:52:54.560+0000: 1402.205: [ParNew
Desired survivor size 20112992 bytes, new threshold 8 (max 8)
- age   1:     505144 bytes,     505144 total
- age   2:    2767408 bytes,    3272552 total
- age   3:      97216 bytes,    3369768 total
- age   4:      69680 bytes,    3439448 total
- age   5:    1071008 bytes,    4510456 total
- age   6:        200 bytes,    4510656 total
- age   7:        984 bytes,    4511640 total
- age   8:     638048 bytes,    5149688 total
: 93566K->6491K(109248K), 0.0361143 secs] 118679K->31723K(502464K), 0.0362256 secs] [Times: user=0.05 sys=0.00, real=0.04 secs] 
Heap after GC invocations=57 (full 1):
 par new generation   total 109248K, used 6491K [0x00000000e0000000, 0x00000000e8000000, 0x00000000e8000000)
  eden space 87424K,   0% used [0x00000000e0000000, 0x00000000e0000000, 0x00000000e5560000)
  from space 21824K,  29% used [0x00000000e6ab0000, 0x00000000e7106eb0, 0x00000000e8000000)
  to   space 21824K,   0% used [0x00000000e5560000, 0x00000000e5560000, 0x00000000e6ab0000)
 concurrent mark-sweep generation total 393216K, used 25231K [0x00000000e8000000, 0x0000000100000000, 0x0000000100000000)
 Metaspace       used 39075K, capacity 39911K, committed 40176K, reserved 1085440K
  class space    used 4385K, capacity 4598K, committed 4624K, reserved 1048576K
}
2017-03-14T09:52:54.596+0000: 1402.241: Total time for which application threads were stopped: 0.0384353 seconds, Stopping threads took: 0.0018521 seconds
{Heap before GC invocations=57 (full 1):
 par new generation   total 109248K, used 93915K [0x00000000e0000000, 0x00000000e8000000, 0x00000000e8000000)
  eden space 87424K, 100% used [0x00000000e0000000, 0x00000000e5560000, 0x00000000e5560000)
  from space 21824K,  29% used [0x00000000e6ab0000, 0x00000000e7106eb0, 0x00000000e8000000)
  to   space 21824K,   0% used [0x00000000e5560000, 0x00000000e5560000, 0x00000000e6ab0000)
 concurrent mark-sweep generation total 393216K, used 25231K [0x00000000e8000000, 0x0000000100000000, 0x0000000100000000)
 Metaspace       used 39076K, capacity 39943K, committed 40304K, reserved 1085440K
  class space    used 4386K, capacity 4630K, committed 4752K, reserved 1048576K
2017-03-14T09:52:54.691+0000: 1402.336: [GC (Allocation Failure) 2017-03-14T09:52:54.691+0000: 1402.336: [ParNew
Desired survivor size 20112992 bytes, new threshold 8 (max 8)
- age   1:     595232 bytes,     595232 total
- age   2:     261960 bytes,     857192 total
- age   3:    2767408 bytes,    3624600 total
- age   4:      97216 bytes,    3721816 total
- age   5:      69680 bytes,    3791496 total
- age   6:    1071008 bytes,    4862504 total
- age   7:        200 bytes,    4862704 total
- age   8:        984 bytes,    4863688 total
: 93915K->6067K(109248K), 0.0644291 secs] 119147K->31927K(502464K), 0.0646101 secs] [Times: user=0.07 sys=0.00, real=0.06 secs] 
Heap after GC invocations=58 (full 1):
 par new generation   total 109248K, used 6067K [0x00000000e0000000, 0x00000000e8000000, 0x00000000e8000000)
  eden space 87424K,   0% used [0x00000000e0000000, 0x00000000e0000000, 0x00000000e5560000)
  from space 21824K,  27% used [0x00000000e5560000, 0x00000000e5b4cc98, 0x00000000e6ab0000)
  to   space 21824K,   0% used [0x00000000e6ab0000, 0x00000000e6ab0000, 0x00000000e8000000)
 concurrent mark-sweep generation total 393216K, used 25860K [0x00000000e8000000, 0x0000000100000000, 0x0000000100000000)
 Metaspace       used 39076K, capacity 39943K, committed 40304K, reserved 1085440K
  class space    used 4386K, capacity 4630K, committed 4752K, reserved 1048576K
}
2017-03-14T09:52:54.755+0000: 1402.401: Total time for which application threads were stopped: 0.0649992 seconds, Stopping threads took: 0.0000545 seconds
{Heap before GC invocations=58 (full 1):
 par new generation   total 109248K, used 93491K [0x00000000e0000000, 0x00000000e8000000, 0x00000000e8000000)
  eden space 87424K, 100% used [0x00000000e0000000, 0x00000000e5560000, 0x00000000e5560000)
  from space 21824K,  27% used [0x00000000e5560000, 0x00000000e5b4cc98, 0x00000000e6ab0000)
  to   space 21824K,   0% used [0x00000000e6ab0000, 0x00000000e6ab0000, 0x00000000e8000000)
 concurrent mark-sweep generation total 393216K, used 25860K [0x00000000e8000000, 0x0000000100000000, 0x0000000100000000)
 Metaspace       used 39115K, capacity 40003K, committed 40304K, reserved 1085440K
  class space    used 4391K, capacity 4640K, committed 4752K, reserved 1048576K
2017-03-14T09:52:54.862+0000: 1402.507: [GC (Allocation Failure) 2017-03-14T09:52:54.862+0000: 1402.507: [ParNew
Desired survivor size 20112992 bytes, new threshold 8 (max 8)
- age   1:     205976 bytes,     205976 total
- age   2:     106240 bytes,     312216 total
- age   3:     260000 bytes,     572216 total
- age   4:    2767040 bytes,    3339256 total
- age   5:      97216 bytes,    3436472 total
- age   6:      69680 bytes,    3506152 total
- age   7:    1071080 bytes,    4577232 total
- age   8:        200 bytes,    4577432 total
: 93491K->5969K(109248K), 0.0753942 secs] 119351K->31830K(502464K), 0.0754946 secs] [Times: user=0.09 sys=0.01, real=0.08 secs] 
Heap after GC invocations=59 (full 1):
 par new generation   total 109248K, used 5969K [0x00000000e0000000, 0x00000000e8000000, 0x00000000e8000000)
  eden space 87424K,   0% used [0x00000000e0000000, 0x00000000e0000000, 0x00000000e5560000)
  from space 21824K,  27% used [0x00000000e6ab0000, 0x00000000e7084698, 0x00000000e8000000)
  to   space 21824K,   0% used [0x00000000e5560000, 0x00000000e5560000, 0x00000000e6ab0000)
 concurrent mark-sweep generation total 393216K, used 25861K [0x00000000e8000000, 0x0000000100000000, 0x0000000100000000)
 Metaspace       used 39115K, capacity 40003K, committed 40304K, reserved 1085440K
  class space    used 4391K, capacity 4640K, committed 4752K, reserved 1048576K
}
2017-03-14T09:52:54.937+0000: 1402.583: Total time for which application threads were stopped: 0.0758688 seconds, Stopping threads took: 0.0000535 seconds
2017-03-14T09:52:55.066+0000: 1402.711: Total time for which application threads were stopped: 0.0003157 seconds, Stopping threads took: 0.0001228 seconds
2017-03-14T09:52:55.066+0000: 1402.712: Total time for which application threads were stopped: 0.0001869 seconds, Stopping threads took: 0.0000628 seconds
2017-03-14T09:52:55.074+0000: 1402.719: Total time for which application threads were stopped: 0.0039059 seconds, Stopping threads took: 0.0037481 seconds
{Heap before GC invocations=59 (full 1):
 par new generation   total 109248K, used 93393K [0x00000000e0000000, 0x00000000e8000000, 0x00000000e8000000)
  eden space 87424K, 100% used [0x00000000e0000000, 0x00000000e5560000, 0x00000000e5560000)
  from space 21824K,  27% used [0x00000000e6ab0000, 0x00000000e7084698, 0x00000000e8000000)
  to   space 21824K,   0% used [0x00000000e5560000, 0x00000000e5560000, 0x00000000e6ab0000)
 concurrent mark-sweep generation total 393216K, used 25861K [0x00000000e8000000, 0x0000000100000000, 0x0000000100000000)
 Metaspace       used 39152K, capacity 40039K, committed 40304K, reserved 1085440K
  class space    used 4394K, capacity 4646K, committed 4752K, reserved 1048576K
2017-03-14T09:52:55.232+0000: 1402.878: [GC (Allocation Failure) 2017-03-14T09:52:55.232+0000: 1402.878: [ParNew
Desired survivor size 20112992 bytes, new threshold 8 (max 8)
- age   1:    2806832 bytes,    2806832 total
- age   2:     202120 bytes,    3008952 total
- age   3:     106240 bytes,    3115192 total
- age   4:      45496 bytes,    3160688 total
- age   5:     878960 bytes,    4039648 total
- age   8:     934696 bytes,    4974344 total
: 93393K->7175K(109248K), 0.0273077 secs] 119254K->33036K(502464K), 0.0274704 secs] [Times: user=0.03 sys=0.00, real=0.02 secs] 
Heap after GC invocations=60 (full 1):
 par new generation   total 109248K, used 7175K [0x00000000e0000000, 0x00000000e8000000, 0x00000000e8000000)
  eden space 87424K,   0% used [0x00000000e0000000, 0x00000000e0000000, 0x00000000e5560000)
  from space 21824K,  32% used [0x00000000e5560000, 0x00000000e5c61e30, 0x00000000e6ab0000)
  to   space 21824K,   0% used [0x00000000e6ab0000, 0x00000000e6ab0000, 0x00000000e8000000)
 concurrent mark-sweep generation total 393216K, used 25861K [0x00000000e8000000, 0x0000000100000000, 0x0000000100000000)
 Metaspace       used 39152K, capacity 40039K, committed 40304K, reserved 1085440K
  class space    used 4394K, capacity 4646K, committed 4752K, reserved 1048576K
}
2017-03-14T09:52:55.260+0000: 1402.905: Total time for which application threads were stopped: 0.0278400 seconds, Stopping threads took: 0.0000500 seconds
{Heap before GC invocations=60 (full 1):
 par new generation   total 109248K, used 94599K [0x00000000e0000000, 0x00000000e8000000, 0x00000000e8000000)
  eden space 87424K, 100% used [0x00000000e0000000, 0x00000000e5560000, 0x00000000e5560000)
  from space 21824K,  32% used [0x00000000e5560000, 0x00000000e5c61e30, 0x00000000e6ab0000)
  to   space 21824K,   0% used [0x00000000e6ab0000, 0x00000000e6ab0000, 0x00000000e8000000)
 concurrent mark-sweep generation total 393216K, used 25861K [0x00000000e8000000, 0x0000000100000000, 0x0000000100000000)
 Metaspace       used 39219K, capacity 40141K, committed 40304K, reserved 1085440K
  class space    used 4404K, capacity 4663K, committed 4752K, reserved 1048576K
2017-03-14T09:52:55.326+0000: 1402.972: [GC (Allocation Failure) 2017-03-14T09:52:55.326+0000: 1402.972: [ParNew
Desired survivor size 20112992 bytes, new threshold 8 (max 8)
- age   1:     553280 bytes,     553280 total
- age   2:    2536080 bytes,    3089360 total
- age   3:     202120 bytes,    3291480 total
- age   4:     106240 bytes,    3397720 total
- age   5:      45384 bytes,    3443104 total
- age   6:     878936 bytes,    4322040 total
: 94599K->5078K(109248K), 0.0259725 secs] 120460K->31858K(502464K), 0.0260578 secs] [Times: user=0.06 sys=0.00, real=0.03 secs] 
Heap after GC invocations=61 (full 1):
 par new generation   total 109248K, used 5078K [0x00000000e0000000, 0x00000000e8000000, 0x00000000e8000000)
  eden space 87424K,   0% used [0x00000000e0000000, 0x00000000e0000000, 0x00000000e5560000)
  from space 21824K,  23% used [0x00000000e6ab0000, 0x00000000e6fa5980, 0x00000000e8000000)
  to   space 21824K,   0% used [0x00000000e5560000, 0x00000000e5560000, 0x00000000e6ab0000)
 concurrent mark-sweep generation total 393216K, used 26780K [0x00000000e8000000, 0x0000000100000000, 0x0000000100000000)
 Metaspace       used 39219K, capacity 40141K, committed 40304K, reserved 1085440K
  class space    used 4404K, capacity 4663K, committed 4752K, reserved 1048576K
}
2017-03-14T09:52:55.352+0000: 1402.998: Total time for which application threads were stopped: 0.0269729 seconds, Stopping threads took: 0.0006633 seconds
{Heap before GC invocations=61 (full 1):
 par new generation   total 109248K, used 92502K [0x00000000e0000000, 0x00000000e8000000, 0x00000000e8000000)
  eden space 87424K, 100% used [0x00000000e0000000, 0x00000000e5560000, 0x00000000e5560000)
  from space 21824K,  23% used [0x00000000e6ab0000, 0x00000000e6fa5980, 0x00000000e8000000)
  to   space 21824K,   0% used [0x00000000e5560000, 0x00000000e5560000, 0x00000000e6ab0000)
 concurrent mark-sweep generation total 393216K, used 26780K [0x00000000e8000000, 0x0000000100000000, 0x0000000100000000)
 Metaspace       used 39283K, capacity 40243K, committed 40560K, reserved 1085440K
  class space    used 4414K, capacity 4680K, committed 4752K, reserved 1048576K
2017-03-14T09:52:55.435+0000: 1403.081: [GC (Allocation Failure) 2017-03-14T09:52:55.435+0000: 1403.081: [ParNew
Desired survivor size 20112992 bytes, new threshold 8 (max 8)
- age   1:     379184 bytes,     379184 total
- age   2:     130312 bytes,     509496 total
- age   3:    2536080 bytes,    3045576 total
- age   4:     202120 bytes,    3247696 total
- age   5:     106240 bytes,    3353936 total
- age   6:      45384 bytes,    3399320 total
- age   7:     878936 bytes,    4278256 total
: 92502K->5700K(109248K), 0.0240492 secs] 119282K->32481K(502464K), 0.0241725 secs] [Times: user=0.04 sys=0.00, real=0.02 secs] 
Heap after GC invocations=62 (full 1):
 par new generation   total 109248K, used 5700K [0x00000000e0000000, 0x00000000e8000000, 0x00000000e8000000)
  eden space 87424K,   0% used [0x00000000e0000000, 0x00000000e0000000, 0x00000000e5560000)
  from space 21824K,  26% used [0x00000000e5560000, 0x00000000e5af1240, 0x00000000e6ab0000)
  to   space 21824K,   0% used [0x00000000e6ab0000, 0x00000000e6ab0000, 0x00000000e8000000)
 concurrent mark-sweep generation total 393216K, used 26780K [0x00000000e8000000, 0x0000000100000000, 0x0000000100000000)
 Metaspace       used 39283K, capacity 40243K, committed 40560K, reserved 1085440K
  class space    used 4414K, capacity 4680K, committed 4752K, reserved 1048576K
}
2017-03-14T09:52:55.459+0000: 1403.105: Total time for which application threads were stopped: 0.0246126 seconds, Stopping threads took: 0.0000713 seconds
2017-03-14T09:52:55.703+0000: 1403.349: Total time for which application threads were stopped: 0.0002964 seconds, Stopping threads took: 0.0000305 seconds
2017-03-14T09:52:55.711+0000: 1403.357: Total time for which application threads were stopped: 0.0002365 seconds, Stopping threads took: 0.0000290 seconds
{Heap before GC invocations=62 (full 1):
 par new generation   total 109248K, used 93124K [0x00000000e0000000, 0x00000000e8000000, 0x00000000e8000000)
  eden space 87424K, 100% used [0x00000000e0000000, 0x00000000e5560000, 0x00000000e5560000)
  from space 21824K,  26% used [0x00000000e5560000, 0x00000000e5af1240, 0x00000000e6ab0000)
  to   space 21824K,   0% used [0x00000000e6ab0000, 0x00000000e6ab0000, 0x00000000e8000000)
 concurrent mark-sweep generation total 393216K, used 26780K [0x00000000e8000000, 0x0000000100000000, 0x0000000100000000)
 Metaspace       used 39300K, capacity 40259K, committed 40560K, reserved 1085440K
  class space    used 4415K, capacity 4682K, committed 4752K, reserved 1048576K
2017-03-14T09:52:55.900+0000: 1403.545: [GC (Allocation Failure) 2017-03-14T09:52:55.900+0000: 1403.545: [ParNew
Desired survivor size 20112992 bytes, new threshold 8 (max 8)
- age   1:    2716680 bytes,    2716680 total
- age   2:     105688 bytes,    2822368 total
- age   3:     107952 bytes,    2930320 total
- age   4:     606640 bytes,    3536960 total
- age   5:      11936 bytes,    3548896 total
- age   6:        120 bytes,    3549016 total
- age   7:        680 bytes,    3549696 total
- age   8:     757160 bytes,    4306856 total
: 93124K->5662K(109248K), 0.0134736 secs] 119905K->32443K(502464K), 0.0136019 secs] [Times: user=0.03 sys=0.00, real=0.02 secs] 
Heap after GC invocations=63 (full 1):
 par new generation   total 109248K, used 5662K [0x00000000e0000000, 0x00000000e8000000, 0x00000000e8000000)
  eden space 87424K,   0% used [0x00000000e0000000, 0x00000000e0000000, 0x00000000e5560000)
  from space 21824K,  25% used [0x00000000e6ab0000, 0x00000000e7037b98, 0x00000000e8000000)
  to   space 21824K,   0% used [0x00000000e5560000, 0x00000000e5560000, 0x00000000e6ab0000)
 concurrent mark-sweep generation total 393216K, used 26780K [0x00000000e8000000, 0x0000000100000000, 0x0000000100000000)
 Metaspace       used 39300K, capacity 40259K, committed 40560K, reserved 1085440K
  class space    used 4415K, capacity 4682K, committed 4752K, reserved 1048576K
}
2017-03-14T09:52:55.914+0000: 1403.559: Total time for which application threads were stopped: 0.0237678 seconds, Stopping threads took: 0.0098393 seconds
{Heap before GC invocations=63 (full 1):
 par new generation   total 109248K, used 93086K [0x00000000e0000000, 0x00000000e8000000, 0x00000000e8000000)
  eden space 87424K, 100% used [0x00000000e0000000, 0x00000000e5560000, 0x00000000e5560000)
  from space 21824K,  25% used [0x00000000e6ab0000, 0x00000000e7037b98, 0x00000000e8000000)
  to   space 21824K,   0% used [0x00000000e5560000, 0x00000000e5560000, 0x00000000e6ab0000)
 concurrent mark-sweep generation total 393216K, used 26780K [0x00000000e8000000, 0x0000000100000000, 0x0000000100000000)
 Metaspace       used 39300K, capacity 40259K, committed 40560K, reserved 1085440K
  class space    used 4415K, capacity 4682K, committed 4752K, reserved 1048576K
2017-03-14T09:52:55.986+0000: 1403.632: [GC (Allocation Failure) 2017-03-14T09:52:55.986+0000: 1403.632: [ParNew
Desired survivor size 20112992 bytes, new threshold 8 (max 8)
- age   1:     672584 bytes,     672584 total
- age   2:    2530752 bytes,    3203336 total
- age   3:     105688 bytes,    3309024 total
- age   4:     107952 bytes,    3416976 total
- age   5:     606616 bytes,    4023592 total
- age   6:      11936 bytes,    4035528 total
- age   7:        120 bytes,    4035648 total
- age   8:        680 bytes,    4036328 total
: 93086K->4964K(109248K), 0.0188298 secs] 119867K->32484K(502464K), 0.0189204 secs] [Times: user=0.05 sys=0.00, real=0.02 secs] 
Heap after GC invocations=64 (full 1):
 par new generation   total 109248K, used 4964K [0x00000000e0000000, 0x00000000e8000000, 0x00000000e8000000)
  eden space 87424K,   0% used [0x00000000e0000000, 0x00000000e0000000, 0x00000000e5560000)
  from space 21824K,  22% used [0x00000000e5560000, 0x00000000e5a391f0, 0x00000000e6ab0000)
  to   space 21824K,   0% used [0x00000000e6ab0000, 0x00000000e6ab0000, 0x00000000e8000000)
 concurrent mark-sweep generation total 393216K, used 27520K [0x00000000e8000000, 0x0000000100000000, 0x0000000100000000)
 Metaspace       used 39300K, capacity 40259K, committed 40560K, reserved 1085440K
  class space    used 4415K, capacity 4682K, committed 4752K, reserved 1048576K
}
2017-03-14T09:52:56.005+0000: 1403.651: Total time for which application threads were stopped: 0.0301449 seconds, Stopping threads took: 0.0109681 seconds
{Heap before GC invocations=64 (full 1):
 par new generation   total 109248K, used 92388K [0x00000000e0000000, 0x00000000e8000000, 0x00000000e8000000)
  eden space 87424K, 100% used [0x00000000e0000000, 0x00000000e5560000, 0x00000000e5560000)
  from space 21824K,  22% used [0x00000000e5560000, 0x00000000e5a391f0, 0x00000000e6ab0000)
  to   space 21824K,   0% used [0x00000000e6ab0000, 0x00000000e6ab0000, 0x00000000e8000000)
 concurrent mark-sweep generation total 393216K, used 27520K [0x00000000e8000000, 0x0000000100000000, 0x0000000100000000)
 Metaspace       used 39301K, capacity 40259K, committed 40560K, reserved 1085440K
  class space    used 4415K, capacity 4682K, committed 4752K, reserved 1048576K
2017-03-14T09:52:56.098+0000: 1403.744: [GC (Allocation Failure) 2017-03-14T09:52:56.098+0000: 1403.744: [ParNew
Desired survivor size 20112992 bytes, new threshold 8 (max 8)
- age   1:     397344 bytes,     397344 total
- age   2:      64296 bytes,     461640 total
- age   3:    2530752 bytes,    2992392 total
- age   4:     105688 bytes,    3098080 total
- age   5:     107952 bytes,    3206032 total
- age   6:     606616 bytes,    3812648 total
- age   7:      11936 bytes,    3824584 total
- age   8:        120 bytes,    3824704 total
: 92388K->5261K(109248K), 0.0344201 secs] 119908K->32782K(502464K), 0.0345361 secs] [Times: user=0.08 sys=0.00, real=0.04 secs] 
Heap after GC invocations=65 (full 1):
 par new generation   total 109248K, used 5261K [0x00000000e0000000, 0x00000000e8000000, 0x00000000e8000000)
  eden space 87424K,   0% used [0x00000000e0000000, 0x00000000e0000000, 0x00000000e5560000)
  from space 21824K,  24% used [0x00000000e6ab0000, 0x00000000e6fd3770, 0x00000000e8000000)
  to   space 21824K,   0% used [0x00000000e5560000, 0x00000000e5560000, 0x00000000e6ab0000)
 concurrent mark-sweep generation total 393216K, used 27521K [0x00000000e8000000, 0x0000000100000000, 0x0000000100000000)
 Metaspace       used 39301K, capacity 40259K, committed 40560K, reserved 1085440K
  class space    used 4415K, capacity 4682K, committed 4752K, reserved 1048576K
}
2017-03-14T09:52:56.133+0000: 1403.778: Total time for which application threads were stopped: 0.0366012 seconds, Stopping threads took: 0.0017343 seconds
2017-03-14T09:52:56.358+0000: 1404.004: Total time for which application threads were stopped: 0.0002699 seconds, Stopping threads took: 0.0000310 seconds
2017-03-14T09:52:56.386+0000: 1404.031: Total time for which application threads were stopped: 0.0001951 seconds, Stopping threads took: 0.0000327 seconds
{Heap before GC invocations=65 (full 1):
 par new generation   total 109248K, used 92545K [0x00000000e0000000, 0x00000000e8000000, 0x00000000e8000000)
  eden space 87424K,  99% used [0x00000000e0000000, 0x00000000e553cd18, 0x00000000e5560000)
  from space 21824K,  24% used [0x00000000e6ab0000, 0x00000000e6fd3770, 0x00000000e8000000)
  to   space 21824K,   0% used [0x00000000e5560000, 0x00000000e5560000, 0x00000000e6ab0000)
 concurrent mark-sweep generation total 393216K, used 27521K [0x00000000e8000000, 0x0000000100000000, 0x0000000100000000)
 Metaspace       used 39461K, capacity 40435K, committed 40560K, reserved 1085440K
  class space    used 4432K, capacity 4722K, committed 4752K, reserved 1048576K
2017-03-14T09:52:56.606+0000: 1404.251: [GC (Allocation Failure) 2017-03-14T09:52:56.606+0000: 1404.251: [ParNew
Desired survivor size 20112992 bytes, new threshold 8 (max 8)
- age   1:    1260640 bytes,    1260640 total
- age   2:     104936 bytes,    1365576 total
- age   3:      63000 bytes,    1428576 total
- age   4:     410968 bytes,    1839544 total
- age   5:      17528 bytes,    1857072 total
- age   6:      17656 bytes,    1874728 total
- age   7:     458288 bytes,    2333016 total
- age   8:      11936 bytes,    2344952 total
: 92545K->3985K(109248K), 0.0319623 secs] 120066K->31507K(502464K), 0.0321540 secs] [Times: user=0.04 sys=0.00, real=0.03 secs] 
Heap after GC invocations=66 (full 1):
 par new generation   total 109248K, used 3985K [0x00000000e0000000, 0x00000000e8000000, 0x00000000e8000000)
  eden space 87424K,   0% used [0x00000000e0000000, 0x00000000e0000000, 0x00000000e5560000)
  from space 21824K,  18% used [0x00000000e5560000, 0x00000000e5944760, 0x00000000e6ab0000)
  to   space 21824K,   0% used [0x00000000e6ab0000, 0x00000000e6ab0000, 0x00000000e8000000)
 concurrent mark-sweep generation total 393216K, used 27521K [0x00000000e8000000, 0x0000000100000000, 0x0000000100000000)
 Metaspace       used 39461K, capacity 40435K, committed 40560K, reserved 1085440K
  class space    used 4432K, capacity 4722K, committed 4752K, reserved 1048576K
}
2017-03-14T09:52:56.638+0000: 1404.284: Total time for which application threads were stopped: 0.0327412 seconds, Stopping threads took: 0.0000658 seconds
2017-03-14T09:52:57.657+0000: 1405.302: Total time for which application threads were stopped: 0.0004023 seconds, Stopping threads took: 0.0000551 seconds
2017-03-14T09:52:58.657+0000: 1406.303: Total time for which application threads were stopped: 0.0002991 seconds, Stopping threads took: 0.0000482 seconds
2017-03-14T09:53:42.663+0000: 1450.308: Total time for which application threads were stopped: 0.0002277 seconds, Stopping threads took: 0.0000739 seconds
2017-03-14T09:53:56.665+0000: 1464.310: Total time for which application threads were stopped: 0.0001920 seconds, Stopping threads took: 0.0000668 seconds
2017-03-14T09:54:03.612+0000: 1471.257: Total time for which application threads were stopped: 0.0002021 seconds, Stopping threads took: 0.0000374 seconds
2017-03-14T09:54:03.656+0000: 1471.302: Total time for which application threads were stopped: 0.0002248 seconds, Stopping threads took: 0.0000448 seconds
2017-03-14T09:54:03.674+0000: 1471.319: Total time for which application threads were stopped: 0.0001705 seconds, Stopping threads took: 0.0000230 seconds
2017-03-14T09:54:03.674+0000: 1471.320: Total time for which application threads were stopped: 0.0001490 seconds, Stopping threads took: 0.0000463 seconds
2017-03-14T09:54:03.674+0000: 1471.320: Total time for which application threads were stopped: 0.0000864 seconds, Stopping threads took: 0.0000250 seconds
2017-03-14T09:54:03.675+0000: 1471.320: Total time for which application threads were stopped: 0.0001019 seconds, Stopping threads took: 0.0000338 seconds
2017-03-14T09:54:03.675+0000: 1471.320: Total time for which application threads were stopped: 0.0000937 seconds, Stopping threads took: 0.0000277 seconds
2017-03-14T09:54:03.675+0000: 1471.321: Total time for which application threads were stopped: 0.0001176 seconds, Stopping threads took: 0.0000421 seconds
2017-03-14T09:54:03.680+0000: 1471.325: Total time for which application threads were stopped: 0.0007265 seconds, Stopping threads took: 0.0001418 seconds
2017-03-14T09:54:03.685+0000: 1471.331: Total time for which application threads were stopped: 0.0001955 seconds, Stopping threads took: 0.0000506 seconds
2017-03-14T09:54:03.686+0000: 1471.331: Total time for which application threads were stopped: 0.0001222 seconds, Stopping threads took: 0.0000165 seconds
2017-03-14T09:54:03.686+0000: 1471.332: Total time for which application threads were stopped: 0.0002898 seconds, Stopping threads took: 0.0000289 seconds
2017-03-14T09:54:04.688+0000: 1472.333: Total time for which application threads were stopped: 0.0002722 seconds, Stopping threads took: 0.0000504 seconds
2017-03-14T09:57:04.675+0000: 1652.321: Total time for which application threads were stopped: 0.0009230 seconds, Stopping threads took: 0.0004165 seconds
2017-03-14T09:57:05.676+0000: 1653.321: Total time for which application threads were stopped: 0.0002778 seconds, Stopping threads took: 0.0000469 seconds
2017-03-14T09:57:57.006+0000: 1704.651: Total time for which application threads were stopped: 0.0002857 seconds, Stopping threads took: 0.0000598 seconds
2017-03-14T09:57:58.006+0000: 1705.652: Total time for which application threads were stopped: 0.0003805 seconds, Stopping threads took: 0.0000427 seconds
2017-03-14T09:58:00.007+0000: 1707.652: Total time for which application threads were stopped: 0.0002917 seconds, Stopping threads took: 0.0000482 seconds
2017-03-14T10:06:18.075+0000: 2205.721: Total time for which application threads were stopped: 0.0003527 seconds, Stopping threads took: 0.0001054 seconds
2017-03-14T10:07:32.396+0000: 2280.041: Total time for which application threads were stopped: 0.0002439 seconds, Stopping threads took: 0.0000730 seconds
2017-03-14T10:07:32.396+0000: 2280.041: Total time for which application threads were stopped: 0.0000887 seconds, Stopping threads took: 0.0000229 seconds
2017-03-14T10:07:32.397+0000: 2280.042: Total time for which application threads were stopped: 0.0001991 seconds, Stopping threads took: 0.0000423 seconds
2017-03-14T10:07:32.399+0000: 2280.044: Total time for which application threads were stopped: 0.0001989 seconds, Stopping threads took: 0.0000359 seconds
2017-03-14T10:07:32.400+0000: 2280.046: Total time for which application threads were stopped: 0.0001803 seconds, Stopping threads took: 0.0000260 seconds
2017-03-14T10:07:32.401+0000: 2280.046: Total time for which application threads were stopped: 0.0001015 seconds, Stopping threads took: 0.0000134 seconds
2017-03-14T10:09:14.417+0000: 2382.063: Total time for which application threads were stopped: 0.0001553 seconds, Stopping threads took: 0.0000206 seconds
2017-03-14T10:09:14.418+0000: 2382.063: Total time for which application threads were stopped: 0.0000773 seconds, Stopping threads took: 0.0000096 seconds
2017-03-14T10:09:14.515+0000: 2382.161: Total time for which application threads were stopped: 0.0011228 seconds, Stopping threads took: 0.0000236 seconds
2017-03-14T10:09:15.516+0000: 2383.161: Total time for which application threads were stopped: 0.0002569 seconds, Stopping threads took: 0.0000438 seconds
2017-03-14T10:11:29.767+0000: 2517.412: Total time for which application threads were stopped: 0.0001781 seconds, Stopping threads took: 0.0000275 seconds
{Heap before GC invocations=66 (full 1):
 par new generation   total 109248K, used 91409K [0x00000000e0000000, 0x00000000e8000000, 0x00000000e8000000)
  eden space 87424K, 100% used [0x00000000e0000000, 0x00000000e5560000, 0x00000000e5560000)
  from space 21824K,  18% used [0x00000000e5560000, 0x00000000e5944760, 0x00000000e6ab0000)
  to   space 21824K,   0% used [0x00000000e6ab0000, 0x00000000e6ab0000, 0x00000000e8000000)
 concurrent mark-sweep generation total 393216K, used 27521K [0x00000000e8000000, 0x0000000100000000, 0x0000000100000000)
 Metaspace       used 39989K, capacity 40921K, committed 41200K, reserved 1085440K
  class space    used 4491K, capacity 4757K, committed 4880K, reserved 1048576K
2017-03-14T10:11:29.856+0000: 2517.501: [GC (Allocation Failure) 2017-03-14T10:11:29.856+0000: 2517.501: [ParNew
Desired survivor size 20112992 bytes, new threshold 8 (max 8)
- age   1:    2310048 bytes,    2310048 total
- age   2:    1153472 bytes,    3463520 total
- age   3:     104936 bytes,    3568456 total
- age   4:      63000 bytes,    3631456 total
- age   5:     199480 bytes,    3830936 total
- age   6:      17528 bytes,    3848464 total
- age   7:      17656 bytes,    3866120 total
- age   8:      93992 bytes,    3960112 total
: 91409K->4282K(109248K), 0.0450026 secs] 118931K->31815K(502464K), 0.0451181 secs] [Times: user=0.07 sys=0.00, real=0.04 secs] 
Heap after GC invocations=67 (full 1):
 par new generation   total 109248K, used 4282K [0x00000000e0000000, 0x00000000e8000000, 0x00000000e8000000)
  eden space 87424K,   0% used [0x00000000e0000000, 0x00000000e0000000, 0x00000000e5560000)
  from space 21824K,  19% used [0x00000000e6ab0000, 0x00000000e6ede898, 0x00000000e8000000)
  to   space 21824K,   0% used [0x00000000e5560000, 0x00000000e5560000, 0x00000000e6ab0000)
 concurrent mark-sweep generation total 393216K, used 27533K [0x00000000e8000000, 0x0000000100000000, 0x0000000100000000)
 Metaspace       used 39989K, capacity 40921K, committed 41200K, reserved 1085440K
  class space    used 4491K, capacity 4757K, committed 4880K, reserved 1048576K
}
2017-03-14T10:11:29.901+0000: 2517.546: Total time for which application threads were stopped: 0.0454497 seconds, Stopping threads took: 0.0000338 seconds
{Heap before GC invocations=67 (full 1):
 par new generation   total 109248K, used 91706K [0x00000000e0000000, 0x00000000e8000000, 0x00000000e8000000)
  eden space 87424K, 100% used [0x00000000e0000000, 0x00000000e5560000, 0x00000000e5560000)
  from space 21824K,  19% used [0x00000000e6ab0000, 0x00000000e6ede898, 0x00000000e8000000)
  to   space 21824K,   0% used [0x00000000e5560000, 0x00000000e5560000, 0x00000000e6ab0000)
 concurrent mark-sweep generation total 393216K, used 27533K [0x00000000e8000000, 0x0000000100000000, 0x0000000100000000)
 Metaspace       used 39989K, capacity 40921K, committed 41200K, reserved 1085440K
  class space    used 4491K, capacity 4757K, committed 4880K, reserved 1048576K
2017-03-14T10:11:29.982+0000: 2517.628: [GC (Allocation Failure) 2017-03-14T10:11:29.983+0000: 2517.628: [ParNew
Desired survivor size 20112992 bytes, new threshold 8 (max 8)
- age   1:     832720 bytes,     832720 total
- age   2:    1751240 bytes,    2583960 total
- age   3:    1151104 bytes,    3735064 total
- age   4:     104936 bytes,    3840000 total
- age   5:      63000 bytes,    3903000 total
- age   6:     199320 bytes,    4102320 total
- age   7:      16168 bytes,    4118488 total
- age   8:      16296 bytes,    4134784 total
: 91706K->5575K(109248K), 0.0649453 secs] 119239K->33201K(502464K), 0.0650513 secs] [Times: user=0.06 sys=0.00, real=0.06 secs] 
Heap after GC invocations=68 (full 1):
 par new generation   total 109248K, used 5575K [0x00000000e0000000, 0x00000000e8000000, 0x00000000e8000000)
  eden space 87424K,   0% used [0x00000000e0000000, 0x00000000e0000000, 0x00000000e5560000)
  from space 21824K,  25% used [0x00000000e5560000, 0x00000000e5ad1d90, 0x00000000e6ab0000)
  to   space 21824K,   0% used [0x00000000e6ab0000, 0x00000000e6ab0000, 0x00000000e8000000)
 concurrent mark-sweep generation total 393216K, used 27625K [0x00000000e8000000, 0x0000000100000000, 0x0000000100000000)
 Metaspace       used 39989K, capacity 40921K, committed 41200K, reserved 1085440K
  class space    used 4491K, capacity 4757K, committed 4880K, reserved 1048576K
}
2017-03-14T10:11:30.048+0000: 2517.693: Total time for which application threads were stopped: 0.0653939 seconds, Stopping threads took: 0.0000564 seconds
{Heap before GC invocations=68 (full 1):
 par new generation   total 109248K, used 92999K [0x00000000e0000000, 0x00000000e8000000, 0x00000000e8000000)
  eden space 87424K, 100% used [0x00000000e0000000, 0x00000000e5560000, 0x00000000e5560000)
  from space 21824K,  25% used [0x00000000e5560000, 0x00000000e5ad1d90, 0x00000000e6ab0000)
  to   space 21824K,   0% used [0x00000000e6ab0000, 0x00000000e6ab0000, 0x00000000e8000000)
 concurrent mark-sweep generation total 393216K, used 27625K [0x00000000e8000000, 0x0000000100000000, 0x0000000100000000)
 Metaspace       used 39989K, capacity 40921K, committed 41200K, reserved 1085440K
  class space    used 4491K, capacity 4757K, committed 4880K, reserved 1048576K
2017-03-14T10:11:30.129+0000: 2517.774: [GC (Allocation Failure) 2017-03-14T10:11:30.129+0000: 2517.774: [ParNew
Desired survivor size 20112992 bytes, new threshold 8 (max 8)
- age   1:     195592 bytes,     195592 total
- age   2:      93104 bytes,     288696 total
- age   3:    1751008 bytes,    2039704 total
- age   4:    1151104 bytes,    3190808 total
- age   5:     104936 bytes,    3295744 total
- age   6:      63072 bytes,    3358816 total
- age   7:     199320 bytes,    3558136 total
- age   8:      16168 bytes,    3574304 total
: 92999K->4043K(109248K), 0.0497150 secs] 120625K->31686K(502464K), 0.0498013 secs] [Times: user=0.07 sys=0.00, real=0.05 secs] 
Heap after GC invocations=69 (full 1):
 par new generation   total 109248K, used 4043K [0x00000000e0000000, 0x00000000e8000000, 0x00000000e8000000)
  eden space 87424K,   0% used [0x00000000e0000000, 0x00000000e0000000, 0x00000000e5560000)
  from space 21824K,  18% used [0x00000000e6ab0000, 0x00000000e6ea2ed0, 0x00000000e8000000)
  to   space 21824K,   0% used [0x00000000e5560000, 0x00000000e5560000, 0x00000000e6ab0000)
 concurrent mark-sweep generation total 393216K, used 27642K [0x00000000e8000000, 0x0000000100000000, 0x0000000100000000)
 Metaspace       used 39989K, capacity 40921K, committed 41200K, reserved 1085440K
  class space    used 4491K, capacity 4757K, committed 4880K, reserved 1048576K
}
2017-03-14T10:11:30.179+0000: 2517.824: Total time for which application threads were stopped: 0.0509617 seconds, Stopping threads took: 0.0009155 seconds
2017-03-14T10:11:30.355+0000: 2518.000: Total time for which application threads were stopped: 0.0003067 seconds, Stopping threads took: 0.0000440 seconds
2017-03-14T10:11:30.355+0000: 2518.001: Total time for which application threads were stopped: 0.0001572 seconds, Stopping threads took: 0.0000171 seconds
2017-03-14T10:11:30.356+0000: 2518.001: Total time for which application threads were stopped: 0.0001321 seconds, Stopping threads took: 0.0000130 seconds
2017-03-14T10:11:30.356+0000: 2518.001: Total time for which application threads were stopped: 0.0001182 seconds, Stopping threads took: 0.0000092 seconds
2017-03-14T10:11:31.356+0000: 2519.002: Total time for which application threads were stopped: 0.0003625 seconds, Stopping threads took: 0.0000438 seconds
2017-03-14T10:11:31.811+0000: 2519.457: Total time for which application threads were stopped: 0.0002480 seconds, Stopping threads took: 0.0000436 seconds
2017-03-14T10:11:31.812+0000: 2519.457: Total time for which application threads were stopped: 0.0002369 seconds, Stopping threads took: 0.0001026 seconds
2017-03-14T10:11:31.812+0000: 2519.457: Total time for which application threads were stopped: 0.0001531 seconds, Stopping threads took: 0.0000248 seconds
2017-03-14T10:11:32.812+0000: 2520.458: Total time for which application threads were stopped: 0.0002964 seconds, Stopping threads took: 0.0000486 seconds
2017-03-14T10:12:33.820+0000: 2581.466: Total time for which application threads were stopped: 0.0002447 seconds, Stopping threads took: 0.0000423 seconds
2017-03-14T10:12:55.337+0000: 2602.982: Total time for which application threads were stopped: 0.0002488 seconds, Stopping threads took: 0.0000733 seconds
2017-03-14T10:12:55.357+0000: 2603.002: Total time for which application threads were stopped: 0.0124368 seconds, Stopping threads took: 0.0122836 seconds
2017-03-14T10:12:55.364+0000: 2603.009: Total time for which application threads were stopped: 0.0057774 seconds, Stopping threads took: 0.0056271 seconds
2017-03-14T10:12:55.373+0000: 2603.019: Total time for which application threads were stopped: 0.0057869 seconds, Stopping threads took: 0.0056445 seconds
2017-03-14T10:12:55.375+0000: 2603.021: Total time for which application threads were stopped: 0.0002047 seconds, Stopping threads took: 0.0000330 seconds
2017-03-14T10:12:55.377+0000: 2603.022: Total time for which application threads were stopped: 0.0001773 seconds, Stopping threads took: 0.0000582 seconds
2017-03-14T10:12:55.382+0000: 2603.027: Total time for which application threads were stopped: 0.0002356 seconds, Stopping threads took: 0.0000720 seconds
2017-03-14T10:12:55.384+0000: 2603.030: Total time for which application threads were stopped: 0.0011538 seconds, Stopping threads took: 0.0009712 seconds
2017-03-14T10:12:55.384+0000: 2603.030: Total time for which application threads were stopped: 0.0001390 seconds, Stopping threads took: 0.0000367 seconds
2017-03-14T10:12:55.387+0000: 2603.033: Total time for which application threads were stopped: 0.0002018 seconds, Stopping threads took: 0.0000484 seconds
2017-03-14T10:12:55.388+0000: 2603.033: Total time for which application threads were stopped: 0.0001403 seconds, Stopping threads took: 0.0000655 seconds
2017-03-14T10:12:55.388+0000: 2603.034: Total time for which application threads were stopped: 0.0001308 seconds, Stopping threads took: 0.0000417 seconds
2017-03-14T10:12:55.389+0000: 2603.034: Total time for which application threads were stopped: 0.0001037 seconds, Stopping threads took: 0.0000315 seconds
2017-03-14T10:12:55.389+0000: 2603.034: Total time for which application threads were stopped: 0.0000747 seconds, Stopping threads took: 0.0000130 seconds
2017-03-14T10:12:55.390+0000: 2603.036: Total time for which application threads were stopped: 0.0002181 seconds, Stopping threads took: 0.0000775 seconds
2017-03-14T10:12:55.391+0000: 2603.036: Total time for which application threads were stopped: 0.0001161 seconds, Stopping threads took: 0.0000172 seconds
2017-03-14T10:12:55.391+0000: 2603.037: Total time for which application threads were stopped: 0.0000937 seconds, Stopping threads took: 0.0000153 seconds
2017-03-14T10:12:55.391+0000: 2603.037: Total time for which application threads were stopped: 0.0000939 seconds, Stopping threads took: 0.0000299 seconds
2017-03-14T10:12:55.392+0000: 2603.037: Total time for which application threads were stopped: 0.0001049 seconds, Stopping threads took: 0.0000148 seconds
2017-03-14T10:13:31.916+0000: 2639.562: Total time for which application threads were stopped: 0.0002519 seconds, Stopping threads took: 0.0000714 seconds
2017-03-14T10:13:31.922+0000: 2639.568: Total time for which application threads were stopped: 0.0001906 seconds, Stopping threads took: 0.0000240 seconds
2017-03-14T10:13:31.923+0000: 2639.568: Total time for which application threads were stopped: 0.0001162 seconds, Stopping threads took: 0.0000292 seconds
2017-03-14T10:13:31.923+0000: 2639.568: Total time for which application threads were stopped: 0.0000884 seconds, Stopping threads took: 0.0000213 seconds
{Heap before GC invocations=69 (full 1):
 par new generation   total 109248K, used 91467K [0x00000000e0000000, 0x00000000e8000000, 0x00000000e8000000)
  eden space 87424K, 100% used [0x00000000e0000000, 0x00000000e5560000, 0x00000000e5560000)
  from space 21824K,  18% used [0x00000000e6ab0000, 0x00000000e6ea2ed0, 0x00000000e8000000)
  to   space 21824K,   0% used [0x00000000e5560000, 0x00000000e5560000, 0x00000000e6ab0000)
 concurrent mark-sweep generation total 393216K, used 27642K [0x00000000e8000000, 0x0000000100000000, 0x0000000100000000)
 Metaspace       used 40048K, capacity 40985K, committed 41200K, reserved 1085440K
  class space    used 4491K, capacity 4757K, committed 4880K, reserved 1048576K
2017-03-14T10:13:32.299+0000: 2639.945: [GC (Allocation Failure) 2017-03-14T10:13:32.300+0000: 2639.945: [ParNew
Desired survivor size 20112992 bytes, new threshold 8 (max 8)
- age   1:    3658384 bytes,    3658384 total
- age   2:      88736 bytes,    3747120 total
- age   3:      92048 bytes,    3839168 total
- age   4:     405592 bytes,    4244760 total
- age   5:     189560 bytes,    4434320 total
- age   6:        120 bytes,    4434440 total
- age   8:      69648 bytes,    4504088 total
: 91467K->5592K(109248K), 0.0575522 secs] 119110K->33251K(502464K), 0.0578685 secs] [Times: user=0.10 sys=0.00, real=0.06 secs] 
Heap after GC invocations=70 (full 1):
 par new generation   total 109248K, used 5592K [0x00000000e0000000, 0x00000000e8000000, 0x00000000e8000000)
  eden space 87424K,   0% used [0x00000000e0000000, 0x00000000e0000000, 0x00000000e5560000)
  from space 21824K,  25% used [0x00000000e5560000, 0x00000000e5ad6080, 0x00000000e6ab0000)
  to   space 21824K,   0% used [0x00000000e6ab0000, 0x00000000e6ab0000, 0x00000000e8000000)
 concurrent mark-sweep generation total 393216K, used 27658K [0x00000000e8000000, 0x0000000100000000, 0x0000000100000000)
 Metaspace       used 40048K, capacity 40985K, committed 41200K, reserved 1085440K
  class space    used 4491K, capacity 4757K, committed 4880K, reserved 1048576K
}
2017-03-14T10:13:32.357+0000: 2640.003: Total time for which application threads were stopped: 0.0582792 seconds, Stopping threads took: 0.0000530 seconds
2017-03-14T10:13:32.535+0000: 2640.181: Total time for which application threads were stopped: 0.0037929 seconds, Stopping threads took: 0.0035573 seconds
2017-03-14T10:13:32.623+0000: 2640.268: Total time for which application threads were stopped: 0.0002205 seconds, Stopping threads took: 0.0000307 seconds
2017-03-14T10:13:32.623+0000: 2640.268: Total time for which application threads were stopped: 0.0000852 seconds, Stopping threads took: 0.0000102 seconds
2017-03-14T10:13:33.626+0000: 2641.272: Total time for which application threads were stopped: 0.0035239 seconds, Stopping threads took: 0.0033707 seconds
2017-03-14T10:13:45.627+0000: 2653.273: Total time for which application threads were stopped: 0.0001453 seconds, Stopping threads took: 0.0000418 seconds
2017-03-14T10:14:19.079+0000: 2686.725: Total time for which application threads were stopped: 0.0001646 seconds, Stopping threads took: 0.0000207 seconds
2017-03-14T10:14:20.079+0000: 2687.725: Total time for which application threads were stopped: 0.0001690 seconds, Stopping threads took: 0.0000307 seconds
2017-03-14T10:15:34.090+0000: 2761.735: Total time for which application threads were stopped: 0.0001834 seconds, Stopping threads took: 0.0000479 seconds
2017-03-14T10:21:02.954+0000: 3090.599: Total time for which application threads were stopped: 0.0002929 seconds, Stopping threads took: 0.0000412 seconds
2017-03-14T10:21:02.955+0000: 3090.600: Total time for which application threads were stopped: 0.0006053 seconds, Stopping threads took: 0.0000308 seconds
2017-03-14T10:21:03.955+0000: 3091.600: Total time for which application threads were stopped: 0.0001969 seconds, Stopping threads took: 0.0000290 seconds
2017-03-14T10:27:00.008+0000: 3447.653: Total time for which application threads were stopped: 0.0001810 seconds, Stopping threads took: 0.0000611 seconds
2017-03-14T10:37:03.087+0000: 4050.732: Total time for which application threads were stopped: 0.0002533 seconds, Stopping threads took: 0.0000423 seconds
2017-03-14T10:37:35.148+0000: 4082.794: Total time for which application threads were stopped: 0.0003651 seconds, Stopping threads took: 0.0001345 seconds
2017-03-14T10:37:35.150+0000: 4082.796: Total time for which application threads were stopped: 0.0007317 seconds, Stopping threads took: 0.0005258 seconds
2017-03-14T10:37:35.154+0000: 4082.800: Total time for which application threads were stopped: 0.0002297 seconds, Stopping threads took: 0.0000291 seconds
2017-03-14T10:37:36.154+0000: 4083.800: Total time for which application threads were stopped: 0.0002418 seconds, Stopping threads took: 0.0000345 seconds
2017-03-14T10:37:36.681+0000: 4084.326: Total time for which application threads were stopped: 0.0002646 seconds, Stopping threads took: 0.0000884 seconds
2017-03-14T10:37:36.683+0000: 4084.328: Total time for which application threads were stopped: 0.0002693 seconds, Stopping threads took: 0.0000623 seconds
2017-03-14T10:37:36.683+0000: 4084.328: Total time for which application threads were stopped: 0.0003167 seconds, Stopping threads took: 0.0001643 seconds
2017-03-14T10:37:36.724+0000: 4084.370: Total time for which application threads were stopped: 0.0003774 seconds, Stopping threads took: 0.0002124 seconds
2017-03-14T10:37:37.725+0000: 4085.370: Total time for which application threads were stopped: 0.0002861 seconds, Stopping threads took: 0.0000489 seconds
2017-03-14T10:38:06.350+0000: 4113.996: Total time for which application threads were stopped: 0.0006153 seconds, Stopping threads took: 0.0000588 seconds
2017-03-14T10:38:06.351+0000: 4113.997: Total time for which application threads were stopped: 0.0002155 seconds, Stopping threads took: 0.0000265 seconds
2017-03-14T10:49:56.445+0000: 4824.090: Total time for which application threads were stopped: 0.0002435 seconds, Stopping threads took: 0.0000728 seconds
2017-03-14T10:53:33.478+0000: 5041.123: Total time for which application threads were stopped: 0.0002191 seconds, Stopping threads took: 0.0000530 seconds
2017-03-14T11:08:16.306+0000: 5923.952: Total time for which application threads were stopped: 0.0002067 seconds, Stopping threads took: 0.0000317 seconds
2017-03-14T11:08:16.307+0000: 5923.952: Total time for which application threads were stopped: 0.0001297 seconds, Stopping threads took: 0.0000449 seconds
2017-03-14T11:08:16.308+0000: 5923.954: Total time for which application threads were stopped: 0.0001890 seconds, Stopping threads took: 0.0000528 seconds
2017-03-14T11:08:16.309+0000: 5923.954: Total time for which application threads were stopped: 0.0001209 seconds, Stopping threads took: 0.0000340 seconds
2017-03-14T11:08:17.309+0000: 5924.954: Total time for which application threads were stopped: 0.0002549 seconds, Stopping threads took: 0.0000384 seconds
2017-03-14T11:09:16.309+0000: 5983.955: Total time for which application threads were stopped: 0.0003302 seconds, Stopping threads took: 0.0000961 seconds
2017-03-14T11:12:34.284+0000: 6181.929: Total time for which application threads were stopped: 0.0001592 seconds, Stopping threads took: 0.0000419 seconds
2017-03-14T11:12:34.284+0000: 6181.929: Total time for which application threads were stopped: 0.0000648 seconds, Stopping threads took: 0.0000091 seconds
2017-03-14T11:12:34.284+0000: 6181.929: Total time for which application threads were stopped: 0.0000578 seconds, Stopping threads took: 0.0000083 seconds
2017-03-14T11:12:34.284+0000: 6181.929: Total time for which application threads were stopped: 0.0000787 seconds, Stopping threads took: 0.0000245 seconds
2017-03-14T11:12:34.284+0000: 6181.930: Total time for which application threads were stopped: 0.0001770 seconds, Stopping threads took: 0.0000082 seconds
2017-03-14T11:12:34.287+0000: 6181.932: Total time for which application threads were stopped: 0.0001728 seconds, Stopping threads took: 0.0000260 seconds
2017-03-14T11:12:34.287+0000: 6181.932: Total time for which application threads were stopped: 0.0001135 seconds, Stopping threads took: 0.0000213 seconds
2017-03-14T11:12:34.289+0000: 6181.934: Total time for which application threads were stopped: 0.0002123 seconds, Stopping threads took: 0.0000871 seconds
2017-03-14T11:12:34.289+0000: 6181.934: Total time for which application threads were stopped: 0.0000817 seconds, Stopping threads took: 0.0000165 seconds
2017-03-14T11:12:35.289+0000: 6182.935: Total time for which application threads were stopped: 0.0002790 seconds, Stopping threads took: 0.0000448 seconds
2017-03-14T11:13:34.288+0000: 6241.933: Total time for which application threads were stopped: 0.0002620 seconds, Stopping threads took: 0.0000727 seconds
2017-03-14T11:13:34.289+0000: 6241.935: Total time for which application threads were stopped: 0.0002155 seconds, Stopping threads took: 0.0000377 seconds
2017-03-14T11:14:37.013+0000: 6304.658: Total time for which application threads were stopped: 0.0002694 seconds, Stopping threads took: 0.0000306 seconds
2017-03-14T11:14:37.070+0000: 6304.715: Total time for which application threads were stopped: 0.0003539 seconds, Stopping threads took: 0.0001561 seconds
2017-03-14T11:14:37.291+0000: 6304.936: Total time for which application threads were stopped: 0.0009422 seconds, Stopping threads took: 0.0007858 seconds
2017-03-14T11:14:37.292+0000: 6304.937: Total time for which application threads were stopped: 0.0002129 seconds, Stopping threads took: 0.0000610 seconds
2017-03-14T11:14:37.322+0000: 6304.967: Total time for which application threads were stopped: 0.0002794 seconds, Stopping threads took: 0.0000294 seconds
2017-03-14T11:14:37.795+0000: 6305.441: Total time for which application threads were stopped: 0.0003535 seconds, Stopping threads took: 0.0000873 seconds
2017-03-14T11:14:37.796+0000: 6305.441: Total time for which application threads were stopped: 0.0003184 seconds, Stopping threads took: 0.0001260 seconds
2017-03-14T11:14:37.798+0000: 6305.443: Total time for which application threads were stopped: 0.0004741 seconds, Stopping threads took: 0.0002300 seconds
2017-03-14T11:14:37.803+0000: 6305.448: Total time for which application threads were stopped: 0.0045326 seconds, Stopping threads took: 0.0039655 seconds
2017-03-14T11:14:38.803+0000: 6306.449: Total time for which application threads were stopped: 0.0003279 seconds, Stopping threads took: 0.0000508 seconds
2017-03-14T11:14:39.414+0000: 6307.059: Total time for which application threads were stopped: 0.0008417 seconds, Stopping threads took: 0.0000198 seconds
2017-03-14T11:14:39.415+0000: 6307.060: Total time for which application threads were stopped: 0.0007836 seconds, Stopping threads took: 0.0000132 seconds
2017-03-14T11:14:40.415+0000: 6308.061: Total time for which application threads were stopped: 0.0002988 seconds, Stopping threads took: 0.0000366 seconds
2017-03-14T11:14:41.416+0000: 6309.061: Total time for which application threads were stopped: 0.0002793 seconds, Stopping threads took: 0.0000358 seconds
2017-03-14T11:14:56.418+0000: 6324.064: Total time for which application threads were stopped: 0.0003497 seconds, Stopping threads took: 0.0000422 seconds
2017-03-14T11:15:05.420+0000: 6333.065: Total time for which application threads were stopped: 0.0003116 seconds, Stopping threads took: 0.0000404 seconds
2017-03-14T11:15:07.963+0000: 6335.609: Total time for which application threads were stopped: 0.0004681 seconds, Stopping threads took: 0.0001821 seconds
2017-03-14T11:15:07.964+0000: 6335.609: Total time for which application threads were stopped: 0.0003213 seconds, Stopping threads took: 0.0001283 seconds
2017-03-14T11:15:07.965+0000: 6335.610: Total time for which application threads were stopped: 0.0006589 seconds, Stopping threads took: 0.0000848 seconds
2017-03-14T11:15:07.982+0000: 6335.627: Total time for which application threads were stopped: 0.0003151 seconds, Stopping threads took: 0.0000961 seconds
2017-03-14T11:15:07.983+0000: 6335.629: Total time for which application threads were stopped: 0.0003036 seconds, Stopping threads took: 0.0001041 seconds
2017-03-14T11:15:07.984+0000: 6335.629: Total time for which application threads were stopped: 0.0003020 seconds, Stopping threads took: 0.0001303 seconds
2017-03-14T11:15:07.984+0000: 6335.630: Total time for which application threads were stopped: 0.0001638 seconds, Stopping threads took: 0.0000269 seconds
2017-03-14T11:15:07.985+0000: 6335.630: Total time for which application threads were stopped: 0.0003072 seconds, Stopping threads took: 0.0001301 seconds
2017-03-14T11:15:07.985+0000: 6335.631: Total time for which application threads were stopped: 0.0002551 seconds, Stopping threads took: 0.0000731 seconds
2017-03-14T11:15:07.985+0000: 6335.631: Total time for which application threads were stopped: 0.0002313 seconds, Stopping threads took: 0.0000440 seconds
2017-03-14T11:15:07.986+0000: 6335.631: Total time for which application threads were stopped: 0.0002250 seconds, Stopping threads took: 0.0000447 seconds
2017-03-14T11:15:07.986+0000: 6335.632: Total time for which application threads were stopped: 0.0002760 seconds, Stopping threads took: 0.0001296 seconds
2017-03-14T11:15:07.987+0000: 6335.632: Total time for which application threads were stopped: 0.0002299 seconds, Stopping threads took: 0.0000754 seconds
2017-03-14T11:15:07.990+0000: 6335.635: Total time for which application threads were stopped: 0.0002529 seconds, Stopping threads took: 0.0000704 seconds
2017-03-14T11:15:07.992+0000: 6335.638: Total time for which application threads were stopped: 0.0002309 seconds, Stopping threads took: 0.0000828 seconds
2017-03-14T11:15:08.003+0000: 6335.649: Total time for which application threads were stopped: 0.0012045 seconds, Stopping threads took: 0.0010212 seconds
2017-03-14T11:15:08.014+0000: 6335.659: Total time for which application threads were stopped: 0.0002667 seconds, Stopping threads took: 0.0000616 seconds
2017-03-14T11:15:08.032+0000: 6335.678: Total time for which application threads were stopped: 0.0045366 seconds, Stopping threads took: 0.0043777 seconds
2017-03-14T11:15:08.050+0000: 6335.696: Total time for which application threads were stopped: 0.0059086 seconds, Stopping threads took: 0.0056548 seconds
2017-03-14T11:15:08.057+0000: 6335.702: Total time for which application threads were stopped: 0.0002635 seconds, Stopping threads took: 0.0000795 seconds
2017-03-14T11:15:08.870+0000: 6336.515: Total time for which application threads were stopped: 0.0001482 seconds, Stopping threads took: 0.0000192 seconds
Heap
 par new generation   total 109248K, used 77397K [0x00000000e0000000, 0x00000000e8000000, 0x00000000e8000000)
  eden space 87424K,  82% used [0x00000000e0000000, 0x00000000e461f598, 0x00000000e5560000)
  from space 21824K,  25% used [0x00000000e5560000, 0x00000000e5ad6080, 0x00000000e6ab0000)
  to   space 21824K,   0% used [0x00000000e6ab0000, 0x00000000e6ab0000, 0x00000000e8000000)
 concurrent mark-sweep generation total 393216K, used 27658K [0x00000000e8000000, 0x0000000100000000, 0x0000000100000000)
 Metaspace       used 40289K, capacity 41291K, committed 41456K, reserved 1085440K
  class space    used 4519K, capacity 4794K, committed 4880K, reserved 1048576K
